./library/inference/tflmtag2412_u55tag2411/tensorflow/lite/micro/micro_interpreter_graph.h:99:27:virtual tflite::MicroResourceVariables* tflite::MicroInterpreterGraph::GetResourceVariables()	0	static
library/inference/tflmtag2412_u55tag2411/tensorflow/lite/micro/micro_interpreter_graph.cc:60:1:virtual tflite::MicroInterpreterGraph::~MicroInterpreterGraph()	0	static
library/inference/tflmtag2412_u55tag2411/tensorflow/lite/micro/micro_interpreter_graph.cc:62:14:virtual TfLiteStatus tflite::MicroInterpreterGraph::InitSubgraphs()	40	static
library/inference/tflmtag2412_u55tag2411/tensorflow/lite/micro/micro_interpreter_graph.cc:137:14:virtual TfLiteStatus tflite::MicroInterpreterGraph::ResetSubgraphs()	32	static
library/inference/tflmtag2412_u55tag2411/tensorflow/lite/micro/micro_interpreter_graph.cc:167:14:virtual TfLiteStatus tflite::MicroInterpreterGraph::FreeSubgraphs()	32	static
./library/inference/tflmtag2412_u55tag2411/third_party/flatbuffers/include/flatbuffers/vector.h:175:15:flatbuffers::Vector<T, SizeT>::return_type flatbuffers::Vector<T, SizeT>::Get(SizeT) const [with T = long int; SizeT = long unsigned int]	8	static
./library/inference/tflmtag2412_u55tag2411/third_party/flatbuffers/include/flatbuffers/vector.h:175:15:flatbuffers::Vector<T, SizeT>::return_type flatbuffers::Vector<T, SizeT>::Get(SizeT) const [with T = flatbuffers::Offset<tflite::SubGraph>; SizeT = long unsigned int]	8	static
library/inference/tflmtag2412_u55tag2411/tensorflow/lite/micro/micro_interpreter_graph.cc:197:14:virtual TfLiteStatus tflite::MicroInterpreterGraph::InvokeSubgraph(int)	48	static
library/inference/tflmtag2412_u55tag2411/tensorflow/lite/micro/micro_interpreter_graph.cc:253:14:virtual TfLiteStatus tflite::MicroInterpreterGraph::ResetVariableTensors()	56	static
library/inference/tflmtag2412_u55tag2411/tensorflow/lite/micro/micro_interpreter_graph.cc:306:19:virtual TfLiteEvalTensor* tflite::MicroInterpreterGraph::GetSubgraphOutput(int, int)	8	static
library/inference/tflmtag2412_u55tag2411/tensorflow/lite/micro/micro_interpreter_graph.cc:100:14:virtual TfLiteStatus tflite::MicroInterpreterGraph::PrepareSubgraphs()	40	static
library/inference/tflmtag2412_u55tag2411/tensorflow/lite/micro/micro_interpreter_graph.cc:280:5:virtual int tflite::MicroInterpreterGraph::NumSubgraphs()	0	static
library/inference/tflmtag2412_u55tag2411/tensorflow/lite/micro/micro_interpreter_graph.cc:289:8:virtual size_t tflite::MicroInterpreterGraph::NumSubgraphInputs(int)	8	static
library/inference/tflmtag2412_u55tag2411/tensorflow/lite/micro/micro_interpreter_graph.cc:300:8:virtual size_t tflite::MicroInterpreterGraph::NumSubgraphOutputs(int)	8	static
library/inference/tflmtag2412_u55tag2411/tensorflow/lite/micro/micro_interpreter_graph.cc:293:19:virtual TfLiteEvalTensor* tflite::MicroInterpreterGraph::GetSubgraphInput(int, int)	8	static
library/inference/tflmtag2412_u55tag2411/tensorflow/lite/micro/micro_interpreter_graph.cc:46:1:tflite::MicroInterpreterGraph::MicroInterpreterGraph(TfLiteContext*, const tflite::Model*, tflite::MicroAllocator*, tflite::MicroResourceVariables*)	12	static
library/inference/tflmtag2412_u55tag2411/tensorflow/lite/micro/micro_interpreter_graph.cc:284:6:void tflite::MicroInterpreterGraph::SetSubgraphAllocations(tflite::SubgraphAllocations*)	0	static
