../drivers/fsl_lpi2c.c:2081:6:LPI2C_SlaveTransferHandleIRQ	24	static
../drivers/fsl_lpi2c.c:126:17:LPI2C_GetCyclesForWidth.part.0	8	static
../drivers/fsl_lpi2c.c:103:10:LPI2C_GetInstance.part.0	8	static
../drivers/fsl_lpi2c.c:1487:6:LPI2C_MasterTransferHandleIRQ	24	static
../drivers/fsl_lpi2c.c:103:10:LPI2C_GetInstance	8	static
../drivers/fsl_lpi2c.c:168:10:LPI2C_MasterCheckAndClearError	0	static
../drivers/fsl_lpi2c.c:270:10:LPI2C_CheckForBusyBus	0	static
../drivers/fsl_lpi2c.c:307:6:LPI2C_MasterGetDefaultConfig	4	static
../drivers/fsl_lpi2c.c:439:6:LPI2C_MasterDeinit	8	static
../drivers/fsl_lpi2c.c:455:6:LPI2C_MasterConfigureDataMatch	4	static
../drivers/fsl_lpi2c.c:486:6:LPI2C_MasterSetBaudRate	36	static
../drivers/fsl_lpi2c.c:340:6:LPI2C_MasterInit	24	static
../drivers/fsl_lpi2c.c:625:10:LPI2C_MasterStart	8	static
../drivers/fsl_lpi2c.c:662:10:LPI2C_MasterStop	0	static
../drivers/fsl_lpi2c.c:723:10:LPI2C_MasterReceive	16	static
../drivers/fsl_lpi2c.c:825:10:LPI2C_MasterSend	8	static
../drivers/fsl_lpi2c.c:864:10:LPI2C_MasterTransferBlocking	48	static
../drivers/fsl_lpi2c.c:982:6:LPI2C_MasterTransferCreateHandle	24	static
../drivers/fsl_lpi2c.c:1327:10:LPI2C_MasterTransferNonBlocking	24	static
../drivers/fsl_lpi2c.c:1389:10:LPI2C_MasterTransferGetCount	16	static
../drivers/fsl_lpi2c.c:1457:6:LPI2C_MasterTransferAbort	0	static
../drivers/fsl_lpi2c.c:1558:6:LPI2C_SlaveGetDefaultConfig	8	static
../drivers/fsl_lpi2c.c:1597:6:LPI2C_SlaveInit	24	static
../drivers/fsl_lpi2c.c:1665:6:LPI2C_SlaveDeinit	8	static
../drivers/fsl_lpi2c.c:1722:10:LPI2C_SlaveSend	16	static
../drivers/fsl_lpi2c.c:1809:10:LPI2C_SlaveReceive	16	static
../drivers/fsl_lpi2c.c:1903:6:LPI2C_SlaveTransferCreateHandle	24	static
../drivers/fsl_lpi2c.c:1961:10:LPI2C_SlaveTransferNonBlocking	8	static
../drivers/fsl_lpi2c.c:2018:10:LPI2C_SlaveTransferGetCount	8	static
../drivers/fsl_lpi2c.c:2053:6:LPI2C_SlaveTransferAbort	8	static
