/Users/joshmillar/Desktop/phd/mcu-nn-eval/npu/mcxn947/yolov1_q/eiq/tensorflow-lite/tensorflow/lite/micro/micro_mutable_op_resolver.h:43:7:virtual tflite::MicroMutableOpResolver<15>::~MicroMutableOpResolver()	0	static
/Users/joshmillar/Desktop/phd/mcu-nn-eval/npu/mcxn947/yolov1_q/eiq/tensorflow-lite/tensorflow/lite/micro/micro_mutable_op_resolver.h:49:27:const TFLMRegistration* tflite::MicroMutableOpResolver<tOpCount>::FindOp(tflite::BuiltinOperator) const [with unsigned int tOpCount = 15]	0	static
/Users/joshmillar/Desktop/phd/mcu-nn-eval/npu/mcxn947/yolov1_q/eiq/tensorflow-lite/tensorflow/lite/micro/micro_mutable_op_resolver.h:72:36:TfLiteStatus (* tflite::MicroMutableOpResolver<tOpCount>::GetOpDataParser(tflite::BuiltinOperator) const)(const tflite::Operator*, tflite::ErrorReporter*, tflite::BuiltinDataAllocator*, void**) [with unsigned int tOpCount = 15]	8	static
/Users/joshmillar/Desktop/phd/mcu-nn-eval/npu/mcxn947/yolov1_q/eiq/tensorflow-lite/tensorflow/lite/micro/micro_mutable_op_resolver.h:61:27:const TFLMRegistration* tflite::MicroMutableOpResolver<tOpCount>::FindOp(const char*) const [with unsigned int tOpCount = 15]	16	static
../source/model/model_ops_npu.cpp:12:26:tflite::MicroOpResolver& MODEL_GetOpsResolver()	56	static
