app/scenario_app/yolov1_cmsis_size/cvapp.cpp:98:15:char* _float_to_char(float, char*)	12	static
./library/inference/tflmtag2412_u55tag2411/tensorflow/lite/micro/micro_mutable_op_resolver.h:45:7:virtual tflite::MicroMutableOpResolver<7>::~MicroMutableOpResolver()	0	static
/Applications/ArmGNUToolchain/14.2.rel1/arm-none-eabi/arm-none-eabi/include/c++/14.2.1/bits/random.h:1765:5:std::random_device::~random_device()	8	static
./library/inference/tflmtag2412_u55tag2411/tensorflow/lite/micro/micro_mutable_op_resolver.h:74:36:TfLiteStatus (* tflite::MicroMutableOpResolver<tOpCount>::GetOpDataParser(tflite::BuiltinOperator) const)(const tflite::Operator*, tflite::ErrorReporter*, tflite::BuiltinDataAllocator*, void**) [with unsigned int tOpCount = 7]	8	static
./library/inference/tflmtag2412_u55tag2411/tensorflow/lite/micro/micro_mutable_op_resolver.h:63:27:const TFLMRegistration* tflite::MicroMutableOpResolver<tOpCount>::FindOp(const char*) const [with unsigned int tOpCount = 7]	24	static
app/scenario_app/yolov1_cmsis_size/cvapp.cpp:142:13:void _arm_npu_irq_handler()	0	static
./library/inference/tflmtag2412_u55tag2411/tensorflow/lite/micro/micro_mutable_op_resolver.h:51:27:const TFLMRegistration* tflite::MicroMutableOpResolver<tOpCount>::FindOp(tflite::BuiltinOperator) const [with unsigned int tOpCount = 7]	4	static
app/scenario_app/yolov1_cmsis_size/cvapp.cpp:133:6:void enable_dwt()	0	static
app/scenario_app/yolov1_cmsis_size/cvapp.cpp:192:6:void img_rescale_rgb(const uint8_t*, int8_t*)	4	static
app/scenario_app/yolov1_cmsis_size/cvapp.cpp:198:5:int cv_init(bool, bool)	96	static
app/scenario_app/yolov1_cmsis_size/cvapp.cpp:245:6:void softmax(const float*, float*, int)	32	static
app/scenario_app/yolov1_cmsis_size/cvapp.cpp:259:7:float sigmoid(float)	8	static
app/scenario_app/yolov1_cmsis_size/cvapp.cpp:265:6:void process_yolo_output(const float*, float*, int)	88	static
app/scenario_app/yolov1_cmsis_size/cvapp.cpp:289:6:void extract_detections(const float*, detection_t*, int*, float, int)	16	static
app/scenario_app/yolov1_cmsis_size/cvapp.cpp:395:5:int cv_deinit()	0	static
/Applications/ArmGNUToolchain/14.2.rel1/arm-none-eabi/arm-none-eabi/include/c++/14.2.1/bits/random.tcc:397:5:void std::mersenne_twister_engine<_UIntType, __w, __n, __m, __r, __a, __u, __d, __s, __b, __t, __c, __l, __f>::_M_gen_rand() [with _UIntType = unsigned int; unsigned int __w = 32; unsigned int __n = 624; unsigned int __m = 397; unsigned int __r = 31; _UIntType __a = 2567483615; unsigned int __u = 11; _UIntType __d = 4294967295; unsigned int __s = 7; _UIntType __b = 2636928640; unsigned int __t = 15; _UIntType __c = 4022730752; unsigned int __l = 18; _UIntType __f = 1812433253]	48	static
/Applications/ArmGNUToolchain/14.2.rel1/arm-none-eabi/arm-none-eabi/include/c++/14.2.1/bits/random.tcc:453:5:std::mersenne_twister_engine<_UIntType, __w, __n, __m, __r, __a, __u, __d, __s, __b, __t, __c, __l, __f>::result_type std::mersenne_twister_engine<_UIntType, __w, __n, __m, __r, __a, __u, __d, __s, __b, __t, __c, __l, __f>::operator()() [with _UIntType = unsigned int; unsigned int __w = 32; unsigned int __n = 624; unsigned int __m = 397; unsigned int __r = 31; _UIntType __a = 2567483615; unsigned int __u = 11; _UIntType __d = 4294967295; unsigned int __s = 7; _UIntType __b = 2636928640; unsigned int __t = 15; _UIntType __c = 4022730752; unsigned int __l = 18; _UIntType __f = 1812433253]	8	static
app/scenario_app/yolov1_cmsis_size/cvapp.cpp:182:6:void generate_random_image()	64	static
app/scenario_app/yolov1_cmsis_size/cvapp.cpp:350:5:int cv_run()	80	static
