../source/model/model.cpp:84:10:uint8_t* GetTensorData(TfLiteTensor*, tensor_dims_t*, tensor_type_t*)	8	static
../source/model/model.cpp:39:10:status_t MODEL_Init()	40	static
../source/model/model.cpp:73:10:status_t MODEL_RunInference()	8	static
../source/model/model.cpp:84:10:uint8_t* GetTensorData(TfLiteTensor*, tensor_dims_t*, tensor_type_t*)	8	static
../source/model/model.cpp:111:10:uint8_t* MODEL_GetInputTensorData(tensor_dims_t*, tensor_type_t*)	16	static
../source/model/model.cpp:118:10:uint8_t* MODEL_GetOutputTensorData(tensor_dims_t*, tensor_type_t*)	16	static
../source/model/model.cpp:126:6:void MODEL_ConvertInput(uint8_t*, tensor_dims_t*, tensor_type_t)	4	static
../source/model/model.cpp:152:13:const char* MODEL_GetModelName()	0	static
../source/model/model.cpp:157:8:size_t MODEL_GetArenaUsedBytes(size_t*)	0	static
../source/model/model.cpp:164:15:TfLiteTensor* MODEL_GetOutputTensor(uint32_t)	0	static
