./library/inference/tflmtag2412_u55tag2411/tensorflow/lite/micro/memory_planner/micro_memory_planner.h:62:24:virtual TfLiteStatus tflite::MicroMemoryPlanner::AddBuffer(int, int, int, int)	0	static
./library/inference/tflmtag2412_u55tag2411/tensorflow/lite/micro/memory_planner/micro_memory_planner.h:79:24:virtual TfLiteStatus tflite::MicroMemoryPlanner::Init(unsigned char*, int)	0	static
library/inference/tflmtag2412_u55tag2411/tensorflow/lite/micro/micro_allocator.cc:68:9:virtual void* tflite::{anonymous}::MicroBuiltinDataAllocator::Allocate(size_t, size_t)	0	static
library/inference/tflmtag2412_u55tag2411/tensorflow/lite/micro/micro_allocator.cc:72:8:virtual void tflite::{anonymous}::MicroBuiltinDataAllocator::Deallocate(void*)	0	static
library/inference/tflmtag2412_u55tag2411/tensorflow/lite/micro/micro_allocator.cc:540:1:virtual tflite::MicroAllocator::~MicroAllocator()	0	static
library/inference/tflmtag2412_u55tag2411/tensorflow/lite/micro/micro_allocator.cc:690:7:virtual void* tflite::MicroAllocator::AllocatePersistentBuffer(size_t)	0	static
library/inference/tflmtag2412_u55tag2411/tensorflow/lite/micro/micro_allocator.cc:901:10:virtual uint8_t* tflite::MicroAllocator::AllocateTempBuffer(size_t, size_t)	0	static
library/inference/tflmtag2412_u55tag2411/tensorflow/lite/micro/micro_allocator.cc:905:6:virtual void tflite::MicroAllocator::DeallocateTempBuffer(uint8_t*)	0	static
library/inference/tflmtag2412_u55tag2411/tensorflow/lite/micro/micro_allocator.cc:909:14:virtual TfLiteStatus tflite::MicroAllocator::ResetTempAllocations()	0	static
library/inference/tflmtag2412_u55tag2411/tensorflow/lite/micro/micro_allocator.cc:913:6:virtual bool tflite::MicroAllocator::IsAllTempDeallocated()	0	static
library/inference/tflmtag2412_u55tag2411/tensorflow/lite/micro/micro_allocator.cc:1093:15:virtual TfLiteTensor* tflite::MicroAllocator::AllocatePersistentTfLiteTensorInternal()	0	static
library/inference/tflmtag2412_u55tag2411/tensorflow/lite/micro/micro_allocator.cc:62:7:virtual tflite::{anonymous}::MicroBuiltinDataAllocator::~MicroBuiltinDataAllocator()	0	static
./library/inference/tflmtag2412_u55tag2411/third_party/flatbuffers/include/flatbuffers/vector.h:175:15:flatbuffers::Vector<T, SizeT>::return_type flatbuffers::Vector<T, SizeT>::Get(SizeT) const [with T = long long int; SizeT = long unsigned int]	8	static
./library/inference/tflmtag2412_u55tag2411/third_party/flatbuffers/include/flatbuffers/vector.h:175:15:flatbuffers::Vector<T, SizeT>::return_type flatbuffers::Vector<T, SizeT>::Get(SizeT) const [with T = flatbuffers::Offset<tflite::SubGraph>; SizeT = long unsigned int]	8	static
library/inference/tflmtag2412_u55tag2411/tensorflow/lite/micro/micro_allocator.cc:1066:14:virtual TfLiteStatus tflite::MicroAllocator::AllocateVariables(const tflite::SubGraph*, TfLiteEvalTensor*, const int32_t*)	32	static
library/inference/tflmtag2412_u55tag2411/tensorflow/lite/micro/micro_allocator.cc:862:15:virtual TfLiteTensor* tflite::MicroAllocator::AllocateTempTfLiteTensor(const tflite::Model*, const tflite::SubgraphAllocations*, int, int)	40	static
library/inference/tflmtag2412_u55tag2411/tensorflow/lite/micro/micro_allocator.cc:796:15:virtual TfLiteTensor* tflite::MicroAllocator::AllocatePersistentTfLiteTensor(const tflite::Model*, const tflite::SubgraphAllocations*, int, int)	40	static
library/inference/tflmtag2412_u55tag2411/tensorflow/lite/micro/micro_allocator.cc:1112:14:virtual TfLiteStatus tflite::MicroAllocator::CommitStaticMemoryPlan(const tflite::Model*, tflite::SubgraphAllocations*, tflite::ScratchBufferHandle*)	104	static
./library/inference/tflmtag2412_u55tag2411/tensorflow/lite/kernels/op_macros.h:24:13:void AbortImpl()	8	static
library/inference/tflmtag2412_u55tag2411/tensorflow/lite/micro/micro_allocator.cc:838:6:virtual void tflite::MicroAllocator::DeallocateTempTfLiteTensor(TfLiteTensor*)	16	static
library/inference/tflmtag2412_u55tag2411/tensorflow/lite/micro/micro_allocator.cc:1209:14:virtual TfLiteStatus tflite::MicroAllocator::AllocateScratchBufferHandles(tflite::ScratchBufferHandle**, size_t)	8	static
library/inference/tflmtag2412_u55tag2411/tensorflow/lite/micro/micro_allocator.cc:771:14:virtual TfLiteStatus tflite::MicroAllocator::AllocateNodeAndRegistrations(const tflite::Model*, tflite::SubgraphAllocations*)	24	static
library/inference/tflmtag2412_u55tag2411/tensorflow/lite/micro/micro_allocator.cc:195:7:void* tflite::internal::GetFlatbufferTensorBuffer(const tflite::Tensor&, const flatbuffers::Vector<flatbuffers::Offset<tflite::Buffer> >*)	8	static
library/inference/tflmtag2412_u55tag2411/tensorflow/lite/micro/micro_allocator.cc:225:14:TfLiteStatus tflite::internal::InitializeTfLiteTensorFromFlatbuffer(tflite::IPersistentBufferAllocator*, tflite::INonPersistentBufferAllocator*, bool, const tflite::Tensor&, const flatbuffers::Vector<flatbuffers::Offset<tflite::Buffer> >*, TfLiteTensor*)	56	static
library/inference/tflmtag2412_u55tag2411/tensorflow/lite/micro/micro_allocator.cc:1099:14:virtual TfLiteStatus tflite::MicroAllocator::PopulateTfLiteTensorFromFlatbuffer(const tflite::Model*, TfLiteTensor*, int, int, bool)	32	static
library/inference/tflmtag2412_u55tag2411/tensorflow/lite/micro/micro_allocator.cc:345:14:TfLiteStatus tflite::internal::InitializeTfLiteEvalTensorFromFlatbuffer(const tflite::Tensor&, const flatbuffers::Vector<flatbuffers::Offset<tflite::Buffer> >*, TfLiteEvalTensor*)	24	static
library/inference/tflmtag2412_u55tag2411/tensorflow/lite/micro/micro_allocator.cc:1032:14:0(const tflite::Model*, tflite::SubgraphAllocations*)	48	static
library/inference/tflmtag2412_u55tag2411/tensorflow/lite/micro/micro_allocator.cc:1032:14:virtual TfLiteStatus tflite::MicroAllocator::AllocateTfLiteEvalTensors(const tflite::Model*, tflite::SubgraphAllocations*)	8	static
library/inference/tflmtag2412_u55tag2411/tensorflow/lite/micro/micro_allocator.cc:513:8:static size_t tflite::MicroAllocator::GetDefaultTailUsage(bool)	16	static
library/inference/tflmtag2412_u55tag2411/tensorflow/lite/micro/micro_allocator.cc:524:1:tflite::MicroAllocator::MicroAllocator(tflite::SingleArenaBufferAllocator*, tflite::MicroMemoryPlanner*)	8	static
library/inference/tflmtag2412_u55tag2411/tensorflow/lite/micro/micro_allocator.cc:531:1:tflite::MicroAllocator::MicroAllocator(tflite::IPersistentBufferAllocator*, tflite::INonPersistentBufferAllocator*, tflite::MicroMemoryPlanner*)	8	static
library/inference/tflmtag2412_u55tag2411/tensorflow/lite/micro/micro_allocator.cc:569:17:static tflite::MicroAllocator* tflite::MicroAllocator::Create(tflite::SingleArenaBufferAllocator*, tflite::MicroMemoryPlanner*)	16	static
library/inference/tflmtag2412_u55tag2411/tensorflow/lite/micro/micro_allocator.cc:542:17:static tflite::MicroAllocator* tflite::MicroAllocator::Create(uint8_t*, size_t, tflite::MicroMemoryPlanner*)	16	static
library/inference/tflmtag2412_u55tag2411/tensorflow/lite/micro/micro_allocator.cc:553:17:static tflite::MicroAllocator* tflite::MicroAllocator::Create(uint8_t*, size_t, tflite::MemoryPlannerType)	16	static
library/inference/tflmtag2412_u55tag2411/tensorflow/lite/micro/micro_allocator.cc:582:17:static tflite::MicroAllocator* tflite::MicroAllocator::Create(uint8_t*, size_t, uint8_t*, size_t, tflite::MemoryPlannerType)	40	static
library/inference/tflmtag2412_u55tag2411/tensorflow/lite/micro/micro_allocator.cc:625:22:tflite::SubgraphAllocations* tflite::MicroAllocator::StartModelAllocation(const tflite::Model*)	24	static
library/inference/tflmtag2412_u55tag2411/tensorflow/lite/micro/micro_allocator.cc:669:14:TfLiteStatus tflite::MicroAllocator::FinishModelAllocation(const tflite::Model*, tflite::SubgraphAllocations*, tflite::ScratchBufferHandle**)	24	static
library/inference/tflmtag2412_u55tag2411/tensorflow/lite/micro/micro_allocator.cc:695:14:TfLiteStatus tflite::MicroAllocator::RequestScratchBufferInArena(size_t, int, int*)	24	static
library/inference/tflmtag2412_u55tag2411/tensorflow/lite/micro/micro_allocator.cc:736:14:TfLiteStatus tflite::MicroAllocator::FinishPrepareNodeAllocations(int)	16	static
library/inference/tflmtag2412_u55tag2411/tensorflow/lite/micro/micro_allocator.cc:766:8:size_t tflite::MicroAllocator::used_bytes() const	8	static
library/inference/tflmtag2412_u55tag2411/tensorflow/lite/micro/micro_allocator.cc:1228:14:TfLiteStatus tflite::MicroAllocator::InitScratchBufferData()	8	static
library/inference/tflmtag2412_u55tag2411/tensorflow/lite/micro/micro_allocator.cc:1247:33:tflite::internal::ScratchBufferRequest* tflite::MicroAllocator::GetScratchBufferRequests()	0	static
library/inference/tflmtag2412_u55tag2411/tensorflow/lite/micro/micro_allocator.cc:1252:35:tflite::TfLiteBridgeBuiltinDataAllocator* tflite::MicroAllocator::GetBuiltinDataAllocator()	0	static
