./library/inference/tflmtag2412_u55tag2411/third_party/flatbuffers/include/flatbuffers/vector.h:175:15:flatbuffers::Vector<T, SizeT>::return_type flatbuffers::Vector<T, SizeT>::Get(SizeT) const [with T = flatbuffers::Offset<tflite::SubGraph>; SizeT = long unsigned int]	8	static
./library/inference/tflmtag2412_u55tag2411/tensorflow/lite/kernels/op_macros.h:24:13:void AbortImpl()	8	static
library/inference/tflmtag2412_u55tag2411/tensorflow/lite/micro/micro_allocation_info.cc:37:6:void tflite::AllocationInfoBuilder::UpdateFirstCreated(tflite::AllocationInfo*, int)	8	static
library/inference/tflmtag2412_u55tag2411/tensorflow/lite/micro/micro_allocation_info.cc:48:6:void tflite::AllocationInfoBuilder::UpdateLastUsed(tflite::AllocationInfo*, int)	8	static
library/inference/tflmtag2412_u55tag2411/tensorflow/lite/micro/micro_allocation_info.cc:103:14:TfLiteStatus tflite::AllocationInfoBuilder::CreateAllocationInfo(int)	24	static
library/inference/tflmtag2412_u55tag2411/tensorflow/lite/micro/micro_allocation_info.cc:146:14:TfLiteStatus tflite::AllocationInfoBuilder::FreeAllocationInfo()	8	static
library/inference/tflmtag2412_u55tag2411/tensorflow/lite/micro/micro_allocation_info.cc:154:14:TfLiteStatus tflite::AllocationInfoBuilder::ValidateSubgraph(const tflite::SubGraph*, TfLiteEvalTensor*)	40	static
library/inference/tflmtag2412_u55tag2411/tensorflow/lite/micro/micro_allocation_info.cc:178:14:TfLiteStatus tflite::AllocationInfoBuilder::InitializeAllocationInfo(const int32_t*, tflite::SubgraphAllocations*)	56	static
library/inference/tflmtag2412_u55tag2411/tensorflow/lite/micro/micro_allocation_info.cc:233:14:TfLiteStatus tflite::AllocationInfoBuilder::MarkAllocationLifetimes(int, tflite::internal::ScratchBufferRequest*, tflite::ScratchBufferHandle*, tflite::SubgraphAllocations*)	72	static
library/inference/tflmtag2412_u55tag2411/tensorflow/lite/micro/micro_allocation_info.cc:54:14:TfLiteStatus tflite::AllocationInfoBuilder::MarkSubgraphLifetimesIfNecessary(const tflite::Operator*, tflite::internal::ScratchBufferRequest*, tflite::ScratchBufferHandle*, tflite::SubgraphAllocations*)	32	static
library/inference/tflmtag2412_u55tag2411/tensorflow/lite/micro/micro_allocation_info.cc:338:14:TfLiteStatus tflite::AllocationInfoBuilder::GetOfflinePlannedOffsets(const int32_t**)	56	static
