library/inference/tflmtag2412_u55tag2411/tensorflow/lite/micro/kernels/broadcast_args.cc:31:14:TfLiteStatus tflite::{anonymous}::BroadcastArgsPrepare(TfLiteContext*, TfLiteNode*)	40	static
./library/inference/tflmtag2412_u55tag2411/tensorflow/lite/kernels/op_macros.h:24:13:void AbortImpl()	8	static
library/inference/tflmtag2412_u55tag2411/tensorflow/lite/micro/kernels/broadcast_args.cc:86:18:TFLMRegistration tflite::Register_BROADCAST_ARGS()	16	static
./library/inference/tflmtag2412_u55tag2411/tensorflow/lite/kernels/internal/reference/broadcast_args.h:25:6:void tflite::reference_ops::BroadcastArgs(const tflite::RuntimeShape&, const T*, const tflite::RuntimeShape&, const T*, const tflite::RuntimeShape&, T*) [with T = long long int]	56	static
library/inference/tflmtag2412_u55tag2411/tensorflow/lite/micro/kernels/broadcast_args.cc:62:14:TfLiteStatus tflite::{anonymous}::BroadcastArgsEval(TfLiteContext*, TfLiteNode*)	184	static
