library/inference/tflmtag2412_u55tag2411/tensorflow/lite/micro/kernels/elu.cc:116:14:TfLiteStatus tflite::{anonymous}::EluPrepare(TfLiteContext*, TfLiteNode*)	80	static
./library/inference/tflmtag2412_u55tag2411/tensorflow/lite/kernels/op_macros.h:24:13:void AbortImpl()	8	static
library/inference/tflmtag2412_u55tag2411/tensorflow/lite/micro/kernels/elu.cc:108:7:void* tflite::{anonymous}::EluInit(TfLiteContext*, const char*, size_t)	8	static
library/inference/tflmtag2412_u55tag2411/tensorflow/lite/micro/kernels/elu.cc:120:14:TfLiteStatus tflite::{anonymous}::EluEval(TfLiteContext*, TfLiteNode*)	152	static
library/inference/tflmtag2412_u55tag2411/tensorflow/lite/micro/kernels/elu.cc:147:18:TFLMRegistration tflite::Register_ELU()	16	static
