./library/inference/tflmtag2412_u55tag2411/tensorflow/lite/kernels/op_macros.h:24:13:void AbortImpl()	8	static
library/inference/tflmtag2412_u55tag2411/tensorflow/lite/micro/kernels/expand_dims.cc:121:14:TfLiteStatus tflite::{anonymous}::ExpandDimsEval(TfLiteContext*, TfLiteNode*)	16	static
library/inference/tflmtag2412_u55tag2411/tensorflow/lite/micro/kernels/expand_dims.cc:87:14:TfLiteStatus tflite::{anonymous}::ExpandDimsPrepare(TfLiteContext*, TfLiteNode*)	112	static
library/inference/tflmtag2412_u55tag2411/tensorflow/lite/micro/kernels/expand_dims.cc:152:18:TFLMRegistration tflite::Register_EXPAND_DIMS()	16	static
