library/inference/tflmtag2412_u55tag2411/tensorflow/lite/micro/kernels/resize_nearest_neighbor.cc:34:14:TfLiteStatus tflite::{anonymous}::ResizeNearestNeighborPrepare(TfLiteContext*, TfLiteNode*)	48	static
./library/inference/tflmtag2412_u55tag2411/tensorflow/lite/kernels/op_macros.h:24:13:void AbortImpl()	8	static
library/inference/tflmtag2412_u55tag2411/tensorflow/lite/micro/kernels/resize_nearest_neighbor.cc:121:18:TFLMRegistration tflite::Register_RESIZE_NEAREST_NEIGHBOR()	16	static
./library/inference/tflmtag2412_u55tag2411/tensorflow/lite/kernels/internal/reference/resize_nearest_neighbor.h:50:13:void tflite::reference_ops::ResizeNearestNeighbor(const tflite::ResizeNearestNeighborParams&, const tflite::RuntimeShape&, const T*, const tflite::RuntimeShape&, const int32_t*, const tflite::RuntimeShape&, T*) [with T = long int]	160	static
./library/inference/tflmtag2412_u55tag2411/tensorflow/lite/kernels/internal/reference/resize_nearest_neighbor.h:50:13:void tflite::reference_ops::ResizeNearestNeighbor(const tflite::ResizeNearestNeighborParams&, const tflite::RuntimeShape&, const T*, const tflite::RuntimeShape&, const int32_t*, const tflite::RuntimeShape&, T*) [with T = signed char]	160	static
./library/inference/tflmtag2412_u55tag2411/tensorflow/lite/kernels/internal/reference/resize_nearest_neighbor.h:50:13:void tflite::reference_ops::ResizeNearestNeighbor(const tflite::ResizeNearestNeighborParams&, const tflite::RuntimeShape&, const T*, const tflite::RuntimeShape&, const int32_t*, const tflite::RuntimeShape&, T*) [with T = short int]	160	static
library/inference/tflmtag2412_u55tag2411/tensorflow/lite/micro/kernels/resize_nearest_neighbor.cc:69:14:TfLiteStatus tflite::{anonymous}::ResizeNearestNeighborEval(TfLiteContext*, TfLiteNode*)	240	static
