library/inference/tflmtag2412_u55tag2411/tensorflow/lite/micro/kernels/select.cc:75:14:TfLiteStatus tflite::{anonymous}::SelectPrepare(TfLiteContext*, TfLiteNode*)	216	static
./library/inference/tflmtag2412_u55tag2411/tensorflow/lite/kernels/op_macros.h:24:13:void AbortImpl()	8	static
library/inference/tflmtag2412_u55tag2411/tensorflow/lite/micro/kernels/select.cc:38:7:void* tflite::{anonymous}::SelectInit(TfLiteContext*, const char*, size_t)	8	static
library/inference/tflmtag2412_u55tag2411/tensorflow/lite/micro/kernels/select.cc:147:14:TfLiteStatus tflite::{anonymous}::SelectEval(TfLiteContext*, TfLiteNode*)	384	static
./library/inference/tflmtag2412_u55tag2411/tensorflow/lite/kernels/internal/types.h:335:12:int tflite::MatchingFlatSize(const RuntimeShape&, const RuntimeShape&, const RuntimeShape&, const RuntimeShape&)	24	static
./library/inference/tflmtag2412_u55tag2411/tensorflow/lite/kernels/internal/reference/select.h:28:6:void tflite::reference_ops::Select(const tflite::RuntimeShape&, const D*, const tflite::RuntimeShape&, const T*, const tflite::RuntimeShape&, const T*, const tflite::RuntimeShape&, T*) [with D = bool; T = float]	24	static
./library/inference/tflmtag2412_u55tag2411/tensorflow/lite/kernels/internal/reference/select.h:28:6:void tflite::reference_ops::Select(const tflite::RuntimeShape&, const D*, const tflite::RuntimeShape&, const T*, const tflite::RuntimeShape&, const T*, const tflite::RuntimeShape&, T*) [with D = bool; T = signed char]	24	static
./library/inference/tflmtag2412_u55tag2411/tensorflow/lite/kernels/internal/reference/select.h:28:6:void tflite::reference_ops::Select(const tflite::RuntimeShape&, const D*, const tflite::RuntimeShape&, const T*, const tflite::RuntimeShape&, const T*, const tflite::RuntimeShape&, T*) [with D = bool; T = short int]	24	static
library/inference/tflmtag2412_u55tag2411/tensorflow/lite/micro/kernels/select.cc:191:18:TFLMRegistration tflite::Register_SELECT_V2()	16	static
./library/inference/tflmtag2412_u55tag2411/tensorflow/lite/kernels/internal/common.h:1083:22:void tflite::CopyDimsToDesc(const RuntimeShape&, NdArrayDesc<N>*) [with int N = 5]	16	static
./library/inference/tflmtag2412_u55tag2411/tensorflow/lite/kernels/internal/common.h:1127:13:void tflite::NdArrayDescsForElementwiseBroadcast(const RuntimeShape&, const RuntimeShape&, const RuntimeShape&, NdArrayDesc<N>*, NdArrayDesc<N>*, NdArrayDesc<N>*) [with int N = 5]	136	static
./library/inference/tflmtag2412_u55tag2411/tensorflow/lite/kernels/internal/reference/select.h:78:6:void tflite::reference_ops::BroadcastSelect5DSlow(const tflite::RuntimeShape&, const D*, const tflite::RuntimeShape&, const T*, const tflite::RuntimeShape&, const T*, const tflite::RuntimeShape&, T*) [with D = bool; T = float]	400	static
./library/inference/tflmtag2412_u55tag2411/tensorflow/lite/kernels/internal/reference/select.h:78:6:void tflite::reference_ops::BroadcastSelect5DSlow(const tflite::RuntimeShape&, const D*, const tflite::RuntimeShape&, const T*, const tflite::RuntimeShape&, const T*, const tflite::RuntimeShape&, T*) [with D = bool; T = signed char]	400	static
./library/inference/tflmtag2412_u55tag2411/tensorflow/lite/kernels/internal/reference/select.h:78:6:void tflite::reference_ops::BroadcastSelect5DSlow(const tflite::RuntimeShape&, const D*, const tflite::RuntimeShape&, const T*, const tflite::RuntimeShape&, const T*, const tflite::RuntimeShape&, T*) [with D = bool; T = short int]	408	static
