./library/inference/tflmtag2412_u55tag2411/third_party/gemmlowp/fixedpoint/fixedpoint.h:357:20:IntegerType gemmlowp::RoundingDivideByPOT(IntegerType, int) [with IntegerType = long int]	8	static
library/inference/tflmtag2412_u55tag2411/tensorflow/lite/micro/kernels/squared_difference.cc:47:6:void tflite::{anonymous}::PrepareQuantized(const TfLiteQuantizationParams&, const TfLiteQuantizationParams&, const TfLiteQuantizationParams&, int, int32_t, int32_t, OpData*)	32	static
library/inference/tflmtag2412_u55tag2411/tensorflow/lite/micro/kernels/squared_difference.cc:157:3:T tflite::{anonymous}::SquaredDifference(T, T, const tflite::ArithmeticParams&) [with T = short int]	24	static
library/inference/tflmtag2412_u55tag2411/tensorflow/lite/micro/kernels/squared_difference.cc:157:3:T tflite::{anonymous}::SquaredDifference(T, T, const tflite::ArithmeticParams&) [with T = signed char]	24	static
./library/inference/tflmtag2412_u55tag2411/tensorflow/lite/kernels/op_macros.h:24:13:void AbortImpl()	8	static
./library/inference/tflmtag2412_u55tag2411/tensorflow/lite/kernels/internal/reference/integer_ops/add.h:28:13:void tflite::reference_integer_ops::CheckArithmeticParams(const tflite::ArithmeticParams&)	8	static
library/inference/tflmtag2412_u55tag2411/tensorflow/lite/micro/kernels/squared_difference.cc:41:7:void* tflite::{anonymous}::SquaredDifferenceInit(TfLiteContext*, const char*, size_t)	8	static
library/inference/tflmtag2412_u55tag2411/tensorflow/lite/micro/kernels/squared_difference.cc:85:14:TfLiteStatus tflite::{anonymous}::SquaredDifferencePrepare(TfLiteContext*, TfLiteNode*)	48	static
./library/inference/tflmtag2412_u55tag2411/tensorflow/lite/kernels/internal/reference/integer_ops/add.h:75:13:void tflite::reference_integer_ops::BroadcastAddRecursiveDimensions(const tflite::ArithmeticParams&, int, size_t*, size_t*, size_t*, size_t*, size_t*, size_t*, const T*, const T*, T*, void (*)(const tflite::ArithmeticParams&), T (*)(T, T, const tflite::ArithmeticParams&)) [with T = signed char]	88	static
./library/inference/tflmtag2412_u55tag2411/tensorflow/lite/kernels/internal/reference/integer_ops/add.h:75:13:void tflite::reference_integer_ops::BroadcastAddRecursiveDimensions(const tflite::ArithmeticParams&, int, size_t*, size_t*, size_t*, size_t*, size_t*, size_t*, const T*, const T*, T*, void (*)(const tflite::ArithmeticParams&), T (*)(T, T, const tflite::ArithmeticParams&)) [with T = short int]	88	static
library/inference/tflmtag2412_u55tag2411/tensorflow/lite/micro/kernels/squared_difference.cc:265:18:TFLMRegistration tflite::Register_SQUARED_DIFFERENCE()	16	static
./library/inference/tflmtag2412_u55tag2411/tensorflow/lite/kernels/internal/common.h:47:6:bool tflite::ReduceDimensionsForBroadcast(const RuntimeShape&, const RuntimeShape&, size_t*, size_t*, size_t*) [with int MAX_DIM = 6]	104	static
./library/inference/tflmtag2412_u55tag2411/tensorflow/lite/kernels/internal/common.h:1083:22:void tflite::CopyDimsToDesc(const RuntimeShape&, NdArrayDesc<N>*) [with int N = 4]	16	static
library/inference/tflmtag2412_u55tag2411/tensorflow/lite/micro/kernels/squared_difference.cc:210:6:void tflite::{anonymous}::EvalSquaredDifference(TfLiteContext*, TfLiteNode*, const OpData*, const TfLiteEvalTensor*, const TfLiteEvalTensor*, TfLiteEvalTensor*) [with T = float]	472	static
library/inference/tflmtag2412_u55tag2411/tensorflow/lite/micro/kernels/squared_difference.cc:210:6:void tflite::{anonymous}::EvalSquaredDifference(TfLiteContext*, TfLiteNode*, const OpData*, const TfLiteEvalTensor*, const TfLiteEvalTensor*, TfLiteEvalTensor*) [with T = long int]	480	static
library/inference/tflmtag2412_u55tag2411/tensorflow/lite/micro/kernels/squared_difference.cc:233:14:TfLiteStatus tflite::{anonymous}::SquaredDifferenceEval(TfLiteContext*, TfLiteNode*)	280	static
