library/inference/tflmtag2412_u55tag2411/tensorflow/lite/micro/test_helpers.cc:63:8:virtual void tflite::testing::{anonymous}::StackAllocator::deallocate(uint8_t*, size_t)	0	static
library/inference/tflmtag2412_u55tag2411/tensorflow/lite/micro/test_helpers.cc:1563:7:static void* tflite::testing::SimpleStatefulOp::Init(TfLiteContext*, const char*, size_t)	8	static
library/inference/tflmtag2412_u55tag2411/tensorflow/lite/micro/test_helpers.cc:1660:6:static void tflite::testing::MockCustom::Free(TfLiteContext*, void*)	0	static
library/inference/tflmtag2412_u55tag2411/tensorflow/lite/micro/test_helpers.cc:1662:14:static TfLiteStatus tflite::testing::MockCustom::Prepare(TfLiteContext*, TfLiteNode*)	0	static
library/inference/tflmtag2412_u55tag2411/tensorflow/lite/micro/test_helpers.cc:1708:6:static void tflite::testing::MultipleInputs::Free(TfLiteContext*, void*)	0	static
library/inference/tflmtag2412_u55tag2411/tensorflow/lite/micro/test_helpers.cc:1762:6:static void tflite::testing::NoOp::Free(TfLiteContext*, void*)	0	static
./library/inference/tflmtag2412_u55tag2411/tensorflow/lite/micro/micro_mutable_op_resolver.h:51:27:const TFLMRegistration* tflite::MicroMutableOpResolver<tOpCount>::FindOp(tflite::BuiltinOperator) const [with unsigned int tOpCount = 10]	4	static
library/inference/tflmtag2412_u55tag2411/tensorflow/lite/micro/test_helpers.cc:49:7:virtual tflite::testing::{anonymous}::StackAllocator::~StackAllocator()	0	static
library/inference/tflmtag2412_u55tag2411/tensorflow/lite/micro/test_helpers.cc:1666:14:static TfLiteStatus tflite::testing::MockCustom::Invoke(TfLiteContext*, TfLiteNode*)	24	static
library/inference/tflmtag2412_u55tag2411/tensorflow/lite/micro/test_helpers.cc:1716:14:static TfLiteStatus tflite::testing::MultipleInputs::Invoke(TfLiteContext*, TfLiteNode*)	32	static
./library/inference/tflmtag2412_u55tag2411/tensorflow/lite/micro/micro_mutable_op_resolver.h:63:27:const TFLMRegistration* tflite::MicroMutableOpResolver<tOpCount>::FindOp(const char*) const [with unsigned int tOpCount = 10]	24	static
./library/inference/tflmtag2412_u55tag2411/third_party/flatbuffers/include/flatbuffers/flatbuffer_builder.h:397:8:void flatbuffers::FlatBufferBuilderImpl<Is64Aware>::NotNested() [with bool Is64Aware = false]	8	static
./library/inference/tflmtag2412_u55tag2411/third_party/flatbuffers/include/flatbuffers/vector_downward.h:178:12:uint8_t* flatbuffers::vector_downward<SizeT>::data() const [with SizeT = long unsigned int]	8	static
./library/inference/tflmtag2412_u55tag2411/third_party/flatbuffers/include/flatbuffers/flatbuffer_builder.h:265:8:void flatbuffers::FlatBufferBuilderImpl<Is64Aware>::Finished() const [with bool Is64Aware = false]	8	static
./library/inference/tflmtag2412_u55tag2411/third_party/flatbuffers/include/flatbuffers/flatbuffer_builder.h:392:26:T flatbuffers::FlatBufferBuilderImpl<Is64Aware>::ReferTo(T, T) [with T = long unsigned int; bool Is64Aware = false]	8	static
./library/inference/tflmtag2412_u55tag2411/third_party/flatbuffers/include/flatbuffers/flatbuffer_builder.h:674:11:ReturnT flatbuffers::FlatBufferBuilderImpl<Is64Aware>::EndVector(size_t) [with LenT = long unsigned int; ReturnT = long unsigned int; bool Is64Aware = false]	8	static
library/inference/tflmtag2412_u55tag2411/tensorflow/lite/micro/test_helpers.cc:1768:14:static TfLiteStatus tflite::testing::NoOp::Invoke(TfLiteContext*, TfLiteNode*)	0	static
library/inference/tflmtag2412_u55tag2411/tensorflow/lite/micro/test_helpers.cc:82:33:flatbuffers::FlatBufferBuilder* tflite::testing::{anonymous}::BuilderInstance()	24	static
./library/inference/tflmtag2412_u55tag2411/third_party/flatbuffers/include/flatbuffers/allocator.h:41:20:virtual uint8_t* flatbuffers::Allocator::reallocate_downward(uint8_t*, size_t, size_t, size_t, size_t)	32	static
library/inference/tflmtag2412_u55tag2411/tensorflow/lite/micro/test_helpers.cc:1712:14:static TfLiteStatus tflite::testing::MultipleInputs::Prepare(TfLiteContext*, TfLiteNode*)	0	static
library/inference/tflmtag2412_u55tag2411/tensorflow/lite/micro/test_helpers.cc:1764:14:static TfLiteStatus tflite::testing::NoOp::Prepare(TfLiteContext*, TfLiteNode*)	0	static
./library/inference/tflmtag2412_u55tag2411/third_party/flatbuffers/include/flatbuffers/vector_downward.h:141:10:size_t flatbuffers::vector_downward<SizeT>::ensure_space(size_t) [with SizeT = long unsigned int]	48	static
./library/inference/tflmtag2412_u55tag2411/tensorflow/lite/kernels/op_macros.h:24:13:void AbortImpl()	8	static
library/inference/tflmtag2412_u55tag2411/tensorflow/lite/micro/test_helpers.cc:1650:7:static void* tflite::testing::MockCustom::Init(TfLiteContext*, const char*, size_t)	8	static
library/inference/tflmtag2412_u55tag2411/tensorflow/lite/micro/test_helpers.cc:1698:7:static void* tflite::testing::MultipleInputs::Init(TfLiteContext*, const char*, size_t)	8	static
library/inference/tflmtag2412_u55tag2411/tensorflow/lite/micro/test_helpers.cc:1753:7:static void* tflite::testing::NoOp::Init(TfLiteContext*, const char*, size_t)	8	static
library/inference/tflmtag2412_u55tag2411/tensorflow/lite/micro/test_helpers.cc:55:12:virtual uint8_t* tflite::testing::{anonymous}::StackAllocator::allocate(size_t)	8	static
library/inference/tflmtag2412_u55tag2411/tensorflow/lite/micro/test_helpers.cc:1597:14:static TfLiteStatus tflite::testing::SimpleStatefulOp::Invoke(TfLiteContext*, TfLiteNode*)	64	static
library/inference/tflmtag2412_u55tag2411/tensorflow/lite/micro/test_helpers.cc:1571:14:static TfLiteStatus tflite::testing::SimpleStatefulOp::Prepare(TfLiteContext*, TfLiteNode*)	64	static
library/inference/tflmtag2412_u55tag2411/tensorflow/lite/micro/test_helpers.cc:1551:25:static const TFLMRegistration* tflite::testing::SimpleStatefulOp::getRegistration()	0	static
library/inference/tflmtag2412_u55tag2411/tensorflow/lite/micro/test_helpers.cc:1555:19:static TFLMRegistration* tflite::testing::SimpleStatefulOp::GetMutableRegistration()	0	static
library/inference/tflmtag2412_u55tag2411/tensorflow/lite/micro/test_helpers.cc:1637:25:static const TFLMRegistration* tflite::testing::MockCustom::getRegistration()	16	static
library/inference/tflmtag2412_u55tag2411/tensorflow/lite/micro/test_helpers.cc:1641:19:static TFLMRegistration* tflite::testing::MockCustom::GetMutableRegistration()	16	static
library/inference/tflmtag2412_u55tag2411/tensorflow/lite/micro/test_helpers.cc:1685:25:static const TFLMRegistration* tflite::testing::MultipleInputs::getRegistration()	16	static
library/inference/tflmtag2412_u55tag2411/tensorflow/lite/micro/test_helpers.cc:1689:19:static TFLMRegistration* tflite::testing::MultipleInputs::GetMutableRegistration()	16	static
library/inference/tflmtag2412_u55tag2411/tensorflow/lite/micro/test_helpers.cc:1740:25:static const TFLMRegistration* tflite::testing::NoOp::getRegistration()	16	static
library/inference/tflmtag2412_u55tag2411/tensorflow/lite/micro/test_helpers.cc:1744:19:static TFLMRegistration* tflite::testing::NoOp::GetMutableRegistration()	16	static
library/inference/tflmtag2412_u55tag2411/tensorflow/lite/micro/test_helpers.cc:1997:5:int tflite::testing::TestStrcmp(const char*, const char*)	0	static
library/inference/tflmtag2412_u55tag2411/tensorflow/lite/micro/test_helpers.cc:2011:17:TfLiteIntArray* tflite::testing::IntArrayFromInts(const int*)	0	static
library/inference/tflmtag2412_u55tag2411/tensorflow/lite/micro/test_helpers.cc:2017:19:TfLiteFloatArray* tflite::testing::FloatArrayFromFloats(const float*)	0	static
library/inference/tflmtag2412_u55tag2411/tensorflow/lite/micro/test_helpers.cc:2050:8:size_t tflite::testing::GetModelTensorCount(const tflite::Model*)	8	static
library/inference/tflmtag2412_u55tag2411/tensorflow/lite/micro/test_helpers.cc:2058:6:void tflite::testing::PackInt4ValuesDenselyInPlace(uint8_t*, int)	12	static
library/inference/tflmtag2412_u55tag2411/tensorflow/lite/micro/test_helpers.cc:2025:14:TfLiteTensor tflite::testing::CreateSymmetricPerChannelQuantizedTensor(const float*, int8_t*, TfLiteIntArray*, float*, int*, TfLiteAffineQuantization*, int, bool, TfLiteType)	56	static
./library/inference/tflmtag2412_u55tag2411/third_party/flatbuffers/include/flatbuffers/flatbuffer_builder.h:422:13:flatbuffers::uoffset_t flatbuffers::FlatBufferBuilderImpl<Is64Aware>::EndTable(flatbuffers::uoffset_t) [with bool Is64Aware = false]	48	static
./library/inference/tflmtag2412_u55tag2411/tensorflow/lite/schema/schema_generated.h:16489:38:flatbuffers::Offset<tflite::Buffer> tflite::CreateBuffer(flatbuffers::FlatBufferBuilder&, flatbuffers::Offset<flatbuffers::Vector<unsigned char> >, uint64_t, uint64_t)	48	static
./library/inference/tflmtag2412_u55tag2411/tensorflow/lite/schema/schema_generated.h:6060:38:flatbuffers::Offset<tflite::Tensor> tflite::CreateTensor(flatbuffers::FlatBufferBuilder&, flatbuffers::Offset<flatbuffers::Vector<long int> >, TensorType, uint32_t, flatbuffers::Offset<flatbuffers::String>, flatbuffers::Offset<QuantizationParameters>, bool, flatbuffers::Offset<SparsityParameters>, flatbuffers::Offset<flatbuffers::Vector<long int> >, bool, flatbuffers::Offset<flatbuffers::Vector<flatbuffers::Offset<VariantSubType> > >)	48	static
./library/inference/tflmtag2412_u55tag2411/tensorflow/lite/schema/schema_generated.h:16385:40:flatbuffers::Offset<tflite::SubGraph> tflite::CreateSubGraph(flatbuffers::FlatBufferBuilder&, flatbuffers::Offset<flatbuffers::Vector<flatbuffers::Offset<Tensor> > >, flatbuffers::Offset<flatbuffers::Vector<long int> >, flatbuffers::Offset<flatbuffers::Vector<long int> >, flatbuffers::Offset<flatbuffers::Vector<flatbuffers::Offset<Operator> > >, flatbuffers::Offset<flatbuffers::String>, int32_t)	48	static
./library/inference/tflmtag2412_u55tag2411/tensorflow/lite/schema/schema_generated.h:16899:37:flatbuffers::Offset<tflite::Model> tflite::CreateModel(flatbuffers::FlatBufferBuilder&, uint32_t, flatbuffers::Offset<flatbuffers::Vector<flatbuffers::Offset<OperatorCode> > >, flatbuffers::Offset<flatbuffers::Vector<flatbuffers::Offset<SubGraph> > >, flatbuffers::Offset<flatbuffers::String>, flatbuffers::Offset<flatbuffers::Vector<flatbuffers::Offset<Buffer> > >, flatbuffers::Offset<flatbuffers::Vector<long int> >, flatbuffers::Offset<flatbuffers::Vector<flatbuffers::Offset<Metadata> > >, flatbuffers::Offset<flatbuffers::Vector<flatbuffers::Offset<SignatureDef> > >)	48	static
./library/inference/tflmtag2412_u55tag2411/tensorflow/lite/schema/schema_generated.h:5356:54:flatbuffers::Offset<tflite::QuantizationParameters> tflite::CreateQuantizationParameters(flatbuffers::FlatBufferBuilder&, flatbuffers::Offset<flatbuffers::Vector<float> >, flatbuffers::Offset<flatbuffers::Vector<float> >, flatbuffers::Offset<flatbuffers::Vector<float> >, flatbuffers::Offset<flatbuffers::Vector<long long int> >, QuantizationDetails, flatbuffers::Offset<>, int32_t)	56	static
./library/inference/tflmtag2412_u55tag2411/third_party/flatbuffers/include/flatbuffers/flatbuffer_builder.h:337:29:void flatbuffers::FlatBufferBuilderImpl<Is64Aware>::AddElement(flatbuffers::voffset_t, T, T) [with T = long unsigned int; bool Is64Aware = false]	24	static
./library/inference/tflmtag2412_u55tag2411/tensorflow/lite/schema/schema_generated.h:16212:40:flatbuffers::Offset<tflite::Operator> tflite::CreateOperator(flatbuffers::FlatBufferBuilder&, uint32_t, flatbuffers::Offset<flatbuffers::Vector<long int> >, flatbuffers::Offset<flatbuffers::Vector<long int> >, BuiltinOptions, flatbuffers::Offset<>, flatbuffers::Offset<flatbuffers::Vector<unsigned char> >, CustomOptionsFormat, flatbuffers::Offset<flatbuffers::Vector<unsigned char> >, flatbuffers::Offset<flatbuffers::Vector<long int> >, uint64_t, uint64_t, BuiltinOptions2, flatbuffers::Offset<>, int32_t)	64	static
./library/inference/tflmtag2412_u55tag2411/third_party/flatbuffers/include/flatbuffers/flatbuffer_builder.h:549:19:OffsetT<flatbuffers::String> flatbuffers::FlatBufferBuilderImpl<Is64Aware>::CreateString(const char*) [with OffsetT = flatbuffers::Offset; bool Is64Aware = false]	24	static
./library/inference/tflmtag2412_u55tag2411/tensorflow/lite/schema/schema_generated.h:14831:44:flatbuffers::Offset<tflite::OperatorCode> tflite::CreateOperatorCodeDirect(flatbuffers::FlatBufferBuilder&, int8_t, const char*, int32_t, BuiltinOperator)	40	static
./library/inference/tflmtag2412_u55tag2411/third_party/flatbuffers/include/flatbuffers/flatbuffer_builder.h:727:23:OffsetT<VectorT<T> > flatbuffers::FlatBufferBuilderImpl<Is64Aware>::CreateVector(const T*, size_t) [with T = long int; OffsetT = flatbuffers::Offset; VectorT = flatbuffers::Vector; bool Is64Aware = false]	32	static
library/inference/tflmtag2412_u55tag2411/tensorflow/lite/micro/test_helpers.cc:265:22:tflite::testing::{anonymous}::ModelBuilder::Tensor tflite::testing::{anonymous}::ModelBuilder::AddTensorImpl(tflite::TensorType, bool, std::initializer_list<long int>)	56	static
library/inference/tflmtag2412_u55tag2411/tensorflow/lite/micro/test_helpers.cc:172:20:tflite::testing::{anonymous}::ModelBuilder::Node tflite::testing::{anonymous}::ModelBuilder::AddNode(Operator, std::initializer_list<long int>, std::initializer_list<long int>, std::initializer_list<long int>)	96	static
./library/inference/tflmtag2412_u55tag2411/third_party/flatbuffers/include/flatbuffers/flatbuffer_builder.h:775:29:flatbuffers::Offset<flatbuffers::Vector<flatbuffers::Offset<T> > > flatbuffers::FlatBufferBuilderImpl<Is64Aware>::CreateVector(const flatbuffers::Offset<T>*, size_t) [with T = tflite::Tensor; bool Is64Aware = false]	72	static
./library/inference/tflmtag2412_u55tag2411/third_party/flatbuffers/include/flatbuffers/flatbuffer_builder.h:775:29:flatbuffers::Offset<flatbuffers::Vector<flatbuffers::Offset<T> > > flatbuffers::FlatBufferBuilderImpl<Is64Aware>::CreateVector(const flatbuffers::Offset<T>*, size_t) [with T = tflite::Operator; bool Is64Aware = false]	72	static
./library/inference/tflmtag2412_u55tag2411/third_party/flatbuffers/include/flatbuffers/flatbuffer_builder.h:775:29:flatbuffers::Offset<flatbuffers::Vector<flatbuffers::Offset<T> > > flatbuffers::FlatBufferBuilderImpl<Is64Aware>::CreateVector(const flatbuffers::Offset<T>*, size_t) [with T = tflite::OperatorCode; bool Is64Aware = false]	72	static
./library/inference/tflmtag2412_u55tag2411/third_party/flatbuffers/include/flatbuffers/flatbuffer_builder.h:775:29:flatbuffers::Offset<flatbuffers::Vector<flatbuffers::Offset<T> > > flatbuffers::FlatBufferBuilderImpl<Is64Aware>::CreateVector(const flatbuffers::Offset<T>*, size_t) [with T = tflite::SubGraph; bool Is64Aware = false]	72	static
./library/inference/tflmtag2412_u55tag2411/third_party/flatbuffers/include/flatbuffers/flatbuffer_builder.h:775:29:flatbuffers::Offset<flatbuffers::Vector<flatbuffers::Offset<T> > > flatbuffers::FlatBufferBuilderImpl<Is64Aware>::CreateVector(const flatbuffers::Offset<T>*, size_t) [with T = tflite::Buffer; bool Is64Aware = false]	72	static
./library/inference/tflmtag2412_u55tag2411/tensorflow/lite/micro/micro_mutable_op_resolver.h:89:16:TfLiteStatus tflite::MicroMutableOpResolver<tOpCount>::AddCustom(const char*, const TFLMRegistration*) [with unsigned int tOpCount = 10]	32	static
library/inference/tflmtag2412_u55tag2411/tensorflow/lite/micro/test_helpers.cc:1774:14:TfLiteStatus tflite::testing::GetTestingOpResolver(TestingOpResolver&)	152	static
./library/inference/tflmtag2412_u55tag2411/third_party/flatbuffers/include/flatbuffers/flatbuffer_builder.h:1246:8:void flatbuffers::FlatBufferBuilderImpl<Is64Aware>::Finish(flatbuffers::uoffset_t, const char*, bool) [with bool Is64Aware = false]	24	static
library/inference/tflmtag2412_u55tag2411/tensorflow/lite/micro/test_helpers.cc:1980:1:const flatbuffers::Vector<flatbuffers::Offset<tflite::Buffer> >* tflite::testing::CreateFlatbufferBuffers()	32	static
library/inference/tflmtag2412_u55tag2411/tensorflow/lite/micro/test_helpers.cc:1915:15:const tflite::Tensor* tflite::testing::Create1dFlatbufferTensor(int, bool)	64	static
library/inference/tflmtag2412_u55tag2411/tensorflow/lite/micro/test_helpers.cc:1792:14:const tflite::Model* tflite::testing::GetModelWithUnusedInputs()	160	static
library/inference/tflmtag2412_u55tag2411/tensorflow/lite/micro/test_helpers.cc:1800:14:const tflite::Model* tflite::testing::GetModelWithUnusedOperatorOutputs()	152	static
library/inference/tflmtag2412_u55tag2411/tensorflow/lite/micro/test_helpers.cc:204:14:const tflite::Model* tflite::testing::{anonymous}::ModelBuilder::BuildModel(std::initializer_list<long int>, std::initializer_list<long int>, size_t)	152	static
library/inference/tflmtag2412_u55tag2411/tensorflow/lite/micro/test_helpers.cc:491:14:const tflite::Model* tflite::testing::{anonymous}::BuildModelWith256x256Tensor()	656	static
library/inference/tflmtag2412_u55tag2411/tensorflow/lite/micro/test_helpers.cc:1808:14:const tflite::Model* tflite::testing::GetModelWith256x256Tensor()	8	static
library/inference/tflmtag2412_u55tag2411/tensorflow/lite/micro/test_helpers.cc:299:14:const tflite::Model* tflite::testing::{anonymous}::BuildSimpleModelWithBranch()	688	static
library/inference/tflmtag2412_u55tag2411/tensorflow/lite/micro/test_helpers.cc:1889:14:const tflite::Model* tflite::testing::GetSimpleModelWithBranch()	8	static
library/inference/tflmtag2412_u55tag2411/tensorflow/lite/micro/test_helpers.cc:277:14:const tflite::Model* tflite::testing::{anonymous}::BuildSimpleStatefulModel()	664	static
library/inference/tflmtag2412_u55tag2411/tensorflow/lite/micro/test_helpers.cc:1907:14:const tflite::Model* tflite::testing::GetSimpleStatefulModel()	8	static
library/inference/tflmtag2412_u55tag2411/tensorflow/lite/micro/test_helpers.cc:339:14:const tflite::Model* tflite::testing::{anonymous}::BuildModelWithOfflinePlanning(int, const int32_t*, tflite::testing::NodeConnection*, int, int)	632	static
library/inference/tflmtag2412_u55tag2411/tensorflow/lite/micro/test_helpers.cc:1897:14:const tflite::Model* tflite::testing::GetModelWithOfflinePlanning(int, const int32_t*, NodeConnection*, int, int)	0	static
library/inference/tflmtag2412_u55tag2411/tensorflow/lite/micro/test_helpers.cc:1813:14:const tflite::Model* tflite::testing::GetSimpleMockModel()	176	static
library/inference/tflmtag2412_u55tag2411/tensorflow/lite/micro/test_helpers.cc:1833:14:const tflite::Model* tflite::testing::GetSimpleMultipleInputsModel()	176	static
library/inference/tflmtag2412_u55tag2411/tensorflow/lite/micro/test_helpers.cc:1881:14:const tflite::Model* tflite::testing::GetComplexMockModel()	216	static
library/inference/tflmtag2412_u55tag2411/tensorflow/lite/micro/test_helpers.cc:1841:14:const tflite::Model* tflite::testing::GetSimpleModelWithSubgraphsAndIf()	232	static
library/inference/tflmtag2412_u55tag2411/tensorflow/lite/micro/test_helpers.cc:1849:14:const tflite::Model* tflite::testing::GetSimpleModelWithIfAndEmptySubgraph()	224	static
library/inference/tflmtag2412_u55tag2411/tensorflow/lite/micro/test_helpers.cc:1865:14:const tflite::Model* tflite::testing::GetModelWithIfAndSubgraphInputTensorOverlap()	264	static
library/inference/tflmtag2412_u55tag2411/tensorflow/lite/micro/test_helpers.cc:1857:14:const tflite::Model* tflite::testing::GetSimpleModelWithSubgraphsAndWhile()	216	static
library/inference/tflmtag2412_u55tag2411/tensorflow/lite/micro/test_helpers.cc:1873:14:const tflite::Model* tflite::testing::GetSimpleModelWithNullInputsAndOutputs()	144	static
library/inference/tflmtag2412_u55tag2411/tensorflow/lite/micro/test_helpers.cc:1930:15:const tflite::Tensor* tflite::testing::CreateQuantizedFlatbufferTensor(int)	80	static
library/inference/tflmtag2412_u55tag2411/tensorflow/lite/micro/test_helpers.cc:1961:15:const tflite::Tensor* tflite::testing::CreateMissingQuantizationFlatbufferTensor(int)	64	static
