library/inference/tflmtag2412_u55tag2411/tensorflow/lite/micro/kernels/batch_to_space_nd.cc:41:14:TfLiteStatus tflite::{anonymous}::BatchToSpaceNDPrepare(TfLiteContext*, TfLiteNode*)	40	static
./library/inference/tflmtag2412_u55tag2411/tensorflow/lite/kernels/op_macros.h:24:13:void AbortImpl()	8	static
library/inference/tflmtag2412_u55tag2411/tensorflow/lite/micro/kernels/batch_to_space_nd.cc:65:14:TfLiteStatus tflite::{anonymous}::BatchToSpaceNDEval(TfLiteContext*, TfLiteNode*)	472	static
library/inference/tflmtag2412_u55tag2411/tensorflow/lite/micro/kernels/batch_to_space_nd.cc:108:18:TFLMRegistration tflite::Register_BATCH_TO_SPACE_ND()	16	static
