./library/inference/tflmtag2412_u55tag2411/tensorflow/lite/kernels/op_macros.h:24:13:void AbortImpl()	8	static
library/inference/tflmtag2412_u55tag2411/tensorflow/lite/micro/kernels/div.cc:68:7:void* tflite::{anonymous}::DivInit(TfLiteContext*, const char*, size_t)	8	static
library/inference/tflmtag2412_u55tag2411/tensorflow/lite/micro/kernels/div.cc:73:14:TfLiteStatus tflite::{anonymous}::DivPrepare(TfLiteContext*, TfLiteNode*)	48	static
./library/inference/tflmtag2412_u55tag2411/tensorflow/lite/kernels/internal/reference/process_broadcast_shapes.h:40:13:bool tflite::reference_ops::ProcessBroadcastShapes(const tflite::RuntimeShape&, const tflite::RuntimeShape&, tflite::ArithmeticParams*)	88	static
library/inference/tflmtag2412_u55tag2411/tensorflow/lite/micro/kernels/div.cc:215:18:TFLMRegistration tflite::Register_DIV()	16	static
./library/inference/tflmtag2412_u55tag2411/third_party/gemmlowp/fixedpoint/fixedpoint.h:842:25:gemmlowp::FixedPoint<tRawType, 0> gemmlowp::one_over_one_plus_x_for_x_in_0_1(FixedPoint<tRawType, 0>) [with tRawType = long int]	64	static
./library/inference/tflmtag2412_u55tag2411/tensorflow/lite/kernels/internal/common.h:1083:22:void tflite::CopyDimsToDesc(const RuntimeShape&, NdArrayDesc<N>*) [with int N = 5]	16	static
library/inference/tflmtag2412_u55tag2411/tensorflow/lite/micro/kernels/div.cc:109:6:void tflite::{anonymous}::EvalDiv(TfLiteContext*, TfLiteNode*, TfLiteDivParams*, const OpDataDiv*, const TfLiteEvalTensor*, const TfLiteEvalTensor*, TfLiteEvalTensor*) [with T = long int]	656	static
library/inference/tflmtag2412_u55tag2411/tensorflow/lite/micro/kernels/div.cc:109:6:void tflite::{anonymous}::EvalDiv(TfLiteContext*, TfLiteNode*, TfLiteDivParams*, const OpDataDiv*, const TfLiteEvalTensor*, const TfLiteEvalTensor*, TfLiteEvalTensor*) [with T = float]	656	static
./library/inference/tflmtag2412_u55tag2411/tensorflow/lite/kernels/internal/common.h:1190:51:typename std::enable_if<(DIM != (N - 1)), void>::type tflite::NDOpsHelperImpl(const NdArrayDesc<N>&, const Calc&, int*) [with int N = 5; int DIM = 1; Calc = reference_ops::BroadcastDivSlowQuantized<signed char, 5>(const tflite::ArithmeticParams&, const tflite::RuntimeShape&, const signed char*, const tflite::RuntimeShape&, const signed char*, const tflite::RuntimeShape&, signed char*)::<lambda(int*)>]	104	static
library/inference/tflmtag2412_u55tag2411/tensorflow/lite/micro/kernels/div.cc:139:14:TfLiteStatus tflite::{anonymous}::EvalQuantized(TfLiteContext*, TfLiteNode*, TfLiteDivParams*, const OpDataDiv*, const TfLiteEvalTensor*, const TfLiteEvalTensor*, TfLiteEvalTensor*)	624	static
library/inference/tflmtag2412_u55tag2411/tensorflow/lite/micro/kernels/div.cc:182:14:TfLiteStatus tflite::{anonymous}::DivEval(TfLiteContext*, TfLiteNode*)	24	static
