library/inference/tflmtag2412_u55tag2411/tensorflow/lite/micro/kernels/space_to_batch_nd.cc:48:14:TfLiteStatus tflite::{anonymous}::SpaceToBatchNDPrepare(TfLiteContext*, TfLiteNode*)	40	static
./library/inference/tflmtag2412_u55tag2411/tensorflow/lite/kernels/op_macros.h:24:13:void AbortImpl()	8	static
library/inference/tflmtag2412_u55tag2411/tensorflow/lite/micro/kernels/space_to_batch_nd.cc:42:7:void* tflite::{anonymous}::SpaceToBatchNDInit(TfLiteContext*, const char*, size_t)	8	static
library/inference/tflmtag2412_u55tag2411/tensorflow/lite/micro/kernels/space_to_batch_nd.cc:71:14:TfLiteStatus tflite::{anonymous}::SpaceToBatchNDEval(TfLiteContext*, TfLiteNode*)	488	static
library/inference/tflmtag2412_u55tag2411/tensorflow/lite/micro/kernels/space_to_batch_nd.cc:118:18:TFLMRegistration tflite::Register_SPACE_TO_BATCH_ND()	16	static
