library/inference/tflmtag2412_u55tag2411/tensorflow/lite/micro/kernels/strided_slice_common.cc:68:28:tflite::StridedSliceParams tflite::{anonymous}::BuildStridedSliceParams(StridedSliceContext*)	24	static
./library/inference/tflmtag2412_u55tag2411/tensorflow/lite/kernels/op_macros.h:24:13:void AbortImpl()	8	static
library/inference/tflmtag2412_u55tag2411/tensorflow/lite/micro/kernels/strided_slice_common.cc:129:7:void* tflite::StridedSliceInit(TfLiteContext*, const char*, size_t)	8	static
library/inference/tflmtag2412_u55tag2411/tensorflow/lite/micro/kernels/strided_slice_common.cc:135:14:TfLiteStatus tflite::StridedSlicePrepare(TfLiteContext*, TfLiteNode*)	328	static
