library/inference/tflmtag2412_u55tag2411/tensorflow/lite/core/api/flatbuffer_conversions.cc:84:21:TfLiteStatus tflite::{anonymous}::FlatBufferIntVectorToArray(int, const flatbuffers::Vector<U>*, DataType*, tflite::ErrorReporter*, const char*) [with DataType = long int]	8	static
library/inference/tflmtag2412_u55tag2411/tensorflow/lite/core/api/flatbuffer_conversions.cc:84:21:TfLiteStatus tflite::{anonymous}::FlatBufferIntVectorToArray(int, const flatbuffers::Vector<U>*, DataType*, tflite::ErrorReporter*, const char*) [with DataType = long long int]	16	static
./library/inference/tflmtag2412_u55tag2411/tensorflow/lite/kernels/op_macros.h:24:13:void AbortImpl()	8	static
library/inference/tflmtag2412_u55tag2411/tensorflow/lite/core/api/flatbuffer_conversions.cc:1028:14:TfLiteStatus tflite::ConvertTensorType(TensorType, TfLiteType*, ErrorReporter*)	8	static
library/inference/tflmtag2412_u55tag2411/tensorflow/lite/core/api/flatbuffer_conversions.cc:1099:14:TfLiteStatus tflite::ParseAbs(const Operator*, ErrorReporter*, BuiltinDataAllocator*, void**)	0	static
library/inference/tflmtag2412_u55tag2411/tensorflow/lite/core/api/flatbuffer_conversions.cc:1104:14:TfLiteStatus tflite::ParseAdd(const Operator*, ErrorReporter*, BuiltinDataAllocator*, void**)	16	static
library/inference/tflmtag2412_u55tag2411/tensorflow/lite/core/api/flatbuffer_conversions.cc:1129:14:TfLiteStatus tflite::ParseAddN(const Operator*, ErrorReporter*, BuiltinDataAllocator*, void**)	0	static
library/inference/tflmtag2412_u55tag2411/tensorflow/lite/core/api/flatbuffer_conversions.cc:1134:14:TfLiteStatus tflite::ParseArgMax(const Operator*, ErrorReporter*, BuiltinDataAllocator*, void**)	24	static
library/inference/tflmtag2412_u55tag2411/tensorflow/lite/core/api/flatbuffer_conversions.cc:1159:14:TfLiteStatus tflite::ParseArgMin(const Operator*, ErrorReporter*, BuiltinDataAllocator*, void**)	24	static
library/inference/tflmtag2412_u55tag2411/tensorflow/lite/core/api/flatbuffer_conversions.cc:1187:14:TfLiteStatus tflite::ParseAssignVariable(const Operator*, ErrorReporter*, BuiltinDataAllocator*, void**)	0	static
library/inference/tflmtag2412_u55tag2411/tensorflow/lite/core/api/flatbuffer_conversions.cc:1195:14:TfLiteStatus tflite::ParseBatchMatMul(const Operator*, ErrorReporter*, BuiltinDataAllocator*, void**)	16	static
library/inference/tflmtag2412_u55tag2411/tensorflow/lite/core/api/flatbuffer_conversions.cc:1216:14:TfLiteStatus tflite::ParseBatchToSpaceNd(const Operator*, ErrorReporter*, BuiltinDataAllocator*, void**)	0	static
library/inference/tflmtag2412_u55tag2411/tensorflow/lite/core/api/flatbuffer_conversions.cc:1224:14:TfLiteStatus tflite::ParseBroadcastArgs(const Operator*, ErrorReporter*, BuiltinDataAllocator*, void**)	0	static
library/inference/tflmtag2412_u55tag2411/tensorflow/lite/core/api/flatbuffer_conversions.cc:1232:14:TfLiteStatus tflite::ParseBroadcastTo(const Operator*, ErrorReporter*, BuiltinDataAllocator*, void**)	0	static
library/inference/tflmtag2412_u55tag2411/tensorflow/lite/core/api/flatbuffer_conversions.cc:1237:14:TfLiteStatus tflite::ParseCallOnce(const Operator*, ErrorReporter*, BuiltinDataAllocator*, void**)	16	static
library/inference/tflmtag2412_u55tag2411/tensorflow/lite/core/api/flatbuffer_conversions.cc:1267:14:TfLiteStatus tflite::ParseCast(const Operator*, ErrorReporter*, BuiltinDataAllocator*, void**)	32	static
library/inference/tflmtag2412_u55tag2411/tensorflow/lite/core/api/flatbuffer_conversions.cc:1288:14:TfLiteStatus tflite::ParseCeil(const Operator*, ErrorReporter*, BuiltinDataAllocator*, void**)	0	static
library/inference/tflmtag2412_u55tag2411/tensorflow/lite/core/api/flatbuffer_conversions.cc:1293:14:TfLiteStatus tflite::ParseConcatenation(const Operator*, ErrorReporter*, BuiltinDataAllocator*, void**)	16	static
library/inference/tflmtag2412_u55tag2411/tensorflow/lite/core/api/flatbuffer_conversions.cc:1322:14:TfLiteStatus tflite::ParseConv2D(const Operator*, ErrorReporter*, BuiltinDataAllocator*, void**)	32	static
library/inference/tflmtag2412_u55tag2411/tensorflow/lite/core/api/flatbuffer_conversions.cc:1359:14:TfLiteStatus tflite::ParseCumsum(const Operator*, ErrorReporter*, BuiltinDataAllocator*, void**)	16	static
library/inference/tflmtag2412_u55tag2411/tensorflow/lite/core/api/flatbuffer_conversions.cc:1377:14:TfLiteStatus tflite::ParseCos(const Operator*, ErrorReporter*, BuiltinDataAllocator*, void**)	0	static
library/inference/tflmtag2412_u55tag2411/tensorflow/lite/core/api/flatbuffer_conversions.cc:1382:14:TfLiteStatus tflite::ParseDepthToSpace(const Operator*, ErrorReporter*, BuiltinDataAllocator*, void**)	16	static
library/inference/tflmtag2412_u55tag2411/tensorflow/lite/core/api/flatbuffer_conversions.cc:1407:14:TfLiteStatus tflite::ParseDepthwiseConv2D(const Operator*, ErrorReporter*, BuiltinDataAllocator*, void**)	16	static
library/inference/tflmtag2412_u55tag2411/tensorflow/lite/core/api/flatbuffer_conversions.cc:1446:14:TfLiteStatus tflite::ParseDequantize(const Operator*, ErrorReporter*, BuiltinDataAllocator*, void**)	0	static
library/inference/tflmtag2412_u55tag2411/tensorflow/lite/core/api/flatbuffer_conversions.cc:1451:14:TfLiteStatus tflite::ParseDiv(const Operator*, ErrorReporter*, BuiltinDataAllocator*, void**)	16	static
library/inference/tflmtag2412_u55tag2411/tensorflow/lite/core/api/flatbuffer_conversions.cc:1469:14:TfLiteStatus tflite::ParseElu(const Operator*, ErrorReporter*, BuiltinDataAllocator*, void**)	0	static
library/inference/tflmtag2412_u55tag2411/tensorflow/lite/core/api/flatbuffer_conversions.cc:1477:14:TfLiteStatus tflite::ParseEmbeddingLookup(const Operator*, ErrorReporter*, BuiltinDataAllocator*, void**)	0	static
library/inference/tflmtag2412_u55tag2411/tensorflow/lite/core/api/flatbuffer_conversions.cc:1485:14:TfLiteStatus tflite::ParseEqual(const Operator*, ErrorReporter*, BuiltinDataAllocator*, void**)	0	static
library/inference/tflmtag2412_u55tag2411/tensorflow/lite/core/api/flatbuffer_conversions.cc:1493:14:TfLiteStatus tflite::ParseExp(const Operator*, ErrorReporter*, BuiltinDataAllocator*, void**)	0	static
library/inference/tflmtag2412_u55tag2411/tensorflow/lite/core/api/flatbuffer_conversions.cc:1501:14:TfLiteStatus tflite::ParseExpandDims(const Operator*, ErrorReporter*, BuiltinDataAllocator*, void**)	0	static
library/inference/tflmtag2412_u55tag2411/tensorflow/lite/core/api/flatbuffer_conversions.cc:1509:14:TfLiteStatus tflite::ParseFill(const Operator*, ErrorReporter*, BuiltinDataAllocator*, void**)	0	static
library/inference/tflmtag2412_u55tag2411/tensorflow/lite/core/api/flatbuffer_conversions.cc:1517:14:TfLiteStatus tflite::ParseFloor(const Operator*, ErrorReporter*, BuiltinDataAllocator*, void**)	0	static
library/inference/tflmtag2412_u55tag2411/tensorflow/lite/core/api/flatbuffer_conversions.cc:1525:14:TfLiteStatus tflite::ParseFloorDiv(const Operator*, ErrorReporter*, BuiltinDataAllocator*, void**)	0	static
library/inference/tflmtag2412_u55tag2411/tensorflow/lite/core/api/flatbuffer_conversions.cc:1533:14:TfLiteStatus tflite::ParseFloorMod(const Operator*, ErrorReporter*, BuiltinDataAllocator*, void**)	0	static
library/inference/tflmtag2412_u55tag2411/tensorflow/lite/core/api/flatbuffer_conversions.cc:1538:14:TfLiteStatus tflite::ParseFullyConnected(const Operator*, ErrorReporter*, BuiltinDataAllocator*, void**)	32	static
library/inference/tflmtag2412_u55tag2411/tensorflow/lite/core/api/flatbuffer_conversions.cc:1589:14:TfLiteStatus tflite::ParseGather(const Operator*, ErrorReporter*, BuiltinDataAllocator*, void**)	16	static
library/inference/tflmtag2412_u55tag2411/tensorflow/lite/core/api/flatbuffer_conversions.cc:1610:14:TfLiteStatus tflite::ParseGatherNd(const Operator*, ErrorReporter*, BuiltinDataAllocator*, void**)	0	static
library/inference/tflmtag2412_u55tag2411/tensorflow/lite/core/api/flatbuffer_conversions.cc:1618:14:TfLiteStatus tflite::ParseGreater(const Operator*, ErrorReporter*, BuiltinDataAllocator*, void**)	0	static
library/inference/tflmtag2412_u55tag2411/tensorflow/lite/core/api/flatbuffer_conversions.cc:1626:14:TfLiteStatus tflite::ParseGreaterEqual(const Operator*, ErrorReporter*, BuiltinDataAllocator*, void**)	0	static
library/inference/tflmtag2412_u55tag2411/tensorflow/lite/core/api/flatbuffer_conversions.cc:1634:14:TfLiteStatus tflite::ParseHardSwish(const Operator*, ErrorReporter*, BuiltinDataAllocator*, void**)	0	static
library/inference/tflmtag2412_u55tag2411/tensorflow/lite/core/api/flatbuffer_conversions.cc:1639:14:TfLiteStatus tflite::ParseIf(const Operator*, ErrorReporter*, BuiltinDataAllocator*, void**)	16	static
library/inference/tflmtag2412_u55tag2411/tensorflow/lite/core/api/flatbuffer_conversions.cc:1663:14:TfLiteStatus tflite::ParseL2Normalization(const Operator*, ErrorReporter*, BuiltinDataAllocator*, void**)	16	static
library/inference/tflmtag2412_u55tag2411/tensorflow/lite/core/api/flatbuffer_conversions.cc:1690:14:TfLiteStatus tflite::ParseLeakyRelu(const Operator*, ErrorReporter*, BuiltinDataAllocator*, void**)	16	static
library/inference/tflmtag2412_u55tag2411/tensorflow/lite/core/api/flatbuffer_conversions.cc:1709:14:TfLiteStatus tflite::ParseLess(const Operator*, ErrorReporter*, BuiltinDataAllocator*, void**)	0	static
library/inference/tflmtag2412_u55tag2411/tensorflow/lite/core/api/flatbuffer_conversions.cc:1717:14:TfLiteStatus tflite::ParseLessEqual(const Operator*, ErrorReporter*, BuiltinDataAllocator*, void**)	0	static
library/inference/tflmtag2412_u55tag2411/tensorflow/lite/core/api/flatbuffer_conversions.cc:1725:14:TfLiteStatus tflite::ParseLog(const Operator*, ErrorReporter*, BuiltinDataAllocator*, void**)	0	static
library/inference/tflmtag2412_u55tag2411/tensorflow/lite/core/api/flatbuffer_conversions.cc:1733:14:TfLiteStatus tflite::ParseLogicalAnd(const Operator*, ErrorReporter*, BuiltinDataAllocator*, void**)	0	static
library/inference/tflmtag2412_u55tag2411/tensorflow/lite/core/api/flatbuffer_conversions.cc:1741:14:TfLiteStatus tflite::ParseLogicalNot(const Operator*, ErrorReporter*, BuiltinDataAllocator*, void**)	0	static
library/inference/tflmtag2412_u55tag2411/tensorflow/lite/core/api/flatbuffer_conversions.cc:1749:14:TfLiteStatus tflite::ParseLogicalOr(const Operator*, ErrorReporter*, BuiltinDataAllocator*, void**)	0	static
library/inference/tflmtag2412_u55tag2411/tensorflow/lite/core/api/flatbuffer_conversions.cc:1757:14:TfLiteStatus tflite::ParseLogistic(const Operator*, ErrorReporter*, BuiltinDataAllocator*, void**)	0	static
library/inference/tflmtag2412_u55tag2411/tensorflow/lite/core/api/flatbuffer_conversions.cc:1765:14:TfLiteStatus tflite::ParseLogSoftmax(const Operator*, ErrorReporter*, BuiltinDataAllocator*, void**)	0	static
library/inference/tflmtag2412_u55tag2411/tensorflow/lite/core/api/flatbuffer_conversions.cc:1770:14:TfLiteStatus tflite::ParseLSTM(const Operator*, ErrorReporter*, BuiltinDataAllocator*, void**)	24	static
library/inference/tflmtag2412_u55tag2411/tensorflow/lite/core/api/flatbuffer_conversions.cc:1807:14:TfLiteStatus tflite::ParseMaximum(const Operator*, ErrorReporter*, BuiltinDataAllocator*, void**)	0	static
library/inference/tflmtag2412_u55tag2411/tensorflow/lite/core/api/flatbuffer_conversions.cc:1815:14:TfLiteStatus tflite::ParseMinimum(const Operator*, ErrorReporter*, BuiltinDataAllocator*, void**)	0	static
library/inference/tflmtag2412_u55tag2411/tensorflow/lite/core/api/flatbuffer_conversions.cc:1820:14:TfLiteStatus tflite::ParseMirrorPad(const Operator*, ErrorReporter*, BuiltinDataAllocator*, void**)	16	static
library/inference/tflmtag2412_u55tag2411/tensorflow/lite/core/api/flatbuffer_conversions.cc:1846:14:TfLiteStatus tflite::ParseMul(const Operator*, ErrorReporter*, BuiltinDataAllocator*, void**)	16	static
library/inference/tflmtag2412_u55tag2411/tensorflow/lite/core/api/flatbuffer_conversions.cc:1873:14:TfLiteStatus tflite::ParseNeg(const Operator*, ErrorReporter*, BuiltinDataAllocator*, void**)	0	static
library/inference/tflmtag2412_u55tag2411/tensorflow/lite/core/api/flatbuffer_conversions.cc:1881:14:TfLiteStatus tflite::ParseNotEqual(const Operator*, ErrorReporter*, BuiltinDataAllocator*, void**)	0	static
library/inference/tflmtag2412_u55tag2411/tensorflow/lite/core/api/flatbuffer_conversions.cc:1886:14:TfLiteStatus tflite::ParsePack(const Operator*, ErrorReporter*, BuiltinDataAllocator*, void**)	16	static
library/inference/tflmtag2412_u55tag2411/tensorflow/lite/core/api/flatbuffer_conversions.cc:1914:14:TfLiteStatus tflite::ParsePad(const Operator*, ErrorReporter*, BuiltinDataAllocator*, void**)	0	static
library/inference/tflmtag2412_u55tag2411/tensorflow/lite/core/api/flatbuffer_conversions.cc:1922:14:TfLiteStatus tflite::ParsePadV2(const Operator*, ErrorReporter*, BuiltinDataAllocator*, void**)	0	static
library/inference/tflmtag2412_u55tag2411/tensorflow/lite/core/api/flatbuffer_conversions.cc:1927:14:TfLiteStatus tflite::ParsePool(const Operator*, ErrorReporter*, BuiltinDataAllocator*, void**)	16	static
library/inference/tflmtag2412_u55tag2411/tensorflow/lite/core/api/flatbuffer_conversions.cc:1960:14:TfLiteStatus tflite::ParsePow(const Operator*, ErrorReporter*, BuiltinDataAllocator*, void**)	0	static
library/inference/tflmtag2412_u55tag2411/tensorflow/lite/core/api/flatbuffer_conversions.cc:1968:14:TfLiteStatus tflite::ParsePrelu(const Operator*, ErrorReporter*, BuiltinDataAllocator*, void**)	0	static
library/inference/tflmtag2412_u55tag2411/tensorflow/lite/core/api/flatbuffer_conversions.cc:1976:14:TfLiteStatus tflite::ParseQuantize(const Operator*, ErrorReporter*, BuiltinDataAllocator*, void**)	0	static
library/inference/tflmtag2412_u55tag2411/tensorflow/lite/core/api/flatbuffer_conversions.cc:1984:14:TfLiteStatus tflite::ParseReadVariable(const Operator*, ErrorReporter*, BuiltinDataAllocator*, void**)	0	static
library/inference/tflmtag2412_u55tag2411/tensorflow/lite/core/api/flatbuffer_conversions.cc:1989:14:TfLiteStatus tflite::ParseReducer(const Operator*, ErrorReporter*, BuiltinDataAllocator*, void**)	16	static
library/inference/tflmtag2412_u55tag2411/tensorflow/lite/core/api/flatbuffer_conversions.cc:2018:14:TfLiteStatus tflite::ParseRelu(const Operator*, ErrorReporter*, BuiltinDataAllocator*, void**)	0	static
library/inference/tflmtag2412_u55tag2411/tensorflow/lite/core/api/flatbuffer_conversions.cc:2026:14:TfLiteStatus tflite::ParseRelu6(const Operator*, ErrorReporter*, BuiltinDataAllocator*, void**)	0	static
library/inference/tflmtag2412_u55tag2411/tensorflow/lite/core/api/flatbuffer_conversions.cc:2031:14:TfLiteStatus tflite::ParseReshape(const Operator*, ErrorReporter*, BuiltinDataAllocator*, void**)	40	static
library/inference/tflmtag2412_u55tag2411/tensorflow/lite/core/api/flatbuffer_conversions.cc:2068:14:TfLiteStatus tflite::ParseResizeBilinear(const Operator*, ErrorReporter*, BuiltinDataAllocator*, void**)	16	static
library/inference/tflmtag2412_u55tag2411/tensorflow/lite/core/api/flatbuffer_conversions.cc:2095:14:TfLiteStatus tflite::ParseResizeNearestNeighbor(const Operator*, ErrorReporter*, BuiltinDataAllocator*, void**)	16	static
library/inference/tflmtag2412_u55tag2411/tensorflow/lite/core/api/flatbuffer_conversions.cc:2122:14:TfLiteStatus tflite::ParseStablehloReduceWindow(const Operator*, ErrorReporter*, BuiltinDataAllocator*, void**)	64	static
library/inference/tflmtag2412_u55tag2411/tensorflow/lite/core/api/flatbuffer_conversions.cc:2204:14:TfLiteStatus tflite::ParseStablehloScatter(const Operator*, ErrorReporter*, BuiltinDataAllocator*, void**)	48	static
library/inference/tflmtag2412_u55tag2411/tensorflow/lite/core/api/flatbuffer_conversions.cc:2263:14:TfLiteStatus tflite::ParseStablehloRngBitGenerator(const Operator*, ErrorReporter*, BuiltinDataAllocator*, void**)	16	static
library/inference/tflmtag2412_u55tag2411/tensorflow/lite/core/api/flatbuffer_conversions.cc:2289:14:TfLiteStatus tflite::ParseStablehloGather(const Operator*, ErrorReporter*, BuiltinDataAllocator*, void**)	48	static
library/inference/tflmtag2412_u55tag2411/tensorflow/lite/core/api/flatbuffer_conversions.cc:2345:14:TfLiteStatus tflite::ParseStablehloPad(const Operator*, ErrorReporter*, BuiltinDataAllocator*, void**)	48	static
library/inference/tflmtag2412_u55tag2411/tensorflow/lite/core/api/flatbuffer_conversions.cc:2398:14:TfLiteStatus tflite::ParseStablehloComposite(const Operator*, ErrorReporter*, BuiltinDataAllocator*, void**)	24	static
library/inference/tflmtag2412_u55tag2411/tensorflow/lite/core/api/flatbuffer_conversions.cc:2423:14:TfLiteStatus tflite::ParseStablehloShiftLeft(const Operator*, ErrorReporter*, BuiltinDataAllocator*, void**)	0	static
library/inference/tflmtag2412_u55tag2411/tensorflow/lite/core/api/flatbuffer_conversions.cc:2430:14:TfLiteStatus tflite::ParseStablehloCase(const Operator*, ErrorReporter*, BuiltinDataAllocator*, void**)	40	static
library/inference/tflmtag2412_u55tag2411/tensorflow/lite/core/api/flatbuffer_conversions.cc:2473:14:TfLiteStatus tflite::ParseRound(const Operator*, ErrorReporter*, BuiltinDataAllocator*, void**)	0	static
library/inference/tflmtag2412_u55tag2411/tensorflow/lite/core/api/flatbuffer_conversions.cc:2481:14:TfLiteStatus tflite::ParseRsqrt(const Operator*, ErrorReporter*, BuiltinDataAllocator*, void**)	0	static
library/inference/tflmtag2412_u55tag2411/tensorflow/lite/core/api/flatbuffer_conversions.cc:2489:14:TfLiteStatus tflite::ParseSelectV2(const Operator*, ErrorReporter*, BuiltinDataAllocator*, void**)	0	static
library/inference/tflmtag2412_u55tag2411/tensorflow/lite/core/api/flatbuffer_conversions.cc:2494:14:TfLiteStatus tflite::ParseShape(const Operator*, ErrorReporter*, BuiltinDataAllocator*, void**)	24	static
library/inference/tflmtag2412_u55tag2411/tensorflow/lite/core/api/flatbuffer_conversions.cc:2520:14:TfLiteStatus tflite::ParseSin(const Operator*, ErrorReporter*, BuiltinDataAllocator*, void**)	0	static
library/inference/tflmtag2412_u55tag2411/tensorflow/lite/core/api/flatbuffer_conversions.cc:2528:14:TfLiteStatus tflite::ParseSlice(const Operator*, ErrorReporter*, BuiltinDataAllocator*, void**)	0	static
library/inference/tflmtag2412_u55tag2411/tensorflow/lite/core/api/flatbuffer_conversions.cc:2533:14:TfLiteStatus tflite::ParseSoftmax(const Operator*, ErrorReporter*, BuiltinDataAllocator*, void**)	16	static
library/inference/tflmtag2412_u55tag2411/tensorflow/lite/core/api/flatbuffer_conversions.cc:2561:14:TfLiteStatus tflite::ParseSpaceToBatchNd(const Operator*, ErrorReporter*, BuiltinDataAllocator*, void**)	0	static
library/inference/tflmtag2412_u55tag2411/tensorflow/lite/core/api/flatbuffer_conversions.cc:2566:14:TfLiteStatus tflite::ParseSpaceToDepth(const Operator*, ErrorReporter*, BuiltinDataAllocator*, void**)	16	static
library/inference/tflmtag2412_u55tag2411/tensorflow/lite/core/api/flatbuffer_conversions.cc:2591:14:TfLiteStatus tflite::ParseSplit(const Operator*, ErrorReporter*, BuiltinDataAllocator*, void**)	16	static
library/inference/tflmtag2412_u55tag2411/tensorflow/lite/core/api/flatbuffer_conversions.cc:2615:14:TfLiteStatus tflite::ParseSplitV(const Operator*, ErrorReporter*, BuiltinDataAllocator*, void**)	16	static
library/inference/tflmtag2412_u55tag2411/tensorflow/lite/core/api/flatbuffer_conversions.cc:2639:14:TfLiteStatus tflite::ParseUnidirectionalSequenceLSTM(const Operator*, ErrorReporter*, BuiltinDataAllocator*, void**)	16	static
library/inference/tflmtag2412_u55tag2411/tensorflow/lite/core/api/flatbuffer_conversions.cc:2664:14:TfLiteStatus tflite::ParseSqueeze(const Operator*, ErrorReporter*, BuiltinDataAllocator*, void**)	40	static
library/inference/tflmtag2412_u55tag2411/tensorflow/lite/core/api/flatbuffer_conversions.cc:2700:14:TfLiteStatus tflite::ParseSqrt(const Operator*, ErrorReporter*, BuiltinDataAllocator*, void**)	0	static
library/inference/tflmtag2412_u55tag2411/tensorflow/lite/core/api/flatbuffer_conversions.cc:2708:14:TfLiteStatus tflite::ParseSquare(const Operator*, ErrorReporter*, BuiltinDataAllocator*, void**)	0	static
library/inference/tflmtag2412_u55tag2411/tensorflow/lite/core/api/flatbuffer_conversions.cc:2716:14:TfLiteStatus tflite::ParseSquaredDifference(const Operator*, ErrorReporter*, BuiltinDataAllocator*, void**)	0	static
library/inference/tflmtag2412_u55tag2411/tensorflow/lite/core/api/flatbuffer_conversions.cc:2721:14:TfLiteStatus tflite::ParseStridedSlice(const Operator*, ErrorReporter*, BuiltinDataAllocator*, void**)	16	static
library/inference/tflmtag2412_u55tag2411/tensorflow/lite/core/api/flatbuffer_conversions.cc:2753:14:TfLiteStatus tflite::ParseSub(const Operator*, ErrorReporter*, BuiltinDataAllocator*, void**)	16	static
library/inference/tflmtag2412_u55tag2411/tensorflow/lite/core/api/flatbuffer_conversions.cc:2778:14:TfLiteStatus tflite::ParseSvdf(const Operator*, ErrorReporter*, BuiltinDataAllocator*, void**)	16	static
library/inference/tflmtag2412_u55tag2411/tensorflow/lite/core/api/flatbuffer_conversions.cc:2808:14:TfLiteStatus tflite::ParseTanh(const Operator*, ErrorReporter*, BuiltinDataAllocator*, void**)	0	static
library/inference/tflmtag2412_u55tag2411/tensorflow/lite/core/api/flatbuffer_conversions.cc:2816:14:TfLiteStatus tflite::ParseTranspose(const Operator*, ErrorReporter*, BuiltinDataAllocator*, void**)	0	static
library/inference/tflmtag2412_u55tag2411/tensorflow/lite/core/api/flatbuffer_conversions.cc:2821:14:TfLiteStatus tflite::ParseTransposeConv(const Operator*, ErrorReporter*, BuiltinDataAllocator*, void**)	32	static
library/inference/tflmtag2412_u55tag2411/tensorflow/lite/core/api/flatbuffer_conversions.cc:2853:14:TfLiteStatus tflite::ParseUnpack(const Operator*, ErrorReporter*, BuiltinDataAllocator*, void**)	16	static
library/inference/tflmtag2412_u55tag2411/tensorflow/lite/core/api/flatbuffer_conversions.cc:2878:14:TfLiteStatus tflite::ParseVarHandle(const Operator*, ErrorReporter*, BuiltinDataAllocator*, void**)	16	static
library/inference/tflmtag2412_u55tag2411/tensorflow/lite/core/api/flatbuffer_conversions.cc:2909:14:TfLiteStatus tflite::ParseWhile(const Operator*, ErrorReporter*, BuiltinDataAllocator*, void**)	16	static
library/inference/tflmtag2412_u55tag2411/tensorflow/lite/core/api/flatbuffer_conversions.cc:2937:14:TfLiteStatus tflite::ParseZerosLike(const Operator*, ErrorReporter*, BuiltinDataAllocator*, void**)	0	static
library/inference/tflmtag2412_u55tag2411/tensorflow/lite/core/api/flatbuffer_conversions.cc:2945:14:TfLiteStatus tflite::ParseBitwiseXor(const Operator*, ErrorReporter*, BuiltinDataAllocator*, void**)	0	static
library/inference/tflmtag2412_u55tag2411/tensorflow/lite/core/api/flatbuffer_conversions.cc:2953:14:TfLiteStatus tflite::ParseRightShift(const Operator*, ErrorReporter*, BuiltinDataAllocator*, void**)	0	static
library/inference/tflmtag2412_u55tag2411/tensorflow/lite/core/api/flatbuffer_conversions.cc:2958:14:TfLiteStatus tflite::ParseOpData(const Operator*, BuiltinOperator, ErrorReporter*, BuiltinDataAllocator*, void**)	8	static
