../source/model/model.cpp:55:10:uint8_t* GetTensorData(TfLiteTensor*, tensor_dims_t*, tensor_type_t*)	8	static
../source/model/model.cpp:17:10:status_t MODEL_Init()	40	static
../source/model/model.cpp:44:10:status_t MODEL_RunInference()	8	static
../source/model/model.cpp:55:10:uint8_t* GetTensorData(TfLiteTensor*, tensor_dims_t*, tensor_type_t*)	8	static
../source/model/model.cpp:82:10:uint8_t* MODEL_GetInputTensorData(tensor_dims_t*, tensor_type_t*)	16	static
../source/model/model.cpp:89:10:uint8_t* MODEL_GetOutputTensorData(tensor_dims_t*, tensor_type_t*)	16	static
../source/model/model.cpp:96:6:void MODEL_ConvertInput(uint8_t*, tensor_dims_t*, tensor_type_t)	4	static
../source/model/model.cpp:122:8:size_t MODEL_GetArenaUsedBytes(size_t*)	0	static
../source/model/model.cpp:129:15:TfLiteTensor* MODEL_GetOutputTensor(uint32_t)	0	static
