./library/inference/tflmtag2412_u55tag2411/tensorflow/lite/micro/micro_profiler.h:31:11:virtual tflite::MicroProfiler::~MicroProfiler()	0	static
./library/inference/tflmtag2412_u55tag2411/tensorflow/lite/kernels/op_macros.h:24:13:void AbortImpl()	8	static
library/inference/tflmtag2412_u55tag2411/tensorflow/lite/micro/micro_profiler.cc:27:10:virtual uint32_t tflite::MicroProfiler::BeginEvent(const char*)	16	static
library/inference/tflmtag2412_u55tag2411/tensorflow/lite/micro/micro_profiler.cc:42:6:virtual void tflite::MicroProfiler::EndEvent(uint32_t)	16	static
library/inference/tflmtag2412_u55tag2411/tensorflow/lite/micro/micro_profiler.cc:47:10:uint32_t tflite::MicroProfiler::GetTotalTicks() const	4	static
library/inference/tflmtag2412_u55tag2411/tensorflow/lite/micro/micro_profiler.cc:55:6:void tflite::MicroProfiler::Log() const	48	static
library/inference/tflmtag2412_u55tag2411/tensorflow/lite/micro/micro_profiler.cc:64:6:void tflite::MicroProfiler::LogCsv() const	24	static
library/inference/tflmtag2412_u55tag2411/tensorflow/lite/micro/micro_profiler.cc:79:6:void tflite::MicroProfiler::LogTicksPerTagCsv()	56	static
library/inference/tflmtag2412_u55tag2411/tensorflow/lite/micro/micro_profiler.cc:112:5:int tflite::MicroProfiler::FindExistingOrNextPosition(const char*)	24	static
library/inference/tflmtag2412_u55tag2411/tensorflow/lite/micro/micro_profiler.cc:124:6:void tflite::MicroProfiler::ClearEvents()	4	static
