library/inference/tflmtag2412_u55tag2411/third_party/ethos_u_core_driver/src/ethosu_pmu.c:85:6:ETHOSU_PMU_Enable	8	static
library/inference/tflmtag2412_u55tag2411/third_party/ethos_u_core_driver/src/ethosu_pmu.c:94:6:ETHOSU_PMU_Disable	0	static
library/inference/tflmtag2412_u55tag2411/third_party/ethos_u_core_driver/src/ethosu_pmu.c:101:10:ETHOSU_PMU_Get_NumEventCounters	0	static
library/inference/tflmtag2412_u55tag2411/third_party/ethos_u_core_driver/src/ethosu_pmu.c:106:6:ETHOSU_PMU_Set_EVTYPER	16	static
library/inference/tflmtag2412_u55tag2411/third_party/ethos_u_core_driver/src/ethosu_pmu.c:120:28:ETHOSU_PMU_Get_EVTYPER	16	static
library/inference/tflmtag2412_u55tag2411/third_party/ethos_u_core_driver/src/ethosu_pmu.c:129:6:ETHOSU_PMU_CYCCNT_Reset	0	static
library/inference/tflmtag2412_u55tag2411/third_party/ethos_u_core_driver/src/ethosu_pmu.c:138:6:ETHOSU_PMU_EVCNTR_ALL_Reset	0	static
library/inference/tflmtag2412_u55tag2411/third_party/ethos_u_core_driver/src/ethosu_pmu.c:147:6:ETHOSU_PMU_CNTR_Enable	0	static
library/inference/tflmtag2412_u55tag2411/third_party/ethos_u_core_driver/src/ethosu_pmu.c:153:6:ETHOSU_PMU_CNTR_Disable	0	static
library/inference/tflmtag2412_u55tag2411/third_party/ethos_u_core_driver/src/ethosu_pmu.c:159:10:ETHOSU_PMU_CNTR_Status	0	static
library/inference/tflmtag2412_u55tag2411/third_party/ethos_u_core_driver/src/ethosu_pmu.c:166:10:ETHOSU_PMU_Get_CCNTR	0	static
library/inference/tflmtag2412_u55tag2411/third_party/ethos_u_core_driver/src/ethosu_pmu.c:176:6:ETHOSU_PMU_Set_CCNTR	0	static
library/inference/tflmtag2412_u55tag2411/third_party/ethos_u_core_driver/src/ethosu_pmu.c:196:10:ETHOSU_PMU_Get_EVCNTR	8	static
library/inference/tflmtag2412_u55tag2411/third_party/ethos_u_core_driver/src/ethosu_pmu.c:205:6:ETHOSU_PMU_Set_EVCNTR	8	static
library/inference/tflmtag2412_u55tag2411/third_party/ethos_u_core_driver/src/ethosu_pmu.c:212:10:ETHOSU_PMU_Get_CNTR_OVS	0	static
library/inference/tflmtag2412_u55tag2411/third_party/ethos_u_core_driver/src/ethosu_pmu.c:218:6:ETHOSU_PMU_Set_CNTR_OVS	0	static
library/inference/tflmtag2412_u55tag2411/third_party/ethos_u_core_driver/src/ethosu_pmu.c:224:6:ETHOSU_PMU_Set_CNTR_IRQ_Enable	0	static
library/inference/tflmtag2412_u55tag2411/third_party/ethos_u_core_driver/src/ethosu_pmu.c:230:6:ETHOSU_PMU_Set_CNTR_IRQ_Disable	0	static
library/inference/tflmtag2412_u55tag2411/third_party/ethos_u_core_driver/src/ethosu_pmu.c:236:10:ETHOSU_PMU_Get_IRQ_Enable	0	static
library/inference/tflmtag2412_u55tag2411/third_party/ethos_u_core_driver/src/ethosu_pmu.c:243:6:ETHOSU_PMU_CNTR_Increment	12	static
library/inference/tflmtag2412_u55tag2411/third_party/ethos_u_core_driver/src/ethosu_pmu.c:272:6:ETHOSU_PMU_PMCCNTR_CFG_Set_Start_Event	16	static
library/inference/tflmtag2412_u55tag2411/third_party/ethos_u_core_driver/src/ethosu_pmu.c:288:6:ETHOSU_PMU_PMCCNTR_CFG_Set_Stop_Event	16	static
library/inference/tflmtag2412_u55tag2411/third_party/ethos_u_core_driver/src/ethosu_pmu.c:304:10:ETHOSU_PMU_Get_QREAD	0	static
library/inference/tflmtag2412_u55tag2411/third_party/ethos_u_core_driver/src/ethosu_pmu.c:311:10:ETHOSU_PMU_Get_STATUS	0	static
