library/inference/tflmtag2412_u55tag2411/third_party/ethos_u_core_driver/src/ethosu_driver.c:133:28:ethosu_flush_dcache	0	static
library/inference/tflmtag2412_u55tag2411/third_party/ethos_u_core_driver/src/ethosu_driver.c:144:28:ethosu_invalidate_dcache	0	static
library/inference/tflmtag2412_u55tag2411/third_party/ethos_u_core_driver/src/ethosu_driver.c:167:29:ethosu_mutex_create	0	static
library/inference/tflmtag2412_u55tag2411/third_party/ethos_u_core_driver/src/ethosu_driver.c:173:28:ethosu_mutex_destroy	0	static
library/inference/tflmtag2412_u55tag2411/third_party/ethos_u_core_driver/src/ethosu_driver.c:178:27:ethosu_mutex_lock	0	static
library/inference/tflmtag2412_u55tag2411/third_party/ethos_u_core_driver/src/ethosu_driver.c:184:27:ethosu_mutex_unlock	0	static
library/inference/tflmtag2412_u55tag2411/third_party/ethos_u_core_driver/src/ethosu_driver.c:191:29:ethosu_semaphore_create	8	static
library/inference/tflmtag2412_u55tag2411/third_party/ethos_u_core_driver/src/ethosu_driver.c:201:28:ethosu_semaphore_destroy	0	static
library/inference/tflmtag2412_u55tag2411/third_party/ethos_u_core_driver/src/ethosu_driver.c:207:27:ethosu_semaphore_take	0	static
library/inference/tflmtag2412_u55tag2411/third_party/ethos_u_core_driver/src/ethosu_driver.c:228:27:ethosu_semaphore_give	0	static
library/inference/tflmtag2412_u55tag2411/third_party/ethos_u_core_driver/src/ethosu_driver.c:240:28:ethosu_inference_begin	0	static
library/inference/tflmtag2412_u55tag2411/third_party/ethos_u_core_driver/src/ethosu_driver.c:246:28:ethosu_inference_end	0	static
library/inference/tflmtag2412_u55tag2411/third_party/ethos_u_core_driver/src/ethosu_driver.c:385:28:ethosu_irq_handler	8	static
library/inference/tflmtag2412_u55tag2411/third_party/ethos_u_core_driver/src/ethosu_driver.c:403:6:ethosu_set_basep_cache_mask	0	static
library/inference/tflmtag2412_u55tag2411/third_party/ethos_u_core_driver/src/ethosu_driver.c:409:5:ethosu_init	32	static
library/inference/tflmtag2412_u55tag2411/third_party/ethos_u_core_driver/src/ethosu_driver.c:472:6:ethosu_deinit	24	static
library/inference/tflmtag2412_u55tag2411/third_party/ethos_u_core_driver/src/ethosu_driver.c:478:5:ethosu_soft_reset	16	static
library/inference/tflmtag2412_u55tag2411/third_party/ethos_u_core_driver/src/ethosu_driver.c:495:5:ethosu_request_power	8	static
library/inference/tflmtag2412_u55tag2411/third_party/ethos_u_core_driver/src/ethosu_driver.c:512:6:ethosu_release_power	0	static
library/inference/tflmtag2412_u55tag2411/third_party/ethos_u_core_driver/src/ethosu_driver.c:528:6:ethosu_get_driver_version	8	static
library/inference/tflmtag2412_u55tag2411/third_party/ethos_u_core_driver/src/ethosu_driver.c:536:6:ethosu_get_hw_info	8	static
library/inference/tflmtag2412_u55tag2411/third_party/ethos_u_core_driver/src/ethosu_driver.c:542:5:ethosu_wait	16	static
library/inference/tflmtag2412_u55tag2411/third_party/ethos_u_core_driver/src/ethosu_driver.c:636:5:ethosu_invoke_async	48	static
library/inference/tflmtag2412_u55tag2411/third_party/ethos_u_core_driver/src/ethosu_driver.c:741:5:ethosu_invoke_v3	24	static
library/inference/tflmtag2412_u55tag2411/third_party/ethos_u_core_driver/src/ethosu_driver.c:758:23:ethosu_reserve_driver	16	static
library/inference/tflmtag2412_u55tag2411/third_party/ethos_u_core_driver/src/ethosu_driver.c:788:6:ethosu_release_driver	16	static
