../eiq/tensorflow-lite/tensorflow/lite/micro/kernels/neutron/neutron.cpp:116:14:TfLiteStatus tflite::{anonymous}::Eval(TfLiteContext*, TfLiteNode*)	48	static
../eiq/tensorflow-lite/tensorflow/lite/micro/kernels/neutron/neutron.cpp:67:14:TfLiteStatus tflite::{anonymous}::Prepare(TfLiteContext*, TfLiteNode*)	32	static
../eiq/tensorflow-lite/tensorflow/lite/micro/kernels/neutron/neutron.cpp:53:7:void* tflite::{anonymous}::Init(TfLiteContext*, const char*, size_t)	8	static
../eiq/tensorflow-lite/tensorflow/lite/micro/kernels/neutron/neutron.cpp:183:6:void tflite::{anonymous}::Free(TfLiteContext*, void*)	8	static
../eiq/tensorflow-lite/tensorflow/lite/micro/kernels/neutron/neutron.cpp:205:19:TFLMRegistration* tflite::Register_NEUTRON_GRAPH()	24	static
../eiq/tensorflow-lite/tensorflow/lite/micro/kernels/neutron/neutron.cpp:211:13:const char* tflite::GetString_NEUTRON_GRAPH()	0	static
