./library/inference/tflmtag2412_u55tag2411/tensorflow/lite/kernels/op_macros.h:24:13:void AbortImpl()	8	static
library/inference/tflmtag2412_u55tag2411/tensorflow/lite/micro/kernels/cmsis_nn/fully_connected.cc:49:7:void* tflite::{anonymous}::Init(TfLiteContext*, const char*, size_t)	8	static
library/inference/tflmtag2412_u55tag2411/tensorflow/lite/micro/kernels/cmsis_nn/fully_connected.cc:372:14:TfLiteStatus tflite::{anonymous}::EvalQuantizedInt16(TfLiteContext*, TfLiteNode*, const OpData&, const TfLiteEvalTensor*, const TfLiteEvalTensor*, const TfLiteEvalTensor*, TfLiteEvalTensor*)	176	static
library/inference/tflmtag2412_u55tag2411/tensorflow/lite/micro/kernels/cmsis_nn/fully_connected.cc:523:14:TfLiteStatus tflite::{anonymous}::EvalInt16(TfLiteContext*, TfLiteNode*)	32	static
library/inference/tflmtag2412_u55tag2411/tensorflow/lite/micro/kernels/cmsis_nn/fully_connected.cc:267:14:TfLiteStatus tflite::{anonymous}::EvalQuantizedInt8(TfLiteContext*, TfLiteNode*, const OpData&, const TfLiteEvalTensor*, const TfLiteEvalTensor*, const TfLiteEvalTensor*, TfLiteEvalTensor*)	280	static
library/inference/tflmtag2412_u55tag2411/tensorflow/lite/micro/kernels/cmsis_nn/fully_connected.cc:500:14:TfLiteStatus tflite::{anonymous}::EvalInt8(TfLiteContext*, TfLiteNode*)	32	static
library/inference/tflmtag2412_u55tag2411/tensorflow/lite/micro/kernels/cmsis_nn/fully_connected.cc:227:14:TfLiteStatus tflite::{anonymous}::EvalQuantizedInt4(TfLiteContext*, TfLiteNode*, const OpData&, const TfLiteEvalTensor*, const TfLiteEvalTensor*, const TfLiteEvalTensor*, TfLiteEvalTensor*)	200	static
library/inference/tflmtag2412_u55tag2411/tensorflow/lite/micro/kernels/cmsis_nn/fully_connected.cc:471:14:TfLiteStatus tflite::{anonymous}::EvalInt4(TfLiteContext*, TfLiteNode*)	32	static
library/inference/tflmtag2412_u55tag2411/tensorflow/lite/micro/kernels/cmsis_nn/fully_connected.cc:410:14:TfLiteStatus tflite::{anonymous}::Eval(TfLiteContext*, TfLiteNode*)	224	static
library/inference/tflmtag2412_u55tag2411/tensorflow/lite/micro/kernels/cmsis_nn/fully_connected.cc:54:14:TfLiteStatus tflite::{anonymous}::Prepare(TfLiteContext*, TfLiteNode*)	152	static
library/inference/tflmtag2412_u55tag2411/tensorflow/lite/micro/kernels/cmsis_nn/fully_connected.cc:548:18:TFLMRegistration tflite::Register_FULLY_CONNECTED()	16	static
library/inference/tflmtag2412_u55tag2411/tensorflow/lite/micro/kernels/cmsis_nn/fully_connected.cc:552:18:TFLMRegistration tflite::Register_FULLY_CONNECTED_INT4()	16	static
library/inference/tflmtag2412_u55tag2411/tensorflow/lite/micro/kernels/cmsis_nn/fully_connected.cc:556:18:TFLMRegistration tflite::Register_FULLY_CONNECTED_INT8()	16	static
library/inference/tflmtag2412_u55tag2411/tensorflow/lite/micro/kernels/cmsis_nn/fully_connected.cc:560:18:TFLMRegistration tflite::Register_FULLY_CONNECTED_INT16()	16	static
library/inference/tflmtag2412_u55tag2411/tensorflow/lite/micro/kernels/cmsis_nn/fully_connected.cc:564:27:TFLMInferenceRegistration tflite::RegisterInference_FULLY_CONNECTED()	8	static
