library/inference/tflmtag2209_u55tag2205/tensorflow/lite/micro/kernels/maximum_minimum.cc:56:20:static data_type tflite::ops::micro::maximum_minimum::{anonymous}::MaximumOp::op(data_type, data_type) [with data_type = float]	0	static
library/inference/tflmtag2209_u55tag2205/tensorflow/lite/micro/kernels/maximum_minimum.cc:56:20:static data_type tflite::ops::micro::maximum_minimum::{anonymous}::MaximumOp::op(data_type, data_type) [with data_type = signed char]	0	static
library/inference/tflmtag2209_u55tag2205/tensorflow/lite/micro/kernels/maximum_minimum.cc:56:20:static data_type tflite::ops::micro::maximum_minimum::{anonymous}::MaximumOp::op(data_type, data_type) [with data_type = long int]	0	static
library/inference/tflmtag2209_u55tag2205/tensorflow/lite/micro/kernels/maximum_minimum.cc:56:20:static data_type tflite::ops::micro::maximum_minimum::{anonymous}::MaximumOp::op(data_type, data_type) [with data_type = long long int]	0	static
library/inference/tflmtag2209_u55tag2205/tensorflow/lite/micro/kernels/maximum_minimum.cc:63:20:static data_type tflite::ops::micro::maximum_minimum::{anonymous}::MinimumOp::op(data_type, data_type) [with data_type = float]	0	static
library/inference/tflmtag2209_u55tag2205/tensorflow/lite/micro/kernels/maximum_minimum.cc:63:20:static data_type tflite::ops::micro::maximum_minimum::{anonymous}::MinimumOp::op(data_type, data_type) [with data_type = signed char]	0	static
library/inference/tflmtag2209_u55tag2205/tensorflow/lite/micro/kernels/maximum_minimum.cc:63:20:static data_type tflite::ops::micro::maximum_minimum::{anonymous}::MinimumOp::op(data_type, data_type) [with data_type = long int]	0	static
library/inference/tflmtag2209_u55tag2205/tensorflow/lite/micro/kernels/maximum_minimum.cc:63:20:static data_type tflite::ops::micro::maximum_minimum::{anonymous}::MinimumOp::op(data_type, data_type) [with data_type = long long int]	0	static
./library/inference/tflmtag2209_u55tag2205/tensorflow/lite/kernels/op_macros.h:24:13:void AbortImpl()	8	static
library/inference/tflmtag2209_u55tag2205/tensorflow/lite/micro/kernels/maximum_minimum.cc:116:20:TfLiteRegistration tflite::ops::micro::Register_MAXIMUM()	16	static
library/inference/tflmtag2209_u55tag2205/tensorflow/lite/micro/kernels/maximum_minimum.cc:123:20:TfLiteRegistration tflite::ops::micro::Register_MINIMUM()	16	static
./library/inference/tflmtag2209_u55tag2205/tensorflow/lite/kernels/internal/common.h:961:13:void tflite::NdArrayDescsForElementwiseBroadcast(const RuntimeShape&, const RuntimeShape&, NdArrayDesc<N>*, NdArrayDesc<N>*) [with int N = 5]	72	static
./library/inference/tflmtag2209_u55tag2205/tensorflow/lite/kernels/internal/reference/maximum_minimum.h:25:6:void tflite::reference_ops::MaximumMinimumBroadcastSlow(const tflite::RuntimeShape&, const T*, const tflite::RuntimeShape&, const T*, const tflite::RuntimeShape&, T*, Op) [with T = float; Op = float (*)(float, float); int N = 5]	224	static
./library/inference/tflmtag2209_u55tag2205/tensorflow/lite/kernels/internal/reference/maximum_minimum.h:25:6:void tflite::reference_ops::MaximumMinimumBroadcastSlow(const tflite::RuntimeShape&, const T*, const tflite::RuntimeShape&, const T*, const tflite::RuntimeShape&, T*, Op) [with T = signed char; Op = signed char (*)(signed char, signed char); int N = 5]	224	static
./library/inference/tflmtag2209_u55tag2205/tensorflow/lite/kernels/internal/reference/maximum_minimum.h:25:6:void tflite::reference_ops::MaximumMinimumBroadcastSlow(const tflite::RuntimeShape&, const T*, const tflite::RuntimeShape&, const T*, const tflite::RuntimeShape&, T*, Op) [with T = long int; Op = long int (*)(long int, long int); int N = 5]	224	static
./library/inference/tflmtag2209_u55tag2205/tensorflow/lite/kernels/internal/reference/maximum_minimum.h:25:6:void tflite::reference_ops::MaximumMinimumBroadcastSlow(const tflite::RuntimeShape&, const T*, const tflite::RuntimeShape&, const T*, const tflite::RuntimeShape&, T*, Op) [with T = long long int; Op = long long int (*)(long long int, long long int); int N = 5]	232	static
library/inference/tflmtag2209_u55tag2205/tensorflow/lite/micro/kernels/maximum_minimum.cc:84:14:TfLiteStatus tflite::ops::micro::maximum_minimum::Eval(TfLiteContext*, TfLiteNode*) [with {anonymous}::KernelType kernel_type = tflite::ops::micro::maximum_minimum::<unnamed>::kReference; OpType = {anonymous}::MinimumOp]	256	static
library/inference/tflmtag2209_u55tag2205/tensorflow/lite/micro/kernels/maximum_minimum.cc:84:14:TfLiteStatus tflite::ops::micro::maximum_minimum::Eval(TfLiteContext*, TfLiteNode*) [with {anonymous}::KernelType kernel_type = tflite::ops::micro::maximum_minimum::<unnamed>::kReference; OpType = {anonymous}::MaximumOp]	256	static
