library/inference/tflmtag2209_u55tag2205/tensorflow/lite/micro/kernels/transpose.cc:49:14:TfLiteStatus tflite::{anonymous}::Prepare(TfLiteContext*, TfLiteNode*)	48	static
./library/inference/tflmtag2209_u55tag2205/tensorflow/lite/kernels/op_macros.h:24:13:void AbortImpl()	8	static
library/inference/tflmtag2209_u55tag2205/tensorflow/lite/micro/kernels/transpose.cc:119:20:TfLiteRegistration tflite::Register_TRANSPOSE()	16	static
./library/inference/tflmtag2209_u55tag2205/tensorflow/lite/kernels/internal/reference/transpose.h:26:6:void tflite::reference_ops::TransposeImpl(const tflite::TransposeParams&, const tflite::RuntimeShape&, const T*, const tflite::RuntimeShape&, T*) [with T = signed char; int N = 5]	312	static
./library/inference/tflmtag2209_u55tag2205/tensorflow/lite/kernels/internal/reference/transpose.h:26:6:void tflite::reference_ops::TransposeImpl(const tflite::TransposeParams&, const tflite::RuntimeShape&, const T*, const tflite::RuntimeShape&, T*) [with T = long int; int N = 5]	312	static
library/inference/tflmtag2209_u55tag2205/tensorflow/lite/micro/kernels/transpose.cc:75:14:TfLiteStatus tflite::{anonymous}::Eval(TfLiteContext*, TfLiteNode*)	144	static
