Archive member included to satisfy reference by file (symbol)

/Users/yushanhuang/MaximSDK/Libraries/PeriphDrivers/bin/MAX78000/softfp_riscv/libPeriphDriver_softfp.a(mxc_delay.o)
                              /Users/yushanhuang/Documents/YUSHAN_JOSH/ai8x-synthesis/model/v_nas_riscv/buildrv/tft_ssd2119.o (MXC_Delay)
/Users/yushanhuang/MaximSDK/Libraries/PeriphDrivers/bin/MAX78000/softfp_riscv/libPeriphDriver_softfp.a(pins_ai85.o)
                              /Users/yushanhuang/Documents/YUSHAN_JOSH/ai8x-synthesis/model/v_nas_riscv/buildrv/camera.o (gpio_cfg_pcif_xclk)
/Users/yushanhuang/MaximSDK/Libraries/PeriphDrivers/bin/MAX78000/softfp_riscv/libPeriphDriver_softfp.a(sys_ai85.o)
                              /Users/yushanhuang/Documents/YUSHAN_JOSH/ai8x-synthesis/model/v_nas_riscv/buildrv/cnn.o (MXC_SYS_ClockDisable)
/Users/yushanhuang/MaximSDK/Libraries/PeriphDrivers/bin/MAX78000/softfp_riscv/libPeriphDriver_softfp.a(aes_me17.o)
                              /Users/yushanhuang/MaximSDK/Libraries/PeriphDrivers/bin/MAX78000/softfp_riscv/libPeriphDriver_softfp.a(sys_ai85.o) (MXC_AES_Init)
/Users/yushanhuang/MaximSDK/Libraries/PeriphDrivers/bin/MAX78000/softfp_riscv/libPeriphDriver_softfp.a(aes_revb.o)
                              /Users/yushanhuang/MaximSDK/Libraries/PeriphDrivers/bin/MAX78000/softfp_riscv/libPeriphDriver_softfp.a(aes_me17.o) (MXC_AES_RevB_IsBusy)
/Users/yushanhuang/MaximSDK/Libraries/PeriphDrivers/bin/MAX78000/softfp_riscv/libPeriphDriver_softfp.a(cameraif_ai85.o)
                              /Users/yushanhuang/Documents/YUSHAN_JOSH/ai8x-synthesis/model/v_nas_riscv/buildrv/camera.o (MXC_PCIF_Init)
/Users/yushanhuang/MaximSDK/Libraries/PeriphDrivers/bin/MAX78000/softfp_riscv/libPeriphDriver_softfp.a(cameraif_reva.o)
                              /Users/yushanhuang/MaximSDK/Libraries/PeriphDrivers/bin/MAX78000/softfp_riscv/libPeriphDriver_softfp.a(cameraif_ai85.o) (MXC_PCIF_RevA_SetDatawidth)
/Users/yushanhuang/MaximSDK/Libraries/PeriphDrivers/bin/MAX78000/softfp_riscv/libPeriphDriver_softfp.a(dma_me17.o)
                              /Users/yushanhuang/MaximSDK/Libraries/PeriphDrivers/bin/MAX78000/softfp_riscv/libPeriphDriver_softfp.a(aes_revb.o) (MXC_DMA_Init)
/Users/yushanhuang/MaximSDK/Libraries/PeriphDrivers/bin/MAX78000/softfp_riscv/libPeriphDriver_softfp.a(dma_reva.o)
                              /Users/yushanhuang/MaximSDK/Libraries/PeriphDrivers/bin/MAX78000/softfp_riscv/libPeriphDriver_softfp.a(dma_me17.o) (MXC_DMA_RevA_Init)
/Users/yushanhuang/MaximSDK/Libraries/PeriphDrivers/bin/MAX78000/softfp_riscv/libPeriphDriver_softfp.a(flc_me17.o)
                              /Users/yushanhuang/MaximSDK/Libraries/PeriphDrivers/bin/MAX78000/softfp_riscv/libPeriphDriver_softfp.a(sys_ai85.o) (MXC_FLC_UnlockInfoBlock)
/Users/yushanhuang/MaximSDK/Libraries/PeriphDrivers/bin/MAX78000/softfp_riscv/libPeriphDriver_softfp.a(flc_reva.o)
                              /Users/yushanhuang/MaximSDK/Libraries/PeriphDrivers/bin/MAX78000/softfp_riscv/libPeriphDriver_softfp.a(flc_me17.o) (MXC_FLC_RevA_Busy)
/Users/yushanhuang/MaximSDK/Libraries/PeriphDrivers/bin/MAX78000/softfp_riscv/libPeriphDriver_softfp.a(gpio_ai85.o)
                              /Users/yushanhuang/Documents/YUSHAN_JOSH/ai8x-synthesis/model/v_nas_riscv/buildrv/pb.o (MXC_GPIO_InGet)
/Users/yushanhuang/MaximSDK/Libraries/PeriphDrivers/bin/MAX78000/softfp_riscv/libPeriphDriver_softfp.a(gpio_reva.o)
                              /Users/yushanhuang/MaximSDK/Libraries/PeriphDrivers/bin/MAX78000/softfp_riscv/libPeriphDriver_softfp.a(gpio_ai85.o) (MXC_GPIO_RevA_InGet)
/Users/yushanhuang/MaximSDK/Libraries/PeriphDrivers/bin/MAX78000/softfp_riscv/libPeriphDriver_softfp.a(icc_me17.o)
                              /Users/yushanhuang/Documents/YUSHAN_JOSH/ai8x-synthesis/model/v_nas_riscv/buildrv/main_riscv.o (MXC_ICC_Enable)
/Users/yushanhuang/MaximSDK/Libraries/PeriphDrivers/bin/MAX78000/softfp_riscv/libPeriphDriver_softfp.a(icc_reva.o)
                              /Users/yushanhuang/MaximSDK/Libraries/PeriphDrivers/bin/MAX78000/softfp_riscv/libPeriphDriver_softfp.a(icc_me17.o) (MXC_ICC_RevA_ID)
/Users/yushanhuang/MaximSDK/Libraries/PeriphDrivers/bin/MAX78000/softfp_riscv/libPeriphDriver_softfp.a(pt_ai85.o)
                              /Users/yushanhuang/Documents/YUSHAN_JOSH/ai8x-synthesis/model/v_nas_riscv/buildrv/camera.o (MXC_PT_Init)
/Users/yushanhuang/MaximSDK/Libraries/PeriphDrivers/bin/MAX78000/softfp_riscv/libPeriphDriver_softfp.a(pt_reva.o)
                              /Users/yushanhuang/MaximSDK/Libraries/PeriphDrivers/bin/MAX78000/softfp_riscv/libPeriphDriver_softfp.a(pt_ai85.o) (MXC_PT_RevA_Init)
/Users/yushanhuang/MaximSDK/Libraries/PeriphDrivers/bin/MAX78000/softfp_riscv/libPeriphDriver_softfp.a(spi_me17.o)
                              /Users/yushanhuang/Documents/YUSHAN_JOSH/ai8x-synthesis/model/v_nas_riscv/buildrv/tft_ssd2119.o (MXC_SPI_Init)
[...]
Memory Configuration

Name             Origin             Length             Attributes
ROM              0x0000000000000000 0x0000000000010000 xr
FLASH            0x000000001000a100 0x0000000000075f00 xr
SRAM0            0x0000000020000000 0x0000000000008000 xrw
SRAM1            0x0000000020008000 0x0000000000008000 xrw
SRAM2            0x0000000020010000 0x000000000000c000 xrw
SRAM3            0x000000002001c000 0x0000000000004000 xrw
*default*        0x0000000000000000 0xffffffffffffffff

Linker script and memory map

LOAD /Users/yushanhuang/Documents/YUSHAN_JOSH/ai8x-synthesis/model/v_nas_riscv/buildrv/main_riscv.o
LOAD /Users/yushanhuang/Documents/YUSHAN_JOSH/ai8x-synthesis/model/v_nas_riscv/buildrv/cnn.o
LOAD /Users/yushanhuang/Documents/YUSHAN_JOSH/ai8x-synthesis/model/v_nas_riscv/buildrv/softmax.o
LOAD /Users/yushanhuang/Documents/YUSHAN_JOSH/ai8x-synthesis/model/v_nas_riscv/buildrv/board.o
LOAD /Users/yushanhuang/Documents/YUSHAN_JOSH/ai8x-synthesis/model/v_nas_riscv/buildrv/stdio.o
LOAD /Users/yushanhuang/Documents/YUSHAN_JOSH/ai8x-synthesis/model/v_nas_riscv/buildrv/led.o
LOAD /Users/yushanhuang/Documents/YUSHAN_JOSH/ai8x-synthesis/model/v_nas_riscv/buildrv/pb.o
LOAD /Users/yushanhuang/Documents/YUSHAN_JOSH/ai8x-synthesis/model/v_nas_riscv/buildrv/tft_ssd2119.o
LOAD /Users/yushanhuang/Documents/YUSHAN_JOSH/ai8x-synthesis/model/v_nas_riscv/buildrv/tsc2046.o
LOAD /Users/yushanhuang/Documents/YUSHAN_JOSH/ai8x-synthesis/model/v_nas_riscv/buildrv/camera.o
LOAD /Users/yushanhuang/Documents/YUSHAN_JOSH/ai8x-synthesis/model/v_nas_riscv/buildrv/ov7692.o
LOAD /Users/yushanhuang/Documents/YUSHAN_JOSH/ai8x-synthesis/model/v_nas_riscv/buildrv/sccb.o
LOAD /Users/yushanhuang/Documents/YUSHAN_JOSH/ai8x-synthesis/model/v_nas_riscv/buildrv/startup_riscv_max78000.o
LOAD /Users/yushanhuang/Documents/YUSHAN_JOSH/ai8x-synthesis/model/v_nas_riscv/buildrv/heap.o
LOAD /Users/yushanhuang/Documents/YUSHAN_JOSH/ai8x-synthesis/model/v_nas_riscv/buildrv/system_riscv_max78000.o
START GROUP
LOAD /Users/yushanhuang/MaximSDK/Libraries/PeriphDrivers/bin/MAX78000/softfp_riscv/libPeriphDriver_softfp.a
LOAD /Users/yushanhuang/MaximSDK/Tools/xPack/riscv-none-elf-gcc/12.2.0-3.1/bin/../lib/gcc/riscv-none-elf/12.2.0/../../../../riscv-none-elf/lib/libc_nano.a
LOAD /Users/yushanhuang/MaximSDK/Tools/xPack/riscv-none-elf-gcc/12.2.0-3.1/bin/../lib/gcc/riscv-none-elf/12.2.0/../../../../riscv-none-elf/lib/libm.a
LOAD /Users/yushanhuang/MaximSDK/Tools/xPack/riscv-none-elf-gcc/12.2.0-3.1/bin/../lib/gcc/riscv-none-elf/12.2.0/../../../../riscv-none-elf/lib/libnosys.a
END GROUP
LOAD /Users/yushanhuang/MaximSDK/Tools/xPack/riscv-none-elf-gcc/12.2.0-3.1/bin/../lib/gcc/riscv-none-elf/12.2.0/libgcc.a
START GROUP
LOAD /Users/yushanhuang/MaximSDK/Tools/xPack/riscv-none-elf-gcc/12.2.0-3.1/bin/../lib/gcc/riscv-none-elf/12.2.0/../../../../riscv-none-elf/lib/libc.a
LOAD /Users/yushanhuang/MaximSDK/Tools/xPack/riscv-none-elf-gcc/12.2.0-3.1/bin/../lib/gcc/riscv-none-elf/12.2.0/../../../../riscv-none-elf/lib/libgloss.a
END GROUP
LOAD /Users/yushanhuang/MaximSDK/Tools/xPack/riscv-none-elf-gcc/12.2.0-3.1/bin/../lib/gcc/riscv-none-elf/12.2.0/libgcc.a
                0x000000001000a100                __FlashStart = 0x1000a100
                0x0000000000075f00                __FlashLength = (0x10080000 - __FlashStart)
                0x0000000000075f00                _FlashLength_ = __FlashLength

.text           0x000000001000a100    0x50450
                0x000000001000a100                _text = ALIGN (., 0xd)
 *(.isr_vector)
 .isr_vector    0x000000001000a100       0xf4 /Users/yushanhuang/Documents/YUSHAN_JOSH/ai8x-synthesis/model/v_nas_riscv/buildrv/startup_riscv_max78000.o
                0x000000001000a100                __isr_vector
 *(.text*)
 .text.load_input
                0x000000001000a1f4       0x3e /Users/yushanhuang/Documents/YUSHAN_JOSH/ai8x-synthesis/model/v_nas_riscv/buildrv/main_riscv.o
                0x000000001000a1f4                load_input
 .text.softmax_baseline
                0x000000001000a232       0x7a /Users/yushanhuang/Documents/YUSHAN_JOSH/ai8x-synthesis/model/v_nas_riscv/buildrv/main_riscv.o
                0x000000001000a232                softmax_baseline
 .text.startup.main
                0x000000001000a2ac       0x80 /Users/yushanhuang/Documents/YUSHAN_JOSH/ai8x-synthesis/model/v_nas_riscv/buildrv/main_riscv.o
                0x000000001000a2ac                main
 .text.CNN_IRQHandler
                0x000000001000a32c       0xa4 /Users/yushanhuang/Documents/YUSHAN_JOSH/ai8x-synthesis/model/v_nas_riscv/buildrv/cnn.o
                0x000000001000a32c                CNN_IRQHandler
 .text.memcpy32
                0x000000001000a3d0       0x1a /Users/yushanhuang/Documents/YUSHAN_JOSH/ai8x-synthesis/model/v_nas_riscv/buildrv/cnn.o
                0x000000001000a3d0                memcpy32
 .text.cnn_load_weights
                0x000000001000a3ea       0x50 /Users/yushanhuang/Documents/YUSHAN_JOSH/ai8x-synthesis/model/v_nas_riscv/buildrv/cnn.o
                0x000000001000a3ea                cnn_load_weights
 .text.cnn_load_bias
                0x000000001000a43a       0x94 /Users/yushanhuang/Documents/YUSHAN_JOSH/ai8x-synthesis/model/v_nas_riscv/buildrv/cnn.o
                0x000000001000a43a                cnn_load_bias
 .text.cnn_init
                0x000000001000a4ce       0x40 /Users/yushanhuang/Documents/YUSHAN_JOSH/ai8x-synthesis/model/v_nas_riscv/buildrv/cnn.o
                0x000000001000a4ce                cnn_init
 .text.cnn_configure
                0x000000001000a50e      0x964 /Users/yushanhuang/Documents/YUSHAN_JOSH/ai8x-synthesis/model/v_nas_riscv/buildrv/cnn.o
                0x000000001000a50e                cnn_configure
 .text.cnn_start
                0x000000001000ae72       0x4c /Users/yushanhuang/Documents/YUSHAN_JOSH/ai8x-synthesis/model/v_nas_riscv/buildrv/cnn.o
                0x000000001000ae72                cnn_start
 .text.cnn_unload
                0x000000001000aebe       0x3a /Users/yushanhuang/Documents/YUSHAN_JOSH/ai8x-synthesis/model/v_nas_riscv/buildrv/cnn.o
                0x000000001000aebe                cnn_unload
 .text.cnn_enable
                0x000000001000aef8       0x5e /Users/yushanhuang/Documents/YUSHAN_JOSH/ai8x-synthesis/model/v_nas_riscv/buildrv/cnn.o
                0x000000001000aef8                cnn_enable
 .text.cnn_boost_enable
                0x000000001000af56       0x26 /Users/yushanhuang/Documents/YUSHAN_JOSH/ai8x-synthesis/model/v_nas_riscv/buildrv/cnn.o
                0x000000001000af56                cnn_boost_enable
 .text.cnn_boost_disable
                0x000000001000af7c       0x26 /Users/yushanhuang/Documents/YUSHAN_JOSH/ai8x-synthesis/model/v_nas_riscv/buildrv/cnn.o
                0x000000001000af7c                cnn_boost_disable
 .text.mxc_assert
                0x000000001000afa2       0x14 /Users/yushanhuang/Documents/YUSHAN_JOSH/ai8x-synthesis/model/v_nas_riscv/buildrv/board.o
                0x000000001000afa2                mxc_assert
 .text.GPIO2_IRQHandler
                0x000000001000afb6        0x6 /Users/yushanhuang/Documents/YUSHAN_JOSH/ai8x-synthesis/model/v_nas_riscv/buildrv/board.o
                0x000000001000afb6                GPIO2_IRQHandler
 .text.GPIO0_IRQHandler
                0x000000001000afbc        0x6 /Users/yushanhuang/Documents/YUSHAN_JOSH/ai8x-synthesis/model/v_nas_riscv/buildrv/board.o
                0x000000001000afbc                GPIO0_IRQHandler
 .text.Board_Init
                0x000000001000afc2        0x4 /Users/yushanhuang/Documents/YUSHAN_JOSH/ai8x-synthesis/model/v_nas_riscv/buildrv/board.o
                0x000000001000afc2                Board_Init
 .text.Debug_Init
                0x000000001000afc6       0x10 /Users/yushanhuang/Documents/YUSHAN_JOSH/ai8x-synthesis/model/v_nas_riscv/buildrv/board.o
                0x000000001000afc6                Debug_Init
 .text._close   0x000000001000afd6        0x4 /Users/yushanhuang/Documents/YUSHAN_JOSH/ai8x-synthesis/model/v_nas_riscv/buildrv/stdio.o
                0x000000001000afd6                _close
 .text._isatty  0x000000001000afda        0x4 /Users/yushanhuang/Documents/YUSHAN_JOSH/ai8x-synthesis/model/v_nas_riscv/buildrv/stdio.o
                0x000000001000afda                _isatty
 .text._lseek   0x000000001000afde        0x4 /Users/yushanhuang/Documents/YUSHAN_JOSH/ai8x-synthesis/model/v_nas_riscv/buildrv/stdio.o
                0x000000001000afde                _lseek
 .text._fstat   0x000000001000afe2        0x4 /Users/yushanhuang/Documents/YUSHAN_JOSH/ai8x-synthesis/model/v_nas_riscv/buildrv/stdio.o
                0x000000001000afe2                _fstat
 .text._read    0x000000001000afe6       0x72 /Users/yushanhuang/Documents/YUSHAN_JOSH/ai8x-synthesis/model/v_nas_riscv/buildrv/stdio.o
                0x000000001000afe6                _read
 .text._write   0x000000001000b058       0x72 /Users/yushanhuang/Documents/YUSHAN_JOSH/ai8x-synthesis/model/v_nas_riscv/buildrv/stdio.o
                0x000000001000b058                _write
 .text.LED_On   0x000000001000b0ca       0x4a /Users/yushanhuang/Documents/YUSHAN_JOSH/ai8x-synthesis/model/v_nas_riscv/buildrv/led.o
                0x000000001000b0ca                LED_On
 .text.LED_Off  0x000000001000b114       0x4a /Users/yushanhuang/Documents/YUSHAN_JOSH/ai8x-synthesis/model/v_nas_riscv/buildrv/led.o
                0x000000001000b114                LED_Off
 .text.camera_irq_handler
                0x000000001000b15e      0x142 /Users/yushanhuang/Documents/YUSHAN_JOSH/ai8x-synthesis/model/v_nas_riscv/buildrv/camera.o
                0x000000001000b15e                camera_irq_handler
 .text.PCIF_IRQHandler
                0x000000001000b2a0       0x62 /Users/yushanhuang/Documents/YUSHAN_JOSH/ai8x-synthesis/model/v_nas_riscv/buildrv/camera.o
                0x000000001000b2a0                PCIF_IRQHandler
 .text.DMA0_IRQHandler
                0x000000001000b302       0x62 /Users/yushanhuang/Documents/YUSHAN_JOSH/ai8x-synthesis/model/v_nas_riscv/buildrv/camera.o
                0x000000001000b302                DMA0_IRQHandler
 .text          0x000000001000b364      0x198 /Users/yushanhuang/Documents/YUSHAN_JOSH/ai8x-synthesis/model/v_nas_riscv/buildrv/startup_riscv_max78000.o
                0x000000001000b364                Reset_Handler
                0x000000001000b384                _start
                0x000000001000b40c                illegal_insn_handler
                0x000000001000b410                ecall_insn_handler
                0x000000001000b414                RSV00_IRQHandler
                0x000000001000b418                PF_IRQHandler
                0x000000001000b41c                WDT0_IRQHandler
                0x000000001000b420                GPIOWAKE_IRQHandler
                0x000000001000b424                RTC_IRQHandler
                0x000000001000b428                TMR0_IRQHandler
                0x000000001000b42c                TMR1_IRQHandler
                0x000000001000b430                TMR2_IRQHandler
                0x000000001000b434                TMR3_IRQHandler
                0x000000001000b438                TMR4_IRQHandler
                0x000000001000b43c                TMR5_IRQHandler
                0x000000001000b440                I2C0_IRQHandler
                0x000000001000b444                UART0_IRQHandler
                0x000000001000b448                RSV16_IRQHandler
                0x000000001000b44c                I2C1_IRQHandler
                0x000000001000b450                UART1_IRQHandler
                0x000000001000b454                UART2_IRQHandler
                0x000000001000b458                I2C2_IRQHandler
                0x000000001000b45c                UART3_IRQHandler
                0x000000001000b460                SPI1_IRQHandler
                0x000000001000b464                WUT_IRQHandler
                0x000000001000b468                FLC0_IRQHandler
                0x000000001000b470                GPIO1_IRQHandler
                0x000000001000b47c                DMA1_IRQHandler
                0x000000001000b480                DMA2_IRQHandler
                0x000000001000b484                DMA3_IRQHandler
                0x000000001000b488                RSV32_IRQHandler
                0x000000001000b48c                RSV33_IRQHandler
                0x000000001000b490                RSV34_IRQHandler
                0x000000001000b494                RSV35_IRQHandler
                0x000000001000b498                RSV36_IRQHandler
                0x000000001000b49c                RSV37_IRQHandler
                0x000000001000b4a0                RSV38_IRQHandler
                0x000000001000b4a4                RSV39_IRQHandler
                0x000000001000b4a8                RSV40_IRQHandler
                0x000000001000b4ac                RSV41_IRQHandler
                0x000000001000b4b0                RSV42_IRQHandler
                0x000000001000b4b4                RSV43_IRQHandler
                0x000000001000b4b8                RSV44_IRQHandler
                0x000000001000b4bc                RSV45_IRQHandler
                0x000000001000b4c0                AES_IRQHandler
                0x000000001000b4c4                TRNG_IRQHandler
                0x000000001000b4c8                WDT1_IRQHandler
                0x000000001000b4cc                DVS_IRQHandler
                0x000000001000b4d0                SIMO_IRQHandler
                0x000000001000b4d4                RSV51_IRQHandler
                0x000000001000b4d8                PT_IRQHandler
                0x000000001000b4dc                ADC_IRQHandler
                0x000000001000b4e0                OWM_IRQHandler
                0x000000001000b4e4                I2S_IRQHandler
                0x000000001000b4e8                CNN_FIFO_IRQHandler
                0x000000001000b4f0                RSV58_IRQHandler
                0x000000001000b4f8                MXC_IRQ_EXT_COUNT_IRQHandler
                0x000000001000b4fa                _init
                0x000000001000b4fa                _fini
 .text._sbrk    0x000000001000b4fc       0x50 /Users/yushanhuang/Documents/YUSHAN_JOSH/ai8x-synthesis/model/v_nas_riscv/buildrv/heap.o
                0x000000001000b4fc                _sbrk
 .text.__enable_irq
                0x000000001000b54c        0x6 /Users/yushanhuang/Documents/YUSHAN_JOSH/ai8x-synthesis/model/v_nas_riscv/buildrv/system_riscv_max78000.o
                0x000000001000b54c                __enable_irq
 .text.SystemCoreClockUpdate
                0x000000001000b552        0x2 /Users/yushanhuang/Documents/YUSHAN_JOSH/ai8x-synthesis/model/v_nas_riscv/buildrv/system_riscv_max78000.o
                0x000000001000b552                SystemCoreClockUpdate
 .text.PreInit  0x000000001000b554        0x4 /Users/yushanhuang/Documents/YUSHAN_JOSH/ai8x-synthesis/model/v_nas_riscv/buildrv/system_riscv_max78000.o
                0x000000001000b554                PreInit
 .text.SystemInit
                0x000000001000b558        0xc /Users/yushanhuang/Documents/YUSHAN_JOSH/ai8x-synthesis/model/v_nas_riscv/buildrv/system_riscv_max78000.o
                0x000000001000b558                SystemInit
 .text.MXC_SYS_ClockEnable
                0x000000001000b564       0x52 /Users/yushanhuang/MaximSDK/Libraries/PeriphDrivers/bin/MAX78000/softfp_riscv/libPeriphDriver_softfp.a(sys_ai85.o)
                0x000000001000b564                MXC_SYS_ClockEnable
 .text.MXC_SYS_Clock_Timeout
                0x000000001000b5b6        0xe /Users/yushanhuang/MaximSDK/Libraries/PeriphDrivers/bin/MAX78000/softfp_riscv/libPeriphDriver_softfp.a(sys_ai85.o)
                0x000000001000b5b6                MXC_SYS_Clock_Timeout
 .text.MXC_SYS_ClockSourceEnable
                0x000000001000b5c4       0x7a /Users/yushanhuang/MaximSDK/Libraries/PeriphDrivers/bin/MAX78000/softfp_riscv/libPeriphDriver_softfp.a(sys_ai85.o)
                0x000000001000b5c4                MXC_SYS_ClockSourceEnable
 .text.MXC_SYS_Reset_Periph
                0x000000001000b63e       0x5c /Users/yushanhuang/MaximSDK/Libraries/PeriphDrivers/bin/MAX78000/softfp_riscv/libPeriphDriver_softfp.a(sys_ai85.o)
                0x000000001000b63e                MXC_SYS_Reset_Periph
 .text.MXC_DMA_ChannelClearFlags
                0x000000001000b69a        0x2 /Users/yushanhuang/MaximSDK/Libraries/PeriphDrivers/bin/MAX78000/softfp_riscv/libPeriphDriver_softfp.a(dma_me17.o)
                0x000000001000b69a                MXC_DMA_ChannelClearFlags
 .text.MXC_DMA_Handler
                0x000000001000b69c        0x6 /Users/yushanhuang/MaximSDK/Libraries/PeriphDrivers/bin/MAX78000/softfp_riscv/libPeriphDriver_softfp.a(dma_me17.o)
                0x000000001000b69c                MXC_DMA_Handler
 .text.MXC_DMA_RevA_ChannelGetFlags
                0x000000001000b6a2       0x26 /Users/yushanhuang/MaximSDK/Libraries/PeriphDrivers/bin/MAX78000/softfp_riscv/libPeriphDriver_softfp.a(dma_reva.o)
                0x000000001000b6a2                MXC_DMA_RevA_ChannelGetFlags
 .text.MXC_DMA_RevA_ChannelClearFlags
                0x000000001000b6c8       0x30 /Users/yushanhuang/MaximSDK/Libraries/PeriphDrivers/bin/MAX78000/softfp_riscv/libPeriphDriver_softfp.a(dma_reva.o)
                0x000000001000b6c8                MXC_DMA_RevA_ChannelClearFlags
 .text.MXC_DMA_RevA_Handler
                0x000000001000b6f8       0x98 /Users/yushanhuang/MaximSDK/Libraries/PeriphDrivers/bin/MAX78000/softfp_riscv/libPeriphDriver_softfp.a(dma_reva.o)
                0x000000001000b6f8                MXC_DMA_RevA_Handler
 .text.MXC_GPIO_Init
                0x000000001000b790       0x34 /Users/yushanhuang/MaximSDK/Libraries/PeriphDrivers/bin/MAX78000/softfp_riscv/libPeriphDriver_softfp.a(gpio_ai85.o)
                0x000000001000b790                MXC_GPIO_Init
 .text.MXC_GPIO_OutSet
                0x000000001000b7c4       0x2a /Users/yushanhuang/MaximSDK/Libraries/PeriphDrivers/bin/MAX78000/softfp_riscv/libPeriphDriver_softfp.a(gpio_ai85.o)
                0x000000001000b7c4                MXC_GPIO_OutSet
 .text.MXC_GPIO_OutClr
                0x000000001000b7ee       0x2e /Users/yushanhuang/MaximSDK/Libraries/PeriphDrivers/bin/MAX78000/softfp_riscv/libPeriphDriver_softfp.a(gpio_ai85.o)
                0x000000001000b7ee                MXC_GPIO_OutClr
 .text.MXC_GPIO_Handler
                0x000000001000b81c        0x4 /Users/yushanhuang/MaximSDK/Libraries/PeriphDrivers/bin/MAX78000/softfp_riscv/libPeriphDriver_softfp.a(gpio_ai85.o)
                0x000000001000b81c                MXC_GPIO_Handler
 .text.MXC_GPIO_ClearFlags
                0x000000001000b820       0x1a /Users/yushanhuang/MaximSDK/Libraries/PeriphDrivers/bin/MAX78000/softfp_riscv/libPeriphDriver_softfp.a(gpio_ai85.o)
                0x000000001000b820                MXC_GPIO_ClearFlags
 .text.MXC_GPIO_GetFlags
                0x000000001000b83a       0x1a /Users/yushanhuang/MaximSDK/Libraries/PeriphDrivers/bin/MAX78000/softfp_riscv/libPeriphDriver_softfp.a(gpio_ai85.o)
                0x000000001000b83a                MXC_GPIO_GetFlags
 .text.MXC_GPIO_SetVSSEL
                0x000000001000b854       0x18 /Users/yushanhuang/MaximSDK/Libraries/PeriphDrivers/bin/MAX78000/softfp_riscv/libPeriphDriver_softfp.a(gpio_ai85.o)
                0x000000001000b854                MXC_GPIO_SetVSSEL
 .text.MXC_GPIO_Config
                0x000000001000b86c      0x22c /Users/yushanhuang/MaximSDK/Libraries/PeriphDrivers/bin/MAX78000/softfp_riscv/libPeriphDriver_softfp.a(gpio_ai85.o)
                0x000000001000b86c                MXC_GPIO_Config
 .text.MXC_GPIO_RevA_OutSet
                0x000000001000ba98        0x4 /Users/yushanhuang/MaximSDK/Libraries/PeriphDrivers/bin/MAX78000/softfp_riscv/libPeriphDriver_softfp.a(gpio_reva.o)
                0x000000001000ba98                MXC_GPIO_RevA_OutSet
 .text.MXC_GPIO_RevA_OutClr
                0x000000001000ba9c        0x4 /Users/yushanhuang/MaximSDK/Libraries/PeriphDrivers/bin/MAX78000/softfp_riscv/libPeriphDriver_softfp.a(gpio_reva.o)
                0x000000001000ba9c                MXC_GPIO_RevA_OutClr
 .text.MXC_GPIO_RevA_ClearFlags
                0x000000001000baa0        0x4 /Users/yushanhuang/MaximSDK/Libraries/PeriphDrivers/bin/MAX78000/softfp_riscv/libPeriphDriver_softfp.a(gpio_reva.o)
                0x000000001000baa0                MXC_GPIO_RevA_ClearFlags
 .text.MXC_GPIO_RevA_GetFlags
                0x000000001000baa4        0x4 /Users/yushanhuang/MaximSDK/Libraries/PeriphDrivers/bin/MAX78000/softfp_riscv/libPeriphDriver_softfp.a(gpio_reva.o)
                0x000000001000baa4                MXC_GPIO_RevA_GetFlags
 .text.MXC_GPIO_RevA_SetVSSEL
                0x000000001000baa8       0x2a /Users/yushanhuang/MaximSDK/Libraries/PeriphDrivers/bin/MAX78000/softfp_riscv/libPeriphDriver_softfp.a(gpio_reva.o)
                0x000000001000baa8                MXC_GPIO_RevA_SetVSSEL
 .text.MXC_GPIO_RevA_SetAF
                0x000000001000bad2       0x64 /Users/yushanhuang/MaximSDK/Libraries/PeriphDrivers/bin/MAX78000/softfp_riscv/libPeriphDriver_softfp.a(gpio_reva.o)
                0x000000001000bad2                MXC_GPIO_RevA_SetAF
 .text.MXC_GPIO_RevA_SetDriveStrength
                0x000000001000bb36       0x68 /Users/yushanhuang/MaximSDK/Libraries/PeriphDrivers/bin/MAX78000/softfp_riscv/libPeriphDriver_softfp.a(gpio_reva.o)
                0x000000001000bb36                MXC_GPIO_RevA_SetDriveStrength
 .text.MXC_ICC_Enable
                0x000000001000bb9e        0x2 /Users/yushanhuang/MaximSDK/Libraries/PeriphDrivers/bin/MAX78000/softfp_riscv/libPeriphDriver_softfp.a(icc_me17.o)
                0x000000001000bb9e                MXC_ICC_Enable
 .text.MXC_ICC_RevA_Enable
                0x000000001000bba0       0x32 /Users/yushanhuang/MaximSDK/Libraries/PeriphDrivers/bin/MAX78000/softfp_riscv/libPeriphDriver_softfp.a(icc_reva.o)
                0x000000001000bba0                MXC_ICC_RevA_Enable
 .text.MXC_TMR_Init
                0x000000001000bbd2      0x268 /Users/yushanhuang/MaximSDK/Libraries/PeriphDrivers/bin/MAX78000/softfp_riscv/libPeriphDriver_softfp.a(tmr_ai85.o)
                0x000000001000bbd2                MXC_TMR_Init
 .text.MXC_TMR_Start
                0x000000001000be3a        0x2 /Users/yushanhuang/MaximSDK/Libraries/PeriphDrivers/bin/MAX78000/softfp_riscv/libPeriphDriver_softfp.a(tmr_ai85.o)
                0x000000001000be3a                MXC_TMR_Start
 .text.MXC_TMR_Stop
                0x000000001000be3c        0x2 /Users/yushanhuang/MaximSDK/Libraries/PeriphDrivers/bin/MAX78000/softfp_riscv/libPeriphDriver_softfp.a(tmr_ai85.o)
                0x000000001000be3c                MXC_TMR_Stop
 .text.MXC_TMR_ClearFlags
                0x000000001000be3e        0x2 /Users/yushanhuang/MaximSDK/Libraries/PeriphDrivers/bin/MAX78000/softfp_riscv/libPeriphDriver_softfp.a(tmr_ai85.o)
                0x000000001000be3e                MXC_TMR_ClearFlags
 .text.MXC_TMR_SetCount
                0x000000001000be40        0x2 /Users/yushanhuang/MaximSDK/Libraries/PeriphDrivers/bin/MAX78000/softfp_riscv/libPeriphDriver_softfp.a(tmr_ai85.o)
                0x000000001000be40                MXC_TMR_SetCount
 .text.MXC_TMR_TO_Start
                0x000000001000be42        0x2 /Users/yushanhuang/MaximSDK/Libraries/PeriphDrivers/bin/MAX78000/softfp_riscv/libPeriphDriver_softfp.a(tmr_ai85.o)
                0x000000001000be42                MXC_TMR_TO_Start
 .text.MXC_TMR_TO_Stop
                0x000000001000be44        0x4 /Users/yushanhuang/MaximSDK/Libraries/PeriphDrivers/bin/MAX78000/softfp_riscv/libPeriphDriver_softfp.a(tmr_ai85.o)
                0x000000001000be44                MXC_TMR_TO_Stop
 .text.MXC_TMR_TO_Elapsed
                0x000000001000be48        0x4 /Users/yushanhuang/MaximSDK/Libraries/PeriphDrivers/bin/MAX78000/softfp_riscv/libPeriphDriver_softfp.a(tmr_ai85.o)
                0x000000001000be48                MXC_TMR_TO_Elapsed
 .text.MXC_TMR_SW_Start
                0x000000001000be4c        0x4 /Users/yushanhuang/MaximSDK/Libraries/PeriphDrivers/bin/MAX78000/softfp_riscv/libPeriphDriver_softfp.a(tmr_ai85.o)
                0x000000001000be4c                MXC_TMR_SW_Start
 .text.MXC_TMR_SW_Stop
                0x000000001000be50        0x4 /Users/yushanhuang/MaximSDK/Libraries/PeriphDrivers/bin/MAX78000/softfp_riscv/libPeriphDriver_softfp.a(tmr_ai85.o)
                0x000000001000be50                MXC_TMR_SW_Stop
 .text.MXC_TMR_GetTime
                0x000000001000be54        0x2 /Users/yushanhuang/MaximSDK/Libraries/PeriphDrivers/bin/MAX78000/softfp_riscv/libPeriphDriver_softfp.a(tmr_ai85.o)
                0x000000001000be54                MXC_TMR_GetTime
 .text.MXC_TMR_RevB_SetClockSourceFreq
                0x000000001000be56       0x76 /Users/yushanhuang/MaximSDK/Libraries/PeriphDrivers/bin/MAX78000/softfp_riscv/libPeriphDriver_softfp.a(tmr_revb.o)
                0x000000001000be56                MXC_TMR_RevB_SetClockSourceFreq
 .text.MXC_TMR_RevB_GetClockSourceFreq
                0x000000001000becc       0x88 /Users/yushanhuang/MaximSDK/Libraries/PeriphDrivers/bin/MAX78000/softfp_riscv/libPeriphDriver_softfp.a(tmr_revb.o)
                0x000000001000becc                MXC_TMR_RevB_GetClockSourceFreq
 .text.MXC_TMR_RevB_ConfigGeneric
                0x000000001000bf54       0xf0 /Users/yushanhuang/MaximSDK/Libraries/PeriphDrivers/bin/MAX78000/softfp_riscv/libPeriphDriver_softfp.a(tmr_revb.o)
                0x000000001000bf54                MXC_TMR_RevB_ConfigGeneric
 .text.MXC_TMR_RevB_Init
                0x000000001000c044      0x122 /Users/yushanhuang/MaximSDK/Libraries/PeriphDrivers/bin/MAX78000/softfp_riscv/libPeriphDriver_softfp.a(tmr_revb.o)
                0x000000001000c044                MXC_TMR_RevB_Init
 .text.MXC_TMR_RevB_Start
                0x000000001000c166       0x66 /Users/yushanhuang/MaximSDK/Libraries/PeriphDrivers/bin/MAX78000/softfp_riscv/libPeriphDriver_softfp.a(tmr_revb.o)
                0x000000001000c166                MXC_TMR_RevB_Start
 .text.MXC_TMR_RevB_Stop
                0x000000001000c1cc       0x62 /Users/yushanhuang/MaximSDK/Libraries/PeriphDrivers/bin/MAX78000/softfp_riscv/libPeriphDriver_softfp.a(tmr_revb.o)
                0x000000001000c1cc                MXC_TMR_RevB_Stop
 .text.MXC_TMR_RevB_ClearFlags
                0x000000001000c22e       0x62 /Users/yushanhuang/MaximSDK/Libraries/PeriphDrivers/bin/MAX78000/softfp_riscv/libPeriphDriver_softfp.a(tmr_revb.o)
                0x000000001000c22e                MXC_TMR_RevB_ClearFlags
 .text.MXC_TMR_RevB_SetCount
                0x000000001000c290       0x68 /Users/yushanhuang/MaximSDK/Libraries/PeriphDrivers/bin/MAX78000/softfp_riscv/libPeriphDriver_softfp.a(tmr_revb.o)
                0x000000001000c290                MXC_TMR_RevB_SetCount
 .text.MXC_TMR_RevB_TO_Start
                0x000000001000c2f8       0xc4 /Users/yushanhuang/MaximSDK/Libraries/PeriphDrivers/bin/MAX78000/softfp_riscv/libPeriphDriver_softfp.a(tmr_revb.o)
                0x000000001000c2f8                MXC_TMR_RevB_TO_Start
 .text.MXC_TMR_RevB_GetTime
                0x000000001000c3bc      0x114 /Users/yushanhuang/MaximSDK/Libraries/PeriphDrivers/bin/MAX78000/softfp_riscv/libPeriphDriver_softfp.a(tmr_revb.o)
                0x000000001000c3bc                MXC_TMR_RevB_GetTime
 .text.MXC_UART_ReadCharacterRaw
                0x000000001000c4d0        0x2 /Users/yushanhuang/MaximSDK/Libraries/PeriphDrivers/bin/MAX78000/softfp_riscv/libPeriphDriver_softfp.a(uart_ai85.o)
                0x000000001000c4d0                MXC_UART_ReadCharacterRaw
 .text.MXC_UART_WriteCharacterRaw
                0x000000001000c4d2        0x2 /Users/yushanhuang/MaximSDK/Libraries/PeriphDrivers/bin/MAX78000/softfp_riscv/libPeriphDriver_softfp.a(uart_ai85.o)
                0x000000001000c4d2                MXC_UART_WriteCharacterRaw
 .text.MXC_UART_ReadCharacter
                0x000000001000c4d4        0x2 /Users/yushanhuang/MaximSDK/Libraries/PeriphDrivers/bin/MAX78000/softfp_riscv/libPeriphDriver_softfp.a(uart_ai85.o)
                0x000000001000c4d4                MXC_UART_ReadCharacter
 .text.MXC_UART_WriteCharacter
                0x000000001000c4d6        0x2 /Users/yushanhuang/MaximSDK/Libraries/PeriphDrivers/bin/MAX78000/softfp_riscv/libPeriphDriver_softfp.a(uart_ai85.o)
                0x000000001000c4d6                MXC_UART_WriteCharacter
 .text.MXC_UART_GetRXFIFOAvailable
                0x000000001000c4d8        0x2 /Users/yushanhuang/MaximSDK/Libraries/PeriphDrivers/bin/MAX78000/softfp_riscv/libPeriphDriver_softfp.a(uart_ai85.o)
                0x000000001000c4d8                MXC_UART_GetRXFIFOAvailable
 .text.MXC_UART_GetTXFIFOAvailable
                0x000000001000c4da        0x2 /Users/yushanhuang/MaximSDK/Libraries/PeriphDrivers/bin/MAX78000/softfp_riscv/libPeriphDriver_softfp.a(uart_ai85.o)
                0x000000001000c4da                MXC_UART_GetTXFIFOAvailable
 .text.MXC_UART_Common_ReadCharacter
                0x000000001000c4dc       0x18 /Users/yushanhuang/MaximSDK/Libraries/PeriphDrivers/bin/MAX78000/softfp_riscv/libPeriphDriver_softfp.a(uart_common.o)
                0x000000001000c4dc                MXC_UART_Common_ReadCharacter
 .text.MXC_UART_Common_WriteCharacter
                0x000000001000c4f4       0x1c /Users/yushanhuang/MaximSDK/Libraries/PeriphDrivers/bin/MAX78000/softfp_riscv/libPeriphDriver_softfp.a(uart_common.o)
                0x000000001000c4f4                MXC_UART_Common_WriteCharacter
 .text.MXC_UART_RevB_ReadCharacterRaw
                0x000000001000c510        0xe /Users/yushanhuang/MaximSDK/Libraries/PeriphDrivers/bin/MAX78000/softfp_riscv/libPeriphDriver_softfp.a(uart_revb.o)
                0x000000001000c510                MXC_UART_RevB_ReadCharacterRaw
 .text.MXC_UART_RevB_WriteCharacterRaw
                0x000000001000c51e       0x12 /Users/yushanhuang/MaximSDK/Libraries/PeriphDrivers/bin/MAX78000/softfp_riscv/libPeriphDriver_softfp.a(uart_revb.o)
                0x000000001000c51e                MXC_UART_RevB_WriteCharacterRaw
 .text.MXC_UART_RevB_GetRXFIFOAvailable
                0x000000001000c530        0x8 /Users/yushanhuang/MaximSDK/Libraries/PeriphDrivers/bin/MAX78000/softfp_riscv/libPeriphDriver_softfp.a(uart_revb.o)
                0x000000001000c530                MXC_UART_RevB_GetRXFIFOAvailable
 .text.MXC_UART_RevB_GetTXFIFOAvailable
                0x000000001000c538        0xc /Users/yushanhuang/MaximSDK/Libraries/PeriphDrivers/bin/MAX78000/softfp_riscv/libPeriphDriver_softfp.a(uart_revb.o)
                0x000000001000c538                MXC_UART_RevB_GetTXFIFOAvailable
 .text.MXC_GPIO_Common_Init
                0x000000001000c544       0x28 /Users/yushanhuang/MaximSDK/Libraries/PeriphDrivers/bin/MAX78000/softfp_riscv/libPeriphDriver_softfp.a(gpio_common.o)
                0x000000001000c544                MXC_GPIO_Common_Init
 .text.MXC_GPIO_Common_Handler
                0x000000001000c56c       0x90 /Users/yushanhuang/MaximSDK/Libraries/PeriphDrivers/bin/MAX78000/softfp_riscv/libPeriphDriver_softfp.a(gpio_common.o)
                0x000000001000c56c                MXC_GPIO_Common_Handler
 .text.MXC_TMR_Common_TO_Stop
                0x000000001000c5fc       0x1a /Users/yushanhuang/MaximSDK/Libraries/PeriphDrivers/bin/MAX78000/softfp_riscv/libPeriphDriver_softfp.a(tmr_common.o)
                0x000000001000c5fc                MXC_TMR_Common_TO_Stop
 .text.MXC_TMR_Common_SW_Start
                0x000000001000c616        0x6 /Users/yushanhuang/MaximSDK/Libraries/PeriphDrivers/bin/MAX78000/softfp_riscv/libPeriphDriver_softfp.a(tmr_common.o)
                0x000000001000c616                MXC_TMR_Common_SW_Start
 .text.MXC_TMR_Common_SW_Stop
                0x000000001000c61c       0x22 /Users/yushanhuang/MaximSDK/Libraries/PeriphDrivers/bin/MAX78000/softfp_riscv/libPeriphDriver_softfp.a(tmr_common.o)
                0x000000001000c61c                MXC_TMR_Common_SW_Stop
 .text.MXC_TMR_Common_TO_Elapsed
                0x000000001000c63e       0x48 /Users/yushanhuang/MaximSDK/Libraries/PeriphDrivers/bin/MAX78000/softfp_riscv/libPeriphDriver_softfp.a(tmr_common.o)
                0x000000001000c63e                MXC_TMR_Common_TO_Elapsed
 .text.__errno  0x000000001000c686        0xa /Users/yushanhuang/MaximSDK/Tools/xPack/riscv-none-elf-gcc/12.2.0-3.1/bin/../lib/gcc/riscv-none-elf/12.2.0/../../../../riscv-none-elf/lib/libc_nano.a(lib_a-errno.o)
                0x000000001000c686                __errno
 .text.__libc_init_array
                0x000000001000c690       0x4e /Users/yushanhuang/MaximSDK/Tools/xPack/riscv-none-elf-gcc/12.2.0-3.1/bin/../lib/gcc/riscv-none-elf/12.2.0/../../../../riscv-none-elf/lib/libc_nano.a(lib_a-init.o)
                0x000000001000c690                __libc_init_array
 .text          0x000000001000c6de       0x10 /Users/yushanhuang/MaximSDK/Tools/xPack/riscv-none-elf-gcc/12.2.0-3.1/bin/../lib/gcc/riscv-none-elf/12.2.0/../../../../riscv-none-elf/lib/libc_nano.a(lib_a-memset.o)
                0x000000001000c6de                memset
 .text._free_r  0x000000001000c6ee       0xa2 /Users/yushanhuang/MaximSDK/Tools/xPack/riscv-none-elf-gcc/12.2.0-3.1/bin/../lib/gcc/riscv-none-elf/12.2.0/../../../../riscv-none-elf/lib/libc_nano.a(lib_a-nano-freer.o)
                0x000000001000c6ee                _free_r
 .text.sbrk_aligned
                0x000000001000c790       0x54 /Users/yushanhuang/MaximSDK/Tools/xPack/riscv-none-elf-gcc/12.2.0-3.1/bin/../lib/gcc/riscv-none-elf/12.2.0/../../../../riscv-none-elf/lib/libc_nano.a(lib_a-nano-mallocr.o)
 .text._malloc_r
                0x000000001000c7e4      0x10e /Users/yushanhuang/MaximSDK/Tools/xPack/riscv-none-elf-gcc/12.2.0-3.1/bin/../lib/gcc/riscv-none-elf/12.2.0/../../../../riscv-none-elf/lib/libc_nano.a(lib_a-nano-mallocr.o)
                0x000000001000c7e4                _malloc_r
 .text.printf   0x000000001000c8f2       0x3e /Users/yushanhuang/MaximSDK/Tools/xPack/riscv-none-elf-gcc/12.2.0-3.1/bin/../lib/gcc/riscv-none-elf/12.2.0/../../../../riscv-none-elf/lib/libc_nano.a(lib_a-printf.o)
                0x000000001000c8f2                printf
                0x000000001000c8f2                iprintf
 .text._puts_r  0x000000001000c930      0x10e /Users/yushanhuang/MaximSDK/Tools/xPack/riscv-none-elf-gcc/12.2.0-3.1/bin/../lib/gcc/riscv-none-elf/12.2.0/../../../../riscv-none-elf/lib/libc_nano.a(lib_a-puts.o)
                0x000000001000c930                _puts_r
 .text.puts     0x000000001000ca3e        0xc /Users/yushanhuang/MaximSDK/Tools/xPack/riscv-none-elf-gcc/12.2.0-3.1/bin/../lib/gcc/riscv-none-elf/12.2.0/../../../../riscv-none-elf/lib/libc_nano.a(lib_a-puts.o)
                0x000000001000ca3e                puts
 .text._sbrk_r  0x000000001000ca4a       0x28 /Users/yushanhuang/MaximSDK/Tools/xPack/riscv-none-elf-gcc/12.2.0-3.1/bin/../lib/gcc/riscv-none-elf/12.2.0/../../../../riscv-none-elf/lib/libc_nano.a(lib_a-sbrkr.o)
                0x000000001000ca4a                _sbrk_r
 .text.__swbuf_r
                0x000000001000ca72       0xc0 /Users/yushanhuang/MaximSDK/Tools/xPack/riscv-none-elf-gcc/12.2.0-3.1/bin/../lib/gcc/riscv-none-elf/12.2.0/../../../../riscv-none-elf/lib/libc_nano.a(lib_a-wbuf.o)
                0x000000001000ca72                __swbuf_r
 .text.__swsetup_r
                0x000000001000cb32      0x100 /Users/yushanhuang/MaximSDK/Tools/xPack/riscv-none-elf-gcc/12.2.0-3.1/bin/../lib/gcc/riscv-none-elf/12.2.0/../../../../riscv-none-elf/lib/libc_nano.a(lib_a-wsetup.o)
                0x000000001000cb32                __swsetup_r
 .text.__sflush_r
                0x000000001000cc32      0x13a /Users/yushanhuang/MaximSDK/Tools/xPack/riscv-none-elf-gcc/12.2.0-3.1/bin/../lib/gcc/riscv-none-elf/12.2.0/../../../../riscv-none-elf/lib/libc_nano.a(lib_a-fflush.o)
                0x000000001000cc32                __sflush_r
 .text._fflush_r
                0x000000001000cd6c       0x88 /Users/yushanhuang/MaximSDK/Tools/xPack/riscv-none-elf-gcc/12.2.0-3.1/bin/../lib/gcc/riscv-none-elf/12.2.0/../../../../riscv-none-elf/lib/libc_nano.a(lib_a-fflush.o)
                0x000000001000cd6c                _fflush_r
 .text.std      0x000000001000cdf4       0x6a /Users/yushanhuang/MaximSDK/Tools/xPack/riscv-none-elf-gcc/12.2.0-3.1/bin/../lib/gcc/riscv-none-elf/12.2.0/../../../../riscv-none-elf/lib/libc_nano.a(lib_a-findfp.o)
 .text._cleanup_r
                0x000000001000ce5e        0xa /Users/yushanhuang/MaximSDK/Tools/xPack/riscv-none-elf-gcc/12.2.0-3.1/bin/../lib/gcc/riscv-none-elf/12.2.0/../../../../riscv-none-elf/lib/libc_nano.a(lib_a-findfp.o)
                0x000000001000ce5e                _cleanup_r
 .text.__sfmoreglue
                0x000000001000ce68       0x48 /Users/yushanhuang/MaximSDK/Tools/xPack/riscv-none-elf-gcc/12.2.0-3.1/bin/../lib/gcc/riscv-none-elf/12.2.0/../../../../riscv-none-elf/lib/libc_nano.a(lib_a-findfp.o)
                0x000000001000ce68                __sfmoreglue
 .text.__sfp_lock_acquire
                0x000000001000ceb0        0x6 /Users/yushanhuang/MaximSDK/Tools/xPack/riscv-none-elf-gcc/12.2.0-3.1/bin/../lib/gcc/riscv-none-elf/12.2.0/../../../../riscv-none-elf/lib/libc_nano.a(lib_a-findfp.o)
                0x000000001000ceb0                __sfp_lock_acquire
 .text.__sfp_lock_release
                0x000000001000ceb6        0x6 /Users/yushanhuang/MaximSDK/Tools/xPack/riscv-none-elf-gcc/12.2.0-3.1/bin/../lib/gcc/riscv-none-elf/12.2.0/../../../../riscv-none-elf/lib/libc_nano.a(lib_a-findfp.o)
                0x000000001000ceb6                __sfp_lock_release
 .text.__sinit_lock_acquire
                0x000000001000cebc        0x6 /Users/yushanhuang/MaximSDK/Tools/xPack/riscv-none-elf-gcc/12.2.0-3.1/bin/../lib/gcc/riscv-none-elf/12.2.0/../../../../riscv-none-elf/lib/libc_nano.a(lib_a-findfp.o)
                0x000000001000cebc                __sinit_lock_acquire
 .text.__sinit_lock_release
                0x000000001000cec2        0x6 /Users/yushanhuang/MaximSDK/Tools/xPack/riscv-none-elf-gcc/12.2.0-3.1/bin/../lib/gcc/riscv-none-elf/12.2.0/../../../../riscv-none-elf/lib/libc_nano.a(lib_a-findfp.o)
                0x000000001000cec2                __sinit_lock_release
 .text.__sinit  0x000000001000cec8       0x6c /Users/yushanhuang/MaximSDK/Tools/xPack/riscv-none-elf-gcc/12.2.0-3.1/bin/../lib/gcc/riscv-none-elf/12.2.0/../../../../riscv-none-elf/lib/libc_nano.a(lib_a-findfp.o)
                0x000000001000cec8                __sinit
 .text.__sfp    0x000000001000cf34       0xaa /Users/yushanhuang/MaximSDK/Tools/xPack/riscv-none-elf-gcc/12.2.0-3.1/bin/../lib/gcc/riscv-none-elf/12.2.0/../../../../riscv-none-elf/lib/libc_nano.a(lib_a-findfp.o)
                0x000000001000cf34                __sfp
 .text._fwalk_reent
                0x000000001000cfde       0x6a /Users/yushanhuang/MaximSDK/Tools/xPack/riscv-none-elf-gcc/12.2.0-3.1/bin/../lib/gcc/riscv-none-elf/12.2.0/../../../../riscv-none-elf/lib/libc_nano.a(lib_a-fwalk.o)
                0x000000001000cfde                _fwalk_reent
 .text.__retarget_lock_init_recursive
                0x000000001000d048        0x2 /Users/yushanhuang/MaximSDK/Tools/xPack/riscv-none-elf-gcc/12.2.0-3.1/bin/../lib/gcc/riscv-none-elf/12.2.0/../../../../riscv-none-elf/lib/libc_nano.a(lib_a-lock.o)
                0x000000001000d048                __retarget_lock_init_recursive
 .text.__retarget_lock_acquire_recursive
                0x000000001000d04a        0x2 /Users/yushanhuang/MaximSDK/Tools/xPack/riscv-none-elf-gcc/12.2.0-3.1/bin/../lib/gcc/riscv-none-elf/12.2.0/../../../../riscv-none-elf/lib/libc_nano.a(lib_a-lock.o)
                0x000000001000d04a                __retarget_lock_acquire_recursive
 .text.__retarget_lock_release_recursive
                0x000000001000d04c        0x2 /Users/yushanhuang/MaximSDK/Tools/xPack/riscv-none-elf-gcc/12.2.0-3.1/bin/../lib/gcc/riscv-none-elf/12.2.0/../../../../riscv-none-elf/lib/libc_nano.a(lib_a-lock.o)
                0x000000001000d04c                __retarget_lock_release_recursive
 .text.__swhatbuf_r
                0x000000001000d04e       0x5c /Users/yushanhuang/MaximSDK/Tools/xPack/riscv-none-elf-gcc/12.2.0-3.1/bin/../lib/gcc/riscv-none-elf/12.2.0/../../../../riscv-none-elf/lib/libc_nano.a(lib_a-makebuf.o)
                0x000000001000d04e                __swhatbuf_r
 .text.__smakebuf_r
                0x000000001000d0aa       0xa6 /Users/yushanhuang/MaximSDK/Tools/xPack/riscv-none-elf-gcc/12.2.0-3.1/bin/../lib/gcc/riscv-none-elf/12.2.0/../../../../riscv-none-elf/lib/libc_nano.a(lib_a-makebuf.o)
                0x000000001000d0aa                __smakebuf_r
 .text.__malloc_lock
                0x000000001000d150        0x6 /Users/yushanhuang/MaximSDK/Tools/xPack/riscv-none-elf-gcc/12.2.0-3.1/bin/../lib/gcc/riscv-none-elf/12.2.0/../../../../riscv-none-elf/lib/libc_nano.a(lib_a-mlock.o)
                0x000000001000d150                __malloc_lock
 .text.__malloc_unlock
                0x000000001000d156        0x6 /Users/yushanhuang/MaximSDK/Tools/xPack/riscv-none-elf-gcc/12.2.0-3.1/bin/../lib/gcc/riscv-none-elf/12.2.0/../../../../riscv-none-elf/lib/libc_nano.a(lib_a-mlock.o)
                0x000000001000d156                __malloc_unlock
 .text.__sfputc_r
                0x000000001000d15c       0x2a /Users/yushanhuang/MaximSDK/Tools/xPack/riscv-none-elf-gcc/12.2.0-3.1/bin/../lib/gcc/riscv-none-elf/12.2.0/../../../../riscv-none-elf/lib/libc_nano.a(lib_a-nano-vfprintf.o)
 .text.__sfputs_r
                0x000000001000d186       0x42 /Users/yushanhuang/MaximSDK/Tools/xPack/riscv-none-elf-gcc/12.2.0-3.1/bin/../lib/gcc/riscv-none-elf/12.2.0/../../../../riscv-none-elf/lib/libc_nano.a(lib_a-nano-vfprintf.o)
                0x000000001000d186                __sfputs_r
 .text._vfprintf_r
                0x000000001000d1c8      0x2d2 /Users/yushanhuang/MaximSDK/Tools/xPack/riscv-none-elf-gcc/12.2.0-3.1/bin/../lib/gcc/riscv-none-elf/12.2.0/../../../../riscv-none-elf/lib/libc_nano.a(lib_a-nano-vfprintf.o)
                0x000000001000d1c8                _vfiprintf_r
                0x000000001000d1c8                _vfprintf_r
 .text._printf_common
                0x000000001000d49a      0x110 /Users/yushanhuang/MaximSDK/Tools/xPack/riscv-none-elf-gcc/12.2.0-3.1/bin/../lib/gcc/riscv-none-elf/12.2.0/../../../../riscv-none-elf/lib/libc_nano.a(lib_a-nano-vfprintf_i.o)
                0x000000001000d49a                _printf_common
 .text._printf_i
                0x000000001000d5aa      0x282 /Users/yushanhuang/MaximSDK/Tools/xPack/riscv-none-elf-gcc/12.2.0-3.1/bin/../lib/gcc/riscv-none-elf/12.2.0/../../../../riscv-none-elf/lib/libc_nano.a(lib_a-nano-vfprintf_i.o)
                0x000000001000d5aa                _printf_i
 .text.__sread  0x000000001000d82c       0x30 /Users/yushanhuang/MaximSDK/Tools/xPack/riscv-none-elf-gcc/12.2.0-3.1/bin/../lib/gcc/riscv-none-elf/12.2.0/../../../../riscv-none-elf/lib/libc_nano.a(lib_a-stdio.o)
                0x000000001000d82c                __sread
 .text.__swrite
                0x000000001000d85c       0x4e /Users/yushanhuang/MaximSDK/Tools/xPack/riscv-none-elf-gcc/12.2.0-3.1/bin/../lib/gcc/riscv-none-elf/12.2.0/../../../../riscv-none-elf/lib/libc_nano.a(lib_a-stdio.o)
                0x000000001000d85c                __swrite
 .text.__sseek  0x000000001000d8aa       0x36 /Users/yushanhuang/MaximSDK/Tools/xPack/riscv-none-elf-gcc/12.2.0-3.1/bin/../lib/gcc/riscv-none-elf/12.2.0/../../../../riscv-none-elf/lib/libc_nano.a(lib_a-stdio.o)
                0x000000001000d8aa                __sseek
 .text.__sclose
                0x000000001000d8e0        0x6 /Users/yushanhuang/MaximSDK/Tools/xPack/riscv-none-elf-gcc/12.2.0-3.1/bin/../lib/gcc/riscv-none-elf/12.2.0/../../../../riscv-none-elf/lib/libc_nano.a(lib_a-stdio.o)
                0x000000001000d8e0                __sclose
 .text._write_r
                0x000000001000d8e6       0x2c /Users/yushanhuang/MaximSDK/Tools/xPack/riscv-none-elf-gcc/12.2.0-3.1/bin/../lib/gcc/riscv-none-elf/12.2.0/../../../../riscv-none-elf/lib/libc_nano.a(lib_a-writer.o)
                0x000000001000d8e6                _write_r
 .text._close_r
                0x000000001000d912       0x28 /Users/yushanhuang/MaximSDK/Tools/xPack/riscv-none-elf-gcc/12.2.0-3.1/bin/../lib/gcc/riscv-none-elf/12.2.0/../../../../riscv-none-elf/lib/libc_nano.a(lib_a-closer.o)
                0x000000001000d912                _close_r
 .text._fstat_r
                0x000000001000d93a       0x2a /Users/yushanhuang/MaximSDK/Tools/xPack/riscv-none-elf-gcc/12.2.0-3.1/bin/../lib/gcc/riscv-none-elf/12.2.0/../../../../riscv-none-elf/lib/libc_nano.a(lib_a-fstatr.o)
                0x000000001000d93a                _fstat_r
 .text._isatty_r
                0x000000001000d964       0x28 /Users/yushanhuang/MaximSDK/Tools/xPack/riscv-none-elf-gcc/12.2.0-3.1/bin/../lib/gcc/riscv-none-elf/12.2.0/../../../../riscv-none-elf/lib/libc_nano.a(lib_a-isattyr.o)
                0x000000001000d964                _isatty_r
 .text._lseek_r
                0x000000001000d98c       0x2c /Users/yushanhuang/MaximSDK/Tools/xPack/riscv-none-elf-gcc/12.2.0-3.1/bin/../lib/gcc/riscv-none-elf/12.2.0/../../../../riscv-none-elf/lib/libc_nano.a(lib_a-lseekr.o)
                0x000000001000d98c                _lseek_r
 .text.memchr   0x000000001000d9b8       0x1a /Users/yushanhuang/MaximSDK/Tools/xPack/riscv-none-elf-gcc/12.2.0-3.1/bin/../lib/gcc/riscv-none-elf/12.2.0/../../../../riscv-none-elf/lib/libc_nano.a(lib_a-memchr.o)
                0x000000001000d9b8                memchr
 .text._read_r  0x000000001000d9d2       0x2c /Users/yushanhuang/MaximSDK/Tools/xPack/riscv-none-elf-gcc/12.2.0-3.1/bin/../lib/gcc/riscv-none-elf/12.2.0/../../../../riscv-none-elf/lib/libc_nano.a(lib_a-readr.o)
                0x000000001000d9d2                _read_r
 .text.expf     0x000000001000d9fe       0x72 /Users/yushanhuang/MaximSDK/Tools/xPack/riscv-none-elf-gcc/12.2.0-3.1/bin/../lib/gcc/riscv-none-elf/12.2.0/../../../../riscv-none-elf/lib/libm.a(lib_a-wf_exp.o)
                0x000000001000d9fe                expf
 .text.__ieee754_expf
                0x000000001000da70      0x2cc /Users/yushanhuang/MaximSDK/Tools/xPack/riscv-none-elf-gcc/12.2.0-3.1/bin/../lib/gcc/riscv-none-elf/12.2.0/../../../../riscv-none-elf/lib/libm.a(lib_a-ef_exp.o)
                0x000000001000da70                __ieee754_expf
 .text.with_errnof
                0x000000001000dd3c       0x1e /Users/yushanhuang/MaximSDK/Tools/xPack/riscv-none-elf-gcc/12.2.0-3.1/bin/../lib/gcc/riscv-none-elf/12.2.0/../../../../riscv-none-elf/lib/libm.a(lib_a-math_errf.o)
 .text.xflowf   0x000000001000dd5a       0x2a /Users/yushanhuang/MaximSDK/Tools/xPack/riscv-none-elf-gcc/12.2.0-3.1/bin/../lib/gcc/riscv-none-elf/12.2.0/../../../../riscv-none-elf/lib/libm.a(lib_a-math_errf.o)
 .text.__math_uflowf
                0x000000001000dd84        0xa /Users/yushanhuang/MaximSDK/Tools/xPack/riscv-none-elf-gcc/12.2.0-3.1/bin/../lib/gcc/riscv-none-elf/12.2.0/../../../../riscv-none-elf/lib/libm.a(lib_a-math_errf.o)
                0x000000001000dd84                __math_uflowf
 .text.__math_oflowf
                0x000000001000dd8e        0xa /Users/yushanhuang/MaximSDK/Tools/xPack/riscv-none-elf-gcc/12.2.0-3.1/bin/../lib/gcc/riscv-none-elf/12.2.0/../../../../riscv-none-elf/lib/libm.a(lib_a-math_errf.o)
                0x000000001000dd8e                __math_oflowf
 .text.finitef  0x000000001000dd98        0xe /Users/yushanhuang/MaximSDK/Tools/xPack/riscv-none-elf-gcc/12.2.0-3.1/bin/../lib/gcc/riscv-none-elf/12.2.0/../../../../riscv-none-elf/lib/libm.a(lib_a-sf_finite.o)
                0x000000001000dd98                finitef
 .text.__udivdi3
                0x000000001000dda6      0x3b0 /Users/yushanhuang/MaximSDK/Tools/xPack/riscv-none-elf-gcc/12.2.0-3.1/bin/../lib/gcc/riscv-none-elf/12.2.0/libgcc.a(_udivdi3.o)
                0x000000001000dda6                __udivdi3
 .text.__addsf3
                0x000000001000e156      0x368 /Users/yushanhuang/MaximSDK/Tools/xPack/riscv-none-elf-gcc/12.2.0-3.1/bin/../lib/gcc/riscv-none-elf/12.2.0/libgcc.a(addsf3.o)
                0x000000001000e156                __addsf3
 .text.__divsf3
                0x000000001000e4be      0x2ea /Users/yushanhuang/MaximSDK/Tools/xPack/riscv-none-elf-gcc/12.2.0-3.1/bin/../lib/gcc/riscv-none-elf/12.2.0/libgcc.a(divsf3.o)
                0x000000001000e4be                __divsf3
 .text.__gesf2  0x000000001000e7a8       0x96 /Users/yushanhuang/MaximSDK/Tools/xPack/riscv-none-elf-gcc/12.2.0-3.1/bin/../lib/gcc/riscv-none-elf/12.2.0/libgcc.a(gesf2.o)
                0x000000001000e7a8                __gtsf2
                0x000000001000e7a8                __gesf2
 .text.__lesf2  0x000000001000e83e       0x98 /Users/yushanhuang/MaximSDK/Tools/xPack/riscv-none-elf-gcc/12.2.0-3.1/bin/../lib/gcc/riscv-none-elf/12.2.0/libgcc.a(lesf2.o)
                0x000000001000e83e                __lesf2
                0x000000001000e83e                __ltsf2
 .text.__mulsf3
                0x000000001000e8d6      0x2d8 /Users/yushanhuang/MaximSDK/Tools/xPack/riscv-none-elf-gcc/12.2.0-3.1/bin/../lib/gcc/riscv-none-elf/12.2.0/libgcc.a(mulsf3.o)
                0x000000001000e8d6                __mulsf3
 .text.__subsf3
                0x000000001000ebae      0x38c /Users/yushanhuang/MaximSDK/Tools/xPack/riscv-none-elf-gcc/12.2.0-3.1/bin/../lib/gcc/riscv-none-elf/12.2.0/libgcc.a(subsf3.o)
                0x000000001000ebae                __subsf3
 .text.__fixsfsi
                0x000000001000ef3a       0x62 /Users/yushanhuang/MaximSDK/Tools/xPack/riscv-none-elf-gcc/12.2.0-3.1/bin/../lib/gcc/riscv-none-elf/12.2.0/libgcc.a(fixsfsi.o)
                0x000000001000ef3a                __fixsfsi
 .text.__floatsisf
                0x000000001000ef9c       0xcc /Users/yushanhuang/MaximSDK/Tools/xPack/riscv-none-elf-gcc/12.2.0-3.1/bin/../lib/gcc/riscv-none-elf/12.2.0/libgcc.a(floatsisf.o)
                0x000000001000ef9c                __floatsisf
 .text.__clzsi2
                0x000000001000f068       0x6e /Users/yushanhuang/MaximSDK/Tools/xPack/riscv-none-elf-gcc/12.2.0-3.1/bin/../lib/gcc/riscv-none-elf/12.2.0/libgcc.a(_clzsi2.o)
                0x000000001000f068                __clzsi2
 *(.srodata*)
 *fill*         0x000000001000f0d6        0x2 
 .srodata.num_leds
                0x000000001000f0d8        0x4 /Users/yushanhuang/Documents/YUSHAN_JOSH/ai8x-synthesis/model/v_nas_riscv/buildrv/board.o
                0x000000001000f0d8                num_leds
 .srodata._global_impure_ptr
                0x000000001000f0dc        0x4 /Users/yushanhuang/MaximSDK/Tools/xPack/riscv-none-elf-gcc/12.2.0-3.1/bin/../lib/gcc/riscv-none-elf/12.2.0/../../../../riscv-none-elf/lib/libc_nano.a(lib_a-impure.o)
                0x000000001000f0dc                _global_impure_ptr
 .srodata.cst4  0x000000001000f0e0        0xc /Users/yushanhuang/MaximSDK/Tools/xPack/riscv-none-elf-gcc/12.2.0-3.1/bin/../lib/gcc/riscv-none-elf/12.2.0/../../../../riscv-none-elf/lib/libm.a(lib_a-wf_exp.o)
 .srodata.ln2LO
                0x000000001000f0ec        0x8 /Users/yushanhuang/MaximSDK/Tools/xPack/riscv-none-elf-gcc/12.2.0-3.1/bin/../lib/gcc/riscv-none-elf/12.2.0/../../../../riscv-none-elf/lib/libm.a(lib_a-ef_exp.o)
 .srodata.ln2HI
                0x000000001000f0f4        0x8 /Users/yushanhuang/MaximSDK/Tools/xPack/riscv-none-elf-gcc/12.2.0-3.1/bin/../lib/gcc/riscv-none-elf/12.2.0/../../../../riscv-none-elf/lib/libm.a(lib_a-ef_exp.o)
 .srodata.halF  0x000000001000f0fc        0x8 /Users/yushanhuang/MaximSDK/Tools/xPack/riscv-none-elf-gcc/12.2.0-3.1/bin/../lib/gcc/riscv-none-elf/12.2.0/../../../../riscv-none-elf/lib/libm.a(lib_a-ef_exp.o)
 .srodata.cst4  0x000000001000f104       0x30 /Users/yushanhuang/MaximSDK/Tools/xPack/riscv-none-elf-gcc/12.2.0-3.1/bin/../lib/gcc/riscv-none-elf/12.2.0/../../../../riscv-none-elf/lib/libm.a(lib_a-ef_exp.o)
 .srodata.cst4  0x000000001000f134        0xc /Users/yushanhuang/MaximSDK/Tools/xPack/riscv-none-elf-gcc/12.2.0-3.1/bin/../lib/gcc/riscv-none-elf/12.2.0/../../../../riscv-none-elf/lib/libm.a(lib_a-math_errf.o)
                                         0x10 (size before relaxing)
 *(.rodata*)
 .rodata.main.str1.4
                0x000000001000f140       0x28 /Users/yushanhuang/Documents/YUSHAN_JOSH/ai8x-synthesis/model/v_nas_riscv/buildrv/main_riscv.o
 .rodata.bias_3
                0x000000001000f168       0xc0 /Users/yushanhuang/Documents/YUSHAN_JOSH/ai8x-synthesis/model/v_nas_riscv/buildrv/cnn.o
 .rodata.bias_2
                0x000000001000f228       0xe0 /Users/yushanhuang/Documents/YUSHAN_JOSH/ai8x-synthesis/model/v_nas_riscv/buildrv/cnn.o
 .rodata.bias_1
                0x000000001000f308       0xe0 /Users/yushanhuang/Documents/YUSHAN_JOSH/ai8x-synthesis/model/v_nas_riscv/buildrv/cnn.o
 .rodata.bias_0
                0x000000001000f3e8       0xca /Users/yushanhuang/Documents/YUSHAN_JOSH/ai8x-synthesis/model/v_nas_riscv/buildrv/cnn.o
 *fill*         0x000000001000f4b2        0x2 
 .rodata.kernels
                0x000000001000f4b4    0x4a9c4 /Users/yushanhuang/Documents/YUSHAN_JOSH/ai8x-synthesis/model/v_nas_riscv/buildrv/cnn.o
 .rodata.mxc_assert.str1.4
                0x0000000010059e78       0x19 /Users/yushanhuang/Documents/YUSHAN_JOSH/ai8x-synthesis/model/v_nas_riscv/buildrv/board.o
 *fill*         0x0000000010059e91        0x3 
 .rodata.led_pin
                0x0000000010059e94       0x30 /Users/yushanhuang/Documents/YUSHAN_JOSH/ai8x-synthesis/model/v_nas_riscv/buildrv/board.o
                0x0000000010059e94                led_pin
 .rodata.LED_On.str1.4
                0x0000000010059ec4       0x4b /Users/yushanhuang/Documents/YUSHAN_JOSH/ai8x-synthesis/model/v_nas_riscv/buildrv/led.o
 *fill*         0x0000000010059f0f        0x1 
 .rodata.gpio_cfg_tmr5
                0x0000000010059f10       0x18 /Users/yushanhuang/MaximSDK/Libraries/PeriphDrivers/bin/MAX78000/softfp_riscv/libPeriphDriver_softfp.a(pins_ai85.o)
                0x0000000010059f10                gpio_cfg_tmr5
 .rodata.gpio_cfg_tmr4
                0x0000000010059f28       0x18 /Users/yushanhuang/MaximSDK/Libraries/PeriphDrivers/bin/MAX78000/softfp_riscv/libPeriphDriver_softfp.a(pins_ai85.o)
                0x0000000010059f28                gpio_cfg_tmr4
 .rodata.gpio_cfg_tmr3b
                0x0000000010059f40       0x18 /Users/yushanhuang/MaximSDK/Libraries/PeriphDrivers/bin/MAX78000/softfp_riscv/libPeriphDriver_softfp.a(pins_ai85.o)
                0x0000000010059f40                gpio_cfg_tmr3b
 .rodata.gpio_cfg_tmr2b
                0x0000000010059f58       0x18 /Users/yushanhuang/MaximSDK/Libraries/PeriphDrivers/bin/MAX78000/softfp_riscv/libPeriphDriver_softfp.a(pins_ai85.o)
                0x0000000010059f58                gpio_cfg_tmr2b
 .rodata.gpio_cfg_tmr1b
                0x0000000010059f70       0x18 /Users/yushanhuang/MaximSDK/Libraries/PeriphDrivers/bin/MAX78000/softfp_riscv/libPeriphDriver_softfp.a(pins_ai85.o)
                0x0000000010059f70                gpio_cfg_tmr1b
 .rodata.gpio_cfg_tmr0b
                0x0000000010059f88       0x18 /Users/yushanhuang/MaximSDK/Libraries/PeriphDrivers/bin/MAX78000/softfp_riscv/libPeriphDriver_softfp.a(pins_ai85.o)
                0x0000000010059f88                gpio_cfg_tmr0b
 .rodata.gpio_cfg_tmr3
                0x0000000010059fa0       0x18 /Users/yushanhuang/MaximSDK/Libraries/PeriphDrivers/bin/MAX78000/softfp_riscv/libPeriphDriver_softfp.a(pins_ai85.o)
                0x0000000010059fa0                gpio_cfg_tmr3
 .rodata.gpio_cfg_tmr2
                0x0000000010059fb8       0x18 /Users/yushanhuang/MaximSDK/Libraries/PeriphDrivers/bin/MAX78000/softfp_riscv/libPeriphDriver_softfp.a(pins_ai85.o)
                0x0000000010059fb8                gpio_cfg_tmr2
 .rodata.gpio_cfg_tmr1
                0x0000000010059fd0       0x18 /Users/yushanhuang/MaximSDK/Libraries/PeriphDrivers/bin/MAX78000/softfp_riscv/libPeriphDriver_softfp.a(pins_ai85.o)
                0x0000000010059fd0                gpio_cfg_tmr1
 .rodata.gpio_cfg_tmr0
                0x0000000010059fe8       0x18 /Users/yushanhuang/MaximSDK/Libraries/PeriphDrivers/bin/MAX78000/softfp_riscv/libPeriphDriver_softfp.a(pins_ai85.o)
                0x0000000010059fe8                gpio_cfg_tmr0
 .rodata.gpio_cfg_extclk
                0x000000001005a000       0x18 /Users/yushanhuang/MaximSDK/Libraries/PeriphDrivers/bin/MAX78000/softfp_riscv/libPeriphDriver_softfp.a(pins_ai85.o)
                0x000000001005a000                gpio_cfg_extclk
 .rodata.MXC_SYS_ClockSourceEnable
                0x000000001005a018       0x20 /Users/yushanhuang/MaximSDK/Libraries/PeriphDrivers/bin/MAX78000/softfp_riscv/libPeriphDriver_softfp.a(sys_ai85.o)
 .rodata.MXC_DMA_RevA_Init.str1.4
                0x000000001005a038       0x61 /Users/yushanhuang/MaximSDK/Libraries/PeriphDrivers/bin/MAX78000/softfp_riscv/libPeriphDriver_softfp.a(dma_reva.o)
 *fill*         0x000000001005a099        0x3 
 .rodata.MXC_GPIO_Config
                0x000000001005a09c       0x28 /Users/yushanhuang/MaximSDK/Libraries/PeriphDrivers/bin/MAX78000/softfp_riscv/libPeriphDriver_softfp.a(gpio_ai85.o)
 .rodata.MXC_GPIO_RevA_SetAF
                0x000000001005a0c4       0x18 /Users/yushanhuang/MaximSDK/Libraries/PeriphDrivers/bin/MAX78000/softfp_riscv/libPeriphDriver_softfp.a(gpio_reva.o)
 .rodata.MXC_TMR_Init.str1.4
                0x000000001005a0dc       0x60 /Users/yushanhuang/MaximSDK/Libraries/PeriphDrivers/bin/MAX78000/softfp_riscv/libPeriphDriver_softfp.a(tmr_ai85.o)
 .rodata.MXC_TMR_Init
                0x000000001005a13c       0x2c /Users/yushanhuang/MaximSDK/Libraries/PeriphDrivers/bin/MAX78000/softfp_riscv/libPeriphDriver_softfp.a(tmr_ai85.o)
 .rodata.MXC_TMR_RevB_SetClockSourceFreq.str1.4
                0x000000001005a168       0x54 /Users/yushanhuang/MaximSDK/Libraries/PeriphDrivers/bin/MAX78000/softfp_riscv/libPeriphDriver_softfp.a(tmr_revb.o)
                                         0x60 (size before relaxing)
 .rodata.MXC_TMR_RevB_Init
                0x000000001005a1bc       0x24 /Users/yushanhuang/MaximSDK/Libraries/PeriphDrivers/bin/MAX78000/softfp_riscv/libPeriphDriver_softfp.a(tmr_revb.o)
 .rodata.MXC_GPIO_Common_Handler.str1.4
                0x000000001005a1e0       0x76 /Users/yushanhuang/MaximSDK/Libraries/PeriphDrivers/bin/MAX78000/softfp_riscv/libPeriphDriver_softfp.a(gpio_common.o)
 *fill*         0x000000001005a256        0x2 
 .rodata.CSWTCH.16
                0x000000001005a258        0xc /Users/yushanhuang/MaximSDK/Libraries/PeriphDrivers/bin/MAX78000/softfp_riscv/libPeriphDriver_softfp.a(gpio_common.o)
 .rodata.__sf_fake_stderr
                0x000000001005a264       0x20 /Users/yushanhuang/MaximSDK/Tools/xPack/riscv-none-elf-gcc/12.2.0-3.1/bin/../lib/gcc/riscv-none-elf/12.2.0/../../../../riscv-none-elf/lib/libc_nano.a(lib_a-findfp.o)
                0x000000001005a264                __sf_fake_stderr
 .rodata.__sf_fake_stdout
                0x000000001005a284       0x20 /Users/yushanhuang/MaximSDK/Tools/xPack/riscv-none-elf-gcc/12.2.0-3.1/bin/../lib/gcc/riscv-none-elf/12.2.0/../../../../riscv-none-elf/lib/libc_nano.a(lib_a-findfp.o)
                0x000000001005a284                __sf_fake_stdout
 .rodata.__sf_fake_stdin
                0x000000001005a2a4       0x20 /Users/yushanhuang/MaximSDK/Tools/xPack/riscv-none-elf-gcc/12.2.0-3.1/bin/../lib/gcc/riscv-none-elf/12.2.0/../../../../riscv-none-elf/lib/libc_nano.a(lib_a-findfp.o)
                0x000000001005a2a4                __sf_fake_stdin
 .rodata._vfprintf_r.str1.4
                0x000000001005a2c4       0x13 /Users/yushanhuang/MaximSDK/Tools/xPack/riscv-none-elf-gcc/12.2.0-3.1/bin/../lib/gcc/riscv-none-elf/12.2.0/../../../../riscv-none-elf/lib/libc_nano.a(lib_a-nano-vfprintf.o)
 *fill*         0x000000001005a2d7        0x1 
 .rodata._printf_i.str1.4
                0x000000001005a2d8       0x25 /Users/yushanhuang/MaximSDK/Tools/xPack/riscv-none-elf-gcc/12.2.0-3.1/bin/../lib/gcc/riscv-none-elf/12.2.0/../../../../riscv-none-elf/lib/libc_nano.a(lib_a-nano-vfprintf_i.o)
 *fill*         0x000000001005a2fd        0x3 
 .rodata._printf_i
                0x000000001005a300       0x58 /Users/yushanhuang/MaximSDK/Tools/xPack/riscv-none-elf-gcc/12.2.0-3.1/bin/../lib/gcc/riscv-none-elf/12.2.0/../../../../riscv-none-elf/lib/libc_nano.a(lib_a-nano-vfprintf_i.o)
 .rodata.__divsf3
                0x000000001005a358       0xa8 /Users/yushanhuang/MaximSDK/Tools/xPack/riscv-none-elf-gcc/12.2.0-3.1/bin/../lib/gcc/riscv-none-elf/12.2.0/libgcc.a(divsf3.o)
 .rodata.__clz_tab
                0x000000001005a400      0x100 /Users/yushanhuang/MaximSDK/Tools/xPack/riscv-none-elf-gcc/12.2.0-3.1/bin/../lib/gcc/riscv-none-elf/12.2.0/libgcc.a(_clz.o)
                0x000000001005a400                __clz_tab
 *(.init)
 *(.fini)
 *(.eh_frame*)
 .eh_frame      0x000000001005a500       0x28 /Users/yushanhuang/MaximSDK/Tools/xPack/riscv-none-elf-gcc/12.2.0-3.1/bin/../lib/gcc/riscv-none-elf/12.2.0/libgcc.a(_divdi3.o)
 .eh_frame      0x000000001005a528       0x28 /Users/yushanhuang/MaximSDK/Tools/xPack/riscv-none-elf-gcc/12.2.0-3.1/bin/../lib/gcc/riscv-none-elf/12.2.0/libgcc.a(_udivdi3.o)
                0x000000001005a550                _etext = .

.rvflash_section
                0x000000001005a550      0xc00
 .rvflash_section
                0x000000001005a550      0xc00 /Users/yushanhuang/Documents/YUSHAN_JOSH/ai8x-synthesis/model/v_nas_riscv/buildrv/main_riscv.o

.rela.dyn       0x000000001005b150        0x0
 .rela.text     0x000000001005b150        0x0 /Users/yushanhuang/Documents/YUSHAN_JOSH/ai8x-synthesis/model/v_nas_riscv/buildrv/main_riscv.o
 .rela.text.__libc_init_array
                0x000000001005b150        0x0 /Users/yushanhuang/Documents/YUSHAN_JOSH/ai8x-synthesis/model/v_nas_riscv/buildrv/main_riscv.o
 .rela.text._vfprintf_r
                0x000000001005b150        0x0 /Users/yushanhuang/Documents/YUSHAN_JOSH/ai8x-synthesis/model/v_nas_riscv/buildrv/main_riscv.o

.shared         0x0000000020010000        0x4
                0x0000000020010000                . = ALIGN (0x4)
                0x0000000020010000                _shared = .
 *(.mailbox*)
                0x0000000020010000                . = ALIGN (0x4)
 *(.shared*)
 .shared        0x0000000020010000        0x4 /Users/yushanhuang/Documents/YUSHAN_JOSH/ai8x-synthesis/model/v_nas_riscv/buildrv/system_riscv_max78000.o
                0x0000000020010000                SystemCoreClock
                0x0000000020010004                _eshared = ALIGN (., 0x4)

.sdata          0x0000000020010004        0x4 load address 0x000000001005b150
                0x0000000020010004                _sdata = ALIGN (., 0x4)
                0x0000000020010004                __sdata_start = .
                0x0000000020010804                PROVIDE (__global_pointer$ = (. + 0x800))
 *(.sdata*)
 .sdata._impure_ptr
                0x0000000020010004        0x4 /Users/yushanhuang/MaximSDK/Tools/xPack/riscv-none-elf-gcc/12.2.0-3.1/bin/../lib/gcc/riscv-none-elf/12.2.0/../../../../riscv-none-elf/lib/libc_nano.a(lib_a-impure.o)
                0x0000000020010004                _impure_ptr
                0x0000000020010008                _esdata = ALIGN (., 0x4)
                0x0000000020010008                __sdata_end = .
                0x000000001005b150                __load_sdata = LOADADDR (.sdata)

.data           0x0000000020010008       0x60 load address 0x000000001005b154
                0x0000000020010008                _data = ALIGN (., 0x4)
                0x0000000020010008                __data_start__ = .
 *(.data*)
 .data.impure_data
                0x0000000020010008       0x60 /Users/yushanhuang/MaximSDK/Tools/xPack/riscv-none-elf-gcc/12.2.0-3.1/bin/../lib/gcc/riscv-none-elf/12.2.0/../../../../riscv-none-elf/lib/libc_nano.a(lib_a-impure.o)
 *(.spix_config*)
                0x0000000020010068                . = ALIGN (0x4)
                0x0000000020010068                PROVIDE (__preinit_array_start = .)
 *(.preinit_array)
                0x0000000020010068                PROVIDE (__preinit_array_end = .)
                0x0000000020010068                . = ALIGN (0x4)
                0x0000000020010068                PROVIDE (__init_array_start = .)
 *(SORT_BY_NAME(.init_array.*))
 *(.init_array)
                0x0000000020010068                PROVIDE (__init_array_end = .)
                0x0000000020010068                . = ALIGN (0x4)
                [!provide]                        PROVIDE (__fini_array_start = .)
 *(SORT_BY_NAME(.fini_array.*))
 *(.fini_array)
                [!provide]                        PROVIDE (__fini_array_end = .)
                0x0000000020010068                _edata = ALIGN (., 0x4)
                0x0000000020010068                __data_end__ = .
                0x000000001005b154                __load_data = LOADADDR (.data)

.sbss           0x0000000020010068       0x3c load address 0x000000001005b1b4
                0x0000000020010068                . = ALIGN (0x4)
                0x0000000020010068                __sbss_start = .
                0x0000000020010068                __sbss_start__ = .
                0x0000000020010068                _sbss = .
 *(.sbss*)
 .sbss.cnn_time
                0x0000000020010068        0x4 /Users/yushanhuang/Documents/YUSHAN_JOSH/ai8x-synthesis/model/v_nas_riscv/buildrv/main_riscv.o
                0x0000000020010068                cnn_time
 .sbss.g_dma_mode
                0x000000002001006c        0x4 /Users/yushanhuang/Documents/YUSHAN_JOSH/ai8x-synthesis/model/v_nas_riscv/buildrv/camera.o
 .sbss.g_fifo_mode
                0x0000000020010070        0x4 /Users/yushanhuang/Documents/YUSHAN_JOSH/ai8x-synthesis/model/v_nas_riscv/buildrv/camera.o
 .sbss.g_total_img_size
                0x0000000020010074        0x4 /Users/yushanhuang/Documents/YUSHAN_JOSH/ai8x-synthesis/model/v_nas_riscv/buildrv/camera.o
 .sbss.g_is_img_rcv
                0x0000000020010078        0x4 /Users/yushanhuang/Documents/YUSHAN_JOSH/ai8x-synthesis/model/v_nas_riscv/buildrv/camera.o
 .sbss.rx_data_index
                0x000000002001007c        0x4 /Users/yushanhuang/Documents/YUSHAN_JOSH/ai8x-synthesis/model/v_nas_riscv/buildrv/camera.o
 .sbss.rx_data  0x0000000020010080        0x4 /Users/yushanhuang/Documents/YUSHAN_JOSH/ai8x-synthesis/model/v_nas_riscv/buildrv/camera.o
 .sbss.heap_end
                0x0000000020010084        0x4 /Users/yushanhuang/Documents/YUSHAN_JOSH/ai8x-synthesis/model/v_nas_riscv/buildrv/heap.o
 .sbss.initialized
                0x0000000020010088        0x1 /Users/yushanhuang/MaximSDK/Libraries/PeriphDrivers/bin/MAX78000/softfp_riscv/libPeriphDriver_softfp.a(gpio_common.o)
 *fill*         0x0000000020010089        0x3 
 .sbss.__malloc_sbrk_start
                0x000000002001008c        0x4 /Users/yushanhuang/MaximSDK/Tools/xPack/riscv-none-elf-gcc/12.2.0-3.1/bin/../lib/gcc/riscv-none-elf/12.2.0/../../../../riscv-none-elf/lib/libc_nano.a(lib_a-nano-mallocr.o)
                0x000000002001008c                __malloc_sbrk_start
 .sbss.__malloc_free_list
                0x0000000020010090        0x4 /Users/yushanhuang/MaximSDK/Tools/xPack/riscv-none-elf-gcc/12.2.0-3.1/bin/../lib/gcc/riscv-none-elf/12.2.0/../../../../riscv-none-elf/lib/libc_nano.a(lib_a-nano-mallocr.o)
                0x0000000020010090                __malloc_free_list
 .sbss.__lock___malloc_recursive_mutex
                0x0000000020010094        0x1 /Users/yushanhuang/MaximSDK/Tools/xPack/riscv-none-elf-gcc/12.2.0-3.1/bin/../lib/gcc/riscv-none-elf/12.2.0/../../../../riscv-none-elf/lib/libc_nano.a(lib_a-lock.o)
                0x0000000020010094                __lock___malloc_recursive_mutex
 *fill*         0x0000000020010095        0x3 
 .sbss.__lock___sfp_recursive_mutex
                0x0000000020010098        0x1 /Users/yushanhuang/MaximSDK/Tools/xPack/riscv-none-elf-gcc/12.2.0-3.1/bin/../lib/gcc/riscv-none-elf/12.2.0/../../../../riscv-none-elf/lib/libc_nano.a(lib_a-lock.o)
                0x0000000020010098                __lock___sfp_recursive_mutex
 *fill*         0x0000000020010099        0x3 
 .sbss.__lock___sinit_recursive_mutex
                0x000000002001009c        0x1 /Users/yushanhuang/MaximSDK/Tools/xPack/riscv-none-elf-gcc/12.2.0-3.1/bin/../lib/gcc/riscv-none-elf/12.2.0/../../../../riscv-none-elf/lib/libc_nano.a(lib_a-lock.o)
                0x000000002001009c                __lock___sinit_recursive_mutex
 *fill*         0x000000002001009d        0x3 
 .sbss.errno    0x00000000200100a0        0x4 /Users/yushanhuang/MaximSDK/Tools/xPack/riscv-none-elf-gcc/12.2.0-3.1/bin/../lib/gcc/riscv-none-elf/12.2.0/../../../../riscv-none-elf/lib/libc_nano.a(lib_a-reent.o)
                0x00000000200100a0                errno
 *(COMMON)
                0x00000000200100a4                _esbss = ALIGN (., 0x4)
                0x00000000200100a4                __sbss_end__ = .
                0x00000000200100a4                __sbss_end = .

.bss            0x00000000200100a4      0x5c0 load address 0x000000001005b1b4
                0x00000000200100a4                . = ALIGN (0x4)
                0x00000000200100a4                __bss_start = .
                0x00000000200100a4                __bss_start__ = .
                0x00000000200100a4                _bss = .
 *(.bss*)
 .bss.ml_softmax
                0x00000000200100a4       0x28 /Users/yushanhuang/Documents/YUSHAN_JOSH/ai8x-synthesis/model/v_nas_riscv/buildrv/main_riscv.o
 .bss.ml_data   0x00000000200100cc       0x28 /Users/yushanhuang/Documents/YUSHAN_JOSH/ai8x-synthesis/model/v_nas_riscv/buildrv/main_riscv.o
 .bss.dma_resource
                0x00000000200100f4      0x140 /Users/yushanhuang/MaximSDK/Libraries/PeriphDrivers/bin/MAX78000/softfp_riscv/libPeriphDriver_softfp.a(dma_reva.o)
 .bss.tmr_clksrc
                0x0000000020010234       0x30 /Users/yushanhuang/MaximSDK/Libraries/PeriphDrivers/bin/MAX78000/softfp_riscv/libPeriphDriver_softfp.a(tmr_revb.o)
 .bss.cbparam   0x0000000020010264      0x200 /Users/yushanhuang/MaximSDK/Libraries/PeriphDrivers/bin/MAX78000/softfp_riscv/libPeriphDriver_softfp.a(gpio_common.o)
 .bss.callback  0x0000000020010464      0x200 /Users/yushanhuang/MaximSDK/Libraries/PeriphDrivers/bin/MAX78000/softfp_riscv/libPeriphDriver_softfp.a(gpio_common.o)
 *(COMMON)
                0x0000000020010664                _ebss = ALIGN (., 0x4)
                0x0000000020010664                __bss_end__ = .
                0x0000000020010664                __bss_end = .
                0x000000002001c000                __StackTop = (ORIGIN (SRAM2) + LENGTH (SRAM2))
                0x000000002001bc00                __StackLimit = (__StackTop - SIZEOF (.stack_dummy))

.stack_dummy    0x0000000020010668      0x400 load address 0x000000001005b1b4
 *(.stack*)
 .stack         0x0000000020010668      0x400 /Users/yushanhuang/Documents/YUSHAN_JOSH/ai8x-synthesis/model/v_nas_riscv/buildrv/startup_riscv_max78000.o

.heap           0x0000000020010668      0xc00 load address 0x000000001005b1b4
                0x0000000020010668                . = ALIGN (0x4)
 *(.heap*)
 .heap          0x0000000020010668      0xc00 /Users/yushanhuang/Documents/YUSHAN_JOSH/ai8x-synthesis/model/v_nas_riscv/buildrv/startup_riscv_max78000.o
                0x0000000020010668                __HeapBase
                0x000000002001bc00                __HeapLimit = ABSOLUTE (__StackLimit)
                [!provide]                        PROVIDE (__stack = __StackTop)
                0x0000000000000001                ASSERT ((__StackLimit >= _ebss), region RAM overflowed with stack)
OUTPUT(/Users/yushanhuang/Documents/YUSHAN_JOSH/ai8x-synthesis/model/v_nas_riscv/buildrv/v_nas_riscv.elf elf32-littleriscv)

.debug_info     0x0000000000000000    0x12609
 .debug_info    0x0000000000000000      0x9d6 /Users/yushanhuang/Documents/YUSHAN_JOSH/ai8x-synthesis/model/v_nas_riscv/buildrv/main_riscv.o
 .debug_info    0x00000000000009d6     0x103f /Users/yushanhuang/Documents/YUSHAN_JOSH/ai8x-synthesis/model/v_nas_riscv/buildrv/cnn.o
 .debug_info    0x0000000000001a15      0x827 /Users/yushanhuang/Documents/YUSHAN_JOSH/ai8x-synthesis/model/v_nas_riscv/buildrv/board.o
 .debug_info    0x000000000000223c      0x66c /Users/yushanhuang/Documents/YUSHAN_JOSH/ai8x-synthesis/model/v_nas_riscv/buildrv/stdio.o
 .debug_info    0x00000000000028a8      0x669 /Users/yushanhuang/Documents/YUSHAN_JOSH/ai8x-synthesis/model/v_nas_riscv/buildrv/led.o
 .debug_info    0x0000000000002f11     0x1906 /Users/yushanhuang/Documents/YUSHAN_JOSH/ai8x-synthesis/model/v_nas_riscv/buildrv/camera.o
 .debug_info    0x0000000000004817      0x107 /Users/yushanhuang/Documents/YUSHAN_JOSH/ai8x-synthesis/model/v_nas_riscv/buildrv/heap.o
 .debug_info    0x000000000000491e      0x19e /Users/yushanhuang/Documents/YUSHAN_JOSH/ai8x-synthesis/model/v_nas_riscv/buildrv/system_riscv_max78000.o
 .debug_info    0x0000000000004abc      0x918 /Users/yushanhuang/MaximSDK/Libraries/PeriphDrivers/bin/MAX78000/softfp_riscv/libPeriphDriver_softfp.a(pins_ai85.o)
 .debug_info    0x00000000000053d4     0x10f2 /Users/yushanhuang/MaximSDK/Libraries/PeriphDrivers/bin/MAX78000/softfp_riscv/libPeriphDriver_softfp.a(sys_ai85.o)
 .debug_info    0x00000000000064c6     0x1156 /Users/yushanhuang/MaximSDK/Libraries/PeriphDrivers/bin/MAX78000/softfp_riscv/libPeriphDriver_softfp.a(dma_me17.o)
 .debug_info    0x000000000000761c     0x1153 /Users/yushanhuang/MaximSDK/Libraries/PeriphDrivers/bin/MAX78000/softfp_riscv/libPeriphDriver_softfp.a(dma_reva.o)
 .debug_info    0x000000000000876f     0x1396 /Users/yushanhuang/MaximSDK/Libraries/PeriphDrivers/bin/MAX78000/softfp_riscv/libPeriphDriver_softfp.a(gpio_ai85.o)
 .debug_info    0x0000000000009b05      0xa1f /Users/yushanhuang/MaximSDK/Libraries/PeriphDrivers/bin/MAX78000/softfp_riscv/libPeriphDriver_softfp.a(gpio_reva.o)
 .debug_info    0x000000000000a524      0x39b /Users/yushanhuang/MaximSDK/Libraries/PeriphDrivers/bin/MAX78000/softfp_riscv/libPeriphDriver_softfp.a(icc_me17.o)
 .debug_info    0x000000000000a8bf      0x276 /Users/yushanhuang/MaximSDK/Libraries/PeriphDrivers/bin/MAX78000/softfp_riscv/libPeriphDriver_softfp.a(icc_reva.o)
 .debug_info    0x000000000000ab35     0x17f3 /Users/yushanhuang/MaximSDK/Libraries/PeriphDrivers/bin/MAX78000/softfp_riscv/libPeriphDriver_softfp.a(tmr_ai85.o)
 .debug_info    0x000000000000c328     0x10b5 /Users/yushanhuang/MaximSDK/Libraries/PeriphDrivers/bin/MAX78000/softfp_riscv/libPeriphDriver_softfp.a(tmr_revb.o)
 .debug_info    0x000000000000d3dd     0x2115 /Users/yushanhuang/MaximSDK/Libraries/PeriphDrivers/bin/MAX78000/softfp_riscv/libPeriphDriver_softfp.a(uart_ai85.o)
 .debug_info    0x000000000000f4f2      0x2d5 /Users/yushanhuang/MaximSDK/Libraries/PeriphDrivers/bin/MAX78000/softfp_riscv/libPeriphDriver_softfp.a(uart_common.o)
 .debug_info    0x000000000000f7c7     0x2292 /Users/yushanhuang/MaximSDK/Libraries/PeriphDrivers/bin/MAX78000/softfp_riscv/libPeriphDriver_softfp.a(uart_revb.o)
 .debug_info    0x0000000000011a59      0x658 /Users/yushanhuang/MaximSDK/Libraries/PeriphDrivers/bin/MAX78000/softfp_riscv/libPeriphDriver_softfp.a(gpio_common.o)
 .debug_info    0x00000000000120b1      0x558 /Users/yushanhuang/MaximSDK/Libraries/PeriphDrivers/bin/MAX78000/softfp_riscv/libPeriphDriver_softfp.a(tmr_common.o)

.debug_abbrev   0x0000000000000000     0x371a
 .debug_abbrev  0x0000000000000000      0x26a /Users/yushanhuang/Documents/YUSHAN_JOSH/ai8x-synthesis/model/v_nas_riscv/buildrv/main_riscv.o
 .debug_abbrev  0x000000000000026a      0x388 /Users/yushanhuang/Documents/YUSHAN_JOSH/ai8x-synthesis/model/v_nas_riscv/buildrv/cnn.o
 .debug_abbrev  0x00000000000005f2      0x29e /Users/yushanhuang/Documents/YUSHAN_JOSH/ai8x-synthesis/model/v_nas_riscv/buildrv/board.o
 .debug_abbrev  0x0000000000000890      0x1db /Users/yushanhuang/Documents/YUSHAN_JOSH/ai8x-synthesis/model/v_nas_riscv/buildrv/stdio.o
 .debug_abbrev  0x0000000000000a6b      0x1f9 /Users/yushanhuang/Documents/YUSHAN_JOSH/ai8x-synthesis/model/v_nas_riscv/buildrv/led.o
 .debug_abbrev  0x0000000000000c64      0x4de /Users/yushanhuang/Documents/YUSHAN_JOSH/ai8x-synthesis/model/v_nas_riscv/buildrv/camera.o
 .debug_abbrev  0x0000000000001142       0xc6 /Users/yushanhuang/Documents/YUSHAN_JOSH/ai8x-synthesis/model/v_nas_riscv/buildrv/heap.o
 .debug_abbrev  0x0000000000001208      0x12e /Users/yushanhuang/Documents/YUSHAN_JOSH/ai8x-synthesis/model/v_nas_riscv/buildrv/system_riscv_max78000.o
 .debug_abbrev  0x0000000000001336       0xd8 /Users/yushanhuang/MaximSDK/Libraries/PeriphDrivers/bin/MAX78000/softfp_riscv/libPeriphDriver_softfp.a(pins_ai85.o)
 .debug_abbrev  0x000000000000140e      0x412 /Users/yushanhuang/MaximSDK/Libraries/PeriphDrivers/bin/MAX78000/softfp_riscv/libPeriphDriver_softfp.a(sys_ai85.o)
 .debug_abbrev  0x0000000000001820      0x21d /Users/yushanhuang/MaximSDK/Libraries/PeriphDrivers/bin/MAX78000/softfp_riscv/libPeriphDriver_softfp.a(dma_me17.o)
 .debug_abbrev  0x0000000000001a3d      0x3a2 /Users/yushanhuang/MaximSDK/Libraries/PeriphDrivers/bin/MAX78000/softfp_riscv/libPeriphDriver_softfp.a(dma_reva.o)
 .debug_abbrev  0x0000000000001ddf      0x2c1 /Users/yushanhuang/MaximSDK/Libraries/PeriphDrivers/bin/MAX78000/softfp_riscv/libPeriphDriver_softfp.a(gpio_ai85.o)
 .debug_abbrev  0x00000000000020a0      0x154 /Users/yushanhuang/MaximSDK/Libraries/PeriphDrivers/bin/MAX78000/softfp_riscv/libPeriphDriver_softfp.a(gpio_reva.o)
 .debug_abbrev  0x00000000000021f4      0x204 /Users/yushanhuang/MaximSDK/Libraries/PeriphDrivers/bin/MAX78000/softfp_riscv/libPeriphDriver_softfp.a(icc_me17.o)
 .debug_abbrev  0x00000000000023f8      0x199 /Users/yushanhuang/MaximSDK/Libraries/PeriphDrivers/bin/MAX78000/softfp_riscv/libPeriphDriver_softfp.a(icc_reva.o)
 .debug_abbrev  0x0000000000002591      0x258 /Users/yushanhuang/MaximSDK/Libraries/PeriphDrivers/bin/MAX78000/softfp_riscv/libPeriphDriver_softfp.a(tmr_ai85.o)
 .debug_abbrev  0x00000000000027e9      0x25a /Users/yushanhuang/MaximSDK/Libraries/PeriphDrivers/bin/MAX78000/softfp_riscv/libPeriphDriver_softfp.a(tmr_revb.o)
 .debug_abbrev  0x0000000000002a43      0x37a /Users/yushanhuang/MaximSDK/Libraries/PeriphDrivers/bin/MAX78000/softfp_riscv/libPeriphDriver_softfp.a(uart_ai85.o)
 .debug_abbrev  0x0000000000002dbd      0x132 /Users/yushanhuang/MaximSDK/Libraries/PeriphDrivers/bin/MAX78000/softfp_riscv/libPeriphDriver_softfp.a(uart_common.o)
 .debug_abbrev  0x0000000000002eef      0x44f /Users/yushanhuang/MaximSDK/Libraries/PeriphDrivers/bin/MAX78000/softfp_riscv/libPeriphDriver_softfp.a(uart_revb.o)
 .debug_abbrev  0x000000000000333e      0x216 /Users/yushanhuang/MaximSDK/Libraries/PeriphDrivers/bin/MAX78000/softfp_riscv/libPeriphDriver_softfp.a(gpio_common.o)
 .debug_abbrev  0x0000000000003554      0x1c6 /Users/yushanhuang/MaximSDK/Libraries/PeriphDrivers/bin/MAX78000/softfp_riscv/libPeriphDriver_softfp.a(tmr_common.o)

.debug_loclists
                0x0000000000000000     0x5cc1
 .debug_loclists
                0x0000000000000000      0x20b /Users/yushanhuang/Documents/YUSHAN_JOSH/ai8x-synthesis/model/v_nas_riscv/buildrv/main_riscv.o
 .debug_loclists
                0x000000000000020b      0x45a /Users/yushanhuang/Documents/YUSHAN_JOSH/ai8x-synthesis/model/v_nas_riscv/buildrv/cnn.o
 .debug_loclists
                0x0000000000000665       0x7f /Users/yushanhuang/Documents/YUSHAN_JOSH/ai8x-synthesis/model/v_nas_riscv/buildrv/board.o
 .debug_loclists
                0x00000000000006e4      0x28e /Users/yushanhuang/Documents/YUSHAN_JOSH/ai8x-synthesis/model/v_nas_riscv/buildrv/stdio.o
 .debug_loclists
                0x0000000000000972      0x120 /Users/yushanhuang/Documents/YUSHAN_JOSH/ai8x-synthesis/model/v_nas_riscv/buildrv/led.o
 .debug_loclists
                0x0000000000000a92      0x4b7 /Users/yushanhuang/Documents/YUSHAN_JOSH/ai8x-synthesis/model/v_nas_riscv/buildrv/camera.o
 .debug_loclists
                0x0000000000000f49       0x69 /Users/yushanhuang/Documents/YUSHAN_JOSH/ai8x-synthesis/model/v_nas_riscv/buildrv/heap.o
 .debug_loclists
                0x0000000000000fb2      0x353 /Users/yushanhuang/MaximSDK/Libraries/PeriphDrivers/bin/MAX78000/softfp_riscv/libPeriphDriver_softfp.a(sys_ai85.o)
 .debug_loclists
                0x0000000000001305      0x2e4 /Users/yushanhuang/MaximSDK/Libraries/PeriphDrivers/bin/MAX78000/softfp_riscv/libPeriphDriver_softfp.a(dma_me17.o)
 .debug_loclists
                0x00000000000015e9      0x91b /Users/yushanhuang/MaximSDK/Libraries/PeriphDrivers/bin/MAX78000/softfp_riscv/libPeriphDriver_softfp.a(dma_reva.o)
 .debug_loclists
                0x0000000000001f04      0x73a /Users/yushanhuang/MaximSDK/Libraries/PeriphDrivers/bin/MAX78000/softfp_riscv/libPeriphDriver_softfp.a(gpio_ai85.o)
 .debug_loclists
                0x000000000000263e      0x295 /Users/yushanhuang/MaximSDK/Libraries/PeriphDrivers/bin/MAX78000/softfp_riscv/libPeriphDriver_softfp.a(gpio_reva.o)
 .debug_loclists
                0x00000000000028d3       0xe0 /Users/yushanhuang/MaximSDK/Libraries/PeriphDrivers/bin/MAX78000/softfp_riscv/libPeriphDriver_softfp.a(icc_me17.o)
 .debug_loclists
                0x00000000000029b3       0x7d /Users/yushanhuang/MaximSDK/Libraries/PeriphDrivers/bin/MAX78000/softfp_riscv/libPeriphDriver_softfp.a(icc_reva.o)
 .debug_loclists
                0x0000000000002a30      0x7e4 /Users/yushanhuang/MaximSDK/Libraries/PeriphDrivers/bin/MAX78000/softfp_riscv/libPeriphDriver_softfp.a(tmr_ai85.o)
 .debug_loclists
                0x0000000000003214      0x9cf /Users/yushanhuang/MaximSDK/Libraries/PeriphDrivers/bin/MAX78000/softfp_riscv/libPeriphDriver_softfp.a(tmr_revb.o)
 .debug_loclists
                0x0000000000003be3      0xc6c /Users/yushanhuang/MaximSDK/Libraries/PeriphDrivers/bin/MAX78000/softfp_riscv/libPeriphDriver_softfp.a(uart_ai85.o)
 .debug_loclists
                0x000000000000484f       0x86 /Users/yushanhuang/MaximSDK/Libraries/PeriphDrivers/bin/MAX78000/softfp_riscv/libPeriphDriver_softfp.a(uart_common.o)
 .debug_loclists
                0x00000000000048d5     0x119e /Users/yushanhuang/MaximSDK/Libraries/PeriphDrivers/bin/MAX78000/softfp_riscv/libPeriphDriver_softfp.a(uart_revb.o)
 .debug_loclists
                0x0000000000005a73       0xb7 /Users/yushanhuang/MaximSDK/Libraries/PeriphDrivers/bin/MAX78000/softfp_riscv/libPeriphDriver_softfp.a(gpio_common.o)
 .debug_loclists
                0x0000000000005b2a      0x197 /Users/yushanhuang/MaximSDK/Libraries/PeriphDrivers/bin/MAX78000/softfp_riscv/libPeriphDriver_softfp.a(tmr_common.o)

.debug_aranges  0x0000000000000000      0xd50
 .debug_aranges
                0x0000000000000000       0x48 /Users/yushanhuang/Documents/YUSHAN_JOSH/ai8x-synthesis/model/v_nas_riscv/buildrv/main_riscv.o
 .debug_aranges
                0x0000000000000048       0x88 /Users/yushanhuang/Documents/YUSHAN_JOSH/ai8x-synthesis/model/v_nas_riscv/buildrv/cnn.o
 .debug_aranges
                0x00000000000000d0       0x68 /Users/yushanhuang/Documents/YUSHAN_JOSH/ai8x-synthesis/model/v_nas_riscv/buildrv/board.o
 .debug_aranges
                0x0000000000000138       0x50 /Users/yushanhuang/Documents/YUSHAN_JOSH/ai8x-synthesis/model/v_nas_riscv/buildrv/stdio.o
 .debug_aranges
                0x0000000000000188       0x38 /Users/yushanhuang/Documents/YUSHAN_JOSH/ai8x-synthesis/model/v_nas_riscv/buildrv/led.o
 .debug_aranges
                0x00000000000001c0      0x108 /Users/yushanhuang/Documents/YUSHAN_JOSH/ai8x-synthesis/model/v_nas_riscv/buildrv/camera.o
 .debug_aranges
                0x00000000000002c8       0x20 /Users/yushanhuang/Documents/YUSHAN_JOSH/ai8x-synthesis/model/v_nas_riscv/buildrv/heap.o
 .debug_aranges
                0x00000000000002e8       0x50 /Users/yushanhuang/Documents/YUSHAN_JOSH/ai8x-synthesis/model/v_nas_riscv/buildrv/system_riscv_max78000.o
 .debug_aranges
                0x0000000000000338       0x18 /Users/yushanhuang/MaximSDK/Libraries/PeriphDrivers/bin/MAX78000/softfp_riscv/libPeriphDriver_softfp.a(pins_ai85.o)
 .debug_aranges
                0x0000000000000350       0xa0 /Users/yushanhuang/MaximSDK/Libraries/PeriphDrivers/bin/MAX78000/softfp_riscv/libPeriphDriver_softfp.a(sys_ai85.o)
 .debug_aranges
                0x00000000000003f0       0xd8 /Users/yushanhuang/MaximSDK/Libraries/PeriphDrivers/bin/MAX78000/softfp_riscv/libPeriphDriver_softfp.a(dma_me17.o)
 .debug_aranges
                0x00000000000004c8       0xf0 /Users/yushanhuang/MaximSDK/Libraries/PeriphDrivers/bin/MAX78000/softfp_riscv/libPeriphDriver_softfp.a(dma_reva.o)
 .debug_aranges
                0x00000000000005b8       0xc8 /Users/yushanhuang/MaximSDK/Libraries/PeriphDrivers/bin/MAX78000/softfp_riscv/libPeriphDriver_softfp.a(gpio_ai85.o)
 .debug_aranges
                0x0000000000000680       0xa0 /Users/yushanhuang/MaximSDK/Libraries/PeriphDrivers/bin/MAX78000/softfp_riscv/libPeriphDriver_softfp.a(gpio_reva.o)
 .debug_aranges
                0x0000000000000720       0x38 /Users/yushanhuang/MaximSDK/Libraries/PeriphDrivers/bin/MAX78000/softfp_riscv/libPeriphDriver_softfp.a(icc_me17.o)
 .debug_aranges
                0x0000000000000758       0x30 /Users/yushanhuang/MaximSDK/Libraries/PeriphDrivers/bin/MAX78000/softfp_riscv/libPeriphDriver_softfp.a(icc_reva.o)
 .debug_aranges
                0x0000000000000788       0xf0 /Users/yushanhuang/MaximSDK/Libraries/PeriphDrivers/bin/MAX78000/softfp_riscv/libPeriphDriver_softfp.a(tmr_ai85.o)
 .debug_aranges
                0x0000000000000878       0xd0 /Users/yushanhuang/MaximSDK/Libraries/PeriphDrivers/bin/MAX78000/softfp_riscv/libPeriphDriver_softfp.a(tmr_revb.o)
 .debug_aranges
                0x0000000000000948      0x1b0 /Users/yushanhuang/MaximSDK/Libraries/PeriphDrivers/bin/MAX78000/softfp_riscv/libPeriphDriver_softfp.a(uart_ai85.o)
 .debug_aranges
                0x0000000000000af8       0x28 /Users/yushanhuang/MaximSDK/Libraries/PeriphDrivers/bin/MAX78000/softfp_riscv/libPeriphDriver_softfp.a(uart_common.o)
 .debug_aranges
                0x0000000000000b20      0x1a8 /Users/yushanhuang/MaximSDK/Libraries/PeriphDrivers/bin/MAX78000/softfp_riscv/libPeriphDriver_softfp.a(uart_revb.o)
 .debug_aranges
                0x0000000000000cc8       0x30 /Users/yushanhuang/MaximSDK/Libraries/PeriphDrivers/bin/MAX78000/softfp_riscv/libPeriphDriver_softfp.a(gpio_common.o)
 .debug_aranges
                0x0000000000000cf8       0x58 /Users/yushanhuang/MaximSDK/Libraries/PeriphDrivers/bin/MAX78000/softfp_riscv/libPeriphDriver_softfp.a(tmr_common.o)

.debug_rnglists
                0x0000000000000000      0xf1b
 .debug_rnglists
                0x0000000000000000       0x43 /Users/yushanhuang/Documents/YUSHAN_JOSH/ai8x-synthesis/model/v_nas_riscv/buildrv/main_riscv.o
 .debug_rnglists
                0x0000000000000043       0xd7 /Users/yushanhuang/Documents/YUSHAN_JOSH/ai8x-synthesis/model/v_nas_riscv/buildrv/cnn.o
 .debug_rnglists
                0x000000000000011a       0x67 /Users/yushanhuang/Documents/YUSHAN_JOSH/ai8x-synthesis/model/v_nas_riscv/buildrv/board.o
 .debug_rnglists
                0x0000000000000181       0x4c /Users/yushanhuang/Documents/YUSHAN_JOSH/ai8x-synthesis/model/v_nas_riscv/buildrv/stdio.o
 .debug_rnglists
                0x00000000000001cd       0x44 /Users/yushanhuang/Documents/YUSHAN_JOSH/ai8x-synthesis/model/v_nas_riscv/buildrv/led.o
 .debug_rnglists
                0x0000000000000211      0x17a /Users/yushanhuang/Documents/YUSHAN_JOSH/ai8x-synthesis/model/v_nas_riscv/buildrv/camera.o
 .debug_rnglists
                0x000000000000038b       0x16 /Users/yushanhuang/Documents/YUSHAN_JOSH/ai8x-synthesis/model/v_nas_riscv/buildrv/heap.o
 .debug_rnglists
                0x00000000000003a1       0x4c /Users/yushanhuang/Documents/YUSHAN_JOSH/ai8x-synthesis/model/v_nas_riscv/buildrv/system_riscv_max78000.o
 .debug_rnglists
                0x00000000000003ed       0xcc /Users/yushanhuang/MaximSDK/Libraries/PeriphDrivers/bin/MAX78000/softfp_riscv/libPeriphDriver_softfp.a(sys_ai85.o)
 .debug_rnglists
                0x00000000000004b9       0xe5 /Users/yushanhuang/MaximSDK/Libraries/PeriphDrivers/bin/MAX78000/softfp_riscv/libPeriphDriver_softfp.a(dma_me17.o)
 .debug_rnglists
                0x000000000000059e      0x11c /Users/yushanhuang/MaximSDK/Libraries/PeriphDrivers/bin/MAX78000/softfp_riscv/libPeriphDriver_softfp.a(dma_reva.o)
 .debug_rnglists
                0x00000000000006ba       0xef /Users/yushanhuang/MaximSDK/Libraries/PeriphDrivers/bin/MAX78000/softfp_riscv/libPeriphDriver_softfp.a(gpio_ai85.o)
 .debug_rnglists
                0x00000000000007a9       0xa6 /Users/yushanhuang/MaximSDK/Libraries/PeriphDrivers/bin/MAX78000/softfp_riscv/libPeriphDriver_softfp.a(gpio_reva.o)
 .debug_rnglists
                0x000000000000084f       0x44 /Users/yushanhuang/MaximSDK/Libraries/PeriphDrivers/bin/MAX78000/softfp_riscv/libPeriphDriver_softfp.a(icc_me17.o)
 .debug_rnglists
                0x0000000000000893       0x28 /Users/yushanhuang/MaximSDK/Libraries/PeriphDrivers/bin/MAX78000/softfp_riscv/libPeriphDriver_softfp.a(icc_reva.o)
 .debug_rnglists
                0x00000000000008bb      0x100 /Users/yushanhuang/MaximSDK/Libraries/PeriphDrivers/bin/MAX78000/softfp_riscv/libPeriphDriver_softfp.a(tmr_ai85.o)
 .debug_rnglists
                0x00000000000009bb       0xdc /Users/yushanhuang/MaximSDK/Libraries/PeriphDrivers/bin/MAX78000/softfp_riscv/libPeriphDriver_softfp.a(tmr_revb.o)
 .debug_rnglists
                0x0000000000000a97      0x1d8 /Users/yushanhuang/MaximSDK/Libraries/PeriphDrivers/bin/MAX78000/softfp_riscv/libPeriphDriver_softfp.a(uart_ai85.o)
 .debug_rnglists
                0x0000000000000c6f       0x1f /Users/yushanhuang/MaximSDK/Libraries/PeriphDrivers/bin/MAX78000/softfp_riscv/libPeriphDriver_softfp.a(uart_common.o)
 .debug_rnglists
                0x0000000000000c8e      0x210 /Users/yushanhuang/MaximSDK/Libraries/PeriphDrivers/bin/MAX78000/softfp_riscv/libPeriphDriver_softfp.a(uart_revb.o)
 .debug_rnglists
                0x0000000000000e9e       0x28 /Users/yushanhuang/MaximSDK/Libraries/PeriphDrivers/bin/MAX78000/softfp_riscv/libPeriphDriver_softfp.a(gpio_common.o)
 .debug_rnglists
                0x0000000000000ec6       0x55 /Users/yushanhuang/MaximSDK/Libraries/PeriphDrivers/bin/MAX78000/softfp_riscv/libPeriphDriver_softfp.a(tmr_common.o)

.debug_macro    0x0000000000000000     0xd97a
 .debug_macro   0x0000000000000000      0x52d /Users/yushanhuang/Documents/YUSHAN_JOSH/ai8x-synthesis/model/v_nas_riscv/buildrv/main_riscv.o
 .debug_macro   0x000000000000052d      0x77e /Users/yushanhuang/Documents/YUSHAN_JOSH/ai8x-synthesis/model/v_nas_riscv/buildrv/main_riscv.o
 .debug_macro   0x0000000000000cab       0x19 /Users/yushanhuang/Documents/YUSHAN_JOSH/ai8x-synthesis/model/v_nas_riscv/buildrv/main_riscv.o
 .debug_macro   0x0000000000000cc4       0x22 /Users/yushanhuang/Documents/YUSHAN_JOSH/ai8x-synthesis/model/v_nas_riscv/buildrv/main_riscv.o
 .debug_macro   0x0000000000000ce6       0x5e /Users/yushanhuang/Documents/YUSHAN_JOSH/ai8x-synthesis/model/v_nas_riscv/buildrv/main_riscv.o
 .debug_macro   0x0000000000000d44       0x94 /Users/yushanhuang/Documents/YUSHAN_JOSH/ai8x-synthesis/model/v_nas_riscv/buildrv/main_riscv.o
 .debug_macro   0x0000000000000dd8       0x3b /Users/yushanhuang/Documents/YUSHAN_JOSH/ai8x-synthesis/model/v_nas_riscv/buildrv/main_riscv.o
 .debug_macro   0x0000000000000e13       0x34 /Users/yushanhuang/Documents/YUSHAN_JOSH/ai8x-synthesis/model/v_nas_riscv/buildrv/main_riscv.o
 .debug_macro   0x0000000000000e47       0x16 /Users/yushanhuang/Documents/YUSHAN_JOSH/ai8x-synthesis/model/v_nas_riscv/buildrv/main_riscv.o
 .debug_macro   0x0000000000000e5d      0x11c /Users/yushanhuang/Documents/YUSHAN_JOSH/ai8x-synthesis/model/v_nas_riscv/buildrv/main_riscv.o
 .debug_macro   0x0000000000000f79       0x94 /Users/yushanhuang/Documents/YUSHAN_JOSH/ai8x-synthesis/model/v_nas_riscv/buildrv/main_riscv.o
 .debug_macro   0x000000000000100d       0x16 /Users/yushanhuang/Documents/YUSHAN_JOSH/ai8x-synthesis/model/v_nas_riscv/buildrv/main_riscv.o
 .debug_macro   0x0000000000001023       0x43 /Users/yushanhuang/Documents/YUSHAN_JOSH/ai8x-synthesis/model/v_nas_riscv/buildrv/main_riscv.o
 .debug_macro   0x0000000000001066       0x57 /Users/yushanhuang/Documents/YUSHAN_JOSH/ai8x-synthesis/model/v_nas_riscv/buildrv/main_riscv.o
 .debug_macro   0x00000000000010bd       0x34 /Users/yushanhuang/Documents/YUSHAN_JOSH/ai8x-synthesis/model/v_nas_riscv/buildrv/main_riscv.o
 .debug_macro   0x00000000000010f1       0x10 /Users/yushanhuang/Documents/YUSHAN_JOSH/ai8x-synthesis/model/v_nas_riscv/buildrv/main_riscv.o
 .debug_macro   0x0000000000001101       0x58 /Users/yushanhuang/Documents/YUSHAN_JOSH/ai8x-synthesis/model/v_nas_riscv/buildrv/main_riscv.o
 .debug_macro   0x0000000000001159      0x182 /Users/yushanhuang/Documents/YUSHAN_JOSH/ai8x-synthesis/model/v_nas_riscv/buildrv/main_riscv.o
 .debug_macro   0x00000000000012db      0x341 /Users/yushanhuang/Documents/YUSHAN_JOSH/ai8x-synthesis/model/v_nas_riscv/buildrv/main_riscv.o
 .debug_macro   0x000000000000161c       0x16 /Users/yushanhuang/Documents/YUSHAN_JOSH/ai8x-synthesis/model/v_nas_riscv/buildrv/main_riscv.o
 .debug_macro   0x0000000000001632       0x29 /Users/yushanhuang/Documents/YUSHAN_JOSH/ai8x-synthesis/model/v_nas_riscv/buildrv/main_riscv.o
 .debug_macro   0x000000000000165b      0x103 /Users/yushanhuang/Documents/YUSHAN_JOSH/ai8x-synthesis/model/v_nas_riscv/buildrv/main_riscv.o
 .debug_macro   0x000000000000175e       0x6a /Users/yushanhuang/Documents/YUSHAN_JOSH/ai8x-synthesis/model/v_nas_riscv/buildrv/main_riscv.o
 .debug_macro   0x00000000000017c8      0x1df /Users/yushanhuang/Documents/YUSHAN_JOSH/ai8x-synthesis/model/v_nas_riscv/buildrv/main_riscv.o
 .debug_macro   0x00000000000019a7       0x16 /Users/yushanhuang/Documents/YUSHAN_JOSH/ai8x-synthesis/model/v_nas_riscv/buildrv/main_riscv.o
 .debug_macro   0x00000000000019bd       0x35 /Users/yushanhuang/Documents/YUSHAN_JOSH/ai8x-synthesis/model/v_nas_riscv/buildrv/main_riscv.o
 .debug_macro   0x00000000000019f2       0x1c /Users/yushanhuang/Documents/YUSHAN_JOSH/ai8x-synthesis/model/v_nas_riscv/buildrv/main_riscv.o
 .debug_macro   0x0000000000001a0e       0x10 /Users/yushanhuang/Documents/YUSHAN_JOSH/ai8x-synthesis/model/v_nas_riscv/buildrv/main_riscv.o
 .debug_macro   0x0000000000001a1e       0x10 /Users/yushanhuang/Documents/YUSHAN_JOSH/ai8x-synthesis/model/v_nas_riscv/buildrv/main_riscv.o
 .debug_macro   0x0000000000001a2e       0x1c /Users/yushanhuang/Documents/YUSHAN_JOSH/ai8x-synthesis/model/v_nas_riscv/buildrv/main_riscv.o
 .debug_macro   0x0000000000001a4a       0x52 /Users/yushanhuang/Documents/YUSHAN_JOSH/ai8x-synthesis/model/v_nas_riscv/buildrv/main_riscv.o