../drivers/fsl_lpuart.c:171:13:LPUART_ReadNonBlocking.part.0	8	static
../drivers/fsl_lpuart.c:95:10:LPUART_GetInstance.part.0	8	static
../drivers/fsl_lpuart.c:140:13:LPUART_TransferIsRxRingBufferFull.part.0	8	static
../drivers/fsl_lpuart.c:1591:6:LPUART_TransferHandleIRQ	32	static
../drivers/fsl_lpuart.c:95:10:LPUART_GetInstance	8	static
../drivers/fsl_lpuart.c:119:8:LPUART_TransferGetRxRingBufferLength	8	static
../drivers/fsl_lpuart.c:225:10:LPUART_Init	32	static
../drivers/fsl_lpuart.c:459:6:LPUART_Deinit	8	static
../drivers/fsl_lpuart.c:515:6:LPUART_GetDefaultConfig	8	static
../drivers/fsl_lpuart.c:560:10:LPUART_SetBaudRate	32	static
../drivers/fsl_lpuart.c:648:6:LPUART_Enable9bitMode	8	static
../drivers/fsl_lpuart.c:682:6:LPUART_SendAddress	8	static
../drivers/fsl_lpuart.c:704:6:LPUART_EnableInterrupts	4	static
../drivers/fsl_lpuart.c:754:6:LPUART_DisableInterrupts	0	static
../drivers/fsl_lpuart.c:811:10:LPUART_GetEnabledInterrupts	4	static
../drivers/fsl_lpuart.c:858:10:LPUART_GetStatusFlags	4	static
../drivers/fsl_lpuart.c:898:10:LPUART_ClearStatusFlags	8	static
../drivers/fsl_lpuart.c:957:10:LPUART_WriteBlocking	8	static
../drivers/fsl_lpuart.c:1022:10:LPUART_ReadBlocking	24	static
../drivers/fsl_lpuart.c:1141:6:LPUART_TransferCreateHandle	32	static
../drivers/fsl_lpuart.c:1200:6:LPUART_TransferStartRingBuffer	8	static
../drivers/fsl_lpuart.c:1229:6:LPUART_TransferStopRingBuffer	8	static
../drivers/fsl_lpuart.c:1267:10:LPUART_TransferSendNonBlocking	8	static
../drivers/fsl_lpuart.c:1310:6:LPUART_TransferAbortSend	8	static
../drivers/fsl_lpuart.c:1335:10:LPUART_TransferGetSendCount	8	static
../drivers/fsl_lpuart.c:1393:10:LPUART_TransferReceiveNonBlocking	24	static
../drivers/fsl_lpuart.c:1532:6:LPUART_TransferAbortReceive	8	static
../drivers/fsl_lpuart.c:1563:10:LPUART_TransferGetReceiveCount	8	static
../drivers/fsl_lpuart.c:1845:6:LPUART_TransferHandleErrorIRQ	0	static
