Archive member included to satisfy reference by file (symbol)

../Middlewares/ST/AI/Lib\NetworkRuntime801_CM7_GCC.a(ai_platform.o)
                              X-CUBE-AI/App/network.o (ai_buffer_array_item_set_address)
../Middlewares/ST/AI/Lib\NetworkRuntime801_CM7_GCC.a(ai_platform_interface.o)
                              X-CUBE-AI/App/network.o (ai_platform_get_weights_map)
../Middlewares/ST/AI/Lib\NetworkRuntime801_CM7_GCC.a(core_mem_manager.o)
                              ../Middlewares/ST/AI/Lib\NetworkRuntime801_CM7_GCC.a(ai_platform_interface.o) (core_mem_alloc)
../Middlewares/ST/AI/Lib\NetworkRuntime801_CM7_GCC.a(core_common.o)
                              ../Middlewares/ST/AI/Lib\NetworkRuntime801_CM7_GCC.a(ai_platform_interface.o) (core_init)
../Middlewares/ST/AI/Lib\NetworkRuntime801_CM7_GCC.a(layers_conv2d_stm32_integer.o)
                              X-CUBE-AI/App/network.o (forward_conv2d_integer_SSSA)
../Middlewares/ST/AI/Lib\NetworkRuntime801_CM7_GCC.a(layers_stm32_integer.o)
                              X-CUBE-AI/App/network.o (forward_eltwise_integer_INT8)
../Middlewares/ST/AI/Lib\NetworkRuntime801_CM7_GCC.a(layers.o)
                              ../Middlewares/ST/AI/Lib\NetworkRuntime801_CM7_GCC.a(ai_platform_interface.o) (ai_check_custom_types)
../Middlewares/ST/AI/Lib\NetworkRuntime801_CM7_GCC.a(layers_pool_stm32_integer.o)
                              X-CUBE-AI/App/network.o (pool_func_mp_array_integer_INT8)
../Middlewares/ST/AI/Lib\NetworkRuntime801_CM7_GCC.a(ai_math_helpers.o)
                              X-CUBE-AI/App/network.o (ai_sum_f32)
../Middlewares/ST/AI/Lib\NetworkRuntime801_CM7_GCC.a(st_ssua8_convolve_dw.o)
                              ../Middlewares/ST/AI/Lib\NetworkRuntime801_CM7_GCC.a(layers_conv2d_stm32_integer.o) (st_ssua8_conv_dw_Wadapt)
../Middlewares/ST/AI/Lib\NetworkRuntime801_CM7_GCC.a(st_uaua8_ch_convolve.o)
                              ../Middlewares/ST/AI/Lib\NetworkRuntime801_CM7_GCC.a(layers_conv2d_stm32_integer.o) (st_uaua8_ch_convolve_rank1upd)
../Middlewares/ST/AI/Lib\NetworkRuntime801_CM7_GCC.a(st_ssua8_ch_convolve.o)
                              ../Middlewares/ST/AI/Lib\NetworkRuntime801_CM7_GCC.a(layers_conv2d_stm32_integer.o) (st_ssua8_ch_convolve_rank1upd)
../Middlewares/ST/AI/Lib\NetworkRuntime801_CM7_GCC.a(st_uaua8_convolve.o)
                              ../Middlewares/ST/AI/Lib\NetworkRuntime801_CM7_GCC.a(layers_conv2d_stm32_integer.o) (st_uaua8_convolve_rank1upd)
../Middlewares/ST/AI/Lib\NetworkRuntime801_CM7_GCC.a(st_ssua8_convolve.o)
                              ../Middlewares/ST/AI/Lib\NetworkRuntime801_CM7_GCC.a(layers_conv2d_stm32_integer.o) (st_ssua8_convolve_rank1upd)
../Middlewares/ST/AI/Lib\NetworkRuntime801_CM7_GCC.a(st_convolve_reference.o)
                              ../Middlewares/ST/AI/Lib\NetworkRuntime801_CM7_GCC.a(layers_conv2d_stm32_integer.o) (align_factor)
../Middlewares/ST/AI/Lib\NetworkRuntime801_CM7_GCC.a(st_uaua8_ch_convolve_rgb.o)
                              ../Middlewares/ST/AI/Lib\NetworkRuntime801_CM7_GCC.a(layers_conv2d_stm32_integer.o) (st_uaua8_ch_convolve_rgb)
../Middlewares/ST/AI/Lib\NetworkRuntime801_CM7_GCC.a(st_uaua8_ch_convolve_dw.o)
                              ../Middlewares/ST/AI/Lib\NetworkRuntime801_CM7_GCC.a(layers_conv2d_stm32_integer.o) (st_uaua8_ch_conv_dw_Wadapt)
../Middlewares/ST/AI/Lib\NetworkRuntime801_CM7_GCC.a(st_ssua8_ch_convolve_rgb.o)
                              ../Middlewares/ST/AI/Lib\NetworkRuntime801_CM7_GCC.a(layers_conv2d_stm32_integer.o) (st_ssua8_ch_convolve_rgb)
../Middlewares/ST/AI/Lib\NetworkRuntime801_CM7_GCC.a(st_uaua8_convolve_rgb.o)
                              ../Middlewares/ST/AI/Lib\NetworkRuntime801_CM7_GCC.a(layers_conv2d_stm32_integer.o) (st_uaua8_convolve_rgb)
../Middlewares/ST/AI/Lib\NetworkRuntime801_CM7_GCC.a(st_ssua8_convolve_rgb.o)
                              ../Middlewares/ST/AI/Lib\NetworkRuntime801_CM7_GCC.a(layers_conv2d_stm32_integer.o) (st_ssua8_convolve_rgb)
../Middlewares/ST/AI/Lib\NetworkRuntime801_CM7_GCC.a(st_uaua8_ch_convolve_1x1.o)
                              ../Middlewares/ST/AI/Lib\NetworkRuntime801_CM7_GCC.a(layers_conv2d_stm32_integer.o) (st_uaua8_ch_convolve_1x1)
../Middlewares/ST/AI/Lib\NetworkRuntime801_CM7_GCC.a(st_sssa8_convolve_dw.o)
                              ../Middlewares/ST/AI/Lib\NetworkRuntime801_CM7_GCC.a(layers_conv2d_stm32_integer.o) (st_sssa8_conv_dw_Wadapt)
../Middlewares/ST/AI/Lib\NetworkRuntime801_CM7_GCC.a(st_ssua8_ch_convolve_1x1.o)
                              ../Middlewares/ST/AI/Lib\NetworkRuntime801_CM7_GCC.a(layers_conv2d_stm32_integer.o) (st_ssua8_ch_convolve_1x1)
../Middlewares/ST/AI/Lib\NetworkRuntime801_CM7_GCC.a(st_uaua8_convolve_1x1.o)
                              ../Middlewares/ST/AI/Lib\NetworkRuntime801_CM7_GCC.a(layers_conv2d_stm32_integer.o) (st_uaua8_convolve_1x1)
[...]
Memory Configuration

Name             Origin             Length             Attributes
FLASH            0x0000000008000000 0x0000000000200000 xr
RAM              0x0000000020000000 0x0000000000020000 xrw
AXI_SRAM         0x0000000024000000 0x0000000000100000 xrw
AHB_SRAM         0x0000000030000000 0x0000000000020000 xrw
*default*        0x0000000000000000 0xffffffffffffffff

Linker script and memory map

LOAD d:/stm32cubeide_1.6.1/stm32cubeide/plugins/com.st.stm32cube.ide.mcu.externaltools.gnu-tools-for-stm32.9-2020-q2-update.win32_1.5.0.202011040924/tools/bin/../lib/gcc/arm-none-eabi/9.3.1/thumb/v7e-m+dp/hard/crti.o
LOAD d:/stm32cubeide_1.6.1/stm32cubeide/plugins/com.st.stm32cube.ide.mcu.externaltools.gnu-tools-for-stm32.9-2020-q2-update.win32_1.5.0.202011040924/tools/bin/../lib/gcc/arm-none-eabi/9.3.1/thumb/v7e-m+dp/hard/crtbegin.o
LOAD d:/stm32cubeide_1.6.1/stm32cubeide/plugins/com.st.stm32cube.ide.mcu.externaltools.gnu-tools-for-stm32.9-2020-q2-update.win32_1.5.0.202011040924/tools/bin/../lib/gcc/arm-none-eabi/9.3.1/../../../../arm-none-eabi/lib/thumb/v7e-m+dp/hard/crt0.o
LOAD Core/Src/main.o
LOAD Core/Src/stm32h7xx_hal_msp.o
LOAD Core/Src/stm32h7xx_it.o
LOAD Core/Src/sysmem.o
LOAD Core/Src/system_stm32h7xx.o
LOAD Core/Startup/startup_stm32h7a3zitxq.o
LOAD Drivers/STM32H7xx_HAL_Driver/Src/stm32h7xx_hal.o
LOAD Drivers/STM32H7xx_HAL_Driver/Src/stm32h7xx_hal_cortex.o
LOAD Drivers/STM32H7xx_HAL_Driver/Src/stm32h7xx_hal_crc.o
LOAD Drivers/STM32H7xx_HAL_Driver/Src/stm32h7xx_hal_crc_ex.o
LOAD Drivers/STM32H7xx_HAL_Driver/Src/stm32h7xx_hal_dma.o
LOAD Drivers/STM32H7xx_HAL_Driver/Src/stm32h7xx_hal_dma_ex.o
LOAD Drivers/STM32H7xx_HAL_Driver/Src/stm32h7xx_hal_exti.o
LOAD Drivers/STM32H7xx_HAL_Driver/Src/stm32h7xx_hal_flash.o
LOAD Drivers/STM32H7xx_HAL_Driver/Src/stm32h7xx_hal_flash_ex.o
LOAD Drivers/STM32H7xx_HAL_Driver/Src/stm32h7xx_hal_gpio.o
LOAD Drivers/STM32H7xx_HAL_Driver/Src/stm32h7xx_hal_hsem.o
LOAD Drivers/STM32H7xx_HAL_Driver/Src/stm32h7xx_hal_i2c.o
LOAD Drivers/STM32H7xx_HAL_Driver/Src/stm32h7xx_hal_i2c_ex.o
LOAD Drivers/STM32H7xx_HAL_Driver/Src/stm32h7xx_hal_mdma.o
LOAD Drivers/STM32H7xx_HAL_Driver/Src/stm32h7xx_hal_pwr.o
LOAD Drivers/STM32H7xx_HAL_Driver/Src/stm32h7xx_hal_pwr_ex.o
LOAD Drivers/STM32H7xx_HAL_Driver/Src/stm32h7xx_hal_rcc.o
LOAD Drivers/STM32H7xx_HAL_Driver/Src/stm32h7xx_hal_rcc_ex.o
LOAD Drivers/STM32H7xx_HAL_Driver/Src/stm32h7xx_hal_tim.o
LOAD Drivers/STM32H7xx_HAL_Driver/Src/stm32h7xx_hal_tim_ex.o
LOAD Drivers/STM32H7xx_HAL_Driver/Src/stm32h7xx_hal_uart.o
LOAD Drivers/STM32H7xx_HAL_Driver/Src/stm32h7xx_hal_uart_ex.o
LOAD X-CUBE-AI/App/network.o
LOAD X-CUBE-AI/App/network_data.o
LOAD X-CUBE-AI/App/network_data_params.o
LOAD ../Middlewares/ST/AI/Lib\NetworkRuntime801_CM7_GCC.a
START GROUP
LOAD ../Middlewares/ST/AI/Lib\NetworkRuntime801_CM7_GCC.a
END GROUP
START GROUP
LOAD d:/stm32cubeide_1.6.1/stm32cubeide/plugins/com.st.stm32cube.ide.mcu.externaltools.gnu-tools-for-stm32.9-2020-q2-update.win32_1.5.0.202011040924/tools/bin/../lib/gcc/arm-none-eabi/9.3.1/../../../../arm-none-eabi/lib/thumb/v7e-m+dp/hard\libc_nano.a
LOAD d:/stm32cubeide_1.6.1/stm32cubeide/plugins/com.st.stm32cube.ide.mcu.externaltools.gnu-tools-for-stm32.9-2020-q2-update.win32_1.5.0.202011040924/tools/bin/../lib/gcc/arm-none-eabi/9.3.1/../../../../arm-none-eabi/lib/thumb/v7e-m+dp/hard\libm.a
END GROUP
START GROUP
LOAD d:/stm32cubeide_1.6.1/stm32cubeide/plugins/com.st.stm32cube.ide.mcu.externaltools.gnu-tools-for-stm32.9-2020-q2-update.win32_1.5.0.202011040924/tools/bin/../lib/gcc/arm-none-eabi/9.3.1/thumb/v7e-m+dp/hard\libgcc.a
LOAD d:/stm32cubeide_1.6.1/stm32cubeide/plugins/com.st.stm32cube.ide.mcu.externaltools.gnu-tools-for-stm32.9-2020-q2-update.win32_1.5.0.202011040924/tools/bin/../lib/gcc/arm-none-eabi/9.3.1/../../../../arm-none-eabi/lib/thumb/v7e-m+dp/hard\libc_nano.a
END GROUP
START GROUP
LOAD d:/stm32cubeide_1.6.1/stm32cubeide/plugins/com.st.stm32cube.ide.mcu.externaltools.gnu-tools-for-stm32.9-2020-q2-update.win32_1.5.0.202011040924/tools/bin/../lib/gcc/arm-none-eabi/9.3.1/thumb/v7e-m+dp/hard\libgcc.a
LOAD d:/stm32cubeide_1.6.1/stm32cubeide/plugins/com.st.stm32cube.ide.mcu.externaltools.gnu-tools-for-stm32.9-2020-q2-update.win32_1.5.0.202011040924/tools/bin/../lib/gcc/arm-none-eabi/9.3.1/../../../../arm-none-eabi/lib/thumb/v7e-m+dp/hard\libc_nano.a
LOAD d:/stm32cubeide_1.6.1/stm32cubeide/plugins/com.st.stm32cube.ide.mcu.externaltools.gnu-tools-for-stm32.9-2020-q2-update.win32_1.5.0.202011040924/tools/bin/../lib/gcc/arm-none-eabi/9.3.1/../../../../arm-none-eabi/lib/thumb/v7e-m+dp/hard\libnosys.a
END GROUP
START GROUP
LOAD d:/stm32cubeide_1.6.1/stm32cubeide/plugins/com.st.stm32cube.ide.mcu.externaltools.gnu-tools-for-stm32.9-2020-q2-update.win32_1.5.0.202011040924/tools/bin/../lib/gcc/arm-none-eabi/9.3.1/thumb/v7e-m+dp/hard\libgcc.a
LOAD d:/stm32cubeide_1.6.1/stm32cubeide/plugins/com.st.stm32cube.ide.mcu.externaltools.gnu-tools-for-stm32.9-2020-q2-update.win32_1.5.0.202011040924/tools/bin/../lib/gcc/arm-none-eabi/9.3.1/../../../../arm-none-eabi/lib/thumb/v7e-m+dp/hard\libc_nano.a
LOAD d:/stm32cubeide_1.6.1/stm32cubeide/plugins/com.st.stm32cube.ide.mcu.externaltools.gnu-tools-for-stm32.9-2020-q2-update.win32_1.5.0.202011040924/tools/bin/../lib/gcc/arm-none-eabi/9.3.1/../../../../arm-none-eabi/lib/thumb/v7e-m+dp/hard\libnosys.a
END GROUP
LOAD d:/stm32cubeide_1.6.1/stm32cubeide/plugins/com.st.stm32cube.ide.mcu.externaltools.gnu-tools-for-stm32.9-2020-q2-update.win32_1.5.0.202011040924/tools/bin/../lib/gcc/arm-none-eabi/9.3.1/thumb/v7e-m+dp/hard/crtend.o
LOAD d:/stm32cubeide_1.6.1/stm32cubeide/plugins/com.st.stm32cube.ide.mcu.externaltools.gnu-tools-for-stm32.9-2020-q2-update.win32_1.5.0.202011040924/tools/bin/../lib/gcc/arm-none-eabi/9.3.1/thumb/v7e-m+dp/hard/crtn.o
                0x0000000020020000                _estack = 0x20020000
                0x0000000000000800                _Min_Heap_Size = 0x800
                0x0000000000000800                _Min_Stack_Size = 0x800

.isr_vector     0x0000000008000000      0x2ac
                0x0000000008000000                . = ALIGN (0x4)
 *(.isr_vector)
 .isr_vector    0x0000000008000000      0x2ac Core/Startup/startup_stm32h7a3zitxq.o
                0x0000000008000000                g_pfnVectors
                0x00000000080002ac                . = ALIGN (0x4)

.text           0x00000000080002b0    0x10ba4
                0x00000000080002b0                . = ALIGN (0x4)
 *(.text)
 .text          0x00000000080002b0       0x40 d:/stm32cubeide_1.6.1/stm32cubeide/plugins/com.st.stm32cube.ide.mcu.externaltools.gnu-tools-for-stm32.9-2020-q2-update.win32_1.5.0.202011040924/tools/bin/../lib/gcc/arm-none-eabi/9.3.1/thumb/v7e-m+dp/hard/crtbegin.o
 .text          0x00000000080002f0       0x10 d:/stm32cubeide_1.6.1/stm32cubeide/plugins/com.st.stm32cube.ide.mcu.externaltools.gnu-tools-for-stm32.9-2020-q2-update.win32_1.5.0.202011040924/tools/bin/../lib/gcc/arm-none-eabi/9.3.1/../../../../arm-none-eabi/lib/thumb/v7e-m+dp/hard\libc_nano.a(lib_a-strlen.o)
                0x00000000080002f0                strlen
 .text          0x0000000008000300       0xa0 d:/stm32cubeide_1.6.1/stm32cubeide/plugins/com.st.stm32cube.ide.mcu.externaltools.gnu-tools-for-stm32.9-2020-q2-update.win32_1.5.0.202011040924/tools/bin/../lib/gcc/arm-none-eabi/9.3.1/../../../../arm-none-eabi/lib/thumb/v7e-m+dp/hard\libc_nano.a(lib_a-memchr.o)
                0x0000000008000300                memchr
 .text          0x00000000080003a0       0x30 d:/stm32cubeide_1.6.1/stm32cubeide/plugins/com.st.stm32cube.ide.mcu.externaltools.gnu-tools-for-stm32.9-2020-q2-update.win32_1.5.0.202011040924/tools/bin/../lib/gcc/arm-none-eabi/9.3.1/thumb/v7e-m+dp/hard\libgcc.a(_aeabi_uldivmod.o)
                0x00000000080003a0                __aeabi_uldivmod
 .text          0x00000000080003d0       0x28 d:/stm32cubeide_1.6.1/stm32cubeide/plugins/com.st.stm32cube.ide.mcu.externaltools.gnu-tools-for-stm32.9-2020-q2-update.win32_1.5.0.202011040924/tools/bin/../lib/gcc/arm-none-eabi/9.3.1/thumb/v7e-m+dp/hard\libgcc.a(_fixsfdi.o)
                0x00000000080003d0                __fixsfdi
                0x00000000080003d0                __aeabi_f2lz
 .text          0x00000000080003f8       0x40 d:/stm32cubeide_1.6.1/stm32cubeide/plugins/com.st.stm32cube.ide.mcu.externaltools.gnu-tools-for-stm32.9-2020-q2-update.win32_1.5.0.202011040924/tools/bin/../lib/gcc/arm-none-eabi/9.3.1/thumb/v7e-m+dp/hard\libgcc.a(_fixunssfdi.o)
                0x00000000080003f8                __fixunssfdi
                0x00000000080003f8                __aeabi_f2ulz
 .text          0x0000000008000438      0x2c4 d:/stm32cubeide_1.6.1/stm32cubeide/plugins/com.st.stm32cube.ide.mcu.externaltools.gnu-tools-for-stm32.9-2020-q2-update.win32_1.5.0.202011040924/tools/bin/../lib/gcc/arm-none-eabi/9.3.1/thumb/v7e-m+dp/hard\libgcc.a(_udivmoddi4.o)
                0x0000000008000438                __udivmoddi4
 .text          0x00000000080006fc        0x4 d:/stm32cubeide_1.6.1/stm32cubeide/plugins/com.st.stm32cube.ide.mcu.externaltools.gnu-tools-for-stm32.9-2020-q2-update.win32_1.5.0.202011040924/tools/bin/../lib/gcc/arm-none-eabi/9.3.1/thumb/v7e-m+dp/hard\libgcc.a(_dvmd_tls.o)
                0x00000000080006fc                __aeabi_idiv0
                0x00000000080006fc                __aeabi_ldiv0
 *(.text*)
 .text.acquire_and_process_data
                0x0000000008000700       0x38 Core/Src/main.o
                0x0000000008000700                acquire_and_process_data
 .text.aiInit   0x0000000008000738       0x98 Core/Src/main.o
                0x0000000008000738                aiInit
 .text.aiRun    0x00000000080007d0       0x8c Core/Src/main.o
                0x00000000080007d0                aiRun
 .text.softmax_process
                0x000000000800085c       0xe2 Core/Src/main.o
                0x000000000800085c                softmax_process
 *fill*         0x000000000800093e        0x2 
 .text.main     0x0000000008000940      0x2dc Core/Src/main.o
                0x0000000008000940                main
 .text.SystemClock_Config
                0x0000000008000c1c       0xe4 Core/Src/main.o
                0x0000000008000c1c                SystemClock_Config
 .text.MX_CRC_Init
                0x0000000008000d00       0x44 Core/Src/main.o
 .text.MX_USART3_UART_Init
                0x0000000008000d44       0x98 Core/Src/main.o
 .text.MX_GPIO_Init
                0x0000000008000ddc       0x54 Core/Src/main.o
 .text.Error_Handler
                0x0000000008000e30        0xa Core/Src/main.o
                0x0000000008000e30                Error_Handler
 *fill*         0x0000000008000e3a        0x2 
 .text.HAL_MspInit
                0x0000000008000e3c       0x34 Core/Src/stm32h7xx_hal_msp.o
                0x0000000008000e3c                HAL_MspInit
 .text.HAL_CRC_MspInit
                0x0000000008000e70       0x44 Core/Src/stm32h7xx_hal_msp.o
                0x0000000008000e70                HAL_CRC_MspInit
 .text.HAL_UART_MspInit
                0x0000000008000eb4       0xcc Core/Src/stm32h7xx_hal_msp.o
                0x0000000008000eb4                HAL_UART_MspInit
 .text.NMI_Handler
                0x0000000008000f80        0x6 Core/Src/stm32h7xx_it.o
                0x0000000008000f80                NMI_Handler
 .text.HardFault_Handler
                0x0000000008000f86        0x6 Core/Src/stm32h7xx_it.o
                0x0000000008000f86                HardFault_Handler
 .text.MemManage_Handler
                0x0000000008000f8c        0x6 Core/Src/stm32h7xx_it.o
                0x0000000008000f8c                MemManage_Handler
 .text.BusFault_Handler
                0x0000000008000f92        0x6 Core/Src/stm32h7xx_it.o
                0x0000000008000f92                BusFault_Handler
 .text.UsageFault_Handler
                0x0000000008000f98        0x6 Core/Src/stm32h7xx_it.o
                0x0000000008000f98                UsageFault_Handler
 .text.SVC_Handler
                0x0000000008000f9e        0xe Core/Src/stm32h7xx_it.o
                0x0000000008000f9e                SVC_Handler
 .text.DebugMon_Handler
                0x0000000008000fac        0xe Core/Src/stm32h7xx_it.o
                0x0000000008000fac                DebugMon_Handler
 .text.PendSV_Handler
                0x0000000008000fba        0xe Core/Src/stm32h7xx_it.o
                0x0000000008000fba                PendSV_Handler
 .text.SysTick_Handler
                0x0000000008000fc8        0xc Core/Src/stm32h7xx_it.o
                0x0000000008000fc8                SysTick_Handler
 .text._sbrk    0x0000000008000fd4       0x6c Core/Src/sysmem.o
                0x0000000008000fd4                _sbrk
 .text.SystemInit
                0x0000000008001040       0xf0 Core/Src/system_stm32h7xx.o
                0x0000000008001040                SystemInit
 .text.Reset_Handler
                0x0000000008001130       0x50 Core/Startup/startup_stm32h7a3zitxq.o
                0x0000000008001130                Reset_Handler
 .text.Default_Handler
                0x0000000008001180        0x2 Core/Startup/startup_stm32h7a3zitxq.o
                0x0000000008001180                RTC_Alarm_IRQHandler
                0x0000000008001180                EXTI2_IRQHandler
                0x0000000008001180                TIM8_CC_IRQHandler
                0x0000000008001180                UART8_IRQHandler
                0x0000000008001180                BDMA2_Channel1_IRQHandler
                0x0000000008001180                SPI4_IRQHandler
                0x0000000008001180                BDMA2_Channel0_IRQHandler
                0x0000000008001180                TIM1_CC_IRQHandler
                0x0000000008001180                DMA2_Stream5_IRQHandler
                0x0000000008001180                JPEG_IRQHandler
                0x0000000008001180                DMA1_Stream5_IRQHandler
                0x0000000008001180                EXTI3_IRQHandler
                0x0000000008001180                LPTIM4_IRQHandler
                0x0000000008001180                TIM8_TRG_COM_TIM14_IRQHandler
                0x0000000008001180                LPTIM2_IRQHandler
                0x0000000008001180                DFSDM1_FLT1_IRQHandler
                0x0000000008001180                DMAMUX2_OVR_IRQHandler
                0x0000000008001180                GFXMMU_IRQHandler
                0x0000000008001180                TIM8_UP_TIM13_IRQHandler
                0x0000000008001180                I2C3_ER_IRQHandler
                0x0000000008001180                DFSDM1_FLT2_IRQHandler
                0x0000000008001180                USART10_IRQHandler
                0x0000000008001180                MDMA_IRQHandler
                0x0000000008001180                LPTIM3_IRQHandler
                0x0000000008001180                BDMA2_Channel3_IRQHandler
                0x0000000008001180                HSEM1_IRQHandler
                0x0000000008001180                EXTI0_IRQHandler
                0x0000000008001180                I2C2_EV_IRQHandler
                0x0000000008001180                DAC2_IRQHandler
                0x0000000008001180                DMA1_Stream2_IRQHandler
                0x0000000008001180                FPU_IRQHandler
                0x0000000008001180                OTG_HS_WKUP_IRQHandler
                0x0000000008001180                FDCAN1_IT1_IRQHandler
                0x0000000008001180                LTDC_ER_IRQHandler
                0x0000000008001180                DMA2_Stream2_IRQHandler
                0x0000000008001180                SPI1_IRQHandler
                0x0000000008001180                OCTOSPI1_IRQHandler
                0x0000000008001180                TIM6_DAC_IRQHandler
                0x0000000008001180                BDMA2_Channel6_IRQHandler
                0x0000000008001180                DMA2_Stream3_IRQHandler
                0x0000000008001180                OCTOSPI2_IRQHandler
                0x0000000008001180                SAI2_IRQHandler
                0x0000000008001180                BDMA1_IRQHandler
                0x0000000008001180                DFSDM1_FLT3_IRQHandler
                0x0000000008001180                USART6_IRQHandler
                0x0000000008001180                TIM17_IRQHandler
                0x0000000008001180                USART3_IRQHandler
                0x0000000008001180                LPTIM5_IRQHandler
                0x0000000008001180                UART5_IRQHandler
                0x0000000008001180                DMA2_Stream0_IRQHandler
                0x0000000008001180                TIM4_IRQHandler
                0x0000000008001180                I2C1_EV_IRQHandler
                0x0000000008001180                DMA1_Stream6_IRQHandler
                0x0000000008001180                DMAMUX1_OVR_IRQHandler
                0x0000000008001180                DMA1_Stream1_IRQHandler
                0x0000000008001180                TIM16_IRQHandler
                0x0000000008001180                UART4_IRQHandler
                0x0000000008001180                TIM3_IRQHandler
                0x0000000008001180                RCC_IRQHandler
                0x0000000008001180                UART9_IRQHandler
                0x0000000008001180                TIM8_BRK_TIM12_IRQHandler
                0x0000000008001180                TIM1_TRG_COM_IRQHandler
                0x0000000008001180                Default_Handler
                0x0000000008001180                ECC_IRQHandler
                0x0000000008001180                BDMA2_Channel2_IRQHandler
                0x0000000008001180                CEC_IRQHandler
                0x0000000008001180                EXTI15_10_IRQHandler
                0x0000000008001180                DFSDM1_FLT4_IRQHandler
                0x0000000008001180                ADC_IRQHandler
                0x0000000008001180                DMA1_Stream7_IRQHandler
                0x0000000008001180                SPI5_IRQHandler
                0x0000000008001180                TIM7_IRQHandler
                0x0000000008001180                SDMMC1_IRQHandler
                0x0000000008001180                TIM5_IRQHandler
                0x0000000008001180                DMA2_Stream7_IRQHandler
                0x0000000008001180                TIM15_IRQHandler
                0x0000000008001180                I2C3_EV_IRQHandler
                0x0000000008001180                DFSDM2_IRQHandler
                0x0000000008001180                EXTI9_5_IRQHandler
                0x0000000008001180                RTC_WKUP_IRQHandler
                0x0000000008001180                LTDC_IRQHandler
                0x0000000008001180                SPDIF_RX_IRQHandler
                0x0000000008001180                PVD_PVM_IRQHandler
                0x0000000008001180                SPI2_IRQHandler
                0x0000000008001180                OTG_HS_EP1_IN_IRQHandler
                0x0000000008001180                DFSDM1_FLT5_IRQHandler
                0x0000000008001180                DMA1_Stream0_IRQHandler
                0x0000000008001180                CRS_IRQHandler
                0x0000000008001180                EXTI4_IRQHandler
                0x0000000008001180                DFSDM1_FLT6_IRQHandler
                0x0000000008001180                RNG_IRQHandler
                0x0000000008001180                FDCAN2_IT1_IRQHandler
                0x0000000008001180                COMP_IRQHandler
                0x0000000008001180                TIM1_UP_IRQHandler
                0x0000000008001180                OTG_HS_EP1_OUT_IRQHandler
                0x0000000008001180                WWDG_IRQHandler
                0x0000000008001180                SPI6_IRQHandler
                0x0000000008001180                MDIOS_IRQHandler
                0x0000000008001180                I2C4_EV_IRQHandler
                0x0000000008001180                FDCAN2_IT0_IRQHandler
                0x0000000008001180                LPUART1_IRQHandler
                0x0000000008001180                FDCAN1_IT0_IRQHandler
                0x0000000008001180                TIM2_IRQHandler
                0x0000000008001180                BDMA2_Channel5_IRQHandler
                0x0000000008001180                OTG_HS_IRQHandler
                0x0000000008001180                DMA2D_IRQHandler
                0x0000000008001180                TIM1_BRK_IRQHandler
                0x0000000008001180                EXTI1_IRQHandler
                0x0000000008001180                SDMMC2_IRQHandler
                0x0000000008001180                DTS_IRQHandler
                0x0000000008001180                UART7_IRQHandler
                0x0000000008001180                MDIOS_WKUP_IRQHandler
                0x0000000008001180                USART2_IRQHandler
                0x0000000008001180                DFSDM1_FLT0_IRQHandler
                0x0000000008001180                I2C2_ER_IRQHandler
                0x0000000008001180                DMA2_Stream1_IRQHandler
                0x0000000008001180                DFSDM1_FLT7_IRQHandler
                0x0000000008001180                FLASH_IRQHandler
                0x0000000008001180                DMA2_Stream4_IRQHandler
                0x0000000008001180                USART1_IRQHandler
                0x0000000008001180                SPI3_IRQHandler
                0x0000000008001180                WAKEUP_PIN_IRQHandler
                0x0000000008001180                DMA1_Stream4_IRQHandler
                0x0000000008001180                I2C1_ER_IRQHandler
                0x0000000008001180                FMC_IRQHandler
                0x0000000008001180                BDMA2_Channel7_IRQHandler
                0x0000000008001180                FDCAN_CAL_IRQHandler
                0x0000000008001180                SWPMI1_IRQHandler
                0x0000000008001180                LPTIM1_IRQHandler
                0x0000000008001180                DCMI_PSSI_IRQHandler
                0x0000000008001180                I2C4_ER_IRQHandler
                0x0000000008001180                DMA2_Stream6_IRQHandler
                0x0000000008001180                SAI1_IRQHandler
                0x0000000008001180                DMA1_Stream3_IRQHandler
                0x0000000008001180                RTC_TAMP_STAMP_CSS_LSE_IRQHandler
                0x0000000008001180                BDMA2_Channel4_IRQHandler
 *fill*         0x0000000008001182        0x2 
 .text.HAL_Init
                0x0000000008001184       0x78 Drivers/STM32H7xx_HAL_Driver/Src/stm32h7xx_hal.o
                0x0000000008001184                HAL_Init
 .text.HAL_InitTick
                0x00000000080011fc       0x6c Drivers/STM32H7xx_HAL_Driver/Src/stm32h7xx_hal.o
                0x00000000080011fc                HAL_InitTick
 .text.HAL_IncTick
                0x0000000008001268       0x28 Drivers/STM32H7xx_HAL_Driver/Src/stm32h7xx_hal.o
                0x0000000008001268                HAL_IncTick
 .text.HAL_GetTick
                0x0000000008001290       0x18 Drivers/STM32H7xx_HAL_Driver/Src/stm32h7xx_hal.o
                0x0000000008001290                HAL_GetTick
 .text.HAL_Delay
                0x00000000080012a8       0x48 Drivers/STM32H7xx_HAL_Driver/Src/stm32h7xx_hal.o
                0x00000000080012a8                HAL_Delay
 .text.__NVIC_SetPriorityGrouping
                0x00000000080012f0       0x48 Drivers/STM32H7xx_HAL_Driver/Src/stm32h7xx_hal_cortex.o
 .text.__NVIC_GetPriorityGrouping
                0x0000000008001338       0x1c Drivers/STM32H7xx_HAL_Driver/Src/stm32h7xx_hal_cortex.o
 .text.__NVIC_SetPriority
                0x0000000008001354       0x54 Drivers/STM32H7xx_HAL_Driver/Src/stm32h7xx_hal_cortex.o
 .text.NVIC_EncodePriority
                0x00000000080013a8       0x66 Drivers/STM32H7xx_HAL_Driver/Src/stm32h7xx_hal_cortex.o
 *fill*         0x000000000800140e        0x2 
 .text.SysTick_Config
                0x0000000008001410       0x44 Drivers/STM32H7xx_HAL_Driver/Src/stm32h7xx_hal_cortex.o
 .text.HAL_NVIC_SetPriorityGrouping
                0x0000000008001454       0x16 Drivers/STM32H7xx_HAL_Driver/Src/stm32h7xx_hal_cortex.o
                0x0000000008001454                HAL_NVIC_SetPriorityGrouping
 .text.HAL_NVIC_SetPriority
                0x000000000800146a       0x34 Drivers/STM32H7xx_HAL_Driver/Src/stm32h7xx_hal_cortex.o
                0x000000000800146a                HAL_NVIC_SetPriority
 .text.HAL_SYSTICK_Config
                0x000000000800149e       0x18 Drivers/STM32H7xx_HAL_Driver/Src/stm32h7xx_hal_cortex.o
                0x000000000800149e                HAL_SYSTICK_Config
 *fill*         0x00000000080014b6        0x2 
 .text.HAL_CRC_Init
                0x00000000080014b8       0xc8 Drivers/STM32H7xx_HAL_Driver/Src/stm32h7xx_hal_crc.o
                0x00000000080014b8                HAL_CRC_Init
 .text.HAL_CRCEx_Polynomial_Set
                0x0000000008001580      0x10c Drivers/STM32H7xx_HAL_Driver/Src/stm32h7xx_hal_crc_ex.o
                0x0000000008001580                HAL_CRCEx_Polynomial_Set
 .text.HAL_GPIO_Init
                0x000000000800168c      0x360 Drivers/STM32H7xx_HAL_Driver/Src/stm32h7xx_hal_gpio.o
                0x000000000800168c                HAL_GPIO_Init
 .text.HAL_PWREx_ConfigSupply
                0x00000000080019ec       0xb4 Drivers/STM32H7xx_HAL_Driver/Src/stm32h7xx_hal_pwr_ex.o
                0x00000000080019ec                HAL_PWREx_ConfigSupply
 .text.HAL_RCC_OscConfig
                0x0000000008001aa0      0x808 Drivers/STM32H7xx_HAL_Driver/Src/stm32h7xx_hal_rcc.o
                0x0000000008001aa0                HAL_RCC_OscConfig
 .text.HAL_RCC_ClockConfig
                0x00000000080022a8      0x36c Drivers/STM32H7xx_HAL_Driver/Src/stm32h7xx_hal_rcc.o
                0x00000000080022a8                HAL_RCC_ClockConfig
 .text.HAL_RCC_GetSysClockFreq
                0x0000000008002614      0x2f4 Drivers/STM32H7xx_HAL_Driver/Src/stm32h7xx_hal_rcc.o
                0x0000000008002614                HAL_RCC_GetSysClockFreq
 .text.HAL_RCC_GetHCLKFreq
                0x0000000008002908       0x60 Drivers/STM32H7xx_HAL_Driver/Src/stm32h7xx_hal_rcc.o
                0x0000000008002908                HAL_RCC_GetHCLKFreq
 .text.HAL_RCC_GetPCLK1Freq
                0x0000000008002968       0x2c Drivers/STM32H7xx_HAL_Driver/Src/stm32h7xx_hal_rcc.o
                0x0000000008002968                HAL_RCC_GetPCLK1Freq
 .text.HAL_RCC_GetPCLK2Freq
                0x0000000008002994       0x2c Drivers/STM32H7xx_HAL_Driver/Src/stm32h7xx_hal_rcc.o
                0x0000000008002994                HAL_RCC_GetPCLK2Freq
 .text.HAL_RCCEx_PeriphCLKConfig
                0x00000000080029c0      0xe18 Drivers/STM32H7xx_HAL_Driver/Src/stm32h7xx_hal_rcc_ex.o
                0x00000000080029c0                HAL_RCCEx_PeriphCLKConfig
 .text.HAL_RCCEx_GetD3PCLK1Freq
                0x00000000080037d8       0x2c Drivers/STM32H7xx_HAL_Driver/Src/stm32h7xx_hal_rcc_ex.o
                0x00000000080037d8                HAL_RCCEx_GetD3PCLK1Freq
 .text.HAL_RCCEx_GetPLL2ClockFreq
                0x0000000008003804      0x2a8 Drivers/STM32H7xx_HAL_Driver/Src/stm32h7xx_hal_rcc_ex.o
                0x0000000008003804                HAL_RCCEx_GetPLL2ClockFreq
 .text.HAL_RCCEx_GetPLL3ClockFreq
                0x0000000008003aac      0x2a8 Drivers/STM32H7xx_HAL_Driver/Src/stm32h7xx_hal_rcc_ex.o
                0x0000000008003aac                HAL_RCCEx_GetPLL3ClockFreq
 .text.RCCEx_PLL2_Config
                0x0000000008003d54      0x164 Drivers/STM32H7xx_HAL_Driver/Src/stm32h7xx_hal_rcc_ex.o
 .text.RCCEx_PLL3_Config
                0x0000000008003eb8      0x164 Drivers/STM32H7xx_HAL_Driver/Src/stm32h7xx_hal_rcc_ex.o
 .text.HAL_UART_Init
                0x000000000800401c       0xa0 Drivers/STM32H7xx_HAL_Driver/Src/stm32h7xx_hal_uart.o
                0x000000000800401c                HAL_UART_Init
 .text.HAL_UART_Transmit
                0x00000000080040bc      0x12c Drivers/STM32H7xx_HAL_Driver/Src/stm32h7xx_hal_uart.o
                0x00000000080040bc                HAL_UART_Transmit
 .text.UART_SetConfig
                0x00000000080041e8      0xcbc Drivers/STM32H7xx_HAL_Driver/Src/stm32h7xx_hal_uart.o
                0x00000000080041e8                UART_SetConfig
 .text.UART_AdvFeatureConfig
                0x0000000008004ea4      0x144 Drivers/STM32H7xx_HAL_Driver/Src/stm32h7xx_hal_uart.o
                0x0000000008004ea4                UART_AdvFeatureConfig
 .text.UART_CheckIdleState
                0x0000000008004fe8       0x96 Drivers/STM32H7xx_HAL_Driver/Src/stm32h7xx_hal_uart.o
                0x0000000008004fe8                UART_CheckIdleState
 .text.UART_WaitOnFlagUntilTimeout
                0x000000000800507e      0x190 Drivers/STM32H7xx_HAL_Driver/Src/stm32h7xx_hal_uart.o
                0x000000000800507e                UART_WaitOnFlagUntilTimeout
 .text.HAL_UARTEx_DisableFifoMode
                0x000000000800520e       0x72 Drivers/STM32H7xx_HAL_Driver/Src/stm32h7xx_hal_uart_ex.o
                0x000000000800520e                HAL_UARTEx_DisableFifoMode
 .text.HAL_UARTEx_SetTxFifoThreshold
                0x0000000008005280       0x7c Drivers/STM32H7xx_HAL_Driver/Src/stm32h7xx_hal_uart_ex.o
                0x0000000008005280                HAL_UARTEx_SetTxFifoThreshold
 .text.HAL_UARTEx_SetRxFifoThreshold
                0x00000000080052fc       0x7c Drivers/STM32H7xx_HAL_Driver/Src/stm32h7xx_hal_uart_ex.o
                0x00000000080052fc                HAL_UARTEx_SetRxFifoThreshold
 .text.UARTEx_SetNbDataToProcess
                0x0000000008005378       0x9c Drivers/STM32H7xx_HAL_Driver/Src/stm32h7xx_hal_uart_ex.o
 .text.network_configure_activations
                0x0000000008005414      0x41c X-CUBE-AI/App/network.o
 .text.network_configure_weights
                0x0000000008005830      0x4f4 X-CUBE-AI/App/network.o
 .text.ai_network_get_error
                0x0000000008005d24       0x18 X-CUBE-AI/App/network.o
                0x0000000008005d24                ai_network_get_error
 .text.ai_network_create
                0x0000000008005d3c       0x2c X-CUBE-AI/App/network.o
                0x0000000008005d3c                ai_network_create
 .text.ai_network_create_and_init
                0x0000000008005d68       0xe8 X-CUBE-AI/App/network.o
                0x0000000008005d68                ai_network_create_and_init
 .text.ai_network_inputs_get
                0x0000000008005e50       0x34 X-CUBE-AI/App/network.o
                0x0000000008005e50                ai_network_inputs_get
 .text.ai_network_outputs_get
                0x0000000008005e84       0x34 X-CUBE-AI/App/network.o
                0x0000000008005e84                ai_network_outputs_get
 .text.ai_network_init
                0x0000000008005eb8       0x78 X-CUBE-AI/App/network.o
                0x0000000008005eb8                ai_network_init
 .text.ai_network_run
                0x0000000008005f30       0x20 X-CUBE-AI/App/network.o
                0x0000000008005f30                ai_network_run
 .text.ai_network_data_params_get
                0x0000000008005f50       0x50 X-CUBE-AI/App/network_data.o
                0x0000000008005f50                ai_network_data_params_get
 .text.ai_buffer_get_size
                0x0000000008005fa0       0x68 ../Middlewares/ST/AI/Lib\NetworkRuntime801_CM7_GCC.a(ai_platform.o)
                0x0000000008005fa0                ai_buffer_get_size
 .text.ai_buffer_array_sane
                0x0000000008006008       0x14 ../Middlewares/ST/AI/Lib\NetworkRuntime801_CM7_GCC.a(ai_platform.o)
                0x0000000008006008                ai_buffer_array_sane
 .text.ai_buffer_array_item_set_address
                0x000000000800601c       0x20 ../Middlewares/ST/AI/Lib\NetworkRuntime801_CM7_GCC.a(ai_platform.o)
                0x000000000800601c                ai_buffer_array_item_set_address
 .text._ai_platform_acquire_crc
                0x000000000800603c        0x4 ../Middlewares/ST/AI/Lib\NetworkRuntime801_CM7_GCC.a(ai_platform_interface.o)
                0x000000000800603c                _ai_platform_acquire_crc
 .text._ai_platform_release_crc
                0x0000000008006040        0x4 ../Middlewares/ST/AI/Lib\NetworkRuntime801_CM7_GCC.a(ai_platform_interface.o)
                0x0000000008006040                _ai_platform_release_crc
 .text.ai_platform_get_weights_map
                0x0000000008006044       0xb0 ../Middlewares/ST/AI/Lib\NetworkRuntime801_CM7_GCC.a(ai_platform_interface.o)
                0x0000000008006044                ai_platform_get_weights_map
 .text.ai_platform_get_activations_map
                0x00000000080060f4       0xb0 ../Middlewares/ST/AI/Lib\NetworkRuntime801_CM7_GCC.a(ai_platform_interface.o)
                0x00000000080060f4                ai_platform_get_activations_map
 .text.ai_platform_bind_network_params
                0x00000000080061a4       0x34 ../Middlewares/ST/AI/Lib\NetworkRuntime801_CM7_GCC.a(ai_platform_interface.o)
                0x00000000080061a4                ai_platform_bind_network_params
 .text.ai_platform_network_get_error
                0x00000000080061d8      0x218 ../Middlewares/ST/AI/Lib\NetworkRuntime801_CM7_GCC.a(ai_platform_interface.o)
                0x00000000080061d8                ai_platform_network_get_error
 .text.ai_platform_network_set_error
                0x00000000080063f0        0xc ../Middlewares/ST/AI/Lib\NetworkRuntime801_CM7_GCC.a(ai_platform_interface.o)
                0x00000000080063f0                ai_platform_network_set_error
 .text.ai_platform_inputs_get
                0x00000000080063fc      0x318 ../Middlewares/ST/AI/Lib\NetworkRuntime801_CM7_GCC.a(ai_platform_interface.o)
                0x00000000080063fc                ai_platform_inputs_get
 .text.ai_platform_outputs_get
                0x0000000008006714      0x310 ../Middlewares/ST/AI/Lib\NetworkRuntime801_CM7_GCC.a(ai_platform_interface.o)
                0x0000000008006714                ai_platform_outputs_get
 .text.ai_platform_network_create
                0x0000000008006a24      0x3b4 ../Middlewares/ST/AI/Lib\NetworkRuntime801_CM7_GCC.a(ai_platform_interface.o)
                0x0000000008006a24                ai_platform_network_create
 .text.ai_platform_network_init
                0x0000000008006dd8      0x338 ../Middlewares/ST/AI/Lib\NetworkRuntime801_CM7_GCC.a(ai_platform_interface.o)
                0x0000000008006dd8                ai_platform_network_init
 .text.ai_platform_network_post_init
                0x0000000008007110      0x254 ../Middlewares/ST/AI/Lib\NetworkRuntime801_CM7_GCC.a(ai_platform_interface.o)
                0x0000000008007110                ai_platform_network_post_init
 .text.ai_platform_network_process
                0x0000000008007364      0x5bc ../Middlewares/ST/AI/Lib\NetworkRuntime801_CM7_GCC.a(ai_platform_interface.o)
                0x0000000008007364                ai_platform_network_process
 .text.core_init
                0x0000000008007920        0x4 ../Middlewares/ST/AI/Lib\NetworkRuntime801_CM7_GCC.a(core_common.o)
                0x0000000008007920                core_init
 .text.core_get_error
                0x0000000008007924        0xc ../Middlewares/ST/AI/Lib\NetworkRuntime801_CM7_GCC.a(core_common.o)
                0x0000000008007924                core_get_error
 .text.core_set_error
                0x0000000008007930       0x18 ../Middlewares/ST/AI/Lib\NetworkRuntime801_CM7_GCC.a(core_common.o)
                0x0000000008007930                core_set_error
 .text.func_dummy
                0x0000000008007948        0x4 ../Middlewares/ST/AI/Lib\NetworkRuntime801_CM7_GCC.a(layers_conv2d_stm32_integer.o)
 .text.forward_conv2d_integer_SSSA
                0x000000000800794c      0x584 ../Middlewares/ST/AI/Lib\NetworkRuntime801_CM7_GCC.a(layers_conv2d_stm32_integer.o)
                0x000000000800794c                forward_conv2d_integer_SSSA
 .text.forward_conv2d_nl_pool_integer_SSSA
                0x0000000008007ed0      0x6dc ../Middlewares/ST/AI/Lib\NetworkRuntime801_CM7_GCC.a(layers_conv2d_stm32_integer.o)
                0x0000000008007ed0                forward_conv2d_nl_pool_integer_SSSA
 .text.forward_eltwise_integer_INT8
                0x00000000080085ac      0x3d8 ../Middlewares/ST/AI/Lib\NetworkRuntime801_CM7_GCC.a(layers_stm32_integer.o)
                0x00000000080085ac                forward_eltwise_integer_INT8
 .text.ai_check_custom_types
                0x0000000008008984       0x50 ../Middlewares/ST/AI/Lib\NetworkRuntime801_CM7_GCC.a(layers.o)
                0x0000000008008984                ai_check_custom_types
 .text.ai_layers_init_all
                0x00000000080089d4       0x1c ../Middlewares/ST/AI/Lib\NetworkRuntime801_CM7_GCC.a(layers.o)
                0x00000000080089d4                ai_layers_init_all
 .text.ai_layers_post_init_all
                0x00000000080089f0       0x28 ../Middlewares/ST/AI/Lib\NetworkRuntime801_CM7_GCC.a(layers.o)
                0x00000000080089f0                ai_layers_post_init_all
 .text.ai_layers_forward_all
                0x0000000008008a18       0x90 ../Middlewares/ST/AI/Lib\NetworkRuntime801_CM7_GCC.a(layers.o)
                0x0000000008008a18                ai_layers_forward_all
 .text.pool_func_mp_array_integer_INT8
                0x0000000008008aa8      0x1a4 ../Middlewares/ST/AI/Lib\NetworkRuntime801_CM7_GCC.a(layers_pool_stm32_integer.o)
                0x0000000008008aa8                pool_func_mp_array_integer_INT8
 .text.forward_mp_integer_INT8
                0x0000000008008c4c      0x1e4 ../Middlewares/ST/AI/Lib\NetworkRuntime801_CM7_GCC.a(layers_pool_stm32_integer.o)
                0x0000000008008c4c                forward_mp_integer_INT8
 .text.ai_sum_f32
                0x0000000008008e30       0x14 ../Middlewares/ST/AI/Lib\NetworkRuntime801_CM7_GCC.a(ai_math_helpers.o)
                0x0000000008008e30                ai_sum_f32
 .text.ai_sum_buffer_INT8
                0x0000000008008e44      0x724 ../Middlewares/ST/AI/Lib\NetworkRuntime801_CM7_GCC.a(ai_math_helpers.o)
                0x0000000008008e44                ai_sum_buffer_INT8
 .text.align_factor
                0x0000000008009568       0xa4 ../Middlewares/ST/AI/Lib\NetworkRuntime801_CM7_GCC.a(st_convolve_reference.o)
                0x0000000008009568                align_factor
 .text.st_sssa8_conv_dw_Wadapt
                0x000000000800960c      0x178 ../Middlewares/ST/AI/Lib\NetworkRuntime801_CM7_GCC.a(st_sssa8_convolve_dw.o)
                0x000000000800960c                st_sssa8_conv_dw_Wadapt
 .text.st_sssa8_convolve_dw
                0x0000000008009784      0xa18 ../Middlewares/ST/AI/Lib\NetworkRuntime801_CM7_GCC.a(st_sssa8_convolve_dw.o)
                0x0000000008009784                st_sssa8_convolve_dw
 .text.st_sssa8_convolve_rank1upd
                0x000000000800a19c      0x118 ../Middlewares/ST/AI/Lib\NetworkRuntime801_CM7_GCC.a(st_sssa8_convolve.o)
                0x000000000800a19c                st_sssa8_convolve_rank1upd
 .text.st_sssa8_convolve
                0x000000000800a2b4      0xb28 ../Middlewares/ST/AI/Lib\NetworkRuntime801_CM7_GCC.a(st_sssa8_convolve.o)
                0x000000000800a2b4                st_sssa8_convolve
 .text.st_sssa8_convolve_rgb
                0x000000000800addc      0x7dc ../Middlewares/ST/AI/Lib\NetworkRuntime801_CM7_GCC.a(st_sssa8_convolve_rgb.o)
                0x000000000800addc                st_sssa8_convolve_rgb
 .text.st_sssa8_convolve_1x1_WeightsPrefetch
                0x000000000800b5b8       0x1c ../Middlewares/ST/AI/Lib\NetworkRuntime801_CM7_GCC.a(st_sssa8_convolve_1x1.o)
                0x000000000800b5b8                st_sssa8_convolve_1x1_WeightsPrefetch
 .text.st_sssa8_convolve_1x1
                0x000000000800b5d4       0xac ../Middlewares/ST/AI/Lib\NetworkRuntime801_CM7_GCC.a(st_sssa8_convolve_1x1.o)
                0x000000000800b5d4                st_sssa8_convolve_1x1
 .text.ai_padding_opt_init
                0x000000000800b680       0xb4 ../Middlewares/ST/AI/Lib\NetworkRuntime801_CM7_GCC.a(st_padding_opt.o)
                0x000000000800b680                ai_padding_opt_init
 .text.ai_padding_opt_phase1
                0x000000000800b734       0x34 ../Middlewares/ST/AI/Lib\NetworkRuntime801_CM7_GCC.a(st_padding_opt.o)
                0x000000000800b734                ai_padding_opt_phase1
 .text.st_uint8_fill
                0x000000000800b768       0xb4 ../Middlewares/ST/AI/Lib\NetworkRuntime801_CM7_GCC.a(st_uint8_fill.o)
                0x000000000800b768                st_uint8_fill
 .text.st_int8_to16_no_shift
                0x000000000800b81c       0xc4 ../Middlewares/ST/AI/Lib\NetworkRuntime801_CM7_GCC.a(st_int8_to16_no_shift.o)
                0x000000000800b81c                st_int8_to16_no_shift
 .text.st_int8_to16_dual
                0x000000000800b8e0      0x1d4 ../Middlewares/ST/AI/Lib\NetworkRuntime801_CM7_GCC.a(st_int8_to16_no_shift.o)
                0x000000000800b8e0                st_int8_to16_dual
 .text.st_sssa8_nn_mat_mult_kernel
                0x000000000800bab4      0x674 ../Middlewares/ST/AI/Lib\NetworkRuntime801_CM7_GCC.a(st_sssa8_nn_mat_mult_kernel.o)
                0x000000000800bab4                st_sssa8_nn_mat_mult_kernel
 .text.st_sssa8_fullW_prefetch
                0x000000000800c128      0x204 ../Middlewares/ST/AI/Lib\NetworkRuntime801_CM7_GCC.a(st_sssa8_nn_mat_mult_nt_t.o)
                0x000000000800c128                st_sssa8_fullW_prefetch
 .text.st_sssa8_nn_mat_mult_nt_t
                0x000000000800c32c      0x9c8 ../Middlewares/ST/AI/Lib\NetworkRuntime801_CM7_GCC.a(st_sssa8_nn_mat_mult_nt_t.o)
                0x000000000800c32c                st_sssa8_nn_mat_mult_nt_t
 .text.st_sssa8_nn_mat_mult_kernel_opt
                0x000000000800ccf4      0x5a8 ../Middlewares/ST/AI/Lib\NetworkRuntime801_CM7_GCC.a(st_sssa8_nn_mat_mult_kernel_opt.o)
                0x000000000800ccf4                st_sssa8_nn_mat_mult_kernel_opt
 .text.st_sssa8_nn_mat_mult_kernel_single_opt
                0x000000000800d29c      0x35c ../Middlewares/ST/AI/Lib\NetworkRuntime801_CM7_GCC.a(st_sssa8_nn_mat_mult_kernel_opt.o)
                0x000000000800d29c                st_sssa8_nn_mat_mult_kernel_single_opt
 .text.st_int8_maxpool
                0x000000000800d5f8      0x578 ../Middlewares/ST/AI/Lib\NetworkRuntime801_CM7_GCC.a(st_int8_pool.o)
                0x000000000800d5f8                st_int8_maxpool
 .text.arm_copy_q7
                0x000000000800db70       0xa0 ../Middlewares/ST/AI/Lib\NetworkRuntime801_CM7_GCC.a(arm_copy_q7.o)
                0x000000000800db70                arm_copy_q7
 .text.arm_fill_q15
                0x000000000800dc10       0x5c ../Middlewares/ST/AI/Lib\NetworkRuntime801_CM7_GCC.a(arm_fill_q15.o)
                0x000000000800dc10                arm_fill_q15
 .text.ai_version_get
                0x000000000800dc6c        0xc ../Middlewares/ST/AI/Lib\NetworkRuntime801_CM7_GCC.a(ai_datatypes_internal.o)
                0x000000000800dc6c                ai_version_get
 .text.get_tensor_byte_size
                0x000000000800dc78       0x2c ../Middlewares/ST/AI/Lib\NetworkRuntime801_CM7_GCC.a(ai_datatypes_internal.o)
                0x000000000800dc78                get_tensor_byte_size
 .text.ai_array_to_buffer_fmt
                0x000000000800dca4       0xd8 ../Middlewares/ST/AI/Lib\NetworkRuntime801_CM7_GCC.a(ai_datatypes_format.o)
                0x000000000800dca4                ai_array_to_buffer_fmt
 .text.ai_array_get_byte_size
                0x000000000800dd7c       0x50 ../Middlewares/ST/AI/Lib\NetworkRuntime801_CM7_GCC.a(ai_datatypes_format.o)
                0x000000000800dd7c                ai_array_get_byte_size
 .text.ai_array_get_data_byte_size
                0x000000000800ddcc       0x20 ../Middlewares/ST/AI/Lib\NetworkRuntime801_CM7_GCC.a(ai_datatypes_format.o)
                0x000000000800ddcc                ai_array_get_data_byte_size
 .text.core_get_broadcasted_shape
                0x000000000800ddec       0x50 ../Middlewares/ST/AI/Lib\NetworkRuntime801_CM7_GCC.a(core_utils.o)
                0x000000000800ddec                core_get_broadcasted_shape
 .text.core_compute_offsets_in_bytes
                0x000000000800de3c      0x164 ../Middlewares/ST/AI/Lib\NetworkRuntime801_CM7_GCC.a(core_utils.o)
                0x000000000800de3c                core_compute_offsets_in_bytes
 .text.core_tensor_clone
                0x000000000800dfa0       0x64 ../Middlewares/ST/AI/Lib\NetworkRuntime801_CM7_GCC.a(core_utils.o)
                0x000000000800dfa0                core_tensor_clone
 .text.core_array_clone
                0x000000000800e004        0xc ../Middlewares/ST/AI/Lib\NetworkRuntime801_CM7_GCC.a(core_utils.o)
                0x000000000800e004                core_array_clone
 .text.__errno  0x000000000800e010        0xc d:/stm32cubeide_1.6.1/stm32cubeide/plugins/com.st.stm32cube.ide.mcu.externaltools.gnu-tools-for-stm32.9-2020-q2-update.win32_1.5.0.202011040924/tools/bin/../lib/gcc/arm-none-eabi/9.3.1/../../../../arm-none-eabi/lib/thumb/v7e-m+dp/hard\libc_nano.a(lib_a-errno.o)
                0x000000000800e010                __errno
 .text.__libc_init_array
                0x000000000800e01c       0x48 d:/stm32cubeide_1.6.1/stm32cubeide/plugins/com.st.stm32cube.ide.mcu.externaltools.gnu-tools-for-stm32.9-2020-q2-update.win32_1.5.0.202011040924/tools/bin/../lib/gcc/arm-none-eabi/9.3.1/../../../../arm-none-eabi/lib/thumb/v7e-m+dp/hard\libc_nano.a(lib_a-init.o)
                0x000000000800e01c                __libc_init_array
 .text.malloc   0x000000000800e064       0x10 d:/stm32cubeide_1.6.1/stm32cubeide/plugins/com.st.stm32cube.ide.mcu.externaltools.gnu-tools-for-stm32.9-2020-q2-update.win32_1.5.0.202011040924/tools/bin/../lib/gcc/arm-none-eabi/9.3.1/../../../../arm-none-eabi/lib/thumb/v7e-m+dp/hard\libc_nano.a(lib_a-malloc.o)
                0x000000000800e064                malloc
 .text.memcpy   0x000000000800e074       0x1c d:/stm32cubeide_1.6.1/stm32cubeide/plugins/com.st.stm32cube.ide.mcu.externaltools.gnu-tools-for-stm32.9-2020-q2-update.win32_1.5.0.202011040924/tools/bin/../lib/gcc/arm-none-eabi/9.3.1/../../../../arm-none-eabi/lib/thumb/v7e-m+dp/hard\libc_nano.a(lib_a-memcpy-stub.o)
                0x000000000800e074                memcpy
 .text.memset   0x000000000800e090       0x10 d:/stm32cubeide_1.6.1/stm32cubeide/plugins/com.st.stm32cube.ide.mcu.externaltools.gnu-tools-for-stm32.9-2020-q2-update.win32_1.5.0.202011040924/tools/bin/../lib/gcc/arm-none-eabi/9.3.1/../../../../arm-none-eabi/lib/thumb/v7e-m+dp/hard\libc_nano.a(lib_a-memset.o)
                0x000000000800e090                memset
 .text._free_r  0x000000000800e0a0       0xa0 d:/stm32cubeide_1.6.1/stm32cubeide/plugins/com.st.stm32cube.ide.mcu.externaltools.gnu-tools-for-stm32.9-2020-q2-update.win32_1.5.0.202011040924/tools/bin/../lib/gcc/arm-none-eabi/9.3.1/../../../../arm-none-eabi/lib/thumb/v7e-m+dp/hard\libc_nano.a(lib_a-nano-freer.o)
                0x000000000800e0a0                _free_r
 .text._malloc_r
                0x000000000800e140       0xb4 d:/stm32cubeide_1.6.1/stm32cubeide/plugins/com.st.stm32cube.ide.mcu.externaltools.gnu-tools-for-stm32.9-2020-q2-update.win32_1.5.0.202011040924/tools/bin/../lib/gcc/arm-none-eabi/9.3.1/../../../../arm-none-eabi/lib/thumb/v7e-m+dp/hard\libc_nano.a(lib_a-nano-mallocr.o)
                0x000000000800e140                _malloc_r
 .text.__cvt    0x000000000800e1f4       0xa4 d:/stm32cubeide_1.6.1/stm32cubeide/plugins/com.st.stm32cube.ide.mcu.externaltools.gnu-tools-for-stm32.9-2020-q2-update.win32_1.5.0.202011040924/tools/bin/../lib/gcc/arm-none-eabi/9.3.1/../../../../arm-none-eabi/lib/thumb/v7e-m+dp/hard\libc_nano.a(lib_a-nano-vfprintf_float.o)
                0x000000000800e1f4                __cvt
 .text.__exponent
                0x000000000800e298       0x7c d:/stm32cubeide_1.6.1/stm32cubeide/plugins/com.st.stm32cube.ide.mcu.externaltools.gnu-tools-for-stm32.9-2020-q2-update.win32_1.5.0.202011040924/tools/bin/../lib/gcc/arm-none-eabi/9.3.1/../../../../arm-none-eabi/lib/thumb/v7e-m+dp/hard\libc_nano.a(lib_a-nano-vfprintf_float.o)
                0x000000000800e298                __exponent
 *fill*         0x000000000800e314        0x4 
 .text._printf_float
                0x000000000800e318      0x43c d:/stm32cubeide_1.6.1/stm32cubeide/plugins/com.st.stm32cube.ide.mcu.externaltools.gnu-tools-for-stm32.9-2020-q2-update.win32_1.5.0.202011040924/tools/bin/../lib/gcc/arm-none-eabi/9.3.1/../../../../arm-none-eabi/lib/thumb/v7e-m+dp/hard\libc_nano.a(lib_a-nano-vfprintf_float.o)
                0x000000000800e318                _printf_float
 .text._printf_common
                0x000000000800e754       0xda d:/stm32cubeide_1.6.1/stm32cubeide/plugins/com.st.stm32cube.ide.mcu.externaltools.gnu-tools-for-stm32.9-2020-q2-update.win32_1.5.0.202011040924/tools/bin/../lib/gcc/arm-none-eabi/9.3.1/../../../../arm-none-eabi/lib/thumb/v7e-m+dp/hard\libc_nano.a(lib_a-nano-vfprintf_i.o)
                0x000000000800e754                _printf_common
 *fill*         0x000000000800e82e        0x2 
 .text._printf_i
                0x000000000800e830      0x24c d:/stm32cubeide_1.6.1/stm32cubeide/plugins/com.st.stm32cube.ide.mcu.externaltools.gnu-tools-for-stm32.9-2020-q2-update.win32_1.5.0.202011040924/tools/bin/../lib/gcc/arm-none-eabi/9.3.1/../../../../arm-none-eabi/lib/thumb/v7e-m+dp/hard\libc_nano.a(lib_a-nano-vfprintf_i.o)
                0x000000000800e830                _printf_i
 .text._sbrk_r  0x000000000800ea7c       0x20 d:/stm32cubeide_1.6.1/stm32cubeide/plugins/com.st.stm32cube.ide.mcu.externaltools.gnu-tools-for-stm32.9-2020-q2-update.win32_1.5.0.202011040924/tools/bin/../lib/gcc/arm-none-eabi/9.3.1/../../../../arm-none-eabi/lib/thumb/v7e-m+dp/hard\libc_nano.a(lib_a-sbrkr.o)
                0x000000000800ea7c                _sbrk_r
 .text.sprintf  0x000000000800ea9c       0x40 d:/stm32cubeide_1.6.1/stm32cubeide/plugins/com.st.stm32cube.ide.mcu.externaltools.gnu-tools-for-stm32.9-2020-q2-update.win32_1.5.0.202011040924/tools/bin/../lib/gcc/arm-none-eabi/9.3.1/../../../../arm-none-eabi/lib/thumb/v7e-m+dp/hard\libc_nano.a(lib_a-sprintf.o)
                0x000000000800ea9c                siprintf
                0x000000000800ea9c                sprintf
 .text.quorem   0x000000000800eadc      0x116 d:/stm32cubeide_1.6.1/stm32cubeide/plugins/com.st.stm32cube.ide.mcu.externaltools.gnu-tools-for-stm32.9-2020-q2-update.win32_1.5.0.202011040924/tools/bin/../lib/gcc/arm-none-eabi/9.3.1/../../../../arm-none-eabi/lib/thumb/v7e-m+dp/hard\libc_nano.a(lib_a-dtoa.o)
 *fill*         0x000000000800ebf2        0x6 
 .text._dtoa_r  0x000000000800ebf8      0xb04 d:/stm32cubeide_1.6.1/stm32cubeide/plugins/com.st.stm32cube.ide.mcu.externaltools.gnu-tools-for-stm32.9-2020-q2-update.win32_1.5.0.202011040924/tools/bin/../lib/gcc/arm-none-eabi/9.3.1/../../../../arm-none-eabi/lib/thumb/v7e-m+dp/hard\libc_nano.a(lib_a-dtoa.o)
                0x000000000800ebf8                _dtoa_r
 .text._localeconv_r
                0x000000000800f6fc        0x8 d:/stm32cubeide_1.6.1/stm32cubeide/plugins/com.st.stm32cube.ide.mcu.externaltools.gnu-tools-for-stm32.9-2020-q2-update.win32_1.5.0.202011040924/tools/bin/../lib/gcc/arm-none-eabi/9.3.1/../../../../arm-none-eabi/lib/thumb/v7e-m+dp/hard\libc_nano.a(lib_a-localeconv.o)
                0x000000000800f6fc                _localeconv_r
 .text.__malloc_lock
                0x000000000800f704        0xc d:/stm32cubeide_1.6.1/stm32cubeide/plugins/com.st.stm32cube.ide.mcu.externaltools.gnu-tools-for-stm32.9-2020-q2-update.win32_1.5.0.202011040924/tools/bin/../lib/gcc/arm-none-eabi/9.3.1/../../../../arm-none-eabi/lib/thumb/v7e-m+dp/hard\libc_nano.a(lib_a-mlock.o)
                0x000000000800f704                __malloc_lock
 .text.__malloc_unlock
                0x000000000800f710        0xc d:/stm32cubeide_1.6.1/stm32cubeide/plugins/com.st.stm32cube.ide.mcu.externaltools.gnu-tools-for-stm32.9-2020-q2-update.win32_1.5.0.202011040924/tools/bin/../lib/gcc/arm-none-eabi/9.3.1/../../../../arm-none-eabi/lib/thumb/v7e-m+dp/hard\libc_nano.a(lib_a-mlock.o)
                0x000000000800f710                __malloc_unlock
 .text._Balloc  0x000000000800f71c       0x80 d:/stm32cubeide_1.6.1/stm32cubeide/plugins/com.st.stm32cube.ide.mcu.externaltools.gnu-tools-for-stm32.9-2020-q2-update.win32_1.5.0.202011040924/tools/bin/../lib/gcc/arm-none-eabi/9.3.1/../../../../arm-none-eabi/lib/thumb/v7e-m+dp/hard\libc_nano.a(lib_a-mprec.o)
                0x000000000800f71c                _Balloc
 .text._Bfree   0x000000000800f79c       0x44 d:/stm32cubeide_1.6.1/stm32cubeide/plugins/com.st.stm32cube.ide.mcu.externaltools.gnu-tools-for-stm32.9-2020-q2-update.win32_1.5.0.202011040924/tools/bin/../lib/gcc/arm-none-eabi/9.3.1/../../../../arm-none-eabi/lib/thumb/v7e-m+dp/hard\libc_nano.a(lib_a-mprec.o)
                0x000000000800f79c                _Bfree
 .text.__multadd
                0x000000000800f7e0       0x94 d:/stm32cubeide_1.6.1/stm32cubeide/plugins/com.st.stm32cube.ide.mcu.externaltools.gnu-tools-for-stm32.9-2020-q2-update.win32_1.5.0.202011040924/tools/bin/../lib/gcc/arm-none-eabi/9.3.1/../../../../arm-none-eabi/lib/thumb/v7e-m+dp/hard\libc_nano.a(lib_a-mprec.o)
                0x000000000800f7e0                __multadd
 .text.__hi0bits
                0x000000000800f874       0x40 d:/stm32cubeide_1.6.1/stm32cubeide/plugins/com.st.stm32cube.ide.mcu.externaltools.gnu-tools-for-stm32.9-2020-q2-update.win32_1.5.0.202011040924/tools/bin/../lib/gcc/arm-none-eabi/9.3.1/../../../../arm-none-eabi/lib/thumb/v7e-m+dp/hard\libc_nano.a(lib_a-mprec.o)
                0x000000000800f874                __hi0bits
 .text.__lo0bits
                0x000000000800f8b4       0x60 d:/stm32cubeide_1.6.1/stm32cubeide/plugins/com.st.stm32cube.ide.mcu.externaltools.gnu-tools-for-stm32.9-2020-q2-update.win32_1.5.0.202011040924/tools/bin/../lib/gcc/arm-none-eabi/9.3.1/../../../../arm-none-eabi/lib/thumb/v7e-m+dp/hard\libc_nano.a(lib_a-mprec.o)
                0x000000000800f8b4                __lo0bits
 .text.__i2b    0x000000000800f914       0x2c d:/stm32cubeide_1.6.1/stm32cubeide/plugins/com.st.stm32cube.ide.mcu.externaltools.gnu-tools-for-stm32.9-2020-q2-update.win32_1.5.0.202011040924/tools/bin/../lib/gcc/arm-none-eabi/9.3.1/../../../../arm-none-eabi/lib/thumb/v7e-m+dp/hard\libc_nano.a(lib_a-mprec.o)
                0x000000000800f914                __i2b
 .text.__multiply
                0x000000000800f940      0x14c d:/stm32cubeide_1.6.1/stm32cubeide/plugins/com.st.stm32cube.ide.mcu.externaltools.gnu-tools-for-stm32.9-2020-q2-update.win32_1.5.0.202011040924/tools/bin/../lib/gcc/arm-none-eabi/9.3.1/../../../../arm-none-eabi/lib/thumb/v7e-m+dp/hard\libc_nano.a(lib_a-mprec.o)
                0x000000000800f940                __multiply
 .text.__pow5mult
                0x000000000800fa8c       0xb4 d:/stm32cubeide_1.6.1/stm32cubeide/plugins/com.st.stm32cube.ide.mcu.externaltools.gnu-tools-for-stm32.9-2020-q2-update.win32_1.5.0.202011040924/tools/bin/../lib/gcc/arm-none-eabi/9.3.1/../../../../arm-none-eabi/lib/thumb/v7e-m+dp/hard\libc_nano.a(lib_a-mprec.o)
                0x000000000800fa8c                __pow5mult
 .text.__lshift
                0x000000000800fb40       0xd8 d:/stm32cubeide_1.6.1/stm32cubeide/plugins/com.st.stm32cube.ide.mcu.externaltools.gnu-tools-for-stm32.9-2020-q2-update.win32_1.5.0.202011040924/tools/bin/../lib/gcc/arm-none-eabi/9.3.1/../../../../arm-none-eabi/lib/thumb/v7e-m+dp/hard\libc_nano.a(lib_a-mprec.o)
                0x000000000800fb40                __lshift
 .text.__mcmp   0x000000000800fc18       0x38 d:/stm32cubeide_1.6.1/stm32cubeide/plugins/com.st.stm32cube.ide.mcu.externaltools.gnu-tools-for-stm32.9-2020-q2-update.win32_1.5.0.202011040924/tools/bin/../lib/gcc/arm-none-eabi/9.3.1/../../../../arm-none-eabi/lib/thumb/v7e-m+dp/hard\libc_nano.a(lib_a-mprec.o)
                0x000000000800fc18                __mcmp
 .text.__mdiff  0x000000000800fc50      0x110 d:/stm32cubeide_1.6.1/stm32cubeide/plugins/com.st.stm32cube.ide.mcu.externaltools.gnu-tools-for-stm32.9-2020-q2-update.win32_1.5.0.202011040924/tools/bin/../lib/gcc/arm-none-eabi/9.3.1/../../../../arm-none-eabi/lib/thumb/v7e-m+dp/hard\libc_nano.a(lib_a-mprec.o)
                0x000000000800fc50                __mdiff
 .text.__d2b    0x000000000800fd60       0xb8 d:/stm32cubeide_1.6.1/stm32cubeide/plugins/com.st.stm32cube.ide.mcu.externaltools.gnu-tools-for-stm32.9-2020-q2-update.win32_1.5.0.202011040924/tools/bin/../lib/gcc/arm-none-eabi/9.3.1/../../../../arm-none-eabi/lib/thumb/v7e-m+dp/hard\libc_nano.a(lib_a-mprec.o)
                0x000000000800fd60                __d2b
 .text._calloc_r
                0x000000000800fe18       0x1e d:/stm32cubeide_1.6.1/stm32cubeide/plugins/com.st.stm32cube.ide.mcu.externaltools.gnu-tools-for-stm32.9-2020-q2-update.win32_1.5.0.202011040924/tools/bin/../lib/gcc/arm-none-eabi/9.3.1/../../../../arm-none-eabi/lib/thumb/v7e-m+dp/hard\libc_nano.a(lib_a-nano-callocr.o)
                0x000000000800fe18                _calloc_r
 .text._realloc_r
                0x000000000800fe36       0x4c d:/stm32cubeide_1.6.1/stm32cubeide/plugins/com.st.stm32cube.ide.mcu.externaltools.gnu-tools-for-stm32.9-2020-q2-update.win32_1.5.0.202011040924/tools/bin/../lib/gcc/arm-none-eabi/9.3.1/../../../../arm-none-eabi/lib/thumb/v7e-m+dp/hard\libc_nano.a(lib_a-nano-reallocr.o)
                0x000000000800fe36                _realloc_r
 .text.__ssputs_r
                0x000000000800fe82       0xb6 d:/stm32cubeide_1.6.1/stm32cubeide/plugins/com.st.stm32cube.ide.mcu.externaltools.gnu-tools-for-stm32.9-2020-q2-update.win32_1.5.0.202011040924/tools/bin/../lib/gcc/arm-none-eabi/9.3.1/../../../../arm-none-eabi/lib/thumb/v7e-m+dp/hard\libc_nano.a(lib_a-nano-svfprintf.o)
                0x000000000800fe82                __ssputs_r
 .text._svfprintf_r
                0x000000000800ff38      0x200 d:/stm32cubeide_1.6.1/stm32cubeide/plugins/com.st.stm32cube.ide.mcu.externaltools.gnu-tools-for-stm32.9-2020-q2-update.win32_1.5.0.202011040924/tools/bin/../lib/gcc/arm-none-eabi/9.3.1/../../../../arm-none-eabi/lib/thumb/v7e-m+dp/hard\libc_nano.a(lib_a-nano-svfprintf.o)
                0x000000000800ff38                _svfiprintf_r
                0x000000000800ff38                _svfprintf_r
 .text.__assert_func
                0x0000000008010138       0x3c d:/stm32cubeide_1.6.1/stm32cubeide/plugins/com.st.stm32cube.ide.mcu.externaltools.gnu-tools-for-stm32.9-2020-q2-update.win32_1.5.0.202011040924/tools/bin/../lib/gcc/arm-none-eabi/9.3.1/../../../../arm-none-eabi/lib/thumb/v7e-m+dp/hard\libc_nano.a(lib_a-assert.o)
                0x0000000008010138                __assert_func
 .text.fprintf  0x0000000008010174       0x24 d:/stm32cubeide_1.6.1/stm32cubeide/plugins/com.st.stm32cube.ide.mcu.externaltools.gnu-tools-for-stm32.9-2020-q2-update.win32_1.5.0.202011040924/tools/bin/../lib/gcc/arm-none-eabi/9.3.1/../../../../arm-none-eabi/lib/thumb/v7e-m+dp/hard\libc_nano.a(lib_a-fprintf.o)
                0x0000000008010174                fiprintf
                0x0000000008010174                fprintf
 .text.__retarget_lock_init_recursive
                0x0000000008010198        0x2 d:/stm32cubeide_1.6.1/stm32cubeide/plugins/com.st.stm32cube.ide.mcu.externaltools.gnu-tools-for-stm32.9-2020-q2-update.win32_1.5.0.202011040924/tools/bin/../lib/gcc/arm-none-eabi/9.3.1/../../../../arm-none-eabi/lib/thumb/v7e-m+dp/hard\libc_nano.a(lib_a-lock.o)
                0x0000000008010198                __retarget_lock_init_recursive
 .text.__retarget_lock_acquire_recursive
                0x000000000801019a        0x2 d:/stm32cubeide_1.6.1/stm32cubeide/plugins/com.st.stm32cube.ide.mcu.externaltools.gnu-tools-for-stm32.9-2020-q2-update.win32_1.5.0.202011040924/tools/bin/../lib/gcc/arm-none-eabi/9.3.1/../../../../arm-none-eabi/lib/thumb/v7e-m+dp/hard\libc_nano.a(lib_a-lock.o)
                0x000000000801019a                __retarget_lock_acquire_recursive
 .text.__retarget_lock_release_recursive
                0x000000000801019c        0x2 d:/stm32cubeide_1.6.1/stm32cubeide/plugins/com.st.stm32cube.ide.mcu.externaltools.gnu-tools-for-stm32.9-2020-q2-update.win32_1.5.0.202011040924/tools/bin/../lib/gcc/arm-none-eabi/9.3.1/../../../../arm-none-eabi/lib/thumb/v7e-m+dp/hard\libc_nano.a(lib_a-lock.o)
                0x000000000801019c                __retarget_lock_release_recursive
 .text.__ascii_mbtowc
                0x000000000801019e       0x24 d:/stm32cubeide_1.6.1/stm32cubeide/plugins/com.st.stm32cube.ide.mcu.externaltools.gnu-tools-for-stm32.9-2020-q2-update.win32_1.5.0.202011040924/tools/bin/../lib/gcc/arm-none-eabi/9.3.1/../../../../arm-none-eabi/lib/thumb/v7e-m+dp/hard\libc_nano.a(lib_a-mbtowc_r.o)
                0x000000000801019e                __ascii_mbtowc
 .text.memmove  0x00000000080101c2       0x34 d:/stm32cubeide_1.6.1/stm32cubeide/plugins/com.st.stm32cube.ide.mcu.externaltools.gnu-tools-for-stm32.9-2020-q2-update.win32_1.5.0.202011040924/tools/bin/../lib/gcc/arm-none-eabi/9.3.1/../../../../arm-none-eabi/lib/thumb/v7e-m+dp/hard\libc_nano.a(lib_a-memmove.o)
                0x00000000080101c2                memmove
 .text._malloc_usable_size_r
                0x00000000080101f6       0x10 d:/stm32cubeide_1.6.1/stm32cubeide/plugins/com.st.stm32cube.ide.mcu.externaltools.gnu-tools-for-stm32.9-2020-q2-update.win32_1.5.0.202011040924/tools/bin/../lib/gcc/arm-none-eabi/9.3.1/../../../../arm-none-eabi/lib/thumb/v7e-m+dp/hard\libc_nano.a(lib_a-nano-msizer.o)
                0x00000000080101f6                _malloc_usable_size_r
 .text.__sfputc_r
                0x0000000008010206       0x2e d:/stm32cubeide_1.6.1/stm32cubeide/plugins/com.st.stm32cube.ide.mcu.externaltools.gnu-tools-for-stm32.9-2020-q2-update.win32_1.5.0.202011040924/tools/bin/../lib/gcc/arm-none-eabi/9.3.1/../../../../arm-none-eabi/lib/thumb/v7e-m+dp/hard\libc_nano.a(lib_a-nano-vfprintf.o)
 .text.__sfputs_r
                0x0000000008010234       0x24 d:/stm32cubeide_1.6.1/stm32cubeide/plugins/com.st.stm32cube.ide.mcu.externaltools.gnu-tools-for-stm32.9-2020-q2-update.win32_1.5.0.202011040924/tools/bin/../lib/gcc/arm-none-eabi/9.3.1/../../../../arm-none-eabi/lib/thumb/v7e-m+dp/hard\libc_nano.a(lib_a-nano-vfprintf.o)
                0x0000000008010234                __sfputs_r
 .text._vfprintf_r
                0x0000000008010258      0x260 d:/stm32cubeide_1.6.1/stm32cubeide/plugins/com.st.stm32cube.ide.mcu.externaltools.gnu-tools-for-stm32.9-2020-q2-update.win32_1.5.0.202011040924/tools/bin/../lib/gcc/arm-none-eabi/9.3.1/../../../../arm-none-eabi/lib/thumb/v7e-m+dp/hard\libc_nano.a(lib_a-nano-vfprintf.o)
                0x0000000008010258                _vfprintf_r
                0x0000000008010258                _vfiprintf_r
 .text.__swbuf_r
                0x00000000080104b8       0xa4 d:/stm32cubeide_1.6.1/stm32cubeide/plugins/com.st.stm32cube.ide.mcu.externaltools.gnu-tools-for-stm32.9-2020-q2-update.win32_1.5.0.202011040924/tools/bin/../lib/gcc/arm-none-eabi/9.3.1/../../../../arm-none-eabi/lib/thumb/v7e-m+dp/hard\libc_nano.a(lib_a-wbuf.o)
                0x00000000080104b8                __swbuf_r
 .text.__ascii_wctomb
                0x000000000801055c       0x1a d:/stm32cubeide_1.6.1/stm32cubeide/plugins/com.st.stm32cube.ide.mcu.externaltools.gnu-tools-for-stm32.9-2020-q2-update.win32_1.5.0.202011040924/tools/bin/../lib/gcc/arm-none-eabi/9.3.1/../../../../arm-none-eabi/lib/thumb/v7e-m+dp/hard\libc_nano.a(lib_a-wctomb_r.o)
                0x000000000801055c                __ascii_wctomb
 *fill*         0x0000000008010576        0x2 
 .text.__swsetup_r
                0x0000000008010578       0xdc d:/stm32cubeide_1.6.1/stm32cubeide/plugins/com.st.stm32cube.ide.mcu.externaltools.gnu-tools-for-stm32.9-2020-q2-update.win32_1.5.0.202011040924/tools/bin/../lib/gcc/arm-none-eabi/9.3.1/../../../../arm-none-eabi/lib/thumb/v7e-m+dp/hard\libc_nano.a(lib_a-wsetup.o)
                0x0000000008010578                __swsetup_r
 .text.abort    0x0000000008010654        0xe d:/stm32cubeide_1.6.1/stm32cubeide/plugins/com.st.stm32cube.ide.mcu.externaltools.gnu-tools-for-stm32.9-2020-q2-update.win32_1.5.0.202011040924/tools/bin/../lib/gcc/arm-none-eabi/9.3.1/../../../../arm-none-eabi/lib/thumb/v7e-m+dp/hard\libc_nano.a(lib_a-abort.o)
                0x0000000008010654                abort
 *fill*         0x0000000008010662        0x2 
 .text.__sflush_r
                0x0000000008010664      0x10c d:/stm32cubeide_1.6.1/stm32cubeide/plugins/com.st.stm32cube.ide.mcu.externaltools.gnu-tools-for-stm32.9-2020-q2-update.win32_1.5.0.202011040924/tools/bin/../lib/gcc/arm-none-eabi/9.3.1/../../../../arm-none-eabi/lib/thumb/v7e-m+dp/hard\libc_nano.a(lib_a-fflush.o)
                0x0000000008010664                __sflush_r
 .text._fflush_r
                0x0000000008010770       0x78 d:/stm32cubeide_1.6.1/stm32cubeide/plugins/com.st.stm32cube.ide.mcu.externaltools.gnu-tools-for-stm32.9-2020-q2-update.win32_1.5.0.202011040924/tools/bin/../lib/gcc/arm-none-eabi/9.3.1/../../../../arm-none-eabi/lib/thumb/v7e-m+dp/hard\libc_nano.a(lib_a-fflush.o)
                0x0000000008010770                _fflush_r
 .text.std      0x00000000080107e8       0x48 d:/stm32cubeide_1.6.1/stm32cubeide/plugins/com.st.stm32cube.ide.mcu.externaltools.gnu-tools-for-stm32.9-2020-q2-update.win32_1.5.0.202011040924/tools/bin/../lib/gcc/arm-none-eabi/9.3.1/../../../../arm-none-eabi/lib/thumb/v7e-m+dp/hard\libc_nano.a(lib_a-findfp.o)
 .text._cleanup_r
                0x0000000008010830        0xc d:/stm32cubeide_1.6.1/stm32cubeide/plugins/com.st.stm32cube.ide.mcu.externaltools.gnu-tools-for-stm32.9-2020-q2-update.win32_1.5.0.202011040924/tools/bin/../lib/gcc/arm-none-eabi/9.3.1/../../../../arm-none-eabi/lib/thumb/v7e-m+dp/hard\libc_nano.a(lib_a-findfp.o)
                0x0000000008010830                _cleanup_r
 .text.__sfmoreglue
                0x000000000801083c       0x2c d:/stm32cubeide_1.6.1/stm32cubeide/plugins/com.st.stm32cube.ide.mcu.externaltools.gnu-tools-for-stm32.9-2020-q2-update.win32_1.5.0.202011040924/tools/bin/../lib/gcc/arm-none-eabi/9.3.1/../../../../arm-none-eabi/lib/thumb/v7e-m+dp/hard\libc_nano.a(lib_a-findfp.o)
                0x000000000801083c                __sfmoreglue
 .text.__sfp_lock_acquire
                0x0000000008010868        0xc d:/stm32cubeide_1.6.1/stm32cubeide/plugins/com.st.stm32cube.ide.mcu.externaltools.gnu-tools-for-stm32.9-2020-q2-update.win32_1.5.0.202011040924/tools/bin/../lib/gcc/arm-none-eabi/9.3.1/../../../../arm-none-eabi/lib/thumb/v7e-m+dp/hard\libc_nano.a(lib_a-findfp.o)
                0x0000000008010868                __sfp_lock_acquire
 .text.__sfp_lock_release
                0x0000000008010874        0xc d:/stm32cubeide_1.6.1/stm32cubeide/plugins/com.st.stm32cube.ide.mcu.externaltools.gnu-tools-for-stm32.9-2020-q2-update.win32_1.5.0.202011040924/tools/bin/../lib/gcc/arm-none-eabi/9.3.1/../../../../arm-none-eabi/lib/thumb/v7e-m+dp/hard\libc_nano.a(lib_a-findfp.o)
                0x0000000008010874                __sfp_lock_release
 .text.__sinit_lock_acquire
                0x0000000008010880        0xc d:/stm32cubeide_1.6.1/stm32cubeide/plugins/com.st.stm32cube.ide.mcu.externaltools.gnu-tools-for-stm32.9-2020-q2-update.win32_1.5.0.202011040924/tools/bin/../lib/gcc/arm-none-eabi/9.3.1/../../../../arm-none-eabi/lib/thumb/v7e-m+dp/hard\libc_nano.a(lib_a-findfp.o)
                0x0000000008010880                __sinit_lock_acquire
 .text.__sinit_lock_release
                0x000000000801088c        0xc d:/stm32cubeide_1.6.1/stm32cubeide/plugins/com.st.stm32cube.ide.mcu.externaltools.gnu-tools-for-stm32.9-2020-q2-update.win32_1.5.0.202011040924/tools/bin/../lib/gcc/arm-none-eabi/9.3.1/../../../../arm-none-eabi/lib/thumb/v7e-m+dp/hard\libc_nano.a(lib_a-findfp.o)
                0x000000000801088c                __sinit_lock_release
 .text.__sinit  0x0000000008010898       0x70 d:/stm32cubeide_1.6.1/stm32cubeide/plugins/com.st.stm32cube.ide.mcu.externaltools.gnu-tools-for-stm32.9-2020-q2-update.win32_1.5.0.202011040924/tools/bin/../lib/gcc/arm-none-eabi/9.3.1/../../../../arm-none-eabi/lib/thumb/v7e-m+dp/hard\libc_nano.a(lib_a-findfp.o)
                0x0000000008010898                __sinit
 .text.__sfp    0x0000000008010908       0x8c d:/stm32cubeide_1.6.1/stm32cubeide/plugins/com.st.stm32cube.ide.mcu.externaltools.gnu-tools-for-stm32.9-2020-q2-update.win32_1.5.0.202011040924/tools/bin/../lib/gcc/arm-none-eabi/9.3.1/../../../../arm-none-eabi/lib/thumb/v7e-m+dp/hard\libc_nano.a(lib_a-findfp.o)
                0x0000000008010908                __sfp
 .text._fwalk_reent
                0x0000000008010994       0x3e d:/stm32cubeide_1.6.1/stm32cubeide/plugins/com.st.stm32cube.ide.mcu.externaltools.gnu-tools-for-stm32.9-2020-q2-update.win32_1.5.0.202011040924/tools/bin/../lib/gcc/arm-none-eabi/9.3.1/../../../../arm-none-eabi/lib/thumb/v7e-m+dp/hard\libc_nano.a(lib_a-fwalk.o)
                0x0000000008010994                _fwalk_reent
 .text.__swhatbuf_r
                0x00000000080109d2       0x48 d:/stm32cubeide_1.6.1/stm32cubeide/plugins/com.st.stm32cube.ide.mcu.externaltools.gnu-tools-for-stm32.9-2020-q2-update.win32_1.5.0.202011040924/tools/bin/../lib/gcc/arm-none-eabi/9.3.1/../../../../arm-none-eabi/lib/thumb/v7e-m+dp/hard\libc_nano.a(lib_a-makebuf.o)
                0x00000000080109d2                __swhatbuf_r
 *fill*         0x0000000008010a1a        0x2 
 .text.__smakebuf_r
                0x0000000008010a1c       0x80 d:/stm32cubeide_1.6.1/stm32cubeide/plugins/com.st.stm32cube.ide.mcu.externaltools.gnu-tools-for-stm32.9-2020-q2-update.win32_1.5.0.202011040924/tools/bin/../lib/gcc/arm-none-eabi/9.3.1/../../../../arm-none-eabi/lib/thumb/v7e-m+dp/hard\libc_nano.a(lib_a-makebuf.o)
                0x0000000008010a1c                __smakebuf_r
 .text._raise_r
                0x0000000008010a9c       0x50 d:/stm32cubeide_1.6.1/stm32cubeide/plugins/com.st.stm32cube.ide.mcu.externaltools.gnu-tools-for-stm32.9-2020-q2-update.win32_1.5.0.202011040924/tools/bin/../lib/gcc/arm-none-eabi/9.3.1/../../../../arm-none-eabi/lib/thumb/v7e-m+dp/hard\libc_nano.a(lib_a-signal.o)
                0x0000000008010a9c                _raise_r
 .text.raise    0x0000000008010aec       0x10 d:/stm32cubeide_1.6.1/stm32cubeide/plugins/com.st.stm32cube.ide.mcu.externaltools.gnu-tools-for-stm32.9-2020-q2-update.win32_1.5.0.202011040924/tools/bin/../lib/gcc/arm-none-eabi/9.3.1/../../../../arm-none-eabi/lib/thumb/v7e-m+dp/hard\libc_nano.a(lib_a-signal.o)
                0x0000000008010aec                raise
 .text._kill_r  0x0000000008010afc       0x24 d:/stm32cubeide_1.6.1/stm32cubeide/plugins/com.st.stm32cube.ide.mcu.externaltools.gnu-tools-for-stm32.9-2020-q2-update.win32_1.5.0.202011040924/tools/bin/../lib/gcc/arm-none-eabi/9.3.1/../../../../arm-none-eabi/lib/thumb/v7e-m+dp/hard\libc_nano.a(lib_a-signalr.o)
                0x0000000008010afc                _kill_r
 .text._getpid_r
                0x0000000008010b20        0x4 d:/stm32cubeide_1.6.1/stm32cubeide/plugins/com.st.stm32cube.ide.mcu.externaltools.gnu-tools-for-stm32.9-2020-q2-update.win32_1.5.0.202011040924/tools/bin/../lib/gcc/arm-none-eabi/9.3.1/../../../../arm-none-eabi/lib/thumb/v7e-m+dp/hard\libc_nano.a(lib_a-signalr.o)
                0x0000000008010b20                _getpid_r
 .text.__sread  0x0000000008010b24       0x22 d:/stm32cubeide_1.6.1/stm32cubeide/plugins/com.st.stm32cube.ide.mcu.externaltools.gnu-tools-for-stm32.9-2020-q2-update.win32_1.5.0.202011040924/tools/bin/../lib/gcc/arm-none-eabi/9.3.1/../../../../arm-none-eabi/lib/thumb/v7e-m+dp/hard\libc_nano.a(lib_a-stdio.o)
                0x0000000008010b24                __sread
 .text.__swrite
                0x0000000008010b46       0x38 d:/stm32cubeide_1.6.1/stm32cubeide/plugins/com.st.stm32cube.ide.mcu.externaltools.gnu-tools-for-stm32.9-2020-q2-update.win32_1.5.0.202011040924/tools/bin/../lib/gcc/arm-none-eabi/9.3.1/../../../../arm-none-eabi/lib/thumb/v7e-m+dp/hard\libc_nano.a(lib_a-stdio.o)
                0x0000000008010b46                __swrite
 .text.__sseek  0x0000000008010b7e       0x24 d:/stm32cubeide_1.6.1/stm32cubeide/plugins/com.st.stm32cube.ide.mcu.externaltools.gnu-tools-for-stm32.9-2020-q2-update.win32_1.5.0.202011040924/tools/bin/../lib/gcc/arm-none-eabi/9.3.1/../../../../arm-none-eabi/lib/thumb/v7e-m+dp/hard\libc_nano.a(lib_a-stdio.o)
                0x0000000008010b7e                __sseek
 .text.__sclose
                0x0000000008010ba2        0x8 d:/stm32cubeide_1.6.1/stm32cubeide/plugins/com.st.stm32cube.ide.mcu.externaltools.gnu-tools-for-stm32.9-2020-q2-update.win32_1.5.0.202011040924/tools/bin/../lib/gcc/arm-none-eabi/9.3.1/../../../../arm-none-eabi/lib/thumb/v7e-m+dp/hard\libc_nano.a(lib_a-stdio.o)
                0x0000000008010ba2                __sclose
 *fill*         0x0000000008010baa        0x2 
 .text._write_r
                0x0000000008010bac       0x24 d:/stm32cubeide_1.6.1/stm32cubeide/plugins/com.st.stm32cube.ide.mcu.externaltools.gnu-tools-for-stm32.9-2020-q2-update.win32_1.5.0.202011040924/tools/bin/../lib/gcc/arm-none-eabi/9.3.1/../../../../arm-none-eabi/lib/thumb/v7e-m+dp/hard\libc_nano.a(lib_a-writer.o)
                0x0000000008010bac                _write_r
 .text._close_r
                0x0000000008010bd0       0x20 d:/stm32cubeide_1.6.1/stm32cubeide/plugins/com.st.stm32cube.ide.mcu.externaltools.gnu-tools-for-stm32.9-2020-q2-update.win32_1.5.0.202011040924/tools/bin/../lib/gcc/arm-none-eabi/9.3.1/../../../../arm-none-eabi/lib/thumb/v7e-m+dp/hard\libc_nano.a(lib_a-closer.o)
                0x0000000008010bd0                _close_r
 .text._fstat_r
                0x0000000008010bf0       0x24 d:/stm32cubeide_1.6.1/stm32cubeide/plugins/com.st.stm32cube.ide.mcu.externaltools.gnu-tools-for-stm32.9-2020-q2-update.win32_1.5.0.202011040924/tools/bin/../lib/gcc/arm-none-eabi/9.3.1/../../../../arm-none-eabi/lib/thumb/v7e-m+dp/hard\libc_nano.a(lib_a-fstatr.o)
                0x0000000008010bf0                _fstat_r
 .text._isatty_r
                0x0000000008010c14       0x20 d:/stm32cubeide_1.6.1/stm32cubeide/plugins/com.st.stm32cube.ide.mcu.externaltools.gnu-tools-for-stm32.9-2020-q2-update.win32_1.5.0.202011040924/tools/bin/../lib/gcc/arm-none-eabi/9.3.1/../../../../arm-none-eabi/lib/thumb/v7e-m+dp/hard\libc_nano.a(lib_a-isattyr.o)
                0x0000000008010c14                _isatty_r
 .text._lseek_r
                0x0000000008010c34       0x24 d:/stm32cubeide_1.6.1/stm32cubeide/plugins/com.st.stm32cube.ide.mcu.externaltools.gnu-tools-for-stm32.9-2020-q2-update.win32_1.5.0.202011040924/tools/bin/../lib/gcc/arm-none-eabi/9.3.1/../../../../arm-none-eabi/lib/thumb/v7e-m+dp/hard\libc_nano.a(lib_a-lseekr.o)
                0x0000000008010c34                _lseek_r
 .text._read_r  0x0000000008010c58       0x24 d:/stm32cubeide_1.6.1/stm32cubeide/plugins/com.st.stm32cube.ide.mcu.externaltools.gnu-tools-for-stm32.9-2020-q2-update.win32_1.5.0.202011040924/tools/bin/../lib/gcc/arm-none-eabi/9.3.1/../../../../arm-none-eabi/lib/thumb/v7e-m+dp/hard\libc_nano.a(lib_a-readr.o)
                0x0000000008010c58                _read_r
 .text.expf     0x0000000008010c7c       0xec d:/stm32cubeide_1.6.1/stm32cubeide/plugins/com.st.stm32cube.ide.mcu.externaltools.gnu-tools-for-stm32.9-2020-q2-update.win32_1.5.0.202011040924/tools/bin/../lib/gcc/arm-none-eabi/9.3.1/../../../../arm-none-eabi/lib/thumb/v7e-m+dp/hard\libm.a(lib_a-sf_exp.o)
                0x0000000008010c7c                expf
 .text.with_errnof
                0x0000000008010d68       0x16 d:/stm32cubeide_1.6.1/stm32cubeide/plugins/com.st.stm32cube.ide.mcu.externaltools.gnu-tools-for-stm32.9-2020-q2-update.win32_1.5.0.202011040924/tools/bin/../lib/gcc/arm-none-eabi/9.3.1/../../../../arm-none-eabi/lib/thumb/v7e-m+dp/hard\libm.a(lib_a-math_errf.o)
 .text.xflowf   0x0000000008010d7e       0x16 d:/stm32cubeide_1.6.1/stm32cubeide/plugins/com.st.stm32cube.ide.mcu.externaltools.gnu-tools-for-stm32.9-2020-q2-update.win32_1.5.0.202011040924/tools/bin/../lib/gcc/arm-none-eabi/9.3.1/../../../../arm-none-eabi/lib/thumb/v7e-m+dp/hard\libm.a(lib_a-math_errf.o)
 .text.__math_uflowf
                0x0000000008010d94        0xc d:/stm32cubeide_1.6.1/stm32cubeide/plugins/com.st.stm32cube.ide.mcu.externaltools.gnu-tools-for-stm32.9-2020-q2-update.win32_1.5.0.202011040924/tools/bin/../lib/gcc/arm-none-eabi/9.3.1/../../../../arm-none-eabi/lib/thumb/v7e-m+dp/hard\libm.a(lib_a-math_errf.o)
                0x0000000008010d94                __math_uflowf
 .text.__math_may_uflowf
                0x0000000008010da0        0xc d:/stm32cubeide_1.6.1/stm32cubeide/plugins/com.st.stm32cube.ide.mcu.externaltools.gnu-tools-for-stm32.9-2020-q2-update.win32_1.5.0.202011040924/tools/bin/../lib/gcc/arm-none-eabi/9.3.1/../../../../arm-none-eabi/lib/thumb/v7e-m+dp/hard\libm.a(lib_a-math_errf.o)
                0x0000000008010da0                __math_may_uflowf
 .text.__math_oflowf
                0x0000000008010dac        0xc d:/stm32cubeide_1.6.1/stm32cubeide/plugins/com.st.stm32cube.ide.mcu.externaltools.gnu-tools-for-stm32.9-2020-q2-update.win32_1.5.0.202011040924/tools/bin/../lib/gcc/arm-none-eabi/9.3.1/../../../../arm-none-eabi/lib/thumb/v7e-m+dp/hard\libm.a(lib_a-math_errf.o)
                0x0000000008010dac                __math_oflowf
 .text._close   0x0000000008010db8       0x10 d:/stm32cubeide_1.6.1/stm32cubeide/plugins/com.st.stm32cube.ide.mcu.externaltools.gnu-tools-for-stm32.9-2020-q2-update.win32_1.5.0.202011040924/tools/bin/../lib/gcc/arm-none-eabi/9.3.1/../../../../arm-none-eabi/lib/thumb/v7e-m+dp/hard\libnosys.a(close.o)
                0x0000000008010db8                _close
 .text._fstat   0x0000000008010dc8       0x10 d:/stm32cubeide_1.6.1/stm32cubeide/plugins/com.st.stm32cube.ide.mcu.externaltools.gnu-tools-for-stm32.9-2020-q2-update.win32_1.5.0.202011040924/tools/bin/../lib/gcc/arm-none-eabi/9.3.1/../../../../arm-none-eabi/lib/thumb/v7e-m+dp/hard\libnosys.a(fstat.o)
                0x0000000008010dc8                _fstat
 .text._getpid  0x0000000008010dd8       0x10 d:/stm32cubeide_1.6.1/stm32cubeide/plugins/com.st.stm32cube.ide.mcu.externaltools.gnu-tools-for-stm32.9-2020-q2-update.win32_1.5.0.202011040924/tools/bin/../lib/gcc/arm-none-eabi/9.3.1/../../../../arm-none-eabi/lib/thumb/v7e-m+dp/hard\libnosys.a(getpid.o)
                0x0000000008010dd8                _getpid
 .text._isatty  0x0000000008010de8       0x10 d:/stm32cubeide_1.6.1/stm32cubeide/plugins/com.st.stm32cube.ide.mcu.externaltools.gnu-tools-for-stm32.9-2020-q2-update.win32_1.5.0.202011040924/tools/bin/../lib/gcc/arm-none-eabi/9.3.1/../../../../arm-none-eabi/lib/thumb/v7e-m+dp/hard\libnosys.a(isatty.o)
                0x0000000008010de8                _isatty
 .text._kill    0x0000000008010df8       0x10 d:/stm32cubeide_1.6.1/stm32cubeide/plugins/com.st.stm32cube.ide.mcu.externaltools.gnu-tools-for-stm32.9-2020-q2-update.win32_1.5.0.202011040924/tools/bin/../lib/gcc/arm-none-eabi/9.3.1/../../../../arm-none-eabi/lib/thumb/v7e-m+dp/hard\libnosys.a(kill.o)
                0x0000000008010df8                _kill
 .text._lseek   0x0000000008010e08       0x10 d:/stm32cubeide_1.6.1/stm32cubeide/plugins/com.st.stm32cube.ide.mcu.externaltools.gnu-tools-for-stm32.9-2020-q2-update.win32_1.5.0.202011040924/tools/bin/../lib/gcc/arm-none-eabi/9.3.1/../../../../arm-none-eabi/lib/thumb/v7e-m+dp/hard\libnosys.a(lseek.o)
                0x0000000008010e08                _lseek
 .text._read    0x0000000008010e18       0x10 d:/stm32cubeide_1.6.1/stm32cubeide/plugins/com.st.stm32cube.ide.mcu.externaltools.gnu-tools-for-stm32.9-2020-q2-update.win32_1.5.0.202011040924/tools/bin/../lib/gcc/arm-none-eabi/9.3.1/../../../../arm-none-eabi/lib/thumb/v7e-m+dp/hard\libnosys.a(read.o)
                0x0000000008010e18                _read
 .text._write   0x0000000008010e28       0x10 d:/stm32cubeide_1.6.1/stm32cubeide/plugins/com.st.stm32cube.ide.mcu.externaltools.gnu-tools-for-stm32.9-2020-q2-update.win32_1.5.0.202011040924/tools/bin/../lib/gcc/arm-none-eabi/9.3.1/../../../../arm-none-eabi/lib/thumb/v7e-m+dp/hard\libnosys.a(write.o)
                0x0000000008010e28                _write
 .text._exit    0x0000000008010e38        0x2 d:/stm32cubeide_1.6.1/stm32cubeide/plugins/com.st.stm32cube.ide.mcu.externaltools.gnu-tools-for-stm32.9-2020-q2-update.win32_1.5.0.202011040924/tools/bin/../lib/gcc/arm-none-eabi/9.3.1/../../../../arm-none-eabi/lib/thumb/v7e-m+dp/hard\libnosys.a(_exit.o)
                0x0000000008010e38                _exit
 *(.glue_7)
 .glue_7        0x0000000008010e3a        0x0 linker stubs
 *(.glue_7t)
 .glue_7t       0x0000000008010e3a        0x0 linker stubs
 *(.eh_frame)
 *fill*         0x0000000008010e3a        0x2 
 .eh_frame      0x0000000008010e3c        0x0 d:/stm32cubeide_1.6.1/stm32cubeide/plugins/com.st.stm32cube.ide.mcu.externaltools.gnu-tools-for-stm32.9-2020-q2-update.win32_1.5.0.202011040924/tools/bin/../lib/gcc/arm-none-eabi/9.3.1/thumb/v7e-m+dp/hard/crtbegin.o
 *(.init)
 .init          0x0000000008010e3c        0x4 d:/stm32cubeide_1.6.1/stm32cubeide/plugins/com.st.stm32cube.ide.mcu.externaltools.gnu-tools-for-stm32.9-2020-q2-update.win32_1.5.0.202011040924/tools/bin/../lib/gcc/arm-none-eabi/9.3.1/thumb/v7e-m+dp/hard/crti.o
                0x0000000008010e3c                _init
 .init          0x0000000008010e40        0x8 d:/stm32cubeide_1.6.1/stm32cubeide/plugins/com.st.stm32cube.ide.mcu.externaltools.gnu-tools-for-stm32.9-2020-q2-update.win32_1.5.0.202011040924/tools/bin/../lib/gcc/arm-none-eabi/9.3.1/thumb/v7e-m+dp/hard/crtn.o
 *(.fini)
 .fini          0x0000000008010e48        0x4 d:/stm32cubeide_1.6.1/stm32cubeide/plugins/com.st.stm32cube.ide.mcu.externaltools.gnu-tools-for-stm32.9-2020-q2-update.win32_1.5.0.202011040924/tools/bin/../lib/gcc/arm-none-eabi/9.3.1/thumb/v7e-m+dp/hard/crti.o
                0x0000000008010e48                _fini
 .fini          0x0000000008010e4c        0x8 d:/stm32cubeide_1.6.1/stm32cubeide/plugins/com.st.stm32cube.ide.mcu.externaltools.gnu-tools-for-stm32.9-2020-q2-update.win32_1.5.0.202011040924/tools/bin/../lib/gcc/arm-none-eabi/9.3.1/thumb/v7e-m+dp/hard/crtn.o
                0x0000000008010e54                . = ALIGN (0x4)
                0x0000000008010e54                _etext = .

.vfp11_veneer   0x0000000008010e54        0x0
 .vfp11_veneer  0x0000000008010e54        0x0 linker stubs

.v4_bx          0x0000000008010e54        0x0
 .v4_bx         0x0000000008010e54        0x0 linker stubs

.iplt           0x0000000008010e54        0x0
 .iplt          0x0000000008010e54        0x0 d:/stm32cubeide_1.6.1/stm32cubeide/plugins/com.st.stm32cube.ide.mcu.externaltools.gnu-tools-for-stm32.9-2020-q2-update.win32_1.5.0.202011040924/tools/bin/../lib/gcc/arm-none-eabi/9.3.1/thumb/v7e-m+dp/hard/crtbegin.o

.rodata         0x0000000008010e60    0x5f0e0
                0x0000000008010e60                . = ALIGN (0x4)
 *(.rodata)
 .rodata        0x0000000008010e60       0xb8 Core/Src/main.o
 .rodata        0x0000000008010f18       0x30 X-CUBE-AI/App/network_data.o
 *(.rodata*)
 .rodata.D1CorePrescTable
                0x0000000008010f48       0x10 Core/Src/system_stm32h7xx.o
                0x0000000008010f48                D1CorePrescTable
 .rodata.UARTPrescTable
                0x0000000008010f58       0x18 Drivers/STM32H7xx_HAL_Driver/Src/stm32h7xx_hal_uart.o
                0x0000000008010f58                UARTPrescTable
 .rodata.numerator.10368
                0x0000000008010f70        0x8 Drivers/STM32H7xx_HAL_Driver/Src/stm32h7xx_hal_uart_ex.o
 .rodata.denominator.10369
                0x0000000008010f78        0x8 Drivers/STM32H7xx_HAL_Driver/Src/stm32h7xx_hal_uart_ex.o
 .rodata.__compound_literal.0
                0x0000000008010f80        0x4 X-CUBE-AI/App/network.o
 .rodata.__compound_literal.1
                0x0000000008010f84        0x1 X-CUBE-AI/App/network.o
 *fill*         0x0000000008010f85        0x3 
 .rodata.__compound_literal.2
                0x0000000008010f88        0x8 X-CUBE-AI/App/network.o
 .rodata.conv2d_20_output_array_intq
                0x0000000008010f90        0x8 X-CUBE-AI/App/network.o
 .rodata.__compound_literal.3
                0x0000000008010f98        0x4 X-CUBE-AI/App/network.o
 .rodata.__compound_literal.4
                0x0000000008010f9c        0x1 X-CUBE-AI/App/network.o
 *fill*         0x0000000008010f9d        0x3 
 .rodata.__compound_literal.5
                0x0000000008010fa0        0x8 X-CUBE-AI/App/network.o
 .rodata.conv2d_21_output_array_intq
                0x0000000008010fa8        0x8 X-CUBE-AI/App/network.o
 .rodata.__compound_literal.6
                0x0000000008010fb0        0x4 X-CUBE-AI/App/network.o
 .rodata.__compound_literal.7
                0x0000000008010fb4        0x1 X-CUBE-AI/App/network.o
 *fill*         0x0000000008010fb5        0x3 
 .rodata.__compound_literal.8
                0x0000000008010fb8        0x8 X-CUBE-AI/App/network.o
 .rodata.conv2d_18_weights_array_intq
                0x0000000008010fc0        0x8 X-CUBE-AI/App/network.o
 .rodata.__compound_literal.9
                0x0000000008010fc8        0x4 X-CUBE-AI/App/network.o
 .rodata.__compound_literal.10
                0x0000000008010fcc        0x1 X-CUBE-AI/App/network.o
 *fill*         0x0000000008010fcd        0x3 
 .rodata.__compound_literal.11
                0x0000000008010fd0        0x8 X-CUBE-AI/App/network.o
 .rodata.conv2d_20_weights_array_intq
                0x0000000008010fd8        0x8 X-CUBE-AI/App/network.o
 .rodata.__compound_literal.12
                0x0000000008010fe0        0x4 X-CUBE-AI/App/network.o
 .rodata.__compound_literal.13
                0x0000000008010fe4        0x1 X-CUBE-AI/App/network.o
 *fill*         0x0000000008010fe5        0x3 
 .rodata.__compound_literal.14
                0x0000000008010fe8        0x8 X-CUBE-AI/App/network.o
 .rodata.conv2d_21_weights_array_intq
                0x0000000008010ff0        0x8 X-CUBE-AI/App/network.o
 .rodata.__compound_literal.15
                0x0000000008010ff8        0x4 X-CUBE-AI/App/network.o
 .rodata.__compound_literal.16
                0x0000000008010ffc        0x1 X-CUBE-AI/App/network.o
 *fill*         0x0000000008010ffd        0x3 
 .rodata.__compound_literal.17
                0x0000000008011000        0x8 X-CUBE-AI/App/network.o
 .rodata.conv2d_0_weights_array_intq
                0x0000000008011008        0x8 X-CUBE-AI/App/network.o
 .rodata.__compound_literal.18
                0x0000000008011010        0x4 X-CUBE-AI/App/network.o
 .rodata.__compound_literal.19
                0x0000000008011014        0x1 X-CUBE-AI/App/network.o
 *fill*         0x0000000008011015        0x3 
 .rodata.__compound_literal.20
                0x0000000008011018        0x8 X-CUBE-AI/App/network.o
 .rodata.conv2d_4_scratch1_array_intq
                0x0000000008011020        0x8 X-CUBE-AI/App/network.o
 .rodata.__compound_literal.21
                0x0000000008011028        0x4 X-CUBE-AI/App/network.o
 .rodata.__compound_literal.22
                0x000000000801102c        0x1 X-CUBE-AI/App/network.o
 *fill*         0x000000000801102d        0x3 
 .rodata.__compound_literal.23
                0x0000000008011030        0x8 X-CUBE-AI/App/network.o
 .rodata.conv2d_1_weights_array_intq
                0x0000000008011038        0x8 X-CUBE-AI/App/network.o
 .rodata.__compound_literal.24
                0x0000000008011040        0x4 X-CUBE-AI/App/network.o
 .rodata.__compound_literal.25
                0x0000000008011044        0x1 X-CUBE-AI/App/network.o
 *fill*         0x0000000008011045        0x3 
 .rodata.__compound_literal.26
                0x0000000008011048        0x8 X-CUBE-AI/App/network.o
 .rodata.conv2d_2_weights_array_intq
                0x0000000008011050        0x8 X-CUBE-AI/App/network.o
 .rodata.__compound_literal.27
                0x0000000008011058        0x4 X-CUBE-AI/App/network.o
 .rodata.__compound_literal.28
                0x000000000801105c        0x1 X-CUBE-AI/App/network.o
 *fill*         0x000000000801105d        0x3 
 .rodata.__compound_literal.29
                0x0000000008011060        0x8 X-CUBE-AI/App/network.o
 .rodata.conv2d_4_weights_array_intq
                0x0000000008011068        0x8 X-CUBE-AI/App/network.o
 .rodata.__compound_literal.30
                0x0000000008011070        0x4 X-CUBE-AI/App/network.o
 .rodata.__compound_literal.31
                0x0000000008011074        0x1 X-CUBE-AI/App/network.o
 *fill*         0x0000000008011075        0x3 
 .rodata.__compound_literal.32
                0x0000000008011078        0x8 X-CUBE-AI/App/network.o
 .rodata.conv2d_9_scratch1_array_intq
                0x0000000008011080        0x8 X-CUBE-AI/App/network.o
 .rodata.__compound_literal.33
                0x0000000008011088        0x4 X-CUBE-AI/App/network.o
 .rodata.__compound_literal.34
                0x000000000801108c        0x1 X-CUBE-AI/App/network.o
 *fill*         0x000000000801108d        0x3 
 .rodata.__compound_literal.35
                0x0000000008011090        0x8 X-CUBE-AI/App/network.o
 .rodata.conv2d_6_weights_array_intq
                0x0000000008011098        0x8 X-CUBE-AI/App/network.o
 .rodata.__compound_literal.36
                0x00000000080110a0        0x4 X-CUBE-AI/App/network.o
 .rodata.__compound_literal.37
                0x00000000080110a4        0x1 X-CUBE-AI/App/network.o
 *fill*         0x00000000080110a5        0x3 
 .rodata.__compound_literal.38
                0x00000000080110a8        0x8 X-CUBE-AI/App/network.o
 .rodata.conv2d_7_weights_array_intq
                0x00000000080110b0        0x8 X-CUBE-AI/App/network.o
 .rodata.__compound_literal.39
                0x00000000080110b8        0x4 X-CUBE-AI/App/network.o
 .rodata.__compound_literal.40
                0x00000000080110bc        0x1 X-CUBE-AI/App/network.o
 *fill*         0x00000000080110bd        0x3 
 .rodata.__compound_literal.41
                0x00000000080110c0        0x8 X-CUBE-AI/App/network.o
 .rodata.serving_default_input0_output_array_intq
                0x00000000080110c8        0x8 X-CUBE-AI/App/network.o
 .rodata.__compound_literal.42
                0x00000000080110d0        0x4 X-CUBE-AI/App/network.o
 .rodata.__compound_literal.43
                0x00000000080110d4        0x1 X-CUBE-AI/App/network.o
 *fill*         0x00000000080110d5        0x3 
 .rodata.__compound_literal.44
                0x00000000080110d8        0x8 X-CUBE-AI/App/network.o
 .rodata.conv2d_15_scratch1_array_intq
                0x00000000080110e0        0x8 X-CUBE-AI/App/network.o
 .rodata.__compound_literal.45
                0x00000000080110e8        0x4 X-CUBE-AI/App/network.o
 .rodata.__compound_literal.46
                0x00000000080110ec        0x1 X-CUBE-AI/App/network.o
 *fill*         0x00000000080110ed        0x3 
 .rodata.__compound_literal.47
                0x00000000080110f0        0x8 X-CUBE-AI/App/network.o
 .rodata.conv2d_0_output_array_intq
                0x00000000080110f8        0x8 X-CUBE-AI/App/network.o
 .rodata.__compound_literal.48
                0x0000000008011100        0x4 X-CUBE-AI/App/network.o
 .rodata.__compound_literal.49
                0x0000000008011104        0x1 X-CUBE-AI/App/network.o
 *fill*         0x0000000008011105        0x3 
 .rodata.__compound_literal.50
                0x0000000008011108        0x8 X-CUBE-AI/App/network.o
 .rodata.conv2d_9_weights_array_intq
                0x0000000008011110        0x8 X-CUBE-AI/App/network.o
 .rodata.__compound_literal.51
                0x0000000008011118        0x4 X-CUBE-AI/App/network.o
 .rodata.__compound_literal.52
                0x000000000801111c        0x1 X-CUBE-AI/App/network.o
 *fill*         0x000000000801111d        0x3 
 .rodata.__compound_literal.53
                0x0000000008011120        0x8 X-CUBE-AI/App/network.o
 .rodata.conv2d_1_output_array_intq
                0x0000000008011128        0x8 X-CUBE-AI/App/network.o
 .rodata.__compound_literal.54
                0x0000000008011130        0x4 X-CUBE-AI/App/network.o
 .rodata.__compound_literal.55
                0x0000000008011134        0x1 X-CUBE-AI/App/network.o
 *fill*         0x0000000008011135        0x3 
 .rodata.__compound_literal.56
                0x0000000008011138        0x8 X-CUBE-AI/App/network.o
 .rodata.conv2d_2_output_array_intq
                0x0000000008011140        0x8 X-CUBE-AI/App/network.o
 .rodata.__compound_literal.57
                0x0000000008011148        0x4 X-CUBE-AI/App/network.o
 .rodata.__compound_literal.58
                0x000000000801114c        0x1 X-CUBE-AI/App/network.o
 *fill*         0x000000000801114d        0x3 
 .rodata.__compound_literal.59
                0x0000000008011150        0x8 X-CUBE-AI/App/network.o
 .rodata.eltwise_3_output_array_intq
                0x0000000008011158        0x8 X-CUBE-AI/App/network.o
 .rodata.__compound_literal.60
                0x0000000008011160        0x4 X-CUBE-AI/App/network.o
 .rodata.__compound_literal.61
                0x0000000008011164        0x1 X-CUBE-AI/App/network.o
 *fill*         0x0000000008011165        0x3 
 .rodata.__compound_literal.62
                0x0000000008011168        0x8 X-CUBE-AI/App/network.o
 .rodata.conv2d_4_output_array_intq
                0x0000000008011170        0x8 X-CUBE-AI/App/network.o
 .rodata.__compound_literal.63
                0x0000000008011178        0x4 X-CUBE-AI/App/network.o