/Users/joshmillar/Desktop/phd/npus/mcxn947/dm-fashion-mnist-recognition-on-mcxn947/eiq/tensorflow-lite/tensorflow/lite/micro/micro_mutable_op_resolver.h:43:7:virtual tflite::MicroMutableOpResolver<19>::~MicroMutableOpResolver()	0	static
/Users/joshmillar/Desktop/phd/npus/mcxn947/dm-fashion-mnist-recognition-on-mcxn947/eiq/tensorflow-lite/tensorflow/lite/micro/micro_mutable_op_resolver.h:49:27:const TFLMRegistration* tflite::MicroMutableOpResolver<tOpCount>::FindOp(tflite::BuiltinOperator) const [with unsigned int tOpCount = 19]	8	static
/Users/joshmillar/Desktop/phd/npus/mcxn947/dm-fashion-mnist-recognition-on-mcxn947/eiq/tensorflow-lite/tensorflow/lite/micro/micro_mutable_op_resolver.h:72:36:TfLiteStatus (* tflite::MicroMutableOpResolver<tOpCount>::GetOpDataParser(tflite::BuiltinOperator) const)(const tflite::Operator*, tflite::ErrorReporter*, tflite::BuiltinDataAllocator*, void**) [with unsigned int tOpCount = 19]	16	static
/Users/joshmillar/Desktop/phd/npus/mcxn947/dm-fashion-mnist-recognition-on-mcxn947/eiq/tensorflow-lite/tensorflow/lite/micro/micro_mutable_op_resolver.h:61:27:const TFLMRegistration* tflite::MicroMutableOpResolver<tOpCount>::FindOp(const char*) const [with unsigned int tOpCount = 19]	24	static
../source/model/model_ops_npu.cpp:12:26:tflite::MicroOpResolver& MODEL_GetOpsResolver()	64	static
