../source/infer.cpp:36:6:void Rgb565StridedToBgr888(const uint16_t*, int, int, int, int, int, uint8_t*, int, uint8_t)	80	static
../source/infer.cpp:83:6:void Rgb565StridedToRgb888(const uint16_t*, int, int, int, int, int, uint8_t*, int, uint8_t)	80	static
../source/infer.cpp:132:6:void ezh_copy_slice_to_model_input(uint32_t, uint32_t, uint32_t, uint32_t, uint32_t)	80	static
../source/infer.cpp:170:6:void softmax(const float*, float*, int)	40	static
../source/infer.cpp:190:7:float sigmoid(float)	8	static
../source/infer.cpp:197:6:void process_model_output(const float*, float*)	48	static
../source/infer.cpp:217:6:void decode_predictions(const float*, detection_t*, int*, float)	12	static
../source/infer.cpp:246:6:void infer()	4176	static
