./library/inference/tflmtag2412_u55tag2411/tensorflow/lite/kernels/internal/reference/integer_ops/add.h:180:15:int8_t tflite::reference_integer_ops::AddFunc(int8_t, int8_t, const tflite::ArithmeticParams&)	32	static
./library/inference/tflmtag2412_u55tag2411/tensorflow/lite/kernels/op_macros.h:24:13:void AbortImpl()	8	static
library/inference/tflmtag2412_u55tag2411/tensorflow/lite/micro/kernels/cmsis_nn/add.cc:283:7:void* tflite::InitAdd(TfLiteContext*, const char*, size_t)	8	static
./library/inference/tflmtag2412_u55tag2411/tensorflow/lite/kernels/internal/reference/integer_ops/add.h:28:13:void tflite::reference_integer_ops::CheckArithmeticParams(const tflite::ArithmeticParams&)	8	static
library/inference/tflmtag2412_u55tag2411/tensorflow/lite/micro/kernels/cmsis_nn/add.cc:288:14:TfLiteStatus tflite::PrepareAdd(TfLiteContext*, TfLiteNode*)	64	static
./library/inference/tflmtag2412_u55tag2411/tensorflow/lite/kernels/internal/reference/integer_ops/add.h:75:13:void tflite::reference_integer_ops::BroadcastAddRecursiveDimensions(const tflite::ArithmeticParams&, int, size_t*, size_t*, size_t*, size_t*, size_t*, size_t*, const T*, const T*, T*, void (*)(const tflite::ArithmeticParams&), T (*)(T, T, const tflite::ArithmeticParams&)) [with T = signed char]	88	static
./library/inference/tflmtag2412_u55tag2411/tensorflow/lite/kernels/internal/reference/process_broadcast_shapes.h:40:13:bool tflite::reference_ops::ProcessBroadcastShapes(const tflite::RuntimeShape&, const tflite::RuntimeShape&, tflite::ArithmeticParams*)	88	static
library/inference/tflmtag2412_u55tag2411/tensorflow/lite/micro/kernels/cmsis_nn/add.cc:408:18:TFLMRegistration tflite::Register_ADD()	16	static
library/inference/tflmtag2412_u55tag2411/tensorflow/lite/micro/kernels/cmsis_nn/add.cc:412:18:TFLMRegistration tflite::Register_ADD_INT8()	16	static
library/inference/tflmtag2412_u55tag2411/tensorflow/lite/micro/kernels/cmsis_nn/add.cc:416:18:TFLMRegistration tflite::Register_ADD_INT16()	16	static
./library/inference/tflmtag2412_u55tag2411/tensorflow/lite/kernels/internal/common.h:47:6:bool tflite::ReduceDimensionsForBroadcast(const RuntimeShape&, const RuntimeShape&, size_t*, size_t*, size_t*) [with int MAX_DIM = 6]	104	static
library/inference/tflmtag2412_u55tag2411/tensorflow/lite/micro/kernels/cmsis_nn/add.cc:124:14:TfLiteStatus tflite::{anonymous}::EvalAddQuantizedInt8(TfLiteContext*, TfLiteNode*, TfLiteAddParams*, const OpData*, const TfLiteEvalTensor*, const TfLiteEvalTensor*, TfLiteEvalTensor*)	472	static
library/inference/tflmtag2412_u55tag2411/tensorflow/lite/micro/kernels/cmsis_nn/add.cc:368:14:TfLiteStatus tflite::EvalAddInt8(TfLiteContext*, TfLiteNode*)	16	static
./library/inference/tflmtag2412_u55tag2411/tensorflow/lite/kernels/internal/reference/add.h:368:13:void tflite::reference_ops::BroadcastAddRecursiveDimensions(const tflite::ArithmeticParams&, int, size_t*, size_t*, size_t*, size_t*, size_t*, size_t*, const T*, const T*, T*) [with T = short int]	128	static
library/inference/tflmtag2412_u55tag2411/tensorflow/lite/micro/kernels/cmsis_nn/add.cc:163:14:TfLiteStatus tflite::{anonymous}::EvalAddQuantizedInt16(TfLiteContext*, TfLiteNode*, TfLiteAddParams*, const OpData*, const TfLiteEvalTensor*, const TfLiteEvalTensor*, TfLiteEvalTensor*)	480	static
library/inference/tflmtag2412_u55tag2411/tensorflow/lite/micro/kernels/cmsis_nn/add.cc:388:14:TfLiteStatus tflite::EvalAddInt16(TfLiteContext*, TfLiteNode*)	16	static
./library/inference/tflmtag2412_u55tag2411/tensorflow/lite/kernels/internal/reference/add.h:270:13:void tflite::reference_ops::BroadcastAddRecursiveDimensions(int, size_t*, size_t*, size_t*, size_t*, size_t*, size_t*, T, T, const T*, const T*, T*) [with T = float]	88	static
./library/inference/tflmtag2412_u55tag2411/tensorflow/lite/kernels/internal/reference/add.h:270:13:void tflite::reference_ops::BroadcastAddRecursiveDimensions(int, size_t*, size_t*, size_t*, size_t*, size_t*, size_t*, T, T, const T*, const T*, T*) [with T = long int]	88	static
library/inference/tflmtag2412_u55tag2411/tensorflow/lite/micro/kernels/cmsis_nn/add.cc:201:14:TfLiteStatus tflite::{anonymous}::EvalAdd(TfLiteContext*, TfLiteNode*, TfLiteAddParams*, const OpData*, const TfLiteEvalTensor*, const TfLiteEvalTensor*, TfLiteEvalTensor*)	416	static
library/inference/tflmtag2412_u55tag2411/tensorflow/lite/micro/kernels/cmsis_nn/add.cc:340:14:TfLiteStatus tflite::EvalAdd(TfLiteContext*, TfLiteNode*)	24	static
