library/inference/tflmtag2412_u55tag2411/tensorflow/lite/micro/kernels/cmsis_nn/unidirectional_sequence_lstm.cc:40:22:tflite::LSTMBuffers<short int> tflite::{anonymous}::CMSIS_NN_CreateLSTMBuffers(TfLiteContext*, const int*)	16	static
./library/inference/tflmtag2412_u55tag2411/tensorflow/lite/kernels/op_macros.h:24:13:void AbortImpl()	8	static
library/inference/tflmtag2412_u55tag2411/tensorflow/lite/micro/kernels/cmsis_nn/unidirectional_sequence_lstm.cc:325:7:void* tflite::{anonymous}::UnidirectionalSequenceLstmInit(TfLiteContext*, const char*, size_t)	8	static
library/inference/tflmtag2412_u55tag2411/tensorflow/lite/micro/kernels/cmsis_nn/unidirectional_sequence_lstm.cc:331:14:TfLiteStatus tflite::{anonymous}::UnidirectionalSequenceLstmPrepare(TfLiteContext*, TfLiteNode*)	824	static
library/inference/tflmtag2412_u55tag2411/tensorflow/lite/micro/kernels/cmsis_nn/unidirectional_sequence_lstm.cc:298:14:TfLiteStatus tflite::{anonymous}::CMSIS_NN_EvalInteger16x8_16Lstm(const OpData&, const tflite::LSTMKernelContents&, const tflite::LSTMBuffers<short int>&)	32	static
library/inference/tflmtag2412_u55tag2411/tensorflow/lite/micro/kernels/cmsis_nn/unidirectional_sequence_lstm.cc:499:14:TfLiteStatus tflite::{anonymous}::UnidirectionalSequenceLstmEvalInt16(TfLiteContext*, TfLiteNode*)	152	static
library/inference/tflmtag2412_u55tag2411/tensorflow/lite/micro/kernels/cmsis_nn/unidirectional_sequence_lstm.cc:272:14:TfLiteStatus tflite::{anonymous}::CMSIS_NN_EvalInteger8x8_16Lstm(const OpData&, const tflite::LSTMKernelContents&, const tflite::LSTMBuffers<short int>&)	32	static
library/inference/tflmtag2412_u55tag2411/tensorflow/lite/micro/kernels/cmsis_nn/unidirectional_sequence_lstm.cc:472:14:TfLiteStatus tflite::{anonymous}::UnidirectionalSequenceLstmEvalInt8(TfLiteContext*, TfLiteNode*)	152	static
library/inference/tflmtag2412_u55tag2411/tensorflow/lite/micro/kernels/cmsis_nn/unidirectional_sequence_lstm.cc:528:18:TFLMRegistration tflite::Register_UNIDIRECTIONAL_SEQUENCE_LSTM()	16	static
library/inference/tflmtag2412_u55tag2411/tensorflow/lite/micro/kernels/cmsis_nn/unidirectional_sequence_lstm.cc:534:18:TFLMRegistration tflite::Register_UNIDIRECTIONAL_SEQUENCE_LSTM_INT8()	16	static
library/inference/tflmtag2412_u55tag2411/tensorflow/lite/micro/kernels/cmsis_nn/unidirectional_sequence_lstm.cc:540:18:TFLMRegistration tflite::Register_UNIDIRECTIONAL_SEQUENCE_LSTM_INT16()	16	static
./library/inference/tflmtag2412_u55tag2411/tensorflow/lite/micro/kernels/lstm_eval.h:255:6:void tflite::lstm_internal::CalculateLstmGate(const LstmStepManager&, const tflite::GateParameters&, const TfLiteEvalTensor*, const TfLiteEvalTensor*, const TfLiteEvalTensor*, const TfLiteEvalTensor*, const TfLiteEvalTensor*, const TfLiteEvalTensor*, CellType*, CellType*, TfLiteFusedActivation) [with ActivationType = float; WeightType = float; CellType = float; BiasType = float]	336	static
./library/inference/tflmtag2412_u55tag2411/tensorflow/lite/micro/kernels/lstm_eval.h:319:6:void tflite::lstm_internal::UpdateLstmCell(const LstmStepManager&, TfLiteEvalTensor*, CellType*, const CellType*, const CellType*, const tflite::ArithmeticParams&, const tflite::ArithmeticParams&, const tflite::CellStateInfo&, CellType*) [with CellType = float]	136	static
./library/inference/tflmtag2412_u55tag2411/tensorflow/lite/micro/kernels/lstm_eval.h:365:6:void tflite::lstm_internal::UpdateLstmHidden(const LstmStepManager&, TfLiteEvalTensor*, TfLiteEvalTensor*, const CellType*, const tflite::ArithmeticParams&, int32_t, CellType*) [with CellType = float; ActivationType = float]	192	static
./library/inference/tflmtag2412_u55tag2411/tensorflow/lite/micro/kernels/lstm_eval.h:394:6:void tflite::lstm_internal::LstmStep(const LstmStepManager&, const tflite::OpDataLSTM&, tflite::LSTMKernelContents&, const tflite::LSTMBuffers<CellType>&) [with ActivationType = float; WeightType = float; CellType = float; BiasType = float]	144	static
library/inference/tflmtag2412_u55tag2411/tensorflow/lite/micro/kernels/cmsis_nn/unidirectional_sequence_lstm.cc:408:14:TfLiteStatus tflite::{anonymous}::UnidirectionalSequenceLstmEval(TfLiteContext*, TfLiteNode*)	184	static
