Archive member included to satisfy reference by file (symbol)

/Users/yushanhuang/MaximSDK/Libraries/PeriphDrivers/bin/MAX78000/softfp_riscv/libPeriphDriver_softfp.a(mxc_delay.o)
                              /Users/yushanhuang/Documents/YUSHAN_JOSH/ai8x-synthesis/model/v_autoenc_riscv/buildrv/tft_ssd2119.o (MXC_Delay)
/Users/yushanhuang/MaximSDK/Libraries/PeriphDrivers/bin/MAX78000/softfp_riscv/libPeriphDriver_softfp.a(pins_ai85.o)
                              /Users/yushanhuang/Documents/YUSHAN_JOSH/ai8x-synthesis/model/v_autoenc_riscv/buildrv/camera.o (gpio_cfg_pcif_xclk)
/Users/yushanhuang/MaximSDK/Libraries/PeriphDrivers/bin/MAX78000/softfp_riscv/libPeriphDriver_softfp.a(sys_ai85.o)
                              /Users/yushanhuang/Documents/YUSHAN_JOSH/ai8x-synthesis/model/v_autoenc_riscv/buildrv/cnn.o (MXC_SYS_ClockDisable)
/Users/yushanhuang/MaximSDK/Libraries/PeriphDrivers/bin/MAX78000/softfp_riscv/libPeriphDriver_softfp.a(aes_me17.o)
                              /Users/yushanhuang/MaximSDK/Libraries/PeriphDrivers/bin/MAX78000/softfp_riscv/libPeriphDriver_softfp.a(sys_ai85.o) (MXC_AES_Init)
/Users/yushanhuang/MaximSDK/Libraries/PeriphDrivers/bin/MAX78000/softfp_riscv/libPeriphDriver_softfp.a(aes_revb.o)
                              /Users/yushanhuang/MaximSDK/Libraries/PeriphDrivers/bin/MAX78000/softfp_riscv/libPeriphDriver_softfp.a(aes_me17.o) (MXC_AES_RevB_IsBusy)
/Users/yushanhuang/MaximSDK/Libraries/PeriphDrivers/bin/MAX78000/softfp_riscv/libPeriphDriver_softfp.a(cameraif_ai85.o)
                              /Users/yushanhuang/Documents/YUSHAN_JOSH/ai8x-synthesis/model/v_autoenc_riscv/buildrv/camera.o (MXC_PCIF_Init)
/Users/yushanhuang/MaximSDK/Libraries/PeriphDrivers/bin/MAX78000/softfp_riscv/libPeriphDriver_softfp.a(cameraif_reva.o)
                              /Users/yushanhuang/MaximSDK/Libraries/PeriphDrivers/bin/MAX78000/softfp_riscv/libPeriphDriver_softfp.a(cameraif_ai85.o) (MXC_PCIF_RevA_SetDatawidth)
/Users/yushanhuang/MaximSDK/Libraries/PeriphDrivers/bin/MAX78000/softfp_riscv/libPeriphDriver_softfp.a(dma_me17.o)
                              /Users/yushanhuang/MaximSDK/Libraries/PeriphDrivers/bin/MAX78000/softfp_riscv/libPeriphDriver_softfp.a(aes_revb.o) (MXC_DMA_Init)
/Users/yushanhuang/MaximSDK/Libraries/PeriphDrivers/bin/MAX78000/softfp_riscv/libPeriphDriver_softfp.a(dma_reva.o)
                              /Users/yushanhuang/MaximSDK/Libraries/PeriphDrivers/bin/MAX78000/softfp_riscv/libPeriphDriver_softfp.a(dma_me17.o) (MXC_DMA_RevA_Init)
/Users/yushanhuang/MaximSDK/Libraries/PeriphDrivers/bin/MAX78000/softfp_riscv/libPeriphDriver_softfp.a(flc_me17.o)
                              /Users/yushanhuang/MaximSDK/Libraries/PeriphDrivers/bin/MAX78000/softfp_riscv/libPeriphDriver_softfp.a(sys_ai85.o) (MXC_FLC_UnlockInfoBlock)
/Users/yushanhuang/MaximSDK/Libraries/PeriphDrivers/bin/MAX78000/softfp_riscv/libPeriphDriver_softfp.a(flc_reva.o)
                              /Users/yushanhuang/MaximSDK/Libraries/PeriphDrivers/bin/MAX78000/softfp_riscv/libPeriphDriver_softfp.a(flc_me17.o) (MXC_FLC_RevA_Busy)
/Users/yushanhuang/MaximSDK/Libraries/PeriphDrivers/bin/MAX78000/softfp_riscv/libPeriphDriver_softfp.a(gpio_ai85.o)
                              /Users/yushanhuang/Documents/YUSHAN_JOSH/ai8x-synthesis/model/v_autoenc_riscv/buildrv/pb.o (MXC_GPIO_InGet)
/Users/yushanhuang/MaximSDK/Libraries/PeriphDrivers/bin/MAX78000/softfp_riscv/libPeriphDriver_softfp.a(gpio_reva.o)
                              /Users/yushanhuang/MaximSDK/Libraries/PeriphDrivers/bin/MAX78000/softfp_riscv/libPeriphDriver_softfp.a(gpio_ai85.o) (MXC_GPIO_RevA_InGet)
/Users/yushanhuang/MaximSDK/Libraries/PeriphDrivers/bin/MAX78000/softfp_riscv/libPeriphDriver_softfp.a(icc_me17.o)
                              /Users/yushanhuang/Documents/YUSHAN_JOSH/ai8x-synthesis/model/v_autoenc_riscv/buildrv/main_riscv.o (MXC_ICC_Enable)
/Users/yushanhuang/MaximSDK/Libraries/PeriphDrivers/bin/MAX78000/softfp_riscv/libPeriphDriver_softfp.a(icc_reva.o)
                              /Users/yushanhuang/MaximSDK/Libraries/PeriphDrivers/bin/MAX78000/softfp_riscv/libPeriphDriver_softfp.a(icc_me17.o) (MXC_ICC_RevA_ID)
/Users/yushanhuang/MaximSDK/Libraries/PeriphDrivers/bin/MAX78000/softfp_riscv/libPeriphDriver_softfp.a(pt_ai85.o)
                              /Users/yushanhuang/Documents/YUSHAN_JOSH/ai8x-synthesis/model/v_autoenc_riscv/buildrv/camera.o (MXC_PT_Init)
/Users/yushanhuang/MaximSDK/Libraries/PeriphDrivers/bin/MAX78000/softfp_riscv/libPeriphDriver_softfp.a(pt_reva.o)
                              /Users/yushanhuang/MaximSDK/Libraries/PeriphDrivers/bin/MAX78000/softfp_riscv/libPeriphDriver_softfp.a(pt_ai85.o) (MXC_PT_RevA_Init)
/Users/yushanhuang/MaximSDK/Libraries/PeriphDrivers/bin/MAX78000/softfp_riscv/libPeriphDriver_softfp.a(spi_me17.o)
                              /Users/yushanhuang/Documents/YUSHAN_JOSH/ai8x-synthesis/model/v_autoenc_riscv/buildrv/tft_ssd2119.o (MXC_SPI_Init)
[...]
Memory Configuration

Name             Origin             Length             Attributes
ROM              0x0000000000000000 0x0000000000010000 xr
FLASH            0x000000001000a100 0x0000000000075f00 xr
SRAM0            0x0000000020000000 0x0000000000008000 xrw
SRAM1            0x0000000020008000 0x0000000000008000 xrw
SRAM2            0x0000000020010000 0x000000000000c000 xrw
SRAM3            0x000000002001c000 0x0000000000004000 xrw
*default*        0x0000000000000000 0xffffffffffffffff

Linker script and memory map

LOAD /Users/yushanhuang/Documents/YUSHAN_JOSH/ai8x-synthesis/model/v_autoenc_riscv/buildrv/main_riscv.o
LOAD /Users/yushanhuang/Documents/YUSHAN_JOSH/ai8x-synthesis/model/v_autoenc_riscv/buildrv/cnn.o
LOAD /Users/yushanhuang/Documents/YUSHAN_JOSH/ai8x-synthesis/model/v_autoenc_riscv/buildrv/softmax.o
LOAD /Users/yushanhuang/Documents/YUSHAN_JOSH/ai8x-synthesis/model/v_autoenc_riscv/buildrv/board.o
LOAD /Users/yushanhuang/Documents/YUSHAN_JOSH/ai8x-synthesis/model/v_autoenc_riscv/buildrv/stdio.o
LOAD /Users/yushanhuang/Documents/YUSHAN_JOSH/ai8x-synthesis/model/v_autoenc_riscv/buildrv/led.o
LOAD /Users/yushanhuang/Documents/YUSHAN_JOSH/ai8x-synthesis/model/v_autoenc_riscv/buildrv/pb.o
LOAD /Users/yushanhuang/Documents/YUSHAN_JOSH/ai8x-synthesis/model/v_autoenc_riscv/buildrv/tft_ssd2119.o
LOAD /Users/yushanhuang/Documents/YUSHAN_JOSH/ai8x-synthesis/model/v_autoenc_riscv/buildrv/tsc2046.o
LOAD /Users/yushanhuang/Documents/YUSHAN_JOSH/ai8x-synthesis/model/v_autoenc_riscv/buildrv/camera.o
LOAD /Users/yushanhuang/Documents/YUSHAN_JOSH/ai8x-synthesis/model/v_autoenc_riscv/buildrv/ov7692.o
LOAD /Users/yushanhuang/Documents/YUSHAN_JOSH/ai8x-synthesis/model/v_autoenc_riscv/buildrv/sccb.o
LOAD /Users/yushanhuang/Documents/YUSHAN_JOSH/ai8x-synthesis/model/v_autoenc_riscv/buildrv/startup_riscv_max78000.o
LOAD /Users/yushanhuang/Documents/YUSHAN_JOSH/ai8x-synthesis/model/v_autoenc_riscv/buildrv/heap.o
LOAD /Users/yushanhuang/Documents/YUSHAN_JOSH/ai8x-synthesis/model/v_autoenc_riscv/buildrv/system_riscv_max78000.o
START GROUP
LOAD /Users/yushanhuang/MaximSDK/Libraries/PeriphDrivers/bin/MAX78000/softfp_riscv/libPeriphDriver_softfp.a
LOAD /Users/yushanhuang/MaximSDK/Tools/xPack/riscv-none-elf-gcc/12.2.0-3.1/bin/../lib/gcc/riscv-none-elf/12.2.0/../../../../riscv-none-elf/lib/libc_nano.a
LOAD /Users/yushanhuang/MaximSDK/Tools/xPack/riscv-none-elf-gcc/12.2.0-3.1/bin/../lib/gcc/riscv-none-elf/12.2.0/../../../../riscv-none-elf/lib/libm.a
LOAD /Users/yushanhuang/MaximSDK/Tools/xPack/riscv-none-elf-gcc/12.2.0-3.1/bin/../lib/gcc/riscv-none-elf/12.2.0/../../../../riscv-none-elf/lib/libnosys.a
END GROUP
LOAD /Users/yushanhuang/MaximSDK/Tools/xPack/riscv-none-elf-gcc/12.2.0-3.1/bin/../lib/gcc/riscv-none-elf/12.2.0/libgcc.a
START GROUP
LOAD /Users/yushanhuang/MaximSDK/Tools/xPack/riscv-none-elf-gcc/12.2.0-3.1/bin/../lib/gcc/riscv-none-elf/12.2.0/../../../../riscv-none-elf/lib/libc.a
LOAD /Users/yushanhuang/MaximSDK/Tools/xPack/riscv-none-elf-gcc/12.2.0-3.1/bin/../lib/gcc/riscv-none-elf/12.2.0/../../../../riscv-none-elf/lib/libgloss.a
END GROUP
LOAD /Users/yushanhuang/MaximSDK/Tools/xPack/riscv-none-elf-gcc/12.2.0-3.1/bin/../lib/gcc/riscv-none-elf/12.2.0/libgcc.a
                0x000000001000a100                __FlashStart = 0x1000a100
                0x0000000000075f00                __FlashLength = (0x10080000 - __FlashStart)
                0x0000000000075f00                _FlashLength_ = __FlashLength

.text           0x000000001000a100    0x262b4
                0x000000001000a100                _text = ALIGN (., 0xd)
 *(.isr_vector)
 .isr_vector    0x000000001000a100       0xf4 /Users/yushanhuang/Documents/YUSHAN_JOSH/ai8x-synthesis/model/v_autoenc_riscv/buildrv/startup_riscv_max78000.o
                0x000000001000a100                __isr_vector
 *(.text*)
 .text.load_input
                0x000000001000a1f4      0x108 /Users/yushanhuang/Documents/YUSHAN_JOSH/ai8x-synthesis/model/v_autoenc_riscv/buildrv/main_riscv.o
                0x000000001000a1f4                load_input
 .text.startup.main
                0x000000001000a2fc       0x64 /Users/yushanhuang/Documents/YUSHAN_JOSH/ai8x-synthesis/model/v_autoenc_riscv/buildrv/main_riscv.o
                0x000000001000a2fc                main
 .text.CNN_IRQHandler
                0x000000001000a360       0xa4 /Users/yushanhuang/Documents/YUSHAN_JOSH/ai8x-synthesis/model/v_autoenc_riscv/buildrv/cnn.o
                0x000000001000a360                CNN_IRQHandler
 .text.memcpy32
                0x000000001000a404       0x1a /Users/yushanhuang/Documents/YUSHAN_JOSH/ai8x-synthesis/model/v_autoenc_riscv/buildrv/cnn.o
                0x000000001000a404                memcpy32
 .text.cnn_load_weights
                0x000000001000a41e       0x50 /Users/yushanhuang/Documents/YUSHAN_JOSH/ai8x-synthesis/model/v_autoenc_riscv/buildrv/cnn.o
                0x000000001000a41e                cnn_load_weights
 .text.cnn_load_bias
                0x000000001000a46e       0x94 /Users/yushanhuang/Documents/YUSHAN_JOSH/ai8x-synthesis/model/v_autoenc_riscv/buildrv/cnn.o
                0x000000001000a46e                cnn_load_bias
 .text.cnn_init
                0x000000001000a502       0x40 /Users/yushanhuang/Documents/YUSHAN_JOSH/ai8x-synthesis/model/v_autoenc_riscv/buildrv/cnn.o
                0x000000001000a502                cnn_init
 .text.cnn_configure
                0x000000001000a542      0x4d2 /Users/yushanhuang/Documents/YUSHAN_JOSH/ai8x-synthesis/model/v_autoenc_riscv/buildrv/cnn.o
                0x000000001000a542                cnn_configure
 .text.cnn_start
                0x000000001000aa14       0x4c /Users/yushanhuang/Documents/YUSHAN_JOSH/ai8x-synthesis/model/v_autoenc_riscv/buildrv/cnn.o
                0x000000001000aa14                cnn_start
 .text.cnn_enable
                0x000000001000aa60       0x5e /Users/yushanhuang/Documents/YUSHAN_JOSH/ai8x-synthesis/model/v_autoenc_riscv/buildrv/cnn.o
                0x000000001000aa60                cnn_enable
 .text.cnn_boost_enable
                0x000000001000aabe       0x26 /Users/yushanhuang/Documents/YUSHAN_JOSH/ai8x-synthesis/model/v_autoenc_riscv/buildrv/cnn.o
                0x000000001000aabe                cnn_boost_enable
 .text.cnn_boost_disable
                0x000000001000aae4       0x26 /Users/yushanhuang/Documents/YUSHAN_JOSH/ai8x-synthesis/model/v_autoenc_riscv/buildrv/cnn.o
                0x000000001000aae4                cnn_boost_disable
 .text.mxc_assert
                0x000000001000ab0a       0x14 /Users/yushanhuang/Documents/YUSHAN_JOSH/ai8x-synthesis/model/v_autoenc_riscv/buildrv/board.o
                0x000000001000ab0a                mxc_assert
 .text.GPIO2_IRQHandler
                0x000000001000ab1e        0x6 /Users/yushanhuang/Documents/YUSHAN_JOSH/ai8x-synthesis/model/v_autoenc_riscv/buildrv/board.o
                0x000000001000ab1e                GPIO2_IRQHandler
 .text.GPIO0_IRQHandler
                0x000000001000ab24        0x6 /Users/yushanhuang/Documents/YUSHAN_JOSH/ai8x-synthesis/model/v_autoenc_riscv/buildrv/board.o
                0x000000001000ab24                GPIO0_IRQHandler
 .text.Board_Init
                0x000000001000ab2a        0x4 /Users/yushanhuang/Documents/YUSHAN_JOSH/ai8x-synthesis/model/v_autoenc_riscv/buildrv/board.o
                0x000000001000ab2a                Board_Init
 .text.Debug_Init
                0x000000001000ab2e       0x10 /Users/yushanhuang/Documents/YUSHAN_JOSH/ai8x-synthesis/model/v_autoenc_riscv/buildrv/board.o
                0x000000001000ab2e                Debug_Init
 .text._close   0x000000001000ab3e        0x4 /Users/yushanhuang/Documents/YUSHAN_JOSH/ai8x-synthesis/model/v_autoenc_riscv/buildrv/stdio.o
                0x000000001000ab3e                _close
 .text._isatty  0x000000001000ab42        0x4 /Users/yushanhuang/Documents/YUSHAN_JOSH/ai8x-synthesis/model/v_autoenc_riscv/buildrv/stdio.o
                0x000000001000ab42                _isatty
 .text._lseek   0x000000001000ab46        0x4 /Users/yushanhuang/Documents/YUSHAN_JOSH/ai8x-synthesis/model/v_autoenc_riscv/buildrv/stdio.o
                0x000000001000ab46                _lseek
 .text._fstat   0x000000001000ab4a        0x4 /Users/yushanhuang/Documents/YUSHAN_JOSH/ai8x-synthesis/model/v_autoenc_riscv/buildrv/stdio.o
                0x000000001000ab4a                _fstat
 .text._read    0x000000001000ab4e       0x72 /Users/yushanhuang/Documents/YUSHAN_JOSH/ai8x-synthesis/model/v_autoenc_riscv/buildrv/stdio.o
                0x000000001000ab4e                _read
 .text._write   0x000000001000abc0       0x72 /Users/yushanhuang/Documents/YUSHAN_JOSH/ai8x-synthesis/model/v_autoenc_riscv/buildrv/stdio.o
                0x000000001000abc0                _write
 .text.LED_On   0x000000001000ac32       0x4a /Users/yushanhuang/Documents/YUSHAN_JOSH/ai8x-synthesis/model/v_autoenc_riscv/buildrv/led.o
                0x000000001000ac32                LED_On
 .text.LED_Off  0x000000001000ac7c       0x4a /Users/yushanhuang/Documents/YUSHAN_JOSH/ai8x-synthesis/model/v_autoenc_riscv/buildrv/led.o
                0x000000001000ac7c                LED_Off
 .text.camera_irq_handler
                0x000000001000acc6      0x142 /Users/yushanhuang/Documents/YUSHAN_JOSH/ai8x-synthesis/model/v_autoenc_riscv/buildrv/camera.o
                0x000000001000acc6                camera_irq_handler
 .text.PCIF_IRQHandler
                0x000000001000ae08       0x62 /Users/yushanhuang/Documents/YUSHAN_JOSH/ai8x-synthesis/model/v_autoenc_riscv/buildrv/camera.o
                0x000000001000ae08                PCIF_IRQHandler
 .text.DMA0_IRQHandler
                0x000000001000ae6a       0x62 /Users/yushanhuang/Documents/YUSHAN_JOSH/ai8x-synthesis/model/v_autoenc_riscv/buildrv/camera.o
                0x000000001000ae6a                DMA0_IRQHandler
 *fill*         0x000000001000aecc        0x0 
 .text          0x000000001000aecc      0x198 /Users/yushanhuang/Documents/YUSHAN_JOSH/ai8x-synthesis/model/v_autoenc_riscv/buildrv/startup_riscv_max78000.o
                0x000000001000aecc                Reset_Handler
                0x000000001000aeec                _start
                0x000000001000af74                illegal_insn_handler
                0x000000001000af78                ecall_insn_handler
                0x000000001000af7c                RSV00_IRQHandler
                0x000000001000af80                PF_IRQHandler
                0x000000001000af84                WDT0_IRQHandler
                0x000000001000af88                GPIOWAKE_IRQHandler
                0x000000001000af8c                RTC_IRQHandler
                0x000000001000af90                TMR0_IRQHandler
                0x000000001000af94                TMR1_IRQHandler
                0x000000001000af98                TMR2_IRQHandler
                0x000000001000af9c                TMR3_IRQHandler
                0x000000001000afa0                TMR4_IRQHandler
                0x000000001000afa4                TMR5_IRQHandler
                0x000000001000afa8                I2C0_IRQHandler
                0x000000001000afac                UART0_IRQHandler
                0x000000001000afb0                RSV16_IRQHandler
                0x000000001000afb4                I2C1_IRQHandler
                0x000000001000afb8                UART1_IRQHandler
                0x000000001000afbc                UART2_IRQHandler
                0x000000001000afc0                I2C2_IRQHandler
                0x000000001000afc4                UART3_IRQHandler
                0x000000001000afc8                SPI1_IRQHandler
                0x000000001000afcc                WUT_IRQHandler
                0x000000001000afd0                FLC0_IRQHandler
                0x000000001000afd8                GPIO1_IRQHandler
                0x000000001000afe4                DMA1_IRQHandler
                0x000000001000afe8                DMA2_IRQHandler
                0x000000001000afec                DMA3_IRQHandler
                0x000000001000aff0                RSV32_IRQHandler
                0x000000001000aff4                RSV33_IRQHandler
                0x000000001000aff8                RSV34_IRQHandler
                0x000000001000affc                RSV35_IRQHandler
                0x000000001000b000                RSV36_IRQHandler
                0x000000001000b004                RSV37_IRQHandler
                0x000000001000b008                RSV38_IRQHandler
                0x000000001000b00c                RSV39_IRQHandler
                0x000000001000b010                RSV40_IRQHandler
                0x000000001000b014                RSV41_IRQHandler
                0x000000001000b018                RSV42_IRQHandler
                0x000000001000b01c                RSV43_IRQHandler
                0x000000001000b020                RSV44_IRQHandler
                0x000000001000b024                RSV45_IRQHandler
                0x000000001000b028                AES_IRQHandler
                0x000000001000b02c                TRNG_IRQHandler
                0x000000001000b030                WDT1_IRQHandler
                0x000000001000b034                DVS_IRQHandler
                0x000000001000b038                SIMO_IRQHandler
                0x000000001000b03c                RSV51_IRQHandler
                0x000000001000b040                PT_IRQHandler
                0x000000001000b044                ADC_IRQHandler
                0x000000001000b048                OWM_IRQHandler
                0x000000001000b04c                I2S_IRQHandler
                0x000000001000b050                CNN_FIFO_IRQHandler
                0x000000001000b058                RSV58_IRQHandler
                0x000000001000b060                MXC_IRQ_EXT_COUNT_IRQHandler
                0x000000001000b062                _init
                0x000000001000b062                _fini
 .text._sbrk    0x000000001000b064       0x50 /Users/yushanhuang/Documents/YUSHAN_JOSH/ai8x-synthesis/model/v_autoenc_riscv/buildrv/heap.o
                0x000000001000b064                _sbrk
 .text.__enable_irq
                0x000000001000b0b4        0x6 /Users/yushanhuang/Documents/YUSHAN_JOSH/ai8x-synthesis/model/v_autoenc_riscv/buildrv/system_riscv_max78000.o
                0x000000001000b0b4                __enable_irq
 .text.SystemCoreClockUpdate
                0x000000001000b0ba        0x2 /Users/yushanhuang/Documents/YUSHAN_JOSH/ai8x-synthesis/model/v_autoenc_riscv/buildrv/system_riscv_max78000.o
                0x000000001000b0ba                SystemCoreClockUpdate
 .text.PreInit  0x000000001000b0bc        0x4 /Users/yushanhuang/Documents/YUSHAN_JOSH/ai8x-synthesis/model/v_autoenc_riscv/buildrv/system_riscv_max78000.o
                0x000000001000b0bc                PreInit
 .text.SystemInit
                0x000000001000b0c0        0xc /Users/yushanhuang/Documents/YUSHAN_JOSH/ai8x-synthesis/model/v_autoenc_riscv/buildrv/system_riscv_max78000.o
                0x000000001000b0c0                SystemInit
 .text.MXC_SYS_ClockEnable
                0x000000001000b0cc       0x52 /Users/yushanhuang/MaximSDK/Libraries/PeriphDrivers/bin/MAX78000/softfp_riscv/libPeriphDriver_softfp.a(sys_ai85.o)
                0x000000001000b0cc                MXC_SYS_ClockEnable
 .text.MXC_SYS_Clock_Timeout
                0x000000001000b11e        0xe /Users/yushanhuang/MaximSDK/Libraries/PeriphDrivers/bin/MAX78000/softfp_riscv/libPeriphDriver_softfp.a(sys_ai85.o)
                0x000000001000b11e                MXC_SYS_Clock_Timeout
 .text.MXC_SYS_ClockSourceEnable
                0x000000001000b12c       0x7a /Users/yushanhuang/MaximSDK/Libraries/PeriphDrivers/bin/MAX78000/softfp_riscv/libPeriphDriver_softfp.a(sys_ai85.o)
                0x000000001000b12c                MXC_SYS_ClockSourceEnable
 .text.MXC_SYS_Reset_Periph
                0x000000001000b1a6       0x5c /Users/yushanhuang/MaximSDK/Libraries/PeriphDrivers/bin/MAX78000/softfp_riscv/libPeriphDriver_softfp.a(sys_ai85.o)
                0x000000001000b1a6                MXC_SYS_Reset_Periph
 .text.MXC_DMA_ChannelClearFlags
                0x000000001000b202        0x2 /Users/yushanhuang/MaximSDK/Libraries/PeriphDrivers/bin/MAX78000/softfp_riscv/libPeriphDriver_softfp.a(dma_me17.o)
                0x000000001000b202                MXC_DMA_ChannelClearFlags
 .text.MXC_DMA_Handler
                0x000000001000b204        0x6 /Users/yushanhuang/MaximSDK/Libraries/PeriphDrivers/bin/MAX78000/softfp_riscv/libPeriphDriver_softfp.a(dma_me17.o)
                0x000000001000b204                MXC_DMA_Handler
 .text.MXC_DMA_RevA_ChannelGetFlags
                0x000000001000b20a       0x26 /Users/yushanhuang/MaximSDK/Libraries/PeriphDrivers/bin/MAX78000/softfp_riscv/libPeriphDriver_softfp.a(dma_reva.o)
                0x000000001000b20a                MXC_DMA_RevA_ChannelGetFlags
 .text.MXC_DMA_RevA_ChannelClearFlags
                0x000000001000b230       0x30 /Users/yushanhuang/MaximSDK/Libraries/PeriphDrivers/bin/MAX78000/softfp_riscv/libPeriphDriver_softfp.a(dma_reva.o)
                0x000000001000b230                MXC_DMA_RevA_ChannelClearFlags
 .text.MXC_DMA_RevA_Handler
                0x000000001000b260       0x98 /Users/yushanhuang/MaximSDK/Libraries/PeriphDrivers/bin/MAX78000/softfp_riscv/libPeriphDriver_softfp.a(dma_reva.o)
                0x000000001000b260                MXC_DMA_RevA_Handler
 .text.MXC_GPIO_Init
                0x000000001000b2f8       0x34 /Users/yushanhuang/MaximSDK/Libraries/PeriphDrivers/bin/MAX78000/softfp_riscv/libPeriphDriver_softfp.a(gpio_ai85.o)
                0x000000001000b2f8                MXC_GPIO_Init
 .text.MXC_GPIO_OutSet
                0x000000001000b32c       0x2a /Users/yushanhuang/MaximSDK/Libraries/PeriphDrivers/bin/MAX78000/softfp_riscv/libPeriphDriver_softfp.a(gpio_ai85.o)
                0x000000001000b32c                MXC_GPIO_OutSet
 .text.MXC_GPIO_OutClr
                0x000000001000b356       0x2e /Users/yushanhuang/MaximSDK/Libraries/PeriphDrivers/bin/MAX78000/softfp_riscv/libPeriphDriver_softfp.a(gpio_ai85.o)
                0x000000001000b356                MXC_GPIO_OutClr
 .text.MXC_GPIO_Handler
                0x000000001000b384        0x4 /Users/yushanhuang/MaximSDK/Libraries/PeriphDrivers/bin/MAX78000/softfp_riscv/libPeriphDriver_softfp.a(gpio_ai85.o)
                0x000000001000b384                MXC_GPIO_Handler
 .text.MXC_GPIO_ClearFlags
                0x000000001000b388       0x1a /Users/yushanhuang/MaximSDK/Libraries/PeriphDrivers/bin/MAX78000/softfp_riscv/libPeriphDriver_softfp.a(gpio_ai85.o)
                0x000000001000b388                MXC_GPIO_ClearFlags
 .text.MXC_GPIO_GetFlags
                0x000000001000b3a2       0x1a /Users/yushanhuang/MaximSDK/Libraries/PeriphDrivers/bin/MAX78000/softfp_riscv/libPeriphDriver_softfp.a(gpio_ai85.o)
                0x000000001000b3a2                MXC_GPIO_GetFlags
 .text.MXC_GPIO_SetVSSEL
                0x000000001000b3bc       0x18 /Users/yushanhuang/MaximSDK/Libraries/PeriphDrivers/bin/MAX78000/softfp_riscv/libPeriphDriver_softfp.a(gpio_ai85.o)
                0x000000001000b3bc                MXC_GPIO_SetVSSEL
 .text.MXC_GPIO_Config
                0x000000001000b3d4      0x22c /Users/yushanhuang/MaximSDK/Libraries/PeriphDrivers/bin/MAX78000/softfp_riscv/libPeriphDriver_softfp.a(gpio_ai85.o)
                0x000000001000b3d4                MXC_GPIO_Config
 .text.MXC_GPIO_RevA_OutSet
                0x000000001000b600        0x4 /Users/yushanhuang/MaximSDK/Libraries/PeriphDrivers/bin/MAX78000/softfp_riscv/libPeriphDriver_softfp.a(gpio_reva.o)
                0x000000001000b600                MXC_GPIO_RevA_OutSet
 .text.MXC_GPIO_RevA_OutClr
                0x000000001000b604        0x4 /Users/yushanhuang/MaximSDK/Libraries/PeriphDrivers/bin/MAX78000/softfp_riscv/libPeriphDriver_softfp.a(gpio_reva.o)
                0x000000001000b604                MXC_GPIO_RevA_OutClr
 .text.MXC_GPIO_RevA_ClearFlags
                0x000000001000b608        0x4 /Users/yushanhuang/MaximSDK/Libraries/PeriphDrivers/bin/MAX78000/softfp_riscv/libPeriphDriver_softfp.a(gpio_reva.o)
                0x000000001000b608                MXC_GPIO_RevA_ClearFlags
 .text.MXC_GPIO_RevA_GetFlags
                0x000000001000b60c        0x4 /Users/yushanhuang/MaximSDK/Libraries/PeriphDrivers/bin/MAX78000/softfp_riscv/libPeriphDriver_softfp.a(gpio_reva.o)
                0x000000001000b60c                MXC_GPIO_RevA_GetFlags
 .text.MXC_GPIO_RevA_SetVSSEL
                0x000000001000b610       0x2a /Users/yushanhuang/MaximSDK/Libraries/PeriphDrivers/bin/MAX78000/softfp_riscv/libPeriphDriver_softfp.a(gpio_reva.o)
                0x000000001000b610                MXC_GPIO_RevA_SetVSSEL
 .text.MXC_GPIO_RevA_SetAF
                0x000000001000b63a       0x64 /Users/yushanhuang/MaximSDK/Libraries/PeriphDrivers/bin/MAX78000/softfp_riscv/libPeriphDriver_softfp.a(gpio_reva.o)
                0x000000001000b63a                MXC_GPIO_RevA_SetAF
 .text.MXC_GPIO_RevA_SetDriveStrength
                0x000000001000b69e       0x68 /Users/yushanhuang/MaximSDK/Libraries/PeriphDrivers/bin/MAX78000/softfp_riscv/libPeriphDriver_softfp.a(gpio_reva.o)
                0x000000001000b69e                MXC_GPIO_RevA_SetDriveStrength
 .text.MXC_ICC_Enable
                0x000000001000b706        0x2 /Users/yushanhuang/MaximSDK/Libraries/PeriphDrivers/bin/MAX78000/softfp_riscv/libPeriphDriver_softfp.a(icc_me17.o)
                0x000000001000b706                MXC_ICC_Enable
 .text.MXC_ICC_RevA_Enable
                0x000000001000b708       0x32 /Users/yushanhuang/MaximSDK/Libraries/PeriphDrivers/bin/MAX78000/softfp_riscv/libPeriphDriver_softfp.a(icc_reva.o)
                0x000000001000b708                MXC_ICC_RevA_Enable
 .text.MXC_TMR_Init
                0x000000001000b73a      0x268 /Users/yushanhuang/MaximSDK/Libraries/PeriphDrivers/bin/MAX78000/softfp_riscv/libPeriphDriver_softfp.a(tmr_ai85.o)
                0x000000001000b73a                MXC_TMR_Init
 .text.MXC_TMR_Start
                0x000000001000b9a2        0x2 /Users/yushanhuang/MaximSDK/Libraries/PeriphDrivers/bin/MAX78000/softfp_riscv/libPeriphDriver_softfp.a(tmr_ai85.o)
                0x000000001000b9a2                MXC_TMR_Start
 .text.MXC_TMR_Stop
                0x000000001000b9a4        0x2 /Users/yushanhuang/MaximSDK/Libraries/PeriphDrivers/bin/MAX78000/softfp_riscv/libPeriphDriver_softfp.a(tmr_ai85.o)
                0x000000001000b9a4                MXC_TMR_Stop
 .text.MXC_TMR_ClearFlags
                0x000000001000b9a6        0x2 /Users/yushanhuang/MaximSDK/Libraries/PeriphDrivers/bin/MAX78000/softfp_riscv/libPeriphDriver_softfp.a(tmr_ai85.o)
                0x000000001000b9a6                MXC_TMR_ClearFlags
 .text.MXC_TMR_SetCount
                0x000000001000b9a8        0x2 /Users/yushanhuang/MaximSDK/Libraries/PeriphDrivers/bin/MAX78000/softfp_riscv/libPeriphDriver_softfp.a(tmr_ai85.o)
                0x000000001000b9a8                MXC_TMR_SetCount
 .text.MXC_TMR_TO_Start
                0x000000001000b9aa        0x2 /Users/yushanhuang/MaximSDK/Libraries/PeriphDrivers/bin/MAX78000/softfp_riscv/libPeriphDriver_softfp.a(tmr_ai85.o)
                0x000000001000b9aa                MXC_TMR_TO_Start
 .text.MXC_TMR_TO_Stop
                0x000000001000b9ac        0x4 /Users/yushanhuang/MaximSDK/Libraries/PeriphDrivers/bin/MAX78000/softfp_riscv/libPeriphDriver_softfp.a(tmr_ai85.o)
                0x000000001000b9ac                MXC_TMR_TO_Stop
 .text.MXC_TMR_TO_Elapsed
                0x000000001000b9b0        0x4 /Users/yushanhuang/MaximSDK/Libraries/PeriphDrivers/bin/MAX78000/softfp_riscv/libPeriphDriver_softfp.a(tmr_ai85.o)
                0x000000001000b9b0                MXC_TMR_TO_Elapsed
 .text.MXC_TMR_SW_Start
                0x000000001000b9b4        0x4 /Users/yushanhuang/MaximSDK/Libraries/PeriphDrivers/bin/MAX78000/softfp_riscv/libPeriphDriver_softfp.a(tmr_ai85.o)
                0x000000001000b9b4                MXC_TMR_SW_Start
 .text.MXC_TMR_SW_Stop
                0x000000001000b9b8        0x4 /Users/yushanhuang/MaximSDK/Libraries/PeriphDrivers/bin/MAX78000/softfp_riscv/libPeriphDriver_softfp.a(tmr_ai85.o)
                0x000000001000b9b8                MXC_TMR_SW_Stop
 .text.MXC_TMR_GetTime
                0x000000001000b9bc        0x2 /Users/yushanhuang/MaximSDK/Libraries/PeriphDrivers/bin/MAX78000/softfp_riscv/libPeriphDriver_softfp.a(tmr_ai85.o)
                0x000000001000b9bc                MXC_TMR_GetTime
 .text.MXC_TMR_RevB_SetClockSourceFreq
                0x000000001000b9be       0x76 /Users/yushanhuang/MaximSDK/Libraries/PeriphDrivers/bin/MAX78000/softfp_riscv/libPeriphDriver_softfp.a(tmr_revb.o)
                0x000000001000b9be                MXC_TMR_RevB_SetClockSourceFreq
 .text.MXC_TMR_RevB_GetClockSourceFreq
                0x000000001000ba34       0x88 /Users/yushanhuang/MaximSDK/Libraries/PeriphDrivers/bin/MAX78000/softfp_riscv/libPeriphDriver_softfp.a(tmr_revb.o)
                0x000000001000ba34                MXC_TMR_RevB_GetClockSourceFreq
 .text.MXC_TMR_RevB_ConfigGeneric
                0x000000001000babc       0xf0 /Users/yushanhuang/MaximSDK/Libraries/PeriphDrivers/bin/MAX78000/softfp_riscv/libPeriphDriver_softfp.a(tmr_revb.o)
                0x000000001000babc                MXC_TMR_RevB_ConfigGeneric
 .text.MXC_TMR_RevB_Init
                0x000000001000bbac      0x122 /Users/yushanhuang/MaximSDK/Libraries/PeriphDrivers/bin/MAX78000/softfp_riscv/libPeriphDriver_softfp.a(tmr_revb.o)
                0x000000001000bbac                MXC_TMR_RevB_Init
 .text.MXC_TMR_RevB_Start
                0x000000001000bcce       0x66 /Users/yushanhuang/MaximSDK/Libraries/PeriphDrivers/bin/MAX78000/softfp_riscv/libPeriphDriver_softfp.a(tmr_revb.o)
                0x000000001000bcce                MXC_TMR_RevB_Start
 .text.MXC_TMR_RevB_Stop
                0x000000001000bd34       0x62 /Users/yushanhuang/MaximSDK/Libraries/PeriphDrivers/bin/MAX78000/softfp_riscv/libPeriphDriver_softfp.a(tmr_revb.o)
                0x000000001000bd34                MXC_TMR_RevB_Stop
 .text.MXC_TMR_RevB_ClearFlags
                0x000000001000bd96       0x62 /Users/yushanhuang/MaximSDK/Libraries/PeriphDrivers/bin/MAX78000/softfp_riscv/libPeriphDriver_softfp.a(tmr_revb.o)
                0x000000001000bd96                MXC_TMR_RevB_ClearFlags
 .text.MXC_TMR_RevB_SetCount
                0x000000001000bdf8       0x68 /Users/yushanhuang/MaximSDK/Libraries/PeriphDrivers/bin/MAX78000/softfp_riscv/libPeriphDriver_softfp.a(tmr_revb.o)
                0x000000001000bdf8                MXC_TMR_RevB_SetCount
 .text.MXC_TMR_RevB_TO_Start
                0x000000001000be60       0xc6 /Users/yushanhuang/MaximSDK/Libraries/PeriphDrivers/bin/MAX78000/softfp_riscv/libPeriphDriver_softfp.a(tmr_revb.o)
                0x000000001000be60                MXC_TMR_RevB_TO_Start
 .text.MXC_TMR_RevB_GetTime
                0x000000001000bf26      0x114 /Users/yushanhuang/MaximSDK/Libraries/PeriphDrivers/bin/MAX78000/softfp_riscv/libPeriphDriver_softfp.a(tmr_revb.o)
                0x000000001000bf26                MXC_TMR_RevB_GetTime
 .text.MXC_UART_ReadCharacterRaw
                0x000000001000c03a        0x2 /Users/yushanhuang/MaximSDK/Libraries/PeriphDrivers/bin/MAX78000/softfp_riscv/libPeriphDriver_softfp.a(uart_ai85.o)
                0x000000001000c03a                MXC_UART_ReadCharacterRaw
 .text.MXC_UART_WriteCharacterRaw
                0x000000001000c03c        0x2 /Users/yushanhuang/MaximSDK/Libraries/PeriphDrivers/bin/MAX78000/softfp_riscv/libPeriphDriver_softfp.a(uart_ai85.o)
                0x000000001000c03c                MXC_UART_WriteCharacterRaw
 .text.MXC_UART_ReadCharacter
                0x000000001000c03e        0x2 /Users/yushanhuang/MaximSDK/Libraries/PeriphDrivers/bin/MAX78000/softfp_riscv/libPeriphDriver_softfp.a(uart_ai85.o)
                0x000000001000c03e                MXC_UART_ReadCharacter
 .text.MXC_UART_WriteCharacter
                0x000000001000c040        0x2 /Users/yushanhuang/MaximSDK/Libraries/PeriphDrivers/bin/MAX78000/softfp_riscv/libPeriphDriver_softfp.a(uart_ai85.o)
                0x000000001000c040                MXC_UART_WriteCharacter
 .text.MXC_UART_GetRXFIFOAvailable
                0x000000001000c042        0x2 /Users/yushanhuang/MaximSDK/Libraries/PeriphDrivers/bin/MAX78000/softfp_riscv/libPeriphDriver_softfp.a(uart_ai85.o)
                0x000000001000c042                MXC_UART_GetRXFIFOAvailable
 .text.MXC_UART_GetTXFIFOAvailable
                0x000000001000c044        0x2 /Users/yushanhuang/MaximSDK/Libraries/PeriphDrivers/bin/MAX78000/softfp_riscv/libPeriphDriver_softfp.a(uart_ai85.o)
                0x000000001000c044                MXC_UART_GetTXFIFOAvailable
 .text.MXC_UART_Common_ReadCharacter
                0x000000001000c046       0x18 /Users/yushanhuang/MaximSDK/Libraries/PeriphDrivers/bin/MAX78000/softfp_riscv/libPeriphDriver_softfp.a(uart_common.o)
                0x000000001000c046                MXC_UART_Common_ReadCharacter
 .text.MXC_UART_Common_WriteCharacter
                0x000000001000c05e       0x1c /Users/yushanhuang/MaximSDK/Libraries/PeriphDrivers/bin/MAX78000/softfp_riscv/libPeriphDriver_softfp.a(uart_common.o)
                0x000000001000c05e                MXC_UART_Common_WriteCharacter
 .text.MXC_UART_RevB_ReadCharacterRaw
                0x000000001000c07a        0xe /Users/yushanhuang/MaximSDK/Libraries/PeriphDrivers/bin/MAX78000/softfp_riscv/libPeriphDriver_softfp.a(uart_revb.o)
                0x000000001000c07a                MXC_UART_RevB_ReadCharacterRaw
 .text.MXC_UART_RevB_WriteCharacterRaw
                0x000000001000c088       0x12 /Users/yushanhuang/MaximSDK/Libraries/PeriphDrivers/bin/MAX78000/softfp_riscv/libPeriphDriver_softfp.a(uart_revb.o)
                0x000000001000c088                MXC_UART_RevB_WriteCharacterRaw
 .text.MXC_UART_RevB_GetRXFIFOAvailable
                0x000000001000c09a        0x8 /Users/yushanhuang/MaximSDK/Libraries/PeriphDrivers/bin/MAX78000/softfp_riscv/libPeriphDriver_softfp.a(uart_revb.o)
                0x000000001000c09a                MXC_UART_RevB_GetRXFIFOAvailable
 .text.MXC_UART_RevB_GetTXFIFOAvailable
                0x000000001000c0a2        0xc /Users/yushanhuang/MaximSDK/Libraries/PeriphDrivers/bin/MAX78000/softfp_riscv/libPeriphDriver_softfp.a(uart_revb.o)
                0x000000001000c0a2                MXC_UART_RevB_GetTXFIFOAvailable
 .text.MXC_GPIO_Common_Init
                0x000000001000c0ae       0x28 /Users/yushanhuang/MaximSDK/Libraries/PeriphDrivers/bin/MAX78000/softfp_riscv/libPeriphDriver_softfp.a(gpio_common.o)
                0x000000001000c0ae                MXC_GPIO_Common_Init
 .text.MXC_GPIO_Common_Handler
                0x000000001000c0d6       0x90 /Users/yushanhuang/MaximSDK/Libraries/PeriphDrivers/bin/MAX78000/softfp_riscv/libPeriphDriver_softfp.a(gpio_common.o)
                0x000000001000c0d6                MXC_GPIO_Common_Handler
 .text.MXC_TMR_Common_TO_Stop
                0x000000001000c166       0x1a /Users/yushanhuang/MaximSDK/Libraries/PeriphDrivers/bin/MAX78000/softfp_riscv/libPeriphDriver_softfp.a(tmr_common.o)
                0x000000001000c166                MXC_TMR_Common_TO_Stop
 .text.MXC_TMR_Common_SW_Start
                0x000000001000c180        0x6 /Users/yushanhuang/MaximSDK/Libraries/PeriphDrivers/bin/MAX78000/softfp_riscv/libPeriphDriver_softfp.a(tmr_common.o)
                0x000000001000c180                MXC_TMR_Common_SW_Start
 .text.MXC_TMR_Common_SW_Stop
                0x000000001000c186       0x22 /Users/yushanhuang/MaximSDK/Libraries/PeriphDrivers/bin/MAX78000/softfp_riscv/libPeriphDriver_softfp.a(tmr_common.o)
                0x000000001000c186                MXC_TMR_Common_SW_Stop
 .text.MXC_TMR_Common_TO_Elapsed
                0x000000001000c1a8       0x48 /Users/yushanhuang/MaximSDK/Libraries/PeriphDrivers/bin/MAX78000/softfp_riscv/libPeriphDriver_softfp.a(tmr_common.o)
                0x000000001000c1a8                MXC_TMR_Common_TO_Elapsed
 .text.__errno  0x000000001000c1f0        0xa /Users/yushanhuang/MaximSDK/Tools/xPack/riscv-none-elf-gcc/12.2.0-3.1/bin/../lib/gcc/riscv-none-elf/12.2.0/../../../../riscv-none-elf/lib/libc_nano.a(lib_a-errno.o)
                0x000000001000c1f0                __errno
 .text.__libc_init_array
                0x000000001000c1fa       0x4e /Users/yushanhuang/MaximSDK/Tools/xPack/riscv-none-elf-gcc/12.2.0-3.1/bin/../lib/gcc/riscv-none-elf/12.2.0/../../../../riscv-none-elf/lib/libc_nano.a(lib_a-init.o)
                0x000000001000c1fa                __libc_init_array
 .text          0x000000001000c248       0x10 /Users/yushanhuang/MaximSDK/Tools/xPack/riscv-none-elf-gcc/12.2.0-3.1/bin/../lib/gcc/riscv-none-elf/12.2.0/../../../../riscv-none-elf/lib/libc_nano.a(lib_a-memset.o)
                0x000000001000c248                memset
 .text._free_r  0x000000001000c258       0xa2 /Users/yushanhuang/MaximSDK/Tools/xPack/riscv-none-elf-gcc/12.2.0-3.1/bin/../lib/gcc/riscv-none-elf/12.2.0/../../../../riscv-none-elf/lib/libc_nano.a(lib_a-nano-freer.o)
                0x000000001000c258                _free_r
 .text.sbrk_aligned
                0x000000001000c2fa       0x54 /Users/yushanhuang/MaximSDK/Tools/xPack/riscv-none-elf-gcc/12.2.0-3.1/bin/../lib/gcc/riscv-none-elf/12.2.0/../../../../riscv-none-elf/lib/libc_nano.a(lib_a-nano-mallocr.o)
 .text._malloc_r
                0x000000001000c34e      0x10e /Users/yushanhuang/MaximSDK/Tools/xPack/riscv-none-elf-gcc/12.2.0-3.1/bin/../lib/gcc/riscv-none-elf/12.2.0/../../../../riscv-none-elf/lib/libc_nano.a(lib_a-nano-mallocr.o)
                0x000000001000c34e                _malloc_r
 .text.printf   0x000000001000c45c       0x3e /Users/yushanhuang/MaximSDK/Tools/xPack/riscv-none-elf-gcc/12.2.0-3.1/bin/../lib/gcc/riscv-none-elf/12.2.0/../../../../riscv-none-elf/lib/libc_nano.a(lib_a-printf.o)
                0x000000001000c45c                printf
                0x000000001000c45c                iprintf
 .text._puts_r  0x000000001000c49a      0x10e /Users/yushanhuang/MaximSDK/Tools/xPack/riscv-none-elf-gcc/12.2.0-3.1/bin/../lib/gcc/riscv-none-elf/12.2.0/../../../../riscv-none-elf/lib/libc_nano.a(lib_a-puts.o)
                0x000000001000c49a                _puts_r
 .text.puts     0x000000001000c5a8        0xc /Users/yushanhuang/MaximSDK/Tools/xPack/riscv-none-elf-gcc/12.2.0-3.1/bin/../lib/gcc/riscv-none-elf/12.2.0/../../../../riscv-none-elf/lib/libc_nano.a(lib_a-puts.o)
                0x000000001000c5a8                puts
 .text._sbrk_r  0x000000001000c5b4       0x28 /Users/yushanhuang/MaximSDK/Tools/xPack/riscv-none-elf-gcc/12.2.0-3.1/bin/../lib/gcc/riscv-none-elf/12.2.0/../../../../riscv-none-elf/lib/libc_nano.a(lib_a-sbrkr.o)
                0x000000001000c5b4                _sbrk_r
 .text.__swbuf_r
                0x000000001000c5dc       0xc0 /Users/yushanhuang/MaximSDK/Tools/xPack/riscv-none-elf-gcc/12.2.0-3.1/bin/../lib/gcc/riscv-none-elf/12.2.0/../../../../riscv-none-elf/lib/libc_nano.a(lib_a-wbuf.o)
                0x000000001000c5dc                __swbuf_r
 .text.__swsetup_r
                0x000000001000c69c      0x100 /Users/yushanhuang/MaximSDK/Tools/xPack/riscv-none-elf-gcc/12.2.0-3.1/bin/../lib/gcc/riscv-none-elf/12.2.0/../../../../riscv-none-elf/lib/libc_nano.a(lib_a-wsetup.o)
                0x000000001000c69c                __swsetup_r
 .text.__sflush_r
                0x000000001000c79c      0x13a /Users/yushanhuang/MaximSDK/Tools/xPack/riscv-none-elf-gcc/12.2.0-3.1/bin/../lib/gcc/riscv-none-elf/12.2.0/../../../../riscv-none-elf/lib/libc_nano.a(lib_a-fflush.o)
                0x000000001000c79c                __sflush_r
 .text._fflush_r
                0x000000001000c8d6       0x88 /Users/yushanhuang/MaximSDK/Tools/xPack/riscv-none-elf-gcc/12.2.0-3.1/bin/../lib/gcc/riscv-none-elf/12.2.0/../../../../riscv-none-elf/lib/libc_nano.a(lib_a-fflush.o)
                0x000000001000c8d6                _fflush_r
 .text.std      0x000000001000c95e       0x6a /Users/yushanhuang/MaximSDK/Tools/xPack/riscv-none-elf-gcc/12.2.0-3.1/bin/../lib/gcc/riscv-none-elf/12.2.0/../../../../riscv-none-elf/lib/libc_nano.a(lib_a-findfp.o)
 .text._cleanup_r
                0x000000001000c9c8        0xa /Users/yushanhuang/MaximSDK/Tools/xPack/riscv-none-elf-gcc/12.2.0-3.1/bin/../lib/gcc/riscv-none-elf/12.2.0/../../../../riscv-none-elf/lib/libc_nano.a(lib_a-findfp.o)
                0x000000001000c9c8                _cleanup_r
 .text.__sfmoreglue
                0x000000001000c9d2       0x48 /Users/yushanhuang/MaximSDK/Tools/xPack/riscv-none-elf-gcc/12.2.0-3.1/bin/../lib/gcc/riscv-none-elf/12.2.0/../../../../riscv-none-elf/lib/libc_nano.a(lib_a-findfp.o)
                0x000000001000c9d2                __sfmoreglue
 .text.__sfp_lock_acquire
                0x000000001000ca1a        0x6 /Users/yushanhuang/MaximSDK/Tools/xPack/riscv-none-elf-gcc/12.2.0-3.1/bin/../lib/gcc/riscv-none-elf/12.2.0/../../../../riscv-none-elf/lib/libc_nano.a(lib_a-findfp.o)
                0x000000001000ca1a                __sfp_lock_acquire
 .text.__sfp_lock_release
                0x000000001000ca20        0x6 /Users/yushanhuang/MaximSDK/Tools/xPack/riscv-none-elf-gcc/12.2.0-3.1/bin/../lib/gcc/riscv-none-elf/12.2.0/../../../../riscv-none-elf/lib/libc_nano.a(lib_a-findfp.o)
                0x000000001000ca20                __sfp_lock_release
 .text.__sinit_lock_acquire
                0x000000001000ca26        0x6 /Users/yushanhuang/MaximSDK/Tools/xPack/riscv-none-elf-gcc/12.2.0-3.1/bin/../lib/gcc/riscv-none-elf/12.2.0/../../../../riscv-none-elf/lib/libc_nano.a(lib_a-findfp.o)
                0x000000001000ca26                __sinit_lock_acquire
 .text.__sinit_lock_release
                0x000000001000ca2c        0x6 /Users/yushanhuang/MaximSDK/Tools/xPack/riscv-none-elf-gcc/12.2.0-3.1/bin/../lib/gcc/riscv-none-elf/12.2.0/../../../../riscv-none-elf/lib/libc_nano.a(lib_a-findfp.o)
                0x000000001000ca2c                __sinit_lock_release
 .text.__sinit  0x000000001000ca32       0x6c /Users/yushanhuang/MaximSDK/Tools/xPack/riscv-none-elf-gcc/12.2.0-3.1/bin/../lib/gcc/riscv-none-elf/12.2.0/../../../../riscv-none-elf/lib/libc_nano.a(lib_a-findfp.o)
                0x000000001000ca32                __sinit
 .text.__sfp    0x000000001000ca9e       0xaa /Users/yushanhuang/MaximSDK/Tools/xPack/riscv-none-elf-gcc/12.2.0-3.1/bin/../lib/gcc/riscv-none-elf/12.2.0/../../../../riscv-none-elf/lib/libc_nano.a(lib_a-findfp.o)
                0x000000001000ca9e                __sfp
 .text._fwalk_reent
                0x000000001000cb48       0x6a /Users/yushanhuang/MaximSDK/Tools/xPack/riscv-none-elf-gcc/12.2.0-3.1/bin/../lib/gcc/riscv-none-elf/12.2.0/../../../../riscv-none-elf/lib/libc_nano.a(lib_a-fwalk.o)
                0x000000001000cb48                _fwalk_reent
 .text.__retarget_lock_init_recursive
                0x000000001000cbb2        0x2 /Users/yushanhuang/MaximSDK/Tools/xPack/riscv-none-elf-gcc/12.2.0-3.1/bin/../lib/gcc/riscv-none-elf/12.2.0/../../../../riscv-none-elf/lib/libc_nano.a(lib_a-lock.o)
                0x000000001000cbb2                __retarget_lock_init_recursive
 .text.__retarget_lock_acquire_recursive
                0x000000001000cbb4        0x2 /Users/yushanhuang/MaximSDK/Tools/xPack/riscv-none-elf-gcc/12.2.0-3.1/bin/../lib/gcc/riscv-none-elf/12.2.0/../../../../riscv-none-elf/lib/libc_nano.a(lib_a-lock.o)
                0x000000001000cbb4                __retarget_lock_acquire_recursive
 .text.__retarget_lock_release_recursive
                0x000000001000cbb6        0x2 /Users/yushanhuang/MaximSDK/Tools/xPack/riscv-none-elf-gcc/12.2.0-3.1/bin/../lib/gcc/riscv-none-elf/12.2.0/../../../../riscv-none-elf/lib/libc_nano.a(lib_a-lock.o)
                0x000000001000cbb6                __retarget_lock_release_recursive
 .text.__swhatbuf_r
                0x000000001000cbb8       0x5c /Users/yushanhuang/MaximSDK/Tools/xPack/riscv-none-elf-gcc/12.2.0-3.1/bin/../lib/gcc/riscv-none-elf/12.2.0/../../../../riscv-none-elf/lib/libc_nano.a(lib_a-makebuf.o)
                0x000000001000cbb8                __swhatbuf_r
 .text.__smakebuf_r
                0x000000001000cc14       0xa6 /Users/yushanhuang/MaximSDK/Tools/xPack/riscv-none-elf-gcc/12.2.0-3.1/bin/../lib/gcc/riscv-none-elf/12.2.0/../../../../riscv-none-elf/lib/libc_nano.a(lib_a-makebuf.o)
                0x000000001000cc14                __smakebuf_r
 .text.__malloc_lock
                0x000000001000ccba        0x6 /Users/yushanhuang/MaximSDK/Tools/xPack/riscv-none-elf-gcc/12.2.0-3.1/bin/../lib/gcc/riscv-none-elf/12.2.0/../../../../riscv-none-elf/lib/libc_nano.a(lib_a-mlock.o)
                0x000000001000ccba                __malloc_lock
 .text.__malloc_unlock
                0x000000001000ccc0        0x6 /Users/yushanhuang/MaximSDK/Tools/xPack/riscv-none-elf-gcc/12.2.0-3.1/bin/../lib/gcc/riscv-none-elf/12.2.0/../../../../riscv-none-elf/lib/libc_nano.a(lib_a-mlock.o)
                0x000000001000ccc0                __malloc_unlock
 .text.__sfputc_r
                0x000000001000ccc6       0x2a /Users/yushanhuang/MaximSDK/Tools/xPack/riscv-none-elf-gcc/12.2.0-3.1/bin/../lib/gcc/riscv-none-elf/12.2.0/../../../../riscv-none-elf/lib/libc_nano.a(lib_a-nano-vfprintf.o)
 .text.__sfputs_r
                0x000000001000ccf0       0x42 /Users/yushanhuang/MaximSDK/Tools/xPack/riscv-none-elf-gcc/12.2.0-3.1/bin/../lib/gcc/riscv-none-elf/12.2.0/../../../../riscv-none-elf/lib/libc_nano.a(lib_a-nano-vfprintf.o)
                0x000000001000ccf0                __sfputs_r
 .text._vfprintf_r
                0x000000001000cd32      0x2d4 /Users/yushanhuang/MaximSDK/Tools/xPack/riscv-none-elf-gcc/12.2.0-3.1/bin/../lib/gcc/riscv-none-elf/12.2.0/../../../../riscv-none-elf/lib/libc_nano.a(lib_a-nano-vfprintf.o)
                0x000000001000cd32                _vfiprintf_r
                0x000000001000cd32                _vfprintf_r
 .text._printf_common
                0x000000001000d006      0x110 /Users/yushanhuang/MaximSDK/Tools/xPack/riscv-none-elf-gcc/12.2.0-3.1/bin/../lib/gcc/riscv-none-elf/12.2.0/../../../../riscv-none-elf/lib/libc_nano.a(lib_a-nano-vfprintf_i.o)
                0x000000001000d006                _printf_common
 .text._printf_i
                0x000000001000d116      0x282 /Users/yushanhuang/MaximSDK/Tools/xPack/riscv-none-elf-gcc/12.2.0-3.1/bin/../lib/gcc/riscv-none-elf/12.2.0/../../../../riscv-none-elf/lib/libc_nano.a(lib_a-nano-vfprintf_i.o)
                0x000000001000d116                _printf_i
 .text.__sread  0x000000001000d398       0x30 /Users/yushanhuang/MaximSDK/Tools/xPack/riscv-none-elf-gcc/12.2.0-3.1/bin/../lib/gcc/riscv-none-elf/12.2.0/../../../../riscv-none-elf/lib/libc_nano.a(lib_a-stdio.o)
                0x000000001000d398                __sread
 .text.__swrite
                0x000000001000d3c8       0x4e /Users/yushanhuang/MaximSDK/Tools/xPack/riscv-none-elf-gcc/12.2.0-3.1/bin/../lib/gcc/riscv-none-elf/12.2.0/../../../../riscv-none-elf/lib/libc_nano.a(lib_a-stdio.o)
                0x000000001000d3c8                __swrite
 .text.__sseek  0x000000001000d416       0x36 /Users/yushanhuang/MaximSDK/Tools/xPack/riscv-none-elf-gcc/12.2.0-3.1/bin/../lib/gcc/riscv-none-elf/12.2.0/../../../../riscv-none-elf/lib/libc_nano.a(lib_a-stdio.o)
                0x000000001000d416                __sseek
 .text.__sclose
                0x000000001000d44c        0x6 /Users/yushanhuang/MaximSDK/Tools/xPack/riscv-none-elf-gcc/12.2.0-3.1/bin/../lib/gcc/riscv-none-elf/12.2.0/../../../../riscv-none-elf/lib/libc_nano.a(lib_a-stdio.o)
                0x000000001000d44c                __sclose
 .text._write_r
                0x000000001000d452       0x2c /Users/yushanhuang/MaximSDK/Tools/xPack/riscv-none-elf-gcc/12.2.0-3.1/bin/../lib/gcc/riscv-none-elf/12.2.0/../../../../riscv-none-elf/lib/libc_nano.a(lib_a-writer.o)
                0x000000001000d452                _write_r
 .text._close_r
                0x000000001000d47e       0x28 /Users/yushanhuang/MaximSDK/Tools/xPack/riscv-none-elf-gcc/12.2.0-3.1/bin/../lib/gcc/riscv-none-elf/12.2.0/../../../../riscv-none-elf/lib/libc_nano.a(lib_a-closer.o)
                0x000000001000d47e                _close_r
 .text._fstat_r
                0x000000001000d4a6       0x2a /Users/yushanhuang/MaximSDK/Tools/xPack/riscv-none-elf-gcc/12.2.0-3.1/bin/../lib/gcc/riscv-none-elf/12.2.0/../../../../riscv-none-elf/lib/libc_nano.a(lib_a-fstatr.o)
                0x000000001000d4a6                _fstat_r
 .text._isatty_r
                0x000000001000d4d0       0x28 /Users/yushanhuang/MaximSDK/Tools/xPack/riscv-none-elf-gcc/12.2.0-3.1/bin/../lib/gcc/riscv-none-elf/12.2.0/../../../../riscv-none-elf/lib/libc_nano.a(lib_a-isattyr.o)
                0x000000001000d4d0                _isatty_r
 .text._lseek_r
                0x000000001000d4f8       0x2c /Users/yushanhuang/MaximSDK/Tools/xPack/riscv-none-elf-gcc/12.2.0-3.1/bin/../lib/gcc/riscv-none-elf/12.2.0/../../../../riscv-none-elf/lib/libc_nano.a(lib_a-lseekr.o)
                0x000000001000d4f8                _lseek_r
 .text.memchr   0x000000001000d524       0x1a /Users/yushanhuang/MaximSDK/Tools/xPack/riscv-none-elf-gcc/12.2.0-3.1/bin/../lib/gcc/riscv-none-elf/12.2.0/../../../../riscv-none-elf/lib/libc_nano.a(lib_a-memchr.o)
                0x000000001000d524                memchr
 .text._read_r  0x000000001000d53e       0x2c /Users/yushanhuang/MaximSDK/Tools/xPack/riscv-none-elf-gcc/12.2.0-3.1/bin/../lib/gcc/riscv-none-elf/12.2.0/../../../../riscv-none-elf/lib/libc_nano.a(lib_a-readr.o)
                0x000000001000d53e                _read_r
 .text.__udivdi3
                0x000000001000d56a      0x3b0 /Users/yushanhuang/MaximSDK/Tools/xPack/riscv-none-elf-gcc/12.2.0-3.1/bin/../lib/gcc/riscv-none-elf/12.2.0/libgcc.a(_udivdi3.o)
                0x000000001000d56a                __udivdi3
 *(.srodata*)
 *fill*         0x000000001000d91a        0x2 
 .srodata.num_leds
                0x000000001000d91c        0x4 /Users/yushanhuang/Documents/YUSHAN_JOSH/ai8x-synthesis/model/v_autoenc_riscv/buildrv/board.o
                0x000000001000d91c                num_leds
 .srodata._global_impure_ptr
                0x000000001000d920        0x4 /Users/yushanhuang/MaximSDK/Tools/xPack/riscv-none-elf-gcc/12.2.0-3.1/bin/../lib/gcc/riscv-none-elf/12.2.0/../../../../riscv-none-elf/lib/libc_nano.a(lib_a-impure.o)
                0x000000001000d920                _global_impure_ptr
 *(.rodata*)
 .rodata.main.str1.4
                0x000000001000d924       0x2c /Users/yushanhuang/Documents/YUSHAN_JOSH/ai8x-synthesis/model/v_autoenc_riscv/buildrv/main_riscv.o
 .rodata.bias_3
                0x000000001000d950       0x40 /Users/yushanhuang/Documents/YUSHAN_JOSH/ai8x-synthesis/model/v_autoenc_riscv/buildrv/cnn.o
 .rodata.bias_2
                0x000000001000d990       0x40 /Users/yushanhuang/Documents/YUSHAN_JOSH/ai8x-synthesis/model/v_autoenc_riscv/buildrv/cnn.o
 .rodata.bias_1
                0x000000001000d9d0       0x60 /Users/yushanhuang/Documents/YUSHAN_JOSH/ai8x-synthesis/model/v_autoenc_riscv/buildrv/cnn.o
 .rodata.bias_0
                0x000000001000da30       0x80 /Users/yushanhuang/Documents/YUSHAN_JOSH/ai8x-synthesis/model/v_autoenc_riscv/buildrv/cnn.o
 .rodata.kernels
                0x000000001000dab0    0x222d4 /Users/yushanhuang/Documents/YUSHAN_JOSH/ai8x-synthesis/model/v_autoenc_riscv/buildrv/cnn.o
 .rodata.mxc_assert.str1.4
                0x000000001002fd84       0x19 /Users/yushanhuang/Documents/YUSHAN_JOSH/ai8x-synthesis/model/v_autoenc_riscv/buildrv/board.o
 *fill*         0x000000001002fd9d        0x3 
 .rodata.led_pin
                0x000000001002fda0       0x30 /Users/yushanhuang/Documents/YUSHAN_JOSH/ai8x-synthesis/model/v_autoenc_riscv/buildrv/board.o
                0x000000001002fda0                led_pin
 .rodata.LED_On.str1.4
                0x000000001002fdd0       0x4b /Users/yushanhuang/Documents/YUSHAN_JOSH/ai8x-synthesis/model/v_autoenc_riscv/buildrv/led.o
 *fill*         0x000000001002fe1b        0x1 
 .rodata.gpio_cfg_tmr5
                0x000000001002fe1c       0x18 /Users/yushanhuang/MaximSDK/Libraries/PeriphDrivers/bin/MAX78000/softfp_riscv/libPeriphDriver_softfp.a(pins_ai85.o)
                0x000000001002fe1c                gpio_cfg_tmr5
 .rodata.gpio_cfg_tmr4
                0x000000001002fe34       0x18 /Users/yushanhuang/MaximSDK/Libraries/PeriphDrivers/bin/MAX78000/softfp_riscv/libPeriphDriver_softfp.a(pins_ai85.o)
                0x000000001002fe34                gpio_cfg_tmr4
 .rodata.gpio_cfg_tmr3b
                0x000000001002fe4c       0x18 /Users/yushanhuang/MaximSDK/Libraries/PeriphDrivers/bin/MAX78000/softfp_riscv/libPeriphDriver_softfp.a(pins_ai85.o)
                0x000000001002fe4c                gpio_cfg_tmr3b
 .rodata.gpio_cfg_tmr2b
                0x000000001002fe64       0x18 /Users/yushanhuang/MaximSDK/Libraries/PeriphDrivers/bin/MAX78000/softfp_riscv/libPeriphDriver_softfp.a(pins_ai85.o)
                0x000000001002fe64                gpio_cfg_tmr2b
 .rodata.gpio_cfg_tmr1b
                0x000000001002fe7c       0x18 /Users/yushanhuang/MaximSDK/Libraries/PeriphDrivers/bin/MAX78000/softfp_riscv/libPeriphDriver_softfp.a(pins_ai85.o)
                0x000000001002fe7c                gpio_cfg_tmr1b
 .rodata.gpio_cfg_tmr0b
                0x000000001002fe94       0x18 /Users/yushanhuang/MaximSDK/Libraries/PeriphDrivers/bin/MAX78000/softfp_riscv/libPeriphDriver_softfp.a(pins_ai85.o)
                0x000000001002fe94                gpio_cfg_tmr0b
 .rodata.gpio_cfg_tmr3
                0x000000001002feac       0x18 /Users/yushanhuang/MaximSDK/Libraries/PeriphDrivers/bin/MAX78000/softfp_riscv/libPeriphDriver_softfp.a(pins_ai85.o)
                0x000000001002feac                gpio_cfg_tmr3
 .rodata.gpio_cfg_tmr2
                0x000000001002fec4       0x18 /Users/yushanhuang/MaximSDK/Libraries/PeriphDrivers/bin/MAX78000/softfp_riscv/libPeriphDriver_softfp.a(pins_ai85.o)
                0x000000001002fec4                gpio_cfg_tmr2
 .rodata.gpio_cfg_tmr1
                0x000000001002fedc       0x18 /Users/yushanhuang/MaximSDK/Libraries/PeriphDrivers/bin/MAX78000/softfp_riscv/libPeriphDriver_softfp.a(pins_ai85.o)
                0x000000001002fedc                gpio_cfg_tmr1
 .rodata.gpio_cfg_tmr0
                0x000000001002fef4       0x18 /Users/yushanhuang/MaximSDK/Libraries/PeriphDrivers/bin/MAX78000/softfp_riscv/libPeriphDriver_softfp.a(pins_ai85.o)
                0x000000001002fef4                gpio_cfg_tmr0
 .rodata.gpio_cfg_extclk
                0x000000001002ff0c       0x18 /Users/yushanhuang/MaximSDK/Libraries/PeriphDrivers/bin/MAX78000/softfp_riscv/libPeriphDriver_softfp.a(pins_ai85.o)
                0x000000001002ff0c                gpio_cfg_extclk
 .rodata.MXC_SYS_ClockSourceEnable
                0x000000001002ff24       0x20 /Users/yushanhuang/MaximSDK/Libraries/PeriphDrivers/bin/MAX78000/softfp_riscv/libPeriphDriver_softfp.a(sys_ai85.o)
 .rodata.MXC_DMA_RevA_Init.str1.4
                0x000000001002ff44       0x61 /Users/yushanhuang/MaximSDK/Libraries/PeriphDrivers/bin/MAX78000/softfp_riscv/libPeriphDriver_softfp.a(dma_reva.o)
 *fill*         0x000000001002ffa5        0x3 
 .rodata.MXC_GPIO_Config
                0x000000001002ffa8       0x28 /Users/yushanhuang/MaximSDK/Libraries/PeriphDrivers/bin/MAX78000/softfp_riscv/libPeriphDriver_softfp.a(gpio_ai85.o)
 .rodata.MXC_GPIO_RevA_SetAF
                0x000000001002ffd0       0x18 /Users/yushanhuang/MaximSDK/Libraries/PeriphDrivers/bin/MAX78000/softfp_riscv/libPeriphDriver_softfp.a(gpio_reva.o)
 .rodata.MXC_TMR_Init.str1.4
                0x000000001002ffe8       0x60 /Users/yushanhuang/MaximSDK/Libraries/PeriphDrivers/bin/MAX78000/softfp_riscv/libPeriphDriver_softfp.a(tmr_ai85.o)
 .rodata.MXC_TMR_Init
                0x0000000010030048       0x2c /Users/yushanhuang/MaximSDK/Libraries/PeriphDrivers/bin/MAX78000/softfp_riscv/libPeriphDriver_softfp.a(tmr_ai85.o)
 .rodata.MXC_TMR_RevB_SetClockSourceFreq.str1.4
                0x0000000010030074       0x54 /Users/yushanhuang/MaximSDK/Libraries/PeriphDrivers/bin/MAX78000/softfp_riscv/libPeriphDriver_softfp.a(tmr_revb.o)
                                         0x60 (size before relaxing)
 .rodata.MXC_TMR_RevB_Init
                0x00000000100300c8       0x24 /Users/yushanhuang/MaximSDK/Libraries/PeriphDrivers/bin/MAX78000/softfp_riscv/libPeriphDriver_softfp.a(tmr_revb.o)
 .rodata.MXC_GPIO_Common_Handler.str1.4
                0x00000000100300ec       0x76 /Users/yushanhuang/MaximSDK/Libraries/PeriphDrivers/bin/MAX78000/softfp_riscv/libPeriphDriver_softfp.a(gpio_common.o)
 *fill*         0x0000000010030162        0x2 
 .rodata.CSWTCH.16
                0x0000000010030164        0xc /Users/yushanhuang/MaximSDK/Libraries/PeriphDrivers/bin/MAX78000/softfp_riscv/libPeriphDriver_softfp.a(gpio_common.o)
 .rodata.__sf_fake_stderr
                0x0000000010030170       0x20 /Users/yushanhuang/MaximSDK/Tools/xPack/riscv-none-elf-gcc/12.2.0-3.1/bin/../lib/gcc/riscv-none-elf/12.2.0/../../../../riscv-none-elf/lib/libc_nano.a(lib_a-findfp.o)
                0x0000000010030170                __sf_fake_stderr
 .rodata.__sf_fake_stdout
                0x0000000010030190       0x20 /Users/yushanhuang/MaximSDK/Tools/xPack/riscv-none-elf-gcc/12.2.0-3.1/bin/../lib/gcc/riscv-none-elf/12.2.0/../../../../riscv-none-elf/lib/libc_nano.a(lib_a-findfp.o)
                0x0000000010030190                __sf_fake_stdout
 .rodata.__sf_fake_stdin
                0x00000000100301b0       0x20 /Users/yushanhuang/MaximSDK/Tools/xPack/riscv-none-elf-gcc/12.2.0-3.1/bin/../lib/gcc/riscv-none-elf/12.2.0/../../../../riscv-none-elf/lib/libc_nano.a(lib_a-findfp.o)
                0x00000000100301b0                __sf_fake_stdin
 .rodata._vfprintf_r.str1.4
                0x00000000100301d0       0x13 /Users/yushanhuang/MaximSDK/Tools/xPack/riscv-none-elf-gcc/12.2.0-3.1/bin/../lib/gcc/riscv-none-elf/12.2.0/../../../../riscv-none-elf/lib/libc_nano.a(lib_a-nano-vfprintf.o)
 *fill*         0x00000000100301e3        0x1 
 .rodata._printf_i.str1.4
                0x00000000100301e4       0x25 /Users/yushanhuang/MaximSDK/Tools/xPack/riscv-none-elf-gcc/12.2.0-3.1/bin/../lib/gcc/riscv-none-elf/12.2.0/../../../../riscv-none-elf/lib/libc_nano.a(lib_a-nano-vfprintf_i.o)
 *fill*         0x0000000010030209        0x3 
 .rodata._printf_i
                0x000000001003020c       0x58 /Users/yushanhuang/MaximSDK/Tools/xPack/riscv-none-elf-gcc/12.2.0-3.1/bin/../lib/gcc/riscv-none-elf/12.2.0/../../../../riscv-none-elf/lib/libc_nano.a(lib_a-nano-vfprintf_i.o)
 .rodata.__clz_tab
                0x0000000010030264      0x100 /Users/yushanhuang/MaximSDK/Tools/xPack/riscv-none-elf-gcc/12.2.0-3.1/bin/../lib/gcc/riscv-none-elf/12.2.0/libgcc.a(_clz.o)
                0x0000000010030264                __clz_tab
 *(.init)
 *(.fini)
 *(.eh_frame*)
 .eh_frame      0x0000000010030364       0x28 /Users/yushanhuang/MaximSDK/Tools/xPack/riscv-none-elf-gcc/12.2.0-3.1/bin/../lib/gcc/riscv-none-elf/12.2.0/libgcc.a(_divdi3.o)
 .eh_frame      0x000000001003038c       0x28 /Users/yushanhuang/MaximSDK/Tools/xPack/riscv-none-elf-gcc/12.2.0-3.1/bin/../lib/gcc/riscv-none-elf/12.2.0/libgcc.a(_udivdi3.o)
                0x00000000100303b4                _etext = .

.rvflash_section
                0x00000000100303b4      0x300
 .rvflash_section
                0x00000000100303b4      0x300 /Users/yushanhuang/Documents/YUSHAN_JOSH/ai8x-synthesis/model/v_autoenc_riscv/buildrv/main_riscv.o

.rela.dyn       0x00000000100306b4        0x0
 .rela.text     0x00000000100306b4        0x0 /Users/yushanhuang/Documents/YUSHAN_JOSH/ai8x-synthesis/model/v_autoenc_riscv/buildrv/main_riscv.o
 .rela.text.__libc_init_array
                0x00000000100306b4        0x0 /Users/yushanhuang/Documents/YUSHAN_JOSH/ai8x-synthesis/model/v_autoenc_riscv/buildrv/main_riscv.o
 .rela.text._vfprintf_r
                0x00000000100306b4        0x0 /Users/yushanhuang/Documents/YUSHAN_JOSH/ai8x-synthesis/model/v_autoenc_riscv/buildrv/main_riscv.o

.shared         0x0000000020010000        0x4
                0x0000000020010000                . = ALIGN (0x4)
                0x0000000020010000                _shared = .
 *(.mailbox*)
                0x0000000020010000                . = ALIGN (0x4)
 *(.shared*)
 .shared        0x0000000020010000        0x4 /Users/yushanhuang/Documents/YUSHAN_JOSH/ai8x-synthesis/model/v_autoenc_riscv/buildrv/system_riscv_max78000.o
                0x0000000020010000                SystemCoreClock
                0x0000000020010004                _eshared = ALIGN (., 0x4)

.sdata          0x0000000020010004        0x4 load address 0x00000000100306b4
                0x0000000020010004                _sdata = ALIGN (., 0x4)
                0x0000000020010004                __sdata_start = .
                0x0000000020010804                PROVIDE (__global_pointer$ = (. + 0x800))
 *(.sdata*)
 .sdata._impure_ptr
                0x0000000020010004        0x4 /Users/yushanhuang/MaximSDK/Tools/xPack/riscv-none-elf-gcc/12.2.0-3.1/bin/../lib/gcc/riscv-none-elf/12.2.0/../../../../riscv-none-elf/lib/libc_nano.a(lib_a-impure.o)
                0x0000000020010004                _impure_ptr
                0x0000000020010008                _esdata = ALIGN (., 0x4)
                0x0000000020010008                __sdata_end = .
                0x00000000100306b4                __load_sdata = LOADADDR (.sdata)

.data           0x0000000020010008       0x60 load address 0x00000000100306b8
                0x0000000020010008                _data = ALIGN (., 0x4)
                0x0000000020010008                __data_start__ = .
 *(.data*)
 .data.impure_data
                0x0000000020010008       0x60 /Users/yushanhuang/MaximSDK/Tools/xPack/riscv-none-elf-gcc/12.2.0-3.1/bin/../lib/gcc/riscv-none-elf/12.2.0/../../../../riscv-none-elf/lib/libc_nano.a(lib_a-impure.o)
 *(.spix_config*)
                0x0000000020010068                . = ALIGN (0x4)
                0x0000000020010068                PROVIDE (__preinit_array_start = .)
 *(.preinit_array)
                0x0000000020010068                PROVIDE (__preinit_array_end = .)
                0x0000000020010068                . = ALIGN (0x4)
                0x0000000020010068                PROVIDE (__init_array_start = .)
 *(SORT_BY_NAME(.init_array.*))
 *(.init_array)
                0x0000000020010068                PROVIDE (__init_array_end = .)
                0x0000000020010068                . = ALIGN (0x4)
                [!provide]                        PROVIDE (__fini_array_start = .)
 *(SORT_BY_NAME(.fini_array.*))
 *(.fini_array)
                [!provide]                        PROVIDE (__fini_array_end = .)
                0x0000000020010068                _edata = ALIGN (., 0x4)
                0x0000000020010068                __data_end__ = .
                0x00000000100306b8                __load_data = LOADADDR (.data)

.sbss           0x0000000020010068       0x3c load address 0x0000000010030718
                0x0000000020010068                . = ALIGN (0x4)
                0x0000000020010068                __sbss_start = .
                0x0000000020010068                __sbss_start__ = .
                0x0000000020010068                _sbss = .
 *(.sbss*)
 .sbss.cnn_time
                0x0000000020010068        0x4 /Users/yushanhuang/Documents/YUSHAN_JOSH/ai8x-synthesis/model/v_autoenc_riscv/buildrv/main_riscv.o
                0x0000000020010068                cnn_time
 .sbss.g_dma_mode
                0x000000002001006c        0x4 /Users/yushanhuang/Documents/YUSHAN_JOSH/ai8x-synthesis/model/v_autoenc_riscv/buildrv/camera.o
 .sbss.g_fifo_mode
                0x0000000020010070        0x4 /Users/yushanhuang/Documents/YUSHAN_JOSH/ai8x-synthesis/model/v_autoenc_riscv/buildrv/camera.o
 .sbss.g_total_img_size
                0x0000000020010074        0x4 /Users/yushanhuang/Documents/YUSHAN_JOSH/ai8x-synthesis/model/v_autoenc_riscv/buildrv/camera.o
 .sbss.g_is_img_rcv
                0x0000000020010078        0x4 /Users/yushanhuang/Documents/YUSHAN_JOSH/ai8x-synthesis/model/v_autoenc_riscv/buildrv/camera.o
 .sbss.rx_data_index
                0x000000002001007c        0x4 /Users/yushanhuang/Documents/YUSHAN_JOSH/ai8x-synthesis/model/v_autoenc_riscv/buildrv/camera.o
 .sbss.rx_data  0x0000000020010080        0x4 /Users/yushanhuang/Documents/YUSHAN_JOSH/ai8x-synthesis/model/v_autoenc_riscv/buildrv/camera.o
 .sbss.heap_end
                0x0000000020010084        0x4 /Users/yushanhuang/Documents/YUSHAN_JOSH/ai8x-synthesis/model/v_autoenc_riscv/buildrv/heap.o
 .sbss.initialized
                0x0000000020010088        0x1 /Users/yushanhuang/MaximSDK/Libraries/PeriphDrivers/bin/MAX78000/softfp_riscv/libPeriphDriver_softfp.a(gpio_common.o)
 *fill*         0x0000000020010089        0x3 
 .sbss.__malloc_sbrk_start
                0x000000002001008c        0x4 /Users/yushanhuang/MaximSDK/Tools/xPack/riscv-none-elf-gcc/12.2.0-3.1/bin/../lib/gcc/riscv-none-elf/12.2.0/../../../../riscv-none-elf/lib/libc_nano.a(lib_a-nano-mallocr.o)
                0x000000002001008c                __malloc_sbrk_start
 .sbss.__malloc_free_list
                0x0000000020010090        0x4 /Users/yushanhuang/MaximSDK/Tools/xPack/riscv-none-elf-gcc/12.2.0-3.1/bin/../lib/gcc/riscv-none-elf/12.2.0/../../../../riscv-none-elf/lib/libc_nano.a(lib_a-nano-mallocr.o)
                0x0000000020010090                __malloc_free_list
 .sbss.__lock___malloc_recursive_mutex
                0x0000000020010094        0x1 /Users/yushanhuang/MaximSDK/Tools/xPack/riscv-none-elf-gcc/12.2.0-3.1/bin/../lib/gcc/riscv-none-elf/12.2.0/../../../../riscv-none-elf/lib/libc_nano.a(lib_a-lock.o)
                0x0000000020010094                __lock___malloc_recursive_mutex
 *fill*         0x0000000020010095        0x3 
 .sbss.__lock___sfp_recursive_mutex
                0x0000000020010098        0x1 /Users/yushanhuang/MaximSDK/Tools/xPack/riscv-none-elf-gcc/12.2.0-3.1/bin/../lib/gcc/riscv-none-elf/12.2.0/../../../../riscv-none-elf/lib/libc_nano.a(lib_a-lock.o)
                0x0000000020010098                __lock___sfp_recursive_mutex
 *fill*         0x0000000020010099        0x3 
 .sbss.__lock___sinit_recursive_mutex
                0x000000002001009c        0x1 /Users/yushanhuang/MaximSDK/Tools/xPack/riscv-none-elf-gcc/12.2.0-3.1/bin/../lib/gcc/riscv-none-elf/12.2.0/../../../../riscv-none-elf/lib/libc_nano.a(lib_a-lock.o)
                0x000000002001009c                __lock___sinit_recursive_mutex
 *fill*         0x000000002001009d        0x3 
 .sbss.errno    0x00000000200100a0        0x4 /Users/yushanhuang/MaximSDK/Tools/xPack/riscv-none-elf-gcc/12.2.0-3.1/bin/../lib/gcc/riscv-none-elf/12.2.0/../../../../riscv-none-elf/lib/libc_nano.a(lib_a-reent.o)
                0x00000000200100a0                errno
 *(COMMON)
                0x00000000200100a4                _esbss = ALIGN (., 0x4)
                0x00000000200100a4                __sbss_end__ = .
                0x00000000200100a4                __sbss_end = .

.bss            0x00000000200100a4      0x570 load address 0x0000000010030718
                0x00000000200100a4                . = ALIGN (0x4)
                0x00000000200100a4                __bss_start = .
                0x00000000200100a4                __bss_start__ = .
                0x00000000200100a4                _bss = .
 *(.bss*)
 .bss.dma_resource
                0x00000000200100a4      0x140 /Users/yushanhuang/MaximSDK/Libraries/PeriphDrivers/bin/MAX78000/softfp_riscv/libPeriphDriver_softfp.a(dma_reva.o)
 .bss.tmr_clksrc
                0x00000000200101e4       0x30 /Users/yushanhuang/MaximSDK/Libraries/PeriphDrivers/bin/MAX78000/softfp_riscv/libPeriphDriver_softfp.a(tmr_revb.o)
 .bss.cbparam   0x0000000020010214      0x200 /Users/yushanhuang/MaximSDK/Libraries/PeriphDrivers/bin/MAX78000/softfp_riscv/libPeriphDriver_softfp.a(gpio_common.o)
 .bss.callback  0x0000000020010414      0x200 /Users/yushanhuang/MaximSDK/Libraries/PeriphDrivers/bin/MAX78000/softfp_riscv/libPeriphDriver_softfp.a(gpio_common.o)
 *(COMMON)
                0x0000000020010614                _ebss = ALIGN (., 0x4)
                0x0000000020010614                __bss_end__ = .
                0x0000000020010614                __bss_end = .
                0x000000002001c000                __StackTop = (ORIGIN (SRAM2) + LENGTH (SRAM2))
                0x000000002001bc00                __StackLimit = (__StackTop - SIZEOF (.stack_dummy))

.stack_dummy    0x0000000020010618      0x400 load address 0x0000000010030718
 *(.stack*)
 .stack         0x0000000020010618      0x400 /Users/yushanhuang/Documents/YUSHAN_JOSH/ai8x-synthesis/model/v_autoenc_riscv/buildrv/startup_riscv_max78000.o

.heap           0x0000000020010618      0xc00 load address 0x0000000010030718
                0x0000000020010618                . = ALIGN (0x4)
 *(.heap*)
 .heap          0x0000000020010618      0xc00 /Users/yushanhuang/Documents/YUSHAN_JOSH/ai8x-synthesis/model/v_autoenc_riscv/buildrv/startup_riscv_max78000.o
                0x0000000020010618                __HeapBase
                0x000000002001bc00                __HeapLimit = ABSOLUTE (__StackLimit)
                [!provide]                        PROVIDE (__stack = __StackTop)
                0x0000000000000001                ASSERT ((__StackLimit >= _ebss), region RAM overflowed with stack)
OUTPUT(/Users/yushanhuang/Documents/YUSHAN_JOSH/ai8x-synthesis/model/v_autoenc_riscv/buildrv/v_autoenc_riscv.elf elf32-littleriscv)

.debug_info     0x0000000000000000    0x12765
 .debug_info    0x0000000000000000      0xad2 /Users/yushanhuang/Documents/YUSHAN_JOSH/ai8x-synthesis/model/v_autoenc_riscv/buildrv/main_riscv.o
 .debug_info    0x0000000000000ad2     0x109f /Users/yushanhuang/Documents/YUSHAN_JOSH/ai8x-synthesis/model/v_autoenc_riscv/buildrv/cnn.o
 .debug_info    0x0000000000001b71      0x827 /Users/yushanhuang/Documents/YUSHAN_JOSH/ai8x-synthesis/model/v_autoenc_riscv/buildrv/board.o
 .debug_info    0x0000000000002398      0x66c /Users/yushanhuang/Documents/YUSHAN_JOSH/ai8x-synthesis/model/v_autoenc_riscv/buildrv/stdio.o
 .debug_info    0x0000000000002a04      0x669 /Users/yushanhuang/Documents/YUSHAN_JOSH/ai8x-synthesis/model/v_autoenc_riscv/buildrv/led.o
 .debug_info    0x000000000000306d     0x1906 /Users/yushanhuang/Documents/YUSHAN_JOSH/ai8x-synthesis/model/v_autoenc_riscv/buildrv/camera.o
 .debug_info    0x0000000000004973      0x107 /Users/yushanhuang/Documents/YUSHAN_JOSH/ai8x-synthesis/model/v_autoenc_riscv/buildrv/heap.o
 .debug_info    0x0000000000004a7a      0x19e /Users/yushanhuang/Documents/YUSHAN_JOSH/ai8x-synthesis/model/v_autoenc_riscv/buildrv/system_riscv_max78000.o
 .debug_info    0x0000000000004c18      0x918 /Users/yushanhuang/MaximSDK/Libraries/PeriphDrivers/bin/MAX78000/softfp_riscv/libPeriphDriver_softfp.a(pins_ai85.o)
 .debug_info    0x0000000000005530     0x10f2 /Users/yushanhuang/MaximSDK/Libraries/PeriphDrivers/bin/MAX78000/softfp_riscv/libPeriphDriver_softfp.a(sys_ai85.o)
 .debug_info    0x0000000000006622     0x1156 /Users/yushanhuang/MaximSDK/Libraries/PeriphDrivers/bin/MAX78000/softfp_riscv/libPeriphDriver_softfp.a(dma_me17.o)
 .debug_info    0x0000000000007778     0x1153 /Users/yushanhuang/MaximSDK/Libraries/PeriphDrivers/bin/MAX78000/softfp_riscv/libPeriphDriver_softfp.a(dma_reva.o)
 .debug_info    0x00000000000088cb     0x1396 /Users/yushanhuang/MaximSDK/Libraries/PeriphDrivers/bin/MAX78000/softfp_riscv/libPeriphDriver_softfp.a(gpio_ai85.o)
 .debug_info    0x0000000000009c61      0xa1f /Users/yushanhuang/MaximSDK/Libraries/PeriphDrivers/bin/MAX78000/softfp_riscv/libPeriphDriver_softfp.a(gpio_reva.o)
 .debug_info    0x000000000000a680      0x39b /Users/yushanhuang/MaximSDK/Libraries/PeriphDrivers/bin/MAX78000/softfp_riscv/libPeriphDriver_softfp.a(icc_me17.o)
 .debug_info    0x000000000000aa1b      0x276 /Users/yushanhuang/MaximSDK/Libraries/PeriphDrivers/bin/MAX78000/softfp_riscv/libPeriphDriver_softfp.a(icc_reva.o)
 .debug_info    0x000000000000ac91     0x17f3 /Users/yushanhuang/MaximSDK/Libraries/PeriphDrivers/bin/MAX78000/softfp_riscv/libPeriphDriver_softfp.a(tmr_ai85.o)
 .debug_info    0x000000000000c484     0x10b5 /Users/yushanhuang/MaximSDK/Libraries/PeriphDrivers/bin/MAX78000/softfp_riscv/libPeriphDriver_softfp.a(tmr_revb.o)
 .debug_info    0x000000000000d539     0x2115 /Users/yushanhuang/MaximSDK/Libraries/PeriphDrivers/bin/MAX78000/softfp_riscv/libPeriphDriver_softfp.a(uart_ai85.o)
 .debug_info    0x000000000000f64e      0x2d5 /Users/yushanhuang/MaximSDK/Libraries/PeriphDrivers/bin/MAX78000/softfp_riscv/libPeriphDriver_softfp.a(uart_common.o)
 .debug_info    0x000000000000f923     0x2292 /Users/yushanhuang/MaximSDK/Libraries/PeriphDrivers/bin/MAX78000/softfp_riscv/libPeriphDriver_softfp.a(uart_revb.o)
 .debug_info    0x0000000000011bb5      0x658 /Users/yushanhuang/MaximSDK/Libraries/PeriphDrivers/bin/MAX78000/softfp_riscv/libPeriphDriver_softfp.a(gpio_common.o)
 .debug_info    0x000000000001220d      0x558 /Users/yushanhuang/MaximSDK/Libraries/PeriphDrivers/bin/MAX78000/softfp_riscv/libPeriphDriver_softfp.a(tmr_common.o)

.debug_abbrev   0x0000000000000000     0x36ce
 .debug_abbrev  0x0000000000000000      0x20b /Users/yushanhuang/Documents/YUSHAN_JOSH/ai8x-synthesis/model/v_autoenc_riscv/buildrv/main_riscv.o
 .debug_abbrev  0x000000000000020b      0x39b /Users/yushanhuang/Documents/YUSHAN_JOSH/ai8x-synthesis/model/v_autoenc_riscv/buildrv/cnn.o
 .debug_abbrev  0x00000000000005a6      0x29e /Users/yushanhuang/Documents/YUSHAN_JOSH/ai8x-synthesis/model/v_autoenc_riscv/buildrv/board.o
 .debug_abbrev  0x0000000000000844      0x1db /Users/yushanhuang/Documents/YUSHAN_JOSH/ai8x-synthesis/model/v_autoenc_riscv/buildrv/stdio.o
 .debug_abbrev  0x0000000000000a1f      0x1f9 /Users/yushanhuang/Documents/YUSHAN_JOSH/ai8x-synthesis/model/v_autoenc_riscv/buildrv/led.o
 .debug_abbrev  0x0000000000000c18      0x4de /Users/yushanhuang/Documents/YUSHAN_JOSH/ai8x-synthesis/model/v_autoenc_riscv/buildrv/camera.o
 .debug_abbrev  0x00000000000010f6       0xc6 /Users/yushanhuang/Documents/YUSHAN_JOSH/ai8x-synthesis/model/v_autoenc_riscv/buildrv/heap.o
 .debug_abbrev  0x00000000000011bc      0x12e /Users/yushanhuang/Documents/YUSHAN_JOSH/ai8x-synthesis/model/v_autoenc_riscv/buildrv/system_riscv_max78000.o
 .debug_abbrev  0x00000000000012ea       0xd8 /Users/yushanhuang/MaximSDK/Libraries/PeriphDrivers/bin/MAX78000/softfp_riscv/libPeriphDriver_softfp.a(pins_ai85.o)
 .debug_abbrev  0x00000000000013c2      0x412 /Users/yushanhuang/MaximSDK/Libraries/PeriphDrivers/bin/MAX78000/softfp_riscv/libPeriphDriver_softfp.a(sys_ai85.o)
 .debug_abbrev  0x00000000000017d4      0x21d /Users/yushanhuang/MaximSDK/Libraries/PeriphDrivers/bin/MAX78000/softfp_riscv/libPeriphDriver_softfp.a(dma_me17.o)
 .debug_abbrev  0x00000000000019f1      0x3a2 /Users/yushanhuang/MaximSDK/Libraries/PeriphDrivers/bin/MAX78000/softfp_riscv/libPeriphDriver_softfp.a(dma_reva.o)
 .debug_abbrev  0x0000000000001d93      0x2c1 /Users/yushanhuang/MaximSDK/Libraries/PeriphDrivers/bin/MAX78000/softfp_riscv/libPeriphDriver_softfp.a(gpio_ai85.o)
 .debug_abbrev  0x0000000000002054      0x154 /Users/yushanhuang/MaximSDK/Libraries/PeriphDrivers/bin/MAX78000/softfp_riscv/libPeriphDriver_softfp.a(gpio_reva.o)
 .debug_abbrev  0x00000000000021a8      0x204 /Users/yushanhuang/MaximSDK/Libraries/PeriphDrivers/bin/MAX78000/softfp_riscv/libPeriphDriver_softfp.a(icc_me17.o)
 .debug_abbrev  0x00000000000023ac      0x199 /Users/yushanhuang/MaximSDK/Libraries/PeriphDrivers/bin/MAX78000/softfp_riscv/libPeriphDriver_softfp.a(icc_reva.o)
 .debug_abbrev  0x0000000000002545      0x258 /Users/yushanhuang/MaximSDK/Libraries/PeriphDrivers/bin/MAX78000/softfp_riscv/libPeriphDriver_softfp.a(tmr_ai85.o)
 .debug_abbrev  0x000000000000279d      0x25a /Users/yushanhuang/MaximSDK/Libraries/PeriphDrivers/bin/MAX78000/softfp_riscv/libPeriphDriver_softfp.a(tmr_revb.o)
 .debug_abbrev  0x00000000000029f7      0x37a /Users/yushanhuang/MaximSDK/Libraries/PeriphDrivers/bin/MAX78000/softfp_riscv/libPeriphDriver_softfp.a(uart_ai85.o)
 .debug_abbrev  0x0000000000002d71      0x132 /Users/yushanhuang/MaximSDK/Libraries/PeriphDrivers/bin/MAX78000/softfp_riscv/libPeriphDriver_softfp.a(uart_common.o)
 .debug_abbrev  0x0000000000002ea3      0x44f /Users/yushanhuang/MaximSDK/Libraries/PeriphDrivers/bin/MAX78000/softfp_riscv/libPeriphDriver_softfp.a(uart_revb.o)
 .debug_abbrev  0x00000000000032f2      0x216 /Users/yushanhuang/MaximSDK/Libraries/PeriphDrivers/bin/MAX78000/softfp_riscv/libPeriphDriver_softfp.a(gpio_common.o)
 .debug_abbrev  0x0000000000003508      0x1c6 /Users/yushanhuang/MaximSDK/Libraries/PeriphDrivers/bin/MAX78000/softfp_riscv/libPeriphDriver_softfp.a(tmr_common.o)

.debug_loclists
                0x0000000000000000     0x68c5
 .debug_loclists
                0x0000000000000000      0x120 /Users/yushanhuang/Documents/YUSHAN_JOSH/ai8x-synthesis/model/v_autoenc_riscv/buildrv/main_riscv.o
 .debug_loclists
                0x0000000000000120     0x1149 /Users/yushanhuang/Documents/YUSHAN_JOSH/ai8x-synthesis/model/v_autoenc_riscv/buildrv/cnn.o
 .debug_loclists
                0x0000000000001269       0x7f /Users/yushanhuang/Documents/YUSHAN_JOSH/ai8x-synthesis/model/v_autoenc_riscv/buildrv/board.o
 .debug_loclists
                0x00000000000012e8      0x28e /Users/yushanhuang/Documents/YUSHAN_JOSH/ai8x-synthesis/model/v_autoenc_riscv/buildrv/stdio.o
 .debug_loclists
                0x0000000000001576      0x120 /Users/yushanhuang/Documents/YUSHAN_JOSH/ai8x-synthesis/model/v_autoenc_riscv/buildrv/led.o
 .debug_loclists
                0x0000000000001696      0x4b7 /Users/yushanhuang/Documents/YUSHAN_JOSH/ai8x-synthesis/model/v_autoenc_riscv/buildrv/camera.o
 .debug_loclists
                0x0000000000001b4d       0x69 /Users/yushanhuang/Documents/YUSHAN_JOSH/ai8x-synthesis/model/v_autoenc_riscv/buildrv/heap.o
 .debug_loclists
                0x0000000000001bb6      0x353 /Users/yushanhuang/MaximSDK/Libraries/PeriphDrivers/bin/MAX78000/softfp_riscv/libPeriphDriver_softfp.a(sys_ai85.o)
 .debug_loclists
                0x0000000000001f09      0x2e4 /Users/yushanhuang/MaximSDK/Libraries/PeriphDrivers/bin/MAX78000/softfp_riscv/libPeriphDriver_softfp.a(dma_me17.o)
 .debug_loclists
                0x00000000000021ed      0x91b /Users/yushanhuang/MaximSDK/Libraries/PeriphDrivers/bin/MAX78000/softfp_riscv/libPeriphDriver_softfp.a(dma_reva.o)
 .debug_loclists
                0x0000000000002b08      0x73a /Users/yushanhuang/MaximSDK/Libraries/PeriphDrivers/bin/MAX78000/softfp_riscv/libPeriphDriver_softfp.a(gpio_ai85.o)
 .debug_loclists
                0x0000000000003242      0x295 /Users/yushanhuang/MaximSDK/Libraries/PeriphDrivers/bin/MAX78000/softfp_riscv/libPeriphDriver_softfp.a(gpio_reva.o)
 .debug_loclists
                0x00000000000034d7       0xe0 /Users/yushanhuang/MaximSDK/Libraries/PeriphDrivers/bin/MAX78000/softfp_riscv/libPeriphDriver_softfp.a(icc_me17.o)
 .debug_loclists
                0x00000000000035b7       0x7d /Users/yushanhuang/MaximSDK/Libraries/PeriphDrivers/bin/MAX78000/softfp_riscv/libPeriphDriver_softfp.a(icc_reva.o)
 .debug_loclists
                0x0000000000003634      0x7e4 /Users/yushanhuang/MaximSDK/Libraries/PeriphDrivers/bin/MAX78000/softfp_riscv/libPeriphDriver_softfp.a(tmr_ai85.o)
 .debug_loclists
                0x0000000000003e18      0x9cf /Users/yushanhuang/MaximSDK/Libraries/PeriphDrivers/bin/MAX78000/softfp_riscv/libPeriphDriver_softfp.a(tmr_revb.o)
 .debug_loclists
                0x00000000000047e7      0xc6c /Users/yushanhuang/MaximSDK/Libraries/PeriphDrivers/bin/MAX78000/softfp_riscv/libPeriphDriver_softfp.a(uart_ai85.o)
 .debug_loclists
                0x0000000000005453       0x86 /Users/yushanhuang/MaximSDK/Libraries/PeriphDrivers/bin/MAX78000/softfp_riscv/libPeriphDriver_softfp.a(uart_common.o)
 .debug_loclists
                0x00000000000054d9     0x119e /Users/yushanhuang/MaximSDK/Libraries/PeriphDrivers/bin/MAX78000/softfp_riscv/libPeriphDriver_softfp.a(uart_revb.o)
 .debug_loclists
                0x0000000000006677       0xb7 /Users/yushanhuang/MaximSDK/Libraries/PeriphDrivers/bin/MAX78000/softfp_riscv/libPeriphDriver_softfp.a(gpio_common.o)
 .debug_loclists
                0x000000000000672e      0x197 /Users/yushanhuang/MaximSDK/Libraries/PeriphDrivers/bin/MAX78000/softfp_riscv/libPeriphDriver_softfp.a(tmr_common.o)

.debug_aranges  0x0000000000000000      0xd40
 .debug_aranges
                0x0000000000000000       0x38 /Users/yushanhuang/Documents/YUSHAN_JOSH/ai8x-synthesis/model/v_autoenc_riscv/buildrv/main_riscv.o
 .debug_aranges
                0x0000000000000038       0x88 /Users/yushanhuang/Documents/YUSHAN_JOSH/ai8x-synthesis/model/v_autoenc_riscv/buildrv/cnn.o
 .debug_aranges
                0x00000000000000c0       0x68 /Users/yushanhuang/Documents/YUSHAN_JOSH/ai8x-synthesis/model/v_autoenc_riscv/buildrv/board.o
 .debug_aranges
                0x0000000000000128       0x50 /Users/yushanhuang/Documents/YUSHAN_JOSH/ai8x-synthesis/model/v_autoenc_riscv/buildrv/stdio.o
 .debug_aranges
                0x0000000000000178       0x38 /Users/yushanhuang/Documents/YUSHAN_JOSH/ai8x-synthesis/model/v_autoenc_riscv/buildrv/led.o
 .debug_aranges
                0x00000000000001b0      0x108 /Users/yushanhuang/Documents/YUSHAN_JOSH/ai8x-synthesis/model/v_autoenc_riscv/buildrv/camera.o
 .debug_aranges
                0x00000000000002b8       0x20 /Users/yushanhuang/Documents/YUSHAN_JOSH/ai8x-synthesis/model/v_autoenc_riscv/buildrv/heap.o
 .debug_aranges
                0x00000000000002d8       0x50 /Users/yushanhuang/Documents/YUSHAN_JOSH/ai8x-synthesis/model/v_autoenc_riscv/buildrv/system_riscv_max78000.o
 .debug_aranges
                0x0000000000000328       0x18 /Users/yushanhuang/MaximSDK/Libraries/PeriphDrivers/bin/MAX78000/softfp_riscv/libPeriphDriver_softfp.a(pins_ai85.o)
 .debug_aranges
                0x0000000000000340       0xa0 /Users/yushanhuang/MaximSDK/Libraries/PeriphDrivers/bin/MAX78000/softfp_riscv/libPeriphDriver_softfp.a(sys_ai85.o)
 .debug_aranges
                0x00000000000003e0       0xd8 /Users/yushanhuang/MaximSDK/Libraries/PeriphDrivers/bin/MAX78000/softfp_riscv/libPeriphDriver_softfp.a(dma_me17.o)
 .debug_aranges
                0x00000000000004b8       0xf0 /Users/yushanhuang/MaximSDK/Libraries/PeriphDrivers/bin/MAX78000/softfp_riscv/libPeriphDriver_softfp.a(dma_reva.o)
 .debug_aranges
                0x00000000000005a8       0xc8 /Users/yushanhuang/MaximSDK/Libraries/PeriphDrivers/bin/MAX78000/softfp_riscv/libPeriphDriver_softfp.a(gpio_ai85.o)
 .debug_aranges
                0x0000000000000670       0xa0 /Users/yushanhuang/MaximSDK/Libraries/PeriphDrivers/bin/MAX78000/softfp_riscv/libPeriphDriver_softfp.a(gpio_reva.o)
 .debug_aranges
                0x0000000000000710       0x38 /Users/yushanhuang/MaximSDK/Libraries/PeriphDrivers/bin/MAX78000/softfp_riscv/libPeriphDriver_softfp.a(icc_me17.o)
 .debug_aranges
                0x0000000000000748       0x30 /Users/yushanhuang/MaximSDK/Libraries/PeriphDrivers/bin/MAX78000/softfp_riscv/libPeriphDriver_softfp.a(icc_reva.o)
 .debug_aranges
                0x0000000000000778       0xf0 /Users/yushanhuang/MaximSDK/Libraries/PeriphDrivers/bin/MAX78000/softfp_riscv/libPeriphDriver_softfp.a(tmr_ai85.o)
 .debug_aranges
                0x0000000000000868       0xd0 /Users/yushanhuang/MaximSDK/Libraries/PeriphDrivers/bin/MAX78000/softfp_riscv/libPeriphDriver_softfp.a(tmr_revb.o)
 .debug_aranges
                0x0000000000000938      0x1b0 /Users/yushanhuang/MaximSDK/Libraries/PeriphDrivers/bin/MAX78000/softfp_riscv/libPeriphDriver_softfp.a(uart_ai85.o)
 .debug_aranges
                0x0000000000000ae8       0x28 /Users/yushanhuang/MaximSDK/Libraries/PeriphDrivers/bin/MAX78000/softfp_riscv/libPeriphDriver_softfp.a(uart_common.o)
 .debug_aranges
                0x0000000000000b10      0x1a8 /Users/yushanhuang/MaximSDK/Libraries/PeriphDrivers/bin/MAX78000/softfp_riscv/libPeriphDriver_softfp.a(uart_revb.o)
 .debug_aranges
                0x0000000000000cb8       0x30 /Users/yushanhuang/MaximSDK/Libraries/PeriphDrivers/bin/MAX78000/softfp_riscv/libPeriphDriver_softfp.a(gpio_common.o)
 .debug_aranges
                0x0000000000000ce8       0x58 /Users/yushanhuang/MaximSDK/Libraries/PeriphDrivers/bin/MAX78000/softfp_riscv/libPeriphDriver_softfp.a(tmr_common.o)

.debug_rnglists
                0x0000000000000000      0xf09
 .debug_rnglists
                0x0000000000000000       0x31 /Users/yushanhuang/Documents/YUSHAN_JOSH/ai8x-synthesis/model/v_autoenc_riscv/buildrv/main_riscv.o
 .debug_rnglists
                0x0000000000000031       0xd7 /Users/yushanhuang/Documents/YUSHAN_JOSH/ai8x-synthesis/model/v_autoenc_riscv/buildrv/cnn.o
 .debug_rnglists
                0x0000000000000108       0x67 /Users/yushanhuang/Documents/YUSHAN_JOSH/ai8x-synthesis/model/v_autoenc_riscv/buildrv/board.o
 .debug_rnglists
                0x000000000000016f       0x4c /Users/yushanhuang/Documents/YUSHAN_JOSH/ai8x-synthesis/model/v_autoenc_riscv/buildrv/stdio.o
 .debug_rnglists
                0x00000000000001bb       0x44 /Users/yushanhuang/Documents/YUSHAN_JOSH/ai8x-synthesis/model/v_autoenc_riscv/buildrv/led.o
 .debug_rnglists
                0x00000000000001ff      0x17a /Users/yushanhuang/Documents/YUSHAN_JOSH/ai8x-synthesis/model/v_autoenc_riscv/buildrv/camera.o
 .debug_rnglists
                0x0000000000000379       0x16 /Users/yushanhuang/Documents/YUSHAN_JOSH/ai8x-synthesis/model/v_autoenc_riscv/buildrv/heap.o
 .debug_rnglists
                0x000000000000038f       0x4c /Users/yushanhuang/Documents/YUSHAN_JOSH/ai8x-synthesis/model/v_autoenc_riscv/buildrv/system_riscv_max78000.o
 .debug_rnglists
                0x00000000000003db       0xcc /Users/yushanhuang/MaximSDK/Libraries/PeriphDrivers/bin/MAX78000/softfp_riscv/libPeriphDriver_softfp.a(sys_ai85.o)
 .debug_rnglists
                0x00000000000004a7       0xe5 /Users/yushanhuang/MaximSDK/Libraries/PeriphDrivers/bin/MAX78000/softfp_riscv/libPeriphDriver_softfp.a(dma_me17.o)
 .debug_rnglists
                0x000000000000058c      0x11c /Users/yushanhuang/MaximSDK/Libraries/PeriphDrivers/bin/MAX78000/softfp_riscv/libPeriphDriver_softfp.a(dma_reva.o)
 .debug_rnglists
                0x00000000000006a8       0xef /Users/yushanhuang/MaximSDK/Libraries/PeriphDrivers/bin/MAX78000/softfp_riscv/libPeriphDriver_softfp.a(gpio_ai85.o)
 .debug_rnglists
                0x0000000000000797       0xa6 /Users/yushanhuang/MaximSDK/Libraries/PeriphDrivers/bin/MAX78000/softfp_riscv/libPeriphDriver_softfp.a(gpio_reva.o)
 .debug_rnglists
                0x000000000000083d       0x44 /Users/yushanhuang/MaximSDK/Libraries/PeriphDrivers/bin/MAX78000/softfp_riscv/libPeriphDriver_softfp.a(icc_me17.o)
 .debug_rnglists
                0x0000000000000881       0x28 /Users/yushanhuang/MaximSDK/Libraries/PeriphDrivers/bin/MAX78000/softfp_riscv/libPeriphDriver_softfp.a(icc_reva.o)
 .debug_rnglists
                0x00000000000008a9      0x100 /Users/yushanhuang/MaximSDK/Libraries/PeriphDrivers/bin/MAX78000/softfp_riscv/libPeriphDriver_softfp.a(tmr_ai85.o)
 .debug_rnglists
                0x00000000000009a9       0xdc /Users/yushanhuang/MaximSDK/Libraries/PeriphDrivers/bin/MAX78000/softfp_riscv/libPeriphDriver_softfp.a(tmr_revb.o)
 .debug_rnglists
                0x0000000000000a85      0x1d8 /Users/yushanhuang/MaximSDK/Libraries/PeriphDrivers/bin/MAX78000/softfp_riscv/libPeriphDriver_softfp.a(uart_ai85.o)
 .debug_rnglists
                0x0000000000000c5d       0x1f /Users/yushanhuang/MaximSDK/Libraries/PeriphDrivers/bin/MAX78000/softfp_riscv/libPeriphDriver_softfp.a(uart_common.o)
 .debug_rnglists
                0x0000000000000c7c      0x210 /Users/yushanhuang/MaximSDK/Libraries/PeriphDrivers/bin/MAX78000/softfp_riscv/libPeriphDriver_softfp.a(uart_revb.o)
 .debug_rnglists
                0x0000000000000e8c       0x28 /Users/yushanhuang/MaximSDK/Libraries/PeriphDrivers/bin/MAX78000/softfp_riscv/libPeriphDriver_softfp.a(gpio_common.o)
 .debug_rnglists
                0x0000000000000eb4       0x55 /Users/yushanhuang/MaximSDK/Libraries/PeriphDrivers/bin/MAX78000/softfp_riscv/libPeriphDriver_softfp.a(tmr_common.o)

.debug_macro    0x0000000000000000     0xd9b5
 .debug_macro   0x0000000000000000      0x51a /Users/yushanhuang/Documents/YUSHAN_JOSH/ai8x-synthesis/model/v_autoenc_riscv/buildrv/main_riscv.o
 .debug_macro   0x000000000000051a      0x77e /Users/yushanhuang/Documents/YUSHAN_JOSH/ai8x-synthesis/model/v_autoenc_riscv/buildrv/main_riscv.o
 .debug_macro   0x0000000000000c98       0x19 /Users/yushanhuang/Documents/YUSHAN_JOSH/ai8x-synthesis/model/v_autoenc_riscv/buildrv/main_riscv.o
 .debug_macro   0x0000000000000cb1       0x22 /Users/yushanhuang/Documents/YUSHAN_JOSH/ai8x-synthesis/model/v_autoenc_riscv/buildrv/main_riscv.o
 .debug_macro   0x0000000000000cd3       0x5e /Users/yushanhuang/Documents/YUSHAN_JOSH/ai8x-synthesis/model/v_autoenc_riscv/buildrv/main_riscv.o
 .debug_macro   0x0000000000000d31       0x94 /Users/yushanhuang/Documents/YUSHAN_JOSH/ai8x-synthesis/model/v_autoenc_riscv/buildrv/main_riscv.o
 .debug_macro   0x0000000000000dc5       0x3b /Users/yushanhuang/Documents/YUSHAN_JOSH/ai8x-synthesis/model/v_autoenc_riscv/buildrv/main_riscv.o
 .debug_macro   0x0000000000000e00       0x34 /Users/yushanhuang/Documents/YUSHAN_JOSH/ai8x-synthesis/model/v_autoenc_riscv/buildrv/main_riscv.o
 .debug_macro   0x0000000000000e34       0x16 /Users/yushanhuang/Documents/YUSHAN_JOSH/ai8x-synthesis/model/v_autoenc_riscv/buildrv/main_riscv.o
 .debug_macro   0x0000000000000e4a      0x11c /Users/yushanhuang/Documents/YUSHAN_JOSH/ai8x-synthesis/model/v_autoenc_riscv/buildrv/main_riscv.o
 .debug_macro   0x0000000000000f66       0x94 /Users/yushanhuang/Documents/YUSHAN_JOSH/ai8x-synthesis/model/v_autoenc_riscv/buildrv/main_riscv.o
 .debug_macro   0x0000000000000ffa       0x16 /Users/yushanhuang/Documents/YUSHAN_JOSH/ai8x-synthesis/model/v_autoenc_riscv/buildrv/main_riscv.o
 .debug_macro   0x0000000000001010       0x43 /Users/yushanhuang/Documents/YUSHAN_JOSH/ai8x-synthesis/model/v_autoenc_riscv/buildrv/main_riscv.o
 .debug_macro   0x0000000000001053       0x57 /Users/yushanhuang/Documents/YUSHAN_JOSH/ai8x-synthesis/model/v_autoenc_riscv/buildrv/main_riscv.o
 .debug_macro   0x00000000000010aa       0x34 /Users/yushanhuang/Documents/YUSHAN_JOSH/ai8x-synthesis/model/v_autoenc_riscv/buildrv/main_riscv.o
 .debug_macro   0x00000000000010de       0x10 /Users/yushanhuang/Documents/YUSHAN_JOSH/ai8x-synthesis/model/v_autoenc_riscv/buildrv/main_riscv.o
 .debug_macro   0x00000000000010ee       0x58 /Users/yushanhuang/Documents/YUSHAN_JOSH/ai8x-synthesis/model/v_autoenc_riscv/buildrv/main_riscv.o
 .debug_macro   0x0000000000001146      0x182 /Users/yushanhuang/Documents/YUSHAN_JOSH/ai8x-synthesis/model/v_autoenc_riscv/buildrv/main_riscv.o
 .debug_macro   0x00000000000012c8      0x341 /Users/yushanhuang/Documents/YUSHAN_JOSH/ai8x-synthesis/model/v_autoenc_riscv/buildrv/main_riscv.o
 .debug_macro   0x0000000000001609       0x16 /Users/yushanhuang/Documents/YUSHAN_JOSH/ai8x-synthesis/model/v_autoenc_riscv/buildrv/main_riscv.o
 .debug_macro   0x000000000000161f       0x29 /Users/yushanhuang/Documents/YUSHAN_JOSH/ai8x-synthesis/model/v_autoenc_riscv/buildrv/main_riscv.o
 .debug_macro   0x0000000000001648      0x103 /Users/yushanhuang/Documents/YUSHAN_JOSH/ai8x-synthesis/model/v_autoenc_riscv/buildrv/main_riscv.o
 .debug_macro   0x000000000000174b       0x6a /Users/yushanhuang/Documents/YUSHAN_JOSH/ai8x-synthesis/model/v_autoenc_riscv/buildrv/main_riscv.o
 .debug_macro   0x00000000000017b5      0x1df /Users/yushanhuang/Documents/YUSHAN_JOSH/ai8x-synthesis/model/v_autoenc_riscv/buildrv/main_riscv.o
 .debug_macro   0x0000000000001994       0x16 /Users/yushanhuang/Documents/YUSHAN_JOSH/ai8x-synthesis/model/v_autoenc_riscv/buildrv/main_riscv.o
 .debug_macro   0x00000000000019aa       0x35 /Users/yushanhuang/Documents/YUSHAN_JOSH/ai8x-synthesis/model/v_autoenc_riscv/buildrv/main_riscv.o
 .debug_macro   0x00000000000019df       0x1c /Users/yushanhuang/Documents/YUSHAN_JOSH/ai8x-synthesis/model/v_autoenc_riscv/buildrv/main_riscv.o
 .debug_macro   0x00000000000019fb       0x10 /Users/yushanhuang/Documents/YUSHAN_JOSH/ai8x-synthesis/model/v_autoenc_riscv/buildrv/main_riscv.o
 .debug_macro   0x0000000000001a0b       0x10 /Users/yushanhuang/Documents/YUSHAN_JOSH/ai8x-synthesis/model/v_autoenc_riscv/buildrv/main_riscv.o
 .debug_macro   0x0000000000001a1b       0x1c /Users/yushanhuang/Documents/YUSHAN_JOSH/ai8x-synthesis/model/v_autoenc_riscv/buildrv/main_riscv.o
 .debug_macro   0x0000000000001a37       0x52 /Users/yushanhuang/Documents/YUSHAN_JOSH/ai8x-synthesis/model/v_autoenc_riscv/buildrv/main_riscv.o
 .debug_macro   0x0000000000001a89       0x22 /Users/yushanhuang/Documents/YUSHAN_JOSH/ai8x-synthesis/model/v_autoenc_riscv/buildrv/main_riscv.o
 .debug_macro   0x0000000000001aab       0x10 /Users/yushanhuang/Documents/YUSHAN_JOSH/ai8x-synthesis/model/v_autoenc_riscv/buildrv/main_riscv.o
 .debug_macro   0x0000000000001abb       0x52 /Users/yushanhuang/Documents/YUSHAN_JOSH/ai8x-synthesis/model/v_autoenc_riscv/buildrv/main_riscv.o
 .debug_macro   0x0000000000001b0d       0xd5 /Users/yushanhuang/Documents/YUSHAN_JOSH/ai8x-synthesis/model/v_autoenc_riscv/buildrv/main_riscv.o
 .debug_macro   0x0000000000001be2       0x1c /Users/yushanhuang/Documents/YUSHAN_JOSH/ai8x-synthesis/model/v_autoenc_riscv/buildrv/main_riscv.o
 .debug_macro   0x0000000000001bfe       0x3d /Users/yushanhuang/Documents/YUSHAN_JOSH/ai8x-synthesis/model/v_autoenc_riscv/buildrv/main_riscv.o
 .debug_macro   0x0000000000001c3b       0x16 /Users/yushanhuang/Documents/YUSHAN_JOSH/ai8x-synthesis/model/v_autoenc_riscv/buildrv/main_riscv.o
 .debug_macro   0x0000000000001c51      0x16f /Users/yushanhuang/Documents/YUSHAN_JOSH/ai8x-synthesis/model/v_autoenc_riscv/buildrv/main_riscv.o
 .debug_macro   0x0000000000001dc0       0x10 /Users/yushanhuang/Documents/YUSHAN_JOSH/ai8x-synthesis/model/v_autoenc_riscv/buildrv/main_riscv.o
 .debug_macro   0x0000000000001dd0       0x2f /Users/yushanhuang/Documents/YUSHAN_JOSH/ai8x-synthesis/model/v_autoenc_riscv/buildrv/main_riscv.o
 .debug_macro   0x0000000000001dff       0x97 /Users/yushanhuang/Documents/YUSHAN_JOSH/ai8x-synthesis/model/v_autoenc_riscv/buildrv/main_riscv.o
 .debug_macro   0x0000000000001e96       0x3a /Users/yushanhuang/Documents/YUSHAN_JOSH/ai8x-synthesis/model/v_autoenc_riscv/buildrv/main_riscv.o
 .debug_macro   0x0000000000001ed0      0x4a3 /Users/yushanhuang/Documents/YUSHAN_JOSH/ai8x-synthesis/model/v_autoenc_riscv/buildrv/main_riscv.o
 .debug_macro   0x0000000000002373      0x802 /Users/yushanhuang/Documents/YUSHAN_JOSH/ai8x-synthesis/model/v_autoenc_riscv/buildrv/main_riscv.o
 .debug_macro   0x0000000000002b75      0x12a /Users/yushanhuang/Documents/YUSHAN_JOSH/ai8x-synthesis/model/v_autoenc_riscv/buildrv/main_riscv.o
 .debug_macro   0x0000000000002c9f       0x82 /Users/yushanhuang/Documents/YUSHAN_JOSH/ai8x-synthesis/model/v_autoenc_riscv/buildrv/main_riscv.o
 .debug_macro   0x0000000000002d21      0x503 /Users/yushanhuang/Documents/YUSHAN_JOSH/ai8x-synthesis/model/v_autoenc_riscv/buildrv/main_riscv.o
 .debug_macro   0x0000000000003224       0xdc /Users/yushanhuang/Documents/YUSHAN_JOSH/ai8x-synthesis/model/v_autoenc_riscv/buildrv/main_riscv.o
 .debug_macro   0x0000000000003300       0x22 /Users/yushanhuang/Documents/YUSHAN_JOSH/ai8x-synthesis/model/v_autoenc_riscv/buildrv/main_riscv.o
 .debug_macro   0x0000000000003322       0x1c /Users/yushanhuang/Documents/YUSHAN_JOSH/ai8x-synthesis/model/v_autoenc_riscv/buildrv/main_riscv.o
 .debug_macro   0x000000000000333e       0x16 /Users/yushanhuang/Documents/YUSHAN_JOSH/ai8x-synthesis/model/v_autoenc_riscv/buildrv/main_riscv.o
 .debug_macro   0x0000000000003354       0xb0 /Users/yushanhuang/Documents/YUSHAN_JOSH/ai8x-synthesis/model/v_autoenc_riscv/buildrv/main_riscv.o
 .debug_macro   0x0000000000003404       0x20 /Users/yushanhuang/Documents/YUSHAN_JOSH/ai8x-synthesis/model/v_autoenc_riscv/buildrv/main_riscv.o
 .debug_macro   0x0000000000003424       0x22 /Users/yushanhuang/Documents/YUSHAN_JOSH/ai8x-synthesis/model/v_autoenc_riscv/buildrv/main_riscv.o
 .debug_macro   0x0000000000003446      0x5d4 /Users/yushanhuang/Documents/YUSHAN_JOSH/ai8x-synthesis/model/v_autoenc_riscv/buildrv/main_riscv.o
 .debug_macro   0x0000000000003a1a       0x16 /Users/yushanhuang/Documents/YUSHAN_JOSH/ai8x-synthesis/model/v_autoenc_riscv/buildrv/main_riscv.o
 .debug_macro   0x0000000000003a30       0x1c /Users/yushanhuang/Documents/YUSHAN_JOSH/ai8x-synthesis/model/v_autoenc_riscv/buildrv/main_riscv.o
 .debug_macro   0x0000000000003a4c       0x6c /Users/yushanhuang/Documents/YUSHAN_JOSH/ai8x-synthesis/model/v_autoenc_riscv/buildrv/main_riscv.o
 .debug_macro   0x0000000000003ab8      0x2e2 /Users/yushanhuang/Documents/YUSHAN_JOSH/ai8x-synthesis/model/v_autoenc_riscv/buildrv/main_riscv.o
 .debug_macro   0x0000000000003d9a      0x15c /Users/yushanhuang/Documents/YUSHAN_JOSH/ai8x-synthesis/model/v_autoenc_riscv/buildrv/main_riscv.o
 .debug_macro   0x0000000000003ef6       0x6a /Users/yushanhuang/Documents/YUSHAN_JOSH/ai8x-synthesis/model/v_autoenc_riscv/buildrv/main_riscv.o
 .debug_macro   0x0000000000003f60      0x191 /Users/yushanhuang/Documents/YUSHAN_JOSH/ai8x-synthesis/model/v_autoenc_riscv/buildrv/main_riscv.o
 .debug_macro   0x00000000000040f1       0x3a /Users/yushanhuang/Documents/YUSHAN_JOSH/ai8x-synthesis/model/v_autoenc_riscv/buildrv/main_riscv.o
 .debug_macro   0x000000000000412b      0x1b6 /Users/yushanhuang/Documents/YUSHAN_JOSH/ai8x-synthesis/model/v_autoenc_riscv/buildrv/main_riscv.o
 .debug_macro   0x00000000000042e1       0xbc /Users/yushanhuang/Documents/YUSHAN_JOSH/ai8x-synthesis/model/v_autoenc_riscv/buildrv/main_riscv.o
 .debug_macro   0x000000000000439d      0x4d1 /Users/yushanhuang/Documents/YUSHAN_JOSH/ai8x-synthesis/model/v_autoenc_riscv/buildrv/main_riscv.o
 .debug_macro   0x000000000000486e      0x1b6 /Users/yushanhuang/Documents/YUSHAN_JOSH/ai8x-synthesis/model/v_autoenc_riscv/buildrv/main_riscv.o
 .debug_macro   0x0000000000004a24       0x10 /Users/yushanhuang/Documents/YUSHAN_JOSH/ai8x-synthesis/model/v_autoenc_riscv/buildrv/main_riscv.o
 .debug_macro   0x0000000000004a34      0x5de /Users/yushanhuang/Documents/YUSHAN_JOSH/ai8x-synthesis/model/v_autoenc_riscv/buildrv/main_riscv.o
 .debug_macro   0x0000000000005012      0x262 /Users/yushanhuang/Documents/YUSHAN_JOSH/ai8x-synthesis/model/v_autoenc_riscv/buildrv/main_riscv.o