../drivers/fsl_clock.c:145:10:CLOCK_SetupFROHFClocking	0	static
../drivers/fsl_clock.c:185:10:CLOCK_SetupExtClocking	0	static
../drivers/fsl_clock.c:252:10:CLOCK_SetupOsc32KClocking	8	static
../drivers/fsl_clock.c:294:10:CLOCK_SetupClk16KClocking	0	static
../drivers/fsl_clock.c:312:10:CLOCK_FROHFTrimConfig	8	static
../drivers/fsl_clock.c:337:10:CLOCK_FRO12MTrimConfig	8	static
../drivers/fsl_clock.c:366:6:CLOCK_SetSysOscMonitorMode	0	static
../drivers/fsl_clock.c:385:6:CLOCK_SetRoscMonitorMode	0	static
../drivers/fsl_clock.c:404:6:CLOCK_SetUpllMonitorMode	0	static
../drivers/fsl_clock.c:423:6:CLOCK_SetPll0MonitorMode	0	static
../drivers/fsl_clock.c:442:6:CLOCK_SetPll1MonitorMode	0	static
../drivers/fsl_clock.c:459:6:VBAT_SetOscConfig	0	static
../drivers/fsl_clock.c:504:6:CLOCK_AttachClk	4	static
../drivers/fsl_clock.c:553:19:CLOCK_GetClockAttachId	0	static
../drivers/fsl_clock.c:602:6:CLOCK_SetClkDiv	0	static
../drivers/fsl_clock.c:626:10:CLOCK_GetClkDiv	0	static
../drivers/fsl_clock.c:651:6:CLOCK_HaltClkDiv	0	static
../drivers/fsl_clock.c:669:6:CLOCK_SetupClockCtrl	0	static
../drivers/fsl_clock.c:972:10:CLOCK_GetTsiClkFreq	0	static
../drivers/fsl_clock.c:1093:10:CLOCK_GetPll0OutFreq	24	static
../drivers/fsl_clock.c:1121:10:CLOCK_GetPll1OutFreq	24	static
../drivers/fsl_clock.c:766:10:CLOCK_GetCTimerClkFreq	8	static
../drivers/fsl_clock.c:820:10:CLOCK_GetAdcClkFreq	8	static
../drivers/fsl_clock.c:860:10:CLOCK_GetUsb0ClkFreq	8	static
../drivers/fsl_clock.c:933:10:CLOCK_GetSctClkFreq	8	static
../drivers/fsl_clock.c:996:10:CLOCK_GetSincFilterClkFreq	8	static
../drivers/fsl_clock.c:1031:10:CLOCK_GetDacClkFreq	8	static
../drivers/fsl_clock.c:1064:10:CLOCK_GetFlexspiClkFreq	8	static
../drivers/fsl_clock.c:897:10:CLOCK_GetLPFlexCommClkFreq	16	static
../drivers/fsl_clock.c:1149:10:CLOCK_GetPllClkDivFreq	8	static
../drivers/fsl_clock.c:1176:10:CLOCK_GetExtUpllFreq	0	static
../drivers/fsl_clock.c:1190:6:CLOCK_SetExtUpllFreq	0	static
../drivers/fsl_clock.c:1199:10:CLOCK_GetI3cClkFreq	8	static
../drivers/fsl_clock.c:1235:10:CLOCK_GetI3cSTCClkFreq	8	static
../drivers/fsl_clock.c:1282:10:CLOCK_GetI3cSClkFreq	0	static
../drivers/fsl_clock.c:1307:10:CLOCK_GetMicfilClkFreq	8	static
../drivers/fsl_clock.c:1348:10:CLOCK_GetUsdhcClkFreq	8	static
../drivers/fsl_clock.c:1383:10:CLOCK_GetFlexioClkFreq	8	static
../drivers/fsl_clock.c:1418:10:CLOCK_GetFlexcanClkFreq	8	static
../drivers/fsl_clock.c:1454:10:CLOCK_GetEnetRmiiClkFreq	8	static
../drivers/fsl_clock.c:1481:10:CLOCK_GetEnetPtpRefClkFreq	8	static
../drivers/fsl_clock.c:1511:6:CLOCK_SetupEnetTxClk	0	static
../drivers/fsl_clock.c:1522:10:CLOCK_GetEnetTxClkFreq	0	static
../drivers/fsl_clock.c:1531:10:CLOCK_GetEwm0ClkFreq	0	static
../drivers/fsl_clock.c:1555:10:CLOCK_GetWdtClkFreq	0	static
../drivers/fsl_clock.c:1593:10:CLOCK_GetOstimerClkFreq	0	static
../drivers/fsl_clock.c:1620:10:CLOCK_GetCmpFClkFreq	8	static
../drivers/fsl_clock.c:1660:10:CLOCK_GetCmpRRClkFreq	8	static
../drivers/fsl_clock.c:1700:10:CLOCK_GetSaiClkFreq	8	static
../drivers/fsl_clock.c:1736:6:CLOCK_SetupSaiMclk	0	static
../drivers/fsl_clock.c:1747:6:CLOCK_SetupSaiTxBclk	0	static
../drivers/fsl_clock.c:1758:6:CLOCK_SetupSaiRxBclk	0	static
../drivers/fsl_clock.c:1769:10:CLOCK_GetSaiMclkFreq	0	static
../drivers/fsl_clock.c:1778:10:CLOCK_GetSaiTxBclkFreq	0	static
../drivers/fsl_clock.c:1787:10:CLOCK_GetSaiRxBclkFreq	0	static
../drivers/fsl_clock.c:1796:10:CLOCK_GetEmvsimClkFreq	8	static
../drivers/fsl_clock.c:1833:10:CLOCK_GetPLL0InClockRate	0	static
../drivers/fsl_clock.c:1857:10:CLOCK_GetPLL1InClockRate	0	static
../drivers/fsl_clock.c:1885:10:CLOCK_GetPLLOutFromSetup	24	static
../drivers/fsl_clock.c:1913:13:CLOCK_SetupPLLData	72	static
../drivers/fsl_clock.c:1964:13:CLOCK_SetPLL0Freq	8	static
../drivers/fsl_clock.c:2022:13:CLOCK_SetPLL1Freq	8	static
../drivers/fsl_clock.c:2072:6:CLOCK_EnableOstimer32kClock	0	static
../drivers/fsl_clock.c:2172:10:CLOCK_GetCoreSysClkFreq	0	static
../drivers/fsl_clock.c:680:10:CLOCK_GetFreq	8	static
../drivers/fsl_clock.c:2809:6:CLOCK_EnableUsbfsClock	0	static
../drivers/fsl_clock.c:2830:6:CLOCK_EnableUsbhsPhyPllClock	12	static
../drivers/fsl_clock.c:2918:6:CLOCK_DisableUsbhsPhyPllClock	0	static
../drivers/fsl_clock.c:2927:6:CLOCK_EnableUsbhsClock	0	static
