library/inference/tflmtag2412_u55tag2411/tensorflow/lite/micro/kernels/cast.cc:28:14:TfLiteStatus tflite::{anonymous}::CastPrepare(TfLiteContext*, TfLiteNode*)	40	static
./library/inference/tflmtag2412_u55tag2411/tensorflow/lite/kernels/op_macros.h:24:13:void AbortImpl()	8	static
library/inference/tflmtag2412_u55tag2411/tensorflow/lite/micro/kernels/cast.cc:80:14:TfLiteStatus tflite::{anonymous}::CastEval(TfLiteContext*, TfLiteNode*)	88	static
library/inference/tflmtag2412_u55tag2411/tensorflow/lite/micro/kernels/cast.cc:116:18:TFLMRegistration tflite::Register_CAST()	16	static
