library/inference/tflmtag2412_u55tag2411/tensorflow/lite/micro/kernels/depth_to_space.cc:96:14:TfLiteStatus tflite::{anonymous}::DepthToSpacePrepare(TfLiteContext*, TfLiteNode*)	72	static
./library/inference/tflmtag2412_u55tag2411/tensorflow/lite/kernels/op_macros.h:24:13:void AbortImpl()	8	static
library/inference/tflmtag2412_u55tag2411/tensorflow/lite/micro/kernels/depth_to_space.cc:100:14:TfLiteStatus tflite::{anonymous}::DepthToSpaceEval(TfLiteContext*, TfLiteNode*)	352	static
library/inference/tflmtag2412_u55tag2411/tensorflow/lite/micro/kernels/depth_to_space.cc:138:18:TFLMRegistration tflite::Register_DEPTH_TO_SPACE()	16	static
