./library/inference/tflmtag2412_u55tag2411/tensorflow/lite/kernels/op_macros.h:24:13:void AbortImpl()	8	static
library/inference/tflmtag2412_u55tag2411/tensorflow/lite/micro/kernels/hard_swish.cc:33:7:void* tflite::{anonymous}::HardSwishInit(TfLiteContext*, const char*, size_t)	8	static
library/inference/tflmtag2412_u55tag2411/tensorflow/lite/micro/kernels/hard_swish.cc:38:14:TfLiteStatus tflite::{anonymous}::HardSwishEval(TfLiteContext*, TfLiteNode*)	176	static
library/inference/tflmtag2412_u55tag2411/tensorflow/lite/micro/kernels/hard_swish.cc:70:18:TFLMRegistration tflite::Register_HARD_SWISH()	16	static
