library/inference/tflmtag2412_u55tag2411/tensorflow/lite/micro/kernels/lstm_eval_common.cc:26:14:tflite::LstmSizeInfo tflite::CreateLstmSizeInfo(bool, const TfLiteIntArray*, const TfLiteIntArray*)	24	static
library/inference/tflmtag2412_u55tag2411/tensorflow/lite/micro/kernels/lstm_eval_common.cc:40:14:TfLiteStatus tflite::ValidateWeightTensorSize(TfLiteContext*, const TfLiteTensor*, int, int)	32	static
library/inference/tflmtag2412_u55tag2411/tensorflow/lite/micro/kernels/lstm_eval_common.cc:49:14:TfLiteStatus tflite::ValidateBiasTensorSize(TfLiteContext*, const TfLiteTensor*, int)	32	static
library/inference/tflmtag2412_u55tag2411/tensorflow/lite/micro/kernels/lstm_eval_common.cc:58:14:TfLiteStatus tflite::ValidateTensorSize(TfLiteContext*, const LstmTensors&, const LstmSizeInfo&)	96	static
library/inference/tflmtag2412_u55tag2411/tensorflow/lite/micro/kernels/lstm_eval_common.cc:104:14:TfLiteStatus tflite::CreateGateParams(TfLiteContext*, const TfLiteTensor*, const TfLiteTensor*, const TfLiteTensor*, const TfLiteTensor*, const TfLiteTensor*, const TfLiteTensor*, float, TfLiteType, GateParameters&)	184	static
library/inference/tflmtag2412_u55tag2411/tensorflow/lite/micro/kernels/lstm_eval_common.cc:151:26:tflite::ArithmeticParams tflite::CreateInterGateMulParams(float, float, float, TfLiteType, int)	32	static
library/inference/tflmtag2412_u55tag2411/tensorflow/lite/micro/kernels/lstm_eval_common.cc:182:15:tflite::CellStateInfo tflite::CreateLstmCellStateInfo(float, float)	24	static
library/inference/tflmtag2412_u55tag2411/tensorflow/lite/micro/kernels/lstm_eval_common.cc:200:15:tflite::CellStateInfo tflite::CreateLstmCellStateInfoFloat(float)	0	static
library/inference/tflmtag2412_u55tag2411/tensorflow/lite/micro/kernels/lstm_eval_common.cc:208:30:tflite::FullyConnectedParams tflite::CreateFCParamsFloat()	0	static
library/inference/tflmtag2412_u55tag2411/tensorflow/lite/micro/kernels/lstm_eval_common.cc:215:24:tflite::GateParameters tflite::CreateGateParamsFloat()	0	static
library/inference/tflmtag2412_u55tag2411/tensorflow/lite/micro/kernels/lstm_eval_common.cc:222:26:tflite::ArithmeticParams tflite::CreateInterGateMulParamsFloat()	8	static
library/inference/tflmtag2412_u55tag2411/tensorflow/lite/micro/kernels/lstm_eval_common.cc:229:14:TfLiteStatus tflite::PrepareGateParametersFloat(TfLiteContext*, const LstmTensors&, OpDataLSTM*)	120	static
library/inference/tflmtag2412_u55tag2411/tensorflow/lite/micro/kernels/lstm_eval_common.cc:247:14:TfLiteStatus tflite::PrepareGateParametersInteger(TfLiteContext*, const LstmTensors&, OpDataLSTM*)	168	static
library/inference/tflmtag2412_u55tag2411/tensorflow/lite/micro/kernels/lstm_eval_common.cc:313:20:tflite::LSTMKernelContents tflite::CreateLSTMKernelContent(TfLiteContext*, TfLiteNode*)	24	static
