./library/inference/tflmtag2412_u55tag2411/tensorflow/lite/kernels/internal/reference/mul.h:95:6:void tflite::reference_ops::BroadcastMulRecursiveDimensions(const tflite::ArithmeticParams&, int, const T*, const T*, T*, size_t*, size_t*, size_t*, const tflite::NdArrayDesc<6>&, const tflite::NdArrayDesc<6>&, const int32_t*, F) [with T = float; F = BroadcastMul6DSlow<float>(const tflite::ArithmeticParams&, const tflite::RuntimeShape&, const float*, const tflite::RuntimeShape&, const float*, const tflite::RuntimeShape&, float*)::<lambda(const tflite::ArithmeticParams&, float, float)>]	96	static
./library/inference/tflmtag2412_u55tag2411/tensorflow/lite/kernels/internal/reference/mul.h:95:6:void tflite::reference_ops::BroadcastMulRecursiveDimensions(const tflite::ArithmeticParams&, int, const T*, const T*, T*, size_t*, size_t*, size_t*, const tflite::NdArrayDesc<6>&, const tflite::NdArrayDesc<6>&, const int32_t*, F) [with T = long int; F = BroadcastMul6DSlow<long int>(const tflite::ArithmeticParams&, const tflite::RuntimeShape&, const long int*, const tflite::RuntimeShape&, const long int*, const tflite::RuntimeShape&, long int*)::<lambda(const tflite::ArithmeticParams&, long int, long int)>]	104	static
./library/inference/tflmtag2412_u55tag2411/tensorflow/lite/kernels/op_macros.h:24:13:void AbortImpl()	8	static
./library/inference/tflmtag2412_u55tag2411/tensorflow/lite/kernels/internal/reference/process_broadcast_shapes.h:40:13:bool tflite::reference_ops::ProcessBroadcastShapes(const tflite::RuntimeShape&, const tflite::RuntimeShape&, tflite::ArithmeticParams*)	88	static
library/inference/tflmtag2412_u55tag2411/tensorflow/lite/micro/kernels/mul_common.cc:33:7:void* tflite::MulInit(TfLiteContext*, const char*, size_t)	8	static
library/inference/tflmtag2412_u55tag2411/tensorflow/lite/micro/kernels/mul_common.cc:38:14:TfLiteStatus tflite::CalculateOpDataMul(TfLiteContext*, TfLiteNode*, TfLiteMulParams*, OpDataMul*)	56	static
library/inference/tflmtag2412_u55tag2411/tensorflow/lite/micro/kernels/mul_common.cc:92:14:TfLiteStatus tflite::MulPrepare(TfLiteContext*, TfLiteNode*)	8	static
./library/inference/tflmtag2412_u55tag2411/tensorflow/lite/kernels/internal/common.h:1083:22:void tflite::CopyDimsToDesc(const RuntimeShape&, NdArrayDesc<N>*) [with int N = 6]	16	static
library/inference/tflmtag2412_u55tag2411/tensorflow/lite/micro/kernels/mul_common.cc:182:6:void tflite::EvalMulFloatReference(TfLiteContext*, TfLiteNode*, TfLiteMulParams*, const OpDataMul*, const TfLiteEvalTensor*, const TfLiteEvalTensor*, TfLiteEvalTensor*)	568	static
./library/inference/tflmtag2412_u55tag2411/tensorflow/lite/kernels/internal/reference/integer_ops/mul.h:94:13:void tflite::reference_integer_ops::BroadcastMul6DSlow(const tflite::ArithmeticParams&, const tflite::RuntimeShape&, const T*, const tflite::RuntimeShape&, const T*, const tflite::RuntimeShape&, T*) [with T = signed char]	408	static
./library/inference/tflmtag2412_u55tag2411/tensorflow/lite/kernels/internal/reference/integer_ops/mul.h:94:13:void tflite::reference_integer_ops::BroadcastMul6DSlow(const tflite::ArithmeticParams&, const tflite::RuntimeShape&, const T*, const tflite::RuntimeShape&, const T*, const tflite::RuntimeShape&, T*) [with T = short int]	408	static
library/inference/tflmtag2412_u55tag2411/tensorflow/lite/micro/kernels/mul_common.cc:102:14:TfLiteStatus tflite::EvalMulQuantizedReference(TfLiteContext*, TfLiteNode*, const OpDataMul*, const TfLiteEvalTensor*, const TfLiteEvalTensor*, TfLiteEvalTensor*)	928	static
