./library/inference/tflmtag2412_u55tag2411/tensorflow/lite/kernels/op_macros.h:24:13:void AbortImpl()	8	static
./library/inference/tflmtag2412_u55tag2411/tensorflow/lite/kernels/internal/reference/pooling.h:196:13:void tflite::reference_ops::MaxPool(const tflite::PoolParams&, const tflite::RuntimeShape&, const float*, const tflite::RuntimeShape&, float*)	168	static
library/inference/tflmtag2412_u55tag2411/tensorflow/lite/micro/kernels/pooling_common.cc:30:14:TfLiteStatus tflite::CalculateOpDataPooling(const TfLiteContext*, const TfLitePoolParams*, const TfLiteTensor*, const TfLiteTensor*, OpDataPooling*)	32	static
library/inference/tflmtag2412_u55tag2411/tensorflow/lite/micro/kernels/pooling_common.cc:50:14:TfLiteStatus tflite::PoolingPrepare(TfLiteContext*, TfLiteNode*)	40	static
library/inference/tflmtag2412_u55tag2411/tensorflow/lite/micro/kernels/pooling_common.cc:88:6:void tflite::AveragePoolingEvalFloat(const TfLiteContext*, const TfLiteNode*, const TfLitePoolParams*, const OpDataPooling*, const TfLiteEvalTensor*, TfLiteEvalTensor*)	248	static
library/inference/tflmtag2412_u55tag2411/tensorflow/lite/micro/kernels/pooling_common.cc:109:6:void tflite::MaxPoolingEvalFloat(TfLiteContext*, TfLiteNode*, TfLitePoolParams*, const OpDataPooling*, const TfLiteEvalTensor*, TfLiteEvalTensor*)	144	static
