./library/inference/tflmtag2412_u55tag2411/tensorflow/lite/kernels/op_macros.h:24:13:void AbortImpl()	8	static
library/inference/tflmtag2412_u55tag2411/tensorflow/lite/micro/kernels/prelu_common.cc:28:14:TfLiteStatus tflite::CalculatePreluParams(const TfLiteTensor*, const TfLiteTensor*, TfLiteTensor*, PreluParams*)	32	static
library/inference/tflmtag2412_u55tag2411/tensorflow/lite/micro/kernels/prelu_common.cc:83:14:TfLiteStatus tflite::PreluPrepare(TfLiteContext*, TfLiteNode*)	40	static
./library/inference/tflmtag2412_u55tag2411/tensorflow/lite/kernels/internal/common.h:1083:22:void tflite::CopyDimsToDesc(const RuntimeShape&, NdArrayDesc<N>*) [with int N = 4]	16	static
library/inference/tflmtag2412_u55tag2411/tensorflow/lite/micro/kernels/prelu_common.cc:50:6:void tflite::BroadcastPrelu4DSlowFloat(const RuntimeShape&, const float*, const RuntimeShape&, const float*, const RuntimeShape&, float*)	304	static
