./library/inference/tflmtag2412_u55tag2411/tensorflow/lite/kernels/op_macros.h:24:13:void AbortImpl()	8	static
library/inference/tflmtag2412_u55tag2411/tensorflow/lite/micro/kernels/slice.cc:47:14:TfLiteStatus tflite::{anonymous}::SlicePrepare(TfLiteContext*, TfLiteNode*)	40	static
library/inference/tflmtag2412_u55tag2411/tensorflow/lite/micro/kernels/slice.cc:84:14:TfLiteStatus tflite::{anonymous}::SliceEval(TfLiteContext*, TfLiteNode*)	808	static
library/inference/tflmtag2412_u55tag2411/tensorflow/lite/micro/kernels/slice.cc:160:18:TFLMRegistration tflite::Register_SLICE()	16	static
