./library/inference/tflmtag2412_u55tag2411/tensorflow/lite/kernels/op_macros.h:24:13:void AbortImpl()	8	static
library/inference/tflmtag2412_u55tag2411/tensorflow/lite/micro/kernels/sub.cc:34:7:void* tflite::SubInit(TfLiteContext*, const char*, size_t)	8	static
./library/inference/tflmtag2412_u55tag2411/tensorflow/lite/kernels/internal/reference/sub.h:142:13:void tflite::reference_ops::BroadcastSubRecursiveDimensions(int, const tflite::ArithmeticParams&, const T*, const T*, T*, size_t*, size_t*, size_t*, size_t*, size_t*, size_t*, F) [with T = short int; F = BroadcastQuantSubSlow<short int>(const tflite::ArithmeticParams&, const tflite::RuntimeShape&, const short int*, const tflite::RuntimeShape&, const short int*, const tflite::RuntimeShape&, short int*)::<lambda(short int, short int, const tflite::ArithmeticParams&)>]	232	static
./library/inference/tflmtag2412_u55tag2411/tensorflow/lite/kernels/internal/reference/sub.h:142:13:void tflite::reference_ops::BroadcastSubRecursiveDimensions(int, const tflite::ArithmeticParams&, const T*, const T*, T*, size_t*, size_t*, size_t*, size_t*, size_t*, size_t*, F) [with T = signed char; F = BroadcastQuantSubSlow<signed char>(const tflite::ArithmeticParams&, const tflite::RuntimeShape&, const signed char*, const tflite::RuntimeShape&, const signed char*, const tflite::RuntimeShape&, signed char*)::<lambda(signed char, signed char, const tflite::ArithmeticParams&)>]	224	static
./library/inference/tflmtag2412_u55tag2411/tensorflow/lite/kernels/internal/reference/sub.h:142:13:void tflite::reference_ops::BroadcastSubRecursiveDimensions(int, const tflite::ArithmeticParams&, const T*, const T*, T*, size_t*, size_t*, size_t*, size_t*, size_t*, size_t*, F) [with T = float; F = BroadcastSubSlow<float>(const tflite::ArithmeticParams&, const tflite::RuntimeShape&, const float*, const tflite::RuntimeShape&, const float*, const tflite::RuntimeShape&, float*)::<lambda(float, float, const tflite::ArithmeticParams&)>]	96	static
./library/inference/tflmtag2412_u55tag2411/tensorflow/lite/kernels/internal/reference/process_broadcast_shapes.h:40:13:bool tflite::reference_ops::ProcessBroadcastShapes(const tflite::RuntimeShape&, const tflite::RuntimeShape&, tflite::ArithmeticParams*)	88	static
library/inference/tflmtag2412_u55tag2411/tensorflow/lite/micro/kernels/sub.cc:164:18:TFLMRegistration tflite::Register_SUB()	16	static
./library/inference/tflmtag2412_u55tag2411/tensorflow/lite/kernels/internal/common.h:47:6:bool tflite::ReduceDimensionsForBroadcast(const RuntimeShape&, const RuntimeShape&, size_t*, size_t*, size_t*) [with int MAX_DIM = 6]	104	static
library/inference/tflmtag2412_u55tag2411/tensorflow/lite/micro/kernels/sub.cc:66:14:TfLiteStatus tflite::EvalSubQuantized(TfLiteContext*, TfLiteNode*, TfLiteSubParams*, const OpDataSub*, const TfLiteEvalTensor*, const TfLiteEvalTensor*, TfLiteEvalTensor*)	696	static
library/inference/tflmtag2412_u55tag2411/tensorflow/lite/micro/kernels/sub.cc:39:6:void tflite::EvalSub(TfLiteContext*, TfLiteNode*, TfLiteSubParams*, const OpDataSub*, const TfLiteEvalTensor*, const TfLiteEvalTensor*, TfLiteEvalTensor*)	392	static
library/inference/tflmtag2412_u55tag2411/tensorflow/lite/micro/kernels/sub.cc:137:14:TfLiteStatus tflite::SubEval(TfLiteContext*, TfLiteNode*)	48	static
