library/inference/tflmtag2412_u55tag2411/tensorflow/lite/micro/kernels/while.cc:44:14:TfLiteStatus tflite::{anonymous}::WhilePrepare(TfLiteContext*, TfLiteNode*)	48	static
library/inference/tflmtag2412_u55tag2411/tensorflow/lite/micro/kernels/while.cc:77:14:TfLiteStatus tflite::{anonymous}::WhileEval(TfLiteContext*, TfLiteNode*)	40	static
library/inference/tflmtag2412_u55tag2411/tensorflow/lite/micro/kernels/while.cc:39:7:void* tflite::{anonymous}::WhileInit(TfLiteContext*, const char*, size_t)	8	static
library/inference/tflmtag2412_u55tag2411/tensorflow/lite/micro/kernels/while.cc:129:18:TFLMRegistration tflite::Register_WHILE()	16	static
