./library/inference/tflmtag2412_u55tag2411/tensorflow/lite/kernels/op_macros.h:24:13:void AbortImpl()	8	static
library/inference/tflmtag2412_u55tag2411/tensorflow/lite/micro/kernels/assign_variable.cc:103:14:TfLiteStatus tflite::{anonymous}::Eval(TfLiteContext*, TfLiteNode*)	16	static
library/inference/tflmtag2412_u55tag2411/tensorflow/lite/micro/kernels/assign_variable.cc:53:14:TfLiteStatus tflite::{anonymous}::Prepare(TfLiteContext*, TfLiteNode*)	80	static
library/inference/tflmtag2412_u55tag2411/tensorflow/lite/micro/kernels/assign_variable.cc:148:18:TFLMRegistration tflite::Register_ASSIGN_VARIABLE()	16	static
