library/inference/tflmtag2412_u55tag2411/tensorflow/lite/micro/kernels/ceil.cc:30:14:TfLiteStatus tflite::{anonymous}::CeilPrepare(TfLiteContext*, TfLiteNode*)	40	static
./library/inference/tflmtag2412_u55tag2411/tensorflow/lite/kernels/op_macros.h:24:13:void AbortImpl()	8	static
library/inference/tflmtag2412_u55tag2411/tensorflow/lite/micro/kernels/ceil.cc:53:14:TfLiteStatus tflite::{anonymous}::CeilEval(TfLiteContext*, TfLiteNode*)	88	static
library/inference/tflmtag2412_u55tag2411/tensorflow/lite/micro/kernels/ceil.cc:69:18:TFLMRegistration tflite::Register_CEIL()	16	static
