./library/inference/tflmtag2412_u55tag2411/tensorflow/lite/kernels/op_macros.h:24:13:void AbortImpl()	8	static
library/inference/tflmtag2412_u55tag2411/tensorflow/lite/micro/kernels/comparisons.cc:531:7:void* tflite::{anonymous}::Init(TfLiteContext*, const char*, size_t)	8	static
library/inference/tflmtag2412_u55tag2411/tensorflow/lite/micro/kernels/comparisons.cc:536:14:TfLiteStatus tflite::{anonymous}::ComparisonsPrepare(TfLiteContext*, TfLiteNode*)	56	static
library/inference/tflmtag2412_u55tag2411/tensorflow/lite/micro/kernels/comparisons.cc:582:18:TFLMRegistration tflite::Register_EQUAL()	16	static
library/inference/tflmtag2412_u55tag2411/tensorflow/lite/micro/kernels/comparisons.cc:586:18:TFLMRegistration tflite::Register_NOT_EQUAL()	16	static
library/inference/tflmtag2412_u55tag2411/tensorflow/lite/micro/kernels/comparisons.cc:590:18:TFLMRegistration tflite::Register_GREATER()	16	static
library/inference/tflmtag2412_u55tag2411/tensorflow/lite/micro/kernels/comparisons.cc:594:18:TFLMRegistration tflite::Register_GREATER_EQUAL()	16	static
library/inference/tflmtag2412_u55tag2411/tensorflow/lite/micro/kernels/comparisons.cc:598:18:TFLMRegistration tflite::Register_LESS()	16	static
library/inference/tflmtag2412_u55tag2411/tensorflow/lite/micro/kernels/comparisons.cc:602:18:TFLMRegistration tflite::Register_LESS_EQUAL()	16	static
./library/inference/tflmtag2412_u55tag2411/tensorflow/lite/kernels/internal/reference/comparisons.h:163:13:void tflite::reference_ops::BroadcastComparison4DSlowWithScaling(const tflite::ComparisonParams&, const tflite::RuntimeShape&, const T*, const tflite::RuntimeShape&, const T*, const tflite::RuntimeShape&, bool*) [with T = signed char; bool (* F)(long int, long int) = EqualFn<long int>]	328	static
library/inference/tflmtag2412_u55tag2411/tensorflow/lite/micro/kernels/comparisons.cc:36:14:TfLiteStatus tflite::{anonymous}::EqualEval(TfLiteContext*, TfLiteNode*)	664	static
./library/inference/tflmtag2412_u55tag2411/tensorflow/lite/kernels/internal/reference/comparisons.h:163:13:void tflite::reference_ops::BroadcastComparison4DSlowWithScaling(const tflite::ComparisonParams&, const tflite::RuntimeShape&, const T*, const tflite::RuntimeShape&, const T*, const tflite::RuntimeShape&, bool*) [with T = signed char; bool (* F)(long int, long int) = NotEqualFn<long int>]	328	static
library/inference/tflmtag2412_u55tag2411/tensorflow/lite/micro/kernels/comparisons.cc:128:14:TfLiteStatus tflite::{anonymous}::NotEqualEval(TfLiteContext*, TfLiteNode*)	664	static
./library/inference/tflmtag2412_u55tag2411/tensorflow/lite/kernels/internal/reference/comparisons.h:163:13:void tflite::reference_ops::BroadcastComparison4DSlowWithScaling(const tflite::ComparisonParams&, const tflite::RuntimeShape&, const T*, const tflite::RuntimeShape&, const T*, const tflite::RuntimeShape&, bool*) [with T = signed char; bool (* F)(long int, long int) = GreaterFn<long int>]	336	static
library/inference/tflmtag2412_u55tag2411/tensorflow/lite/micro/kernels/comparisons.cc:219:14:TfLiteStatus tflite::{anonymous}::GreaterEval(TfLiteContext*, TfLiteNode*)	560	static
./library/inference/tflmtag2412_u55tag2411/tensorflow/lite/kernels/internal/reference/comparisons.h:163:13:void tflite::reference_ops::BroadcastComparison4DSlowWithScaling(const tflite::ComparisonParams&, const tflite::RuntimeShape&, const T*, const tflite::RuntimeShape&, const T*, const tflite::RuntimeShape&, bool*) [with T = signed char; bool (* F)(long int, long int) = GreaterEqualFn<long int>]	336	static
library/inference/tflmtag2412_u55tag2411/tensorflow/lite/micro/kernels/comparisons.cc:297:14:TfLiteStatus tflite::{anonymous}::GreaterEqualEval(TfLiteContext*, TfLiteNode*)	560	static
./library/inference/tflmtag2412_u55tag2411/tensorflow/lite/kernels/internal/reference/comparisons.h:163:13:void tflite::reference_ops::BroadcastComparison4DSlowWithScaling(const tflite::ComparisonParams&, const tflite::RuntimeShape&, const T*, const tflite::RuntimeShape&, const T*, const tflite::RuntimeShape&, bool*) [with T = signed char; bool (* F)(long int, long int) = LessFn<long int>]	336	static
library/inference/tflmtag2412_u55tag2411/tensorflow/lite/micro/kernels/comparisons.cc:375:14:TfLiteStatus tflite::{anonymous}::LessEval(TfLiteContext*, TfLiteNode*)	560	static
./library/inference/tflmtag2412_u55tag2411/tensorflow/lite/kernels/internal/reference/comparisons.h:163:13:void tflite::reference_ops::BroadcastComparison4DSlowWithScaling(const tflite::ComparisonParams&, const tflite::RuntimeShape&, const T*, const tflite::RuntimeShape&, const T*, const tflite::RuntimeShape&, bool*) [with T = signed char; bool (* F)(long int, long int) = LessEqualFn<long int>]	336	static
library/inference/tflmtag2412_u55tag2411/tensorflow/lite/micro/kernels/comparisons.cc:453:14:TfLiteStatus tflite::{anonymous}::LessEqualEval(TfLiteContext*, TfLiteNode*)	560	static
