./library/inference/tflmtag2412_u55tag2411/tensorflow/lite/kernels/op_macros.h:24:13:void AbortImpl()	8	static
library/inference/tflmtag2412_u55tag2411/tensorflow/lite/micro/kernels/dequantize.cc:31:7:void* tflite::DequantizeInit(TfLiteContext*, const char*, size_t)	8	static
library/inference/tflmtag2412_u55tag2411/tensorflow/lite/micro/kernels/dequantize.cc:37:14:TfLiteStatus tflite::DequantizeEval(TfLiteContext*, TfLiteNode*)	216	static
library/inference/tflmtag2412_u55tag2411/tensorflow/lite/micro/kernels/dequantize.cc:79:18:TFLMRegistration tflite::Register_DEQUANTIZE()	16	static
