library/inference/tflmtag2412_u55tag2411/tensorflow/lite/micro/kernels/detection_postprocess.cc:153:14:TfLiteStatus tflite::{anonymous}::DetectionPostProcessPrepare(TfLiteContext*, TfLiteNode*)	72	static
./library/inference/tflmtag2412_u55tag2411/third_party/flatbuffers/include/flatbuffers/flexbuffers.h:871:26:int flexbuffers::KeyCompare(const void*, const void*) [with T = long unsigned int]	0	static
./library/inference/tflmtag2412_u55tag2411/third_party/flatbuffers/include/flatbuffers/flexbuffers.h:871:26:int flexbuffers::KeyCompare(const void*, const void*) [with T = long long unsigned int]	0	static
./library/inference/tflmtag2412_u55tag2411/third_party/flatbuffers/include/flatbuffers/flexbuffers.h:871:26:int flexbuffers::KeyCompare(const void*, const void*) [with T = unsigned char]	0	static
./library/inference/tflmtag2412_u55tag2411/third_party/flatbuffers/include/flatbuffers/flexbuffers.h:871:26:int flexbuffers::KeyCompare(const void*, const void*) [with T = short unsigned int]	0	static
library/inference/tflmtag2412_u55tag2411/tensorflow/lite/micro/kernels/detection_postprocess.cc:356:6:void tflite::{anonymous}::MergeSort(int*, int*, int, Compare) [with Compare = DecreasingArgSort(const float*, int, int*, int*)::<lambda(int, int)>]	40	static
library/inference/tflmtag2412_u55tag2411/tensorflow/lite/micro/kernels/detection_postprocess.cc:430:14:constprop(TfLiteContext*, TfLiteNode*, OpData*, const float*, int*, int*, int)	72	static
/Applications/ArmGNUToolchain/14.2.rel1/arm-none-eabi/arm-none-eabi/include/c++/14.2.1/bits/stl_heap.h:224:5:void std::__adjust_heap(_RandomAccessIterator, _Distance, _Distance, _Tp, _Compare) [with _RandomAccessIterator = int*; _Distance = int; _Tp = int; _Compare = __gnu_cxx::__ops::_Iter_comp_iter<tflite::{anonymous}::DecreasingPartialArgSort(const float*, int, int, int*)::<lambda(int, int)> >]	36	static
library/inference/tflmtag2412_u55tag2411/tensorflow/lite/micro/kernels/detection_postprocess.cc:322:6:void tflite::{anonymous}::DecreasingPartialArgSort(const float*, int, int, int*)	48	static
./library/inference/tflmtag2412_u55tag2411/third_party/flatbuffers/include/flatbuffers/flexbuffers.h:425:11:int64_t flexbuffers::Reference::AsInt64() const	32	static
./library/inference/tflmtag2412_u55tag2411/third_party/flatbuffers/include/flatbuffers/flexbuffers.h:454:12:uint64_t flexbuffers::Reference::AsUInt64() const	32	static
./library/inference/tflmtag2412_u55tag2411/third_party/flatbuffers/include/flatbuffers/flexbuffers.h:481:10:double flexbuffers::Reference::AsDouble() const	8	static
./library/inference/tflmtag2412_u55tag2411/third_party/flatbuffers/include/flatbuffers/flexbuffers.h:878:18:flexbuffers::Reference flexbuffers::Map::operator[](const char*) const	32	static
./library/inference/tflmtag2412_u55tag2411/tensorflow/lite/kernels/op_macros.h:24:13:void AbortImpl()	8	static
library/inference/tflmtag2412_u55tag2411/tensorflow/lite/micro/kernels/detection_postprocess.cc:120:7:void* tflite::{anonymous}::DetectionPostProcessInit(TfLiteContext*, const char*, size_t)	40	static
library/inference/tflmtag2412_u55tag2411/tensorflow/lite/micro/kernels/detection_postprocess.cc:779:14:TfLiteStatus tflite::{anonymous}::DetectionPostProcessEval(TfLiteContext*, TfLiteNode*)	216	static
library/inference/tflmtag2412_u55tag2411/tensorflow/lite/micro/kernels/detection_postprocess.cc:805:19:TFLMRegistration* tflite::Register_DETECTION_POSTPROCESS()	24	static
