library/inference/tflmtag2412_u55tag2411/tensorflow/lite/micro/kernels/maximum_minimum.cc:54:20:static data_type tflite::{anonymous}::MaximumOp::op(data_type, data_type) [with data_type = float]	0	static
library/inference/tflmtag2412_u55tag2411/tensorflow/lite/micro/kernels/maximum_minimum.cc:54:20:static data_type tflite::{anonymous}::MaximumOp::op(data_type, data_type) [with data_type = signed char]	0	static
library/inference/tflmtag2412_u55tag2411/tensorflow/lite/micro/kernels/maximum_minimum.cc:54:20:static data_type tflite::{anonymous}::MaximumOp::op(data_type, data_type) [with data_type = short int]	0	static
library/inference/tflmtag2412_u55tag2411/tensorflow/lite/micro/kernels/maximum_minimum.cc:54:20:static data_type tflite::{anonymous}::MaximumOp::op(data_type, data_type) [with data_type = long int]	0	static
library/inference/tflmtag2412_u55tag2411/tensorflow/lite/micro/kernels/maximum_minimum.cc:54:20:static data_type tflite::{anonymous}::MaximumOp::op(data_type, data_type) [with data_type = long long int]	0	static
library/inference/tflmtag2412_u55tag2411/tensorflow/lite/micro/kernels/maximum_minimum.cc:61:20:static data_type tflite::{anonymous}::MinimumOp::op(data_type, data_type) [with data_type = float]	0	static
library/inference/tflmtag2412_u55tag2411/tensorflow/lite/micro/kernels/maximum_minimum.cc:61:20:static data_type tflite::{anonymous}::MinimumOp::op(data_type, data_type) [with data_type = signed char]	0	static
library/inference/tflmtag2412_u55tag2411/tensorflow/lite/micro/kernels/maximum_minimum.cc:61:20:static data_type tflite::{anonymous}::MinimumOp::op(data_type, data_type) [with data_type = short int]	0	static
library/inference/tflmtag2412_u55tag2411/tensorflow/lite/micro/kernels/maximum_minimum.cc:61:20:static data_type tflite::{anonymous}::MinimumOp::op(data_type, data_type) [with data_type = long int]	0	static
library/inference/tflmtag2412_u55tag2411/tensorflow/lite/micro/kernels/maximum_minimum.cc:61:20:static data_type tflite::{anonymous}::MinimumOp::op(data_type, data_type) [with data_type = long long int]	0	static
./library/inference/tflmtag2412_u55tag2411/tensorflow/lite/kernels/op_macros.h:24:13:void AbortImpl()	8	static
library/inference/tflmtag2412_u55tag2411/tensorflow/lite/micro/kernels/maximum_minimum.cc:115:18:TFLMRegistration tflite::Register_MAXIMUM()	16	static
library/inference/tflmtag2412_u55tag2411/tensorflow/lite/micro/kernels/maximum_minimum.cc:120:18:TFLMRegistration tflite::Register_MINIMUM()	16	static
./library/inference/tflmtag2412_u55tag2411/tensorflow/lite/kernels/internal/common.h:1083:22:void tflite::CopyDimsToDesc(const RuntimeShape&, NdArrayDesc<N>*) [with int N = 5]	16	static
./library/inference/tflmtag2412_u55tag2411/tensorflow/lite/kernels/internal/reference/maximum_minimum.h:25:6:void tflite::reference_ops::MaximumMinimumBroadcastSlow(const tflite::RuntimeShape&, const T*, const tflite::RuntimeShape&, const T*, const tflite::RuntimeShape&, T*, Op) [with T = long long int; Op = long long int (*)(long long int, long long int); int N = 5]	288	static
./library/inference/tflmtag2412_u55tag2411/tensorflow/lite/kernels/internal/reference/maximum_minimum.h:25:6:void tflite::reference_ops::MaximumMinimumBroadcastSlow(const tflite::RuntimeShape&, const T*, const tflite::RuntimeShape&, const T*, const tflite::RuntimeShape&, T*, Op) [with T = signed char; Op = signed char (*)(signed char, signed char); int N = 5]	280	static
./library/inference/tflmtag2412_u55tag2411/tensorflow/lite/kernels/internal/reference/maximum_minimum.h:25:6:void tflite::reference_ops::MaximumMinimumBroadcastSlow(const tflite::RuntimeShape&, const T*, const tflite::RuntimeShape&, const T*, const tflite::RuntimeShape&, T*, Op) [with T = float; Op = float (*)(float, float); int N = 5]	280	static
./library/inference/tflmtag2412_u55tag2411/tensorflow/lite/kernels/internal/reference/maximum_minimum.h:25:6:void tflite::reference_ops::MaximumMinimumBroadcastSlow(const tflite::RuntimeShape&, const T*, const tflite::RuntimeShape&, const T*, const tflite::RuntimeShape&, T*, Op) [with T = short int; Op = short int (*)(short int, short int); int N = 5]	280	static
./library/inference/tflmtag2412_u55tag2411/tensorflow/lite/kernels/internal/reference/maximum_minimum.h:25:6:void tflite::reference_ops::MaximumMinimumBroadcastSlow(const tflite::RuntimeShape&, const T*, const tflite::RuntimeShape&, const T*, const tflite::RuntimeShape&, T*, Op) [with T = long int; Op = long int (*)(long int, long int); int N = 5]	280	static
library/inference/tflmtag2412_u55tag2411/tensorflow/lite/micro/kernels/maximum_minimum.cc:80:14:TfLiteStatus tflite::{anonymous}::Eval(TfLiteContext*, TfLiteNode*) [with KernelType kernel_type = tflite::<unnamed>::kReference; OpType = MinimumOp]	352	static
library/inference/tflmtag2412_u55tag2411/tensorflow/lite/micro/kernels/maximum_minimum.cc:80:14:TfLiteStatus tflite::{anonymous}::Eval(TfLiteContext*, TfLiteNode*) [with KernelType kernel_type = tflite::<unnamed>::kReference; OpType = MaximumOp]	352	static
