library/inference/tflmtag2412_u55tag2411/tensorflow/lite/micro/kernels/round.cc:29:14:TfLiteStatus tflite::{anonymous}::RoundPrepare(TfLiteContext*, TfLiteNode*)	40	static
./library/inference/tflmtag2412_u55tag2411/tensorflow/lite/kernels/op_macros.h:24:13:void AbortImpl()	8	static
library/inference/tflmtag2412_u55tag2411/tensorflow/lite/micro/kernels/round.cc:53:14:TfLiteStatus tflite::{anonymous}::RoundEval(TfLiteContext*, TfLiteNode*)	88	static
library/inference/tflmtag2412_u55tag2411/tensorflow/lite/micro/kernels/round.cc:68:18:TFLMRegistration tflite::Register_ROUND()	16	static
