library/inference/tflmtag2412_u55tag2411/third_party/ethos_u_core_driver/src/ethosu_device_u55_u65.c:63:32:ethosu_address_remap	0	static
library/inference/tflmtag2412_u55tag2411/third_party/ethos_u_core_driver/src/ethosu_device_u55_u65.c:94:25:ethosu_dev_axi_init	4	static
library/inference/tflmtag2412_u55tag2411/third_party/ethos_u_core_driver/src/ethosu_device_u55_u65.c:142:6:ethosu_dev_run_command_stream	32	static
library/inference/tflmtag2412_u55tag2411/third_party/ethos_u_core_driver/src/ethosu_device_u55_u65.c:179:6:ethosu_dev_print_err_status	32	static
library/inference/tflmtag2412_u55tag2411/third_party/ethos_u_core_driver/src/ethosu_device_u55_u65.c:187:6:ethosu_dev_handle_interrupt	0	static
library/inference/tflmtag2412_u55tag2411/third_party/ethos_u_core_driver/src/ethosu_device_u55_u65.c:206:6:ethosu_dev_verify_access_state	0	static
library/inference/tflmtag2412_u55tag2411/third_party/ethos_u_core_driver/src/ethosu_device_u55_u65.c:216:25:ethosu_dev_soft_reset	8	static
library/inference/tflmtag2412_u55tag2411/third_party/ethos_u_core_driver/src/ethosu_device_u55_u65.c:69:6:ethosu_dev_init	8	static
library/inference/tflmtag2412_u55tag2411/third_party/ethos_u_core_driver/src/ethosu_device_u55_u65.c:255:6:ethosu_dev_get_hw_info	12	static
library/inference/tflmtag2412_u55tag2411/third_party/ethos_u_core_driver/src/ethosu_device_u55_u65.c:276:25:ethosu_dev_set_clock_and_power	0	static
library/inference/tflmtag2412_u55tag2411/third_party/ethos_u_core_driver/src/ethosu_device_u55_u65.c:298:6:ethosu_dev_verify_optimizer_config	56	static
