./library/inference/tflmtag2412_u55tag2411/tensorflow/lite/kernels/op_macros.h:24:13:void AbortImpl()	8	static
library/inference/tflmtag2412_u55tag2411/tensorflow/lite/micro/kernels/activations_common.cc:36:6:void tflite::ReluQuantized(const ReluOpData&, const RuntimeShape&, const RuntimeShape&, const int8_t*, int8_t*)	32	static
library/inference/tflmtag2412_u55tag2411/tensorflow/lite/micro/kernels/activations_common.cc:82:6:void tflite::ReluFloat(const RuntimeShape&, const float*, const RuntimeShape&, float*)	16	static
library/inference/tflmtag2412_u55tag2411/tensorflow/lite/micro/kernels/activations_common.cc:93:6:void tflite::Relu6Float(const RuntimeShape&, const float*, const RuntimeShape&, float*)	16	static
library/inference/tflmtag2412_u55tag2411/tensorflow/lite/micro/kernels/activations_common.cc:105:14:TfLiteStatus tflite::ReluPrepare(TfLiteContext*, TfLiteNode*)	96	static
library/inference/tflmtag2412_u55tag2411/tensorflow/lite/micro/kernels/activations_common.cc:127:14:TfLiteStatus tflite::Relu6Prepare(TfLiteContext*, TfLiteNode*)	24	static
