./library/inference/tflmtag2412_u55tag2411/tensorflow/lite/kernels/op_macros.h:24:13:void AbortImpl()	8	static
library/inference/tflmtag2412_u55tag2411/tensorflow/lite/micro/kernels/conv_common.cc:38:12:tflite::ConvParams tflite::ConvParamsFloat(const TfLiteConvParams&, const OpDataConv&)	24	static
library/inference/tflmtag2412_u55tag2411/tensorflow/lite/micro/kernels/conv_common.cc:55:12:tflite::ConvParams tflite::ConvParamsQuantized(const TfLiteConvParams&, const OpDataConv&)	40	static
library/inference/tflmtag2412_u55tag2411/tensorflow/lite/micro/kernels/conv_common.cc:75:7:void* tflite::ConvInit(TfLiteContext*, const char*, size_t)	8	static
library/inference/tflmtag2412_u55tag2411/tensorflow/lite/micro/kernels/conv_common.cc:80:14:TfLiteStatus tflite::CalculateOpDataConv(TfLiteContext*, TfLiteNode*, const TfLiteConvParams&, int, int, int, int, int, int, TfLiteType, OpDataConv*)	96	static
library/inference/tflmtag2412_u55tag2411/tensorflow/lite/micro/kernels/conv_common.cc:139:14:TfLiteStatus tflite::ConvPrepare(TfLiteContext*, TfLiteNode*)	136	static
