library/inference/tflmtag2412_u55tag2411/tensorflow/lite/micro/kernels/exp.cc:30:14:TfLiteStatus tflite::{anonymous}::ExpPrepare(TfLiteContext*, TfLiteNode*)	40	static
./library/inference/tflmtag2412_u55tag2411/tensorflow/lite/kernels/op_macros.h:24:13:void AbortImpl()	8	static
library/inference/tflmtag2412_u55tag2411/tensorflow/lite/micro/kernels/exp.cc:54:14:TfLiteStatus tflite::{anonymous}::ExpEval(TfLiteContext*, TfLiteNode*)	88	static
library/inference/tflmtag2412_u55tag2411/tensorflow/lite/micro/kernels/exp.cc:75:18:TFLMRegistration tflite::Register_EXP()	16	static
