library/inference/tflmtag2412_u55tag2411/tensorflow/lite/micro/kernels/floor_div.cc:60:7:void* tflite::{anonymous}::FloorDivInit(TfLiteContext*, const char*, size_t)	0	static
library/inference/tflmtag2412_u55tag2411/tensorflow/lite/micro/kernels/floor_div.cc:64:14:TfLiteStatus tflite::{anonymous}::FloorDivPrepare(TfLiteContext*, TfLiteNode*)	40	static
./library/inference/tflmtag2412_u55tag2411/tensorflow/lite/kernels/op_macros.h:24:13:void AbortImpl()	8	static
library/inference/tflmtag2412_u55tag2411/tensorflow/lite/micro/kernels/floor_div.cc:126:18:TFLMRegistration tflite::Register_FLOOR_DIV()	16	static
./library/inference/tflmtag2412_u55tag2411/tensorflow/lite/kernels/internal/common.h:1083:22:void tflite::CopyDimsToDesc(const RuntimeShape&, NdArrayDesc<N>*) [with int N = 4]	16	static
library/inference/tflmtag2412_u55tag2411/tensorflow/lite/micro/kernels/floor_div.cc:69:14:TfLiteStatus tflite::{anonymous}::EvalFloorDiv(TfLiteContext*, const TfLiteEvalTensor*, const TfLiteEvalTensor*, TfLiteEvalTensor*) [with T = float]	472	static
library/inference/tflmtag2412_u55tag2411/tensorflow/lite/micro/kernels/floor_div.cc:104:14:TfLiteStatus tflite::{anonymous}::FloorDivEval(TfLiteContext*, TfLiteNode*)	16	static
