library/inference/tflmtag2412_u55tag2411/tensorflow/lite/micro/kernels/gather.cc:100:14:TfLiteStatus tflite::{anonymous}::GatherPrepare(TfLiteContext*, TfLiteNode*)	64	static
./library/inference/tflmtag2412_u55tag2411/tensorflow/lite/kernels/op_macros.h:24:13:void AbortImpl()	8	static
library/inference/tflmtag2412_u55tag2411/tensorflow/lite/micro/kernels/gather.cc:191:14:TfLiteStatus tflite::{anonymous}::GatherEval(TfLiteContext*, TfLiteNode*)	96	static
library/inference/tflmtag2412_u55tag2411/tensorflow/lite/micro/kernels/gather.cc:220:18:TFLMRegistration tflite::Register_GATHER()	16	static
