./library/inference/tflmtag2412_u55tag2411/tensorflow/lite/kernels/op_macros.h:24:13:void AbortImpl()	8	static
library/inference/tflmtag2412_u55tag2411/tensorflow/lite/micro/kernels/reduce_common.cc:142:14:TfLiteStatus tflite::QuantizedMeanOrSum(TfLiteContext*, TfLiteNode*, int*, int*, int32_t*, OpDataReduce*, bool) [with T = signed char]	104	static
library/inference/tflmtag2412_u55tag2411/tensorflow/lite/micro/kernels/reduce_common.cc:142:14:TfLiteStatus tflite::QuantizedMeanOrSum(TfLiteContext*, TfLiteNode*, int*, int*, int32_t*, OpDataReduce*, bool) [with T = short int]	104	static
library/inference/tflmtag2412_u55tag2411/tensorflow/lite/micro/kernels/reduce_common.cc:34:14:TfLiteStatus tflite::PrepareSimple(TfLiteContext*, TfLiteNode*, int32_t*, int*)	56	static
library/inference/tflmtag2412_u55tag2411/tensorflow/lite/micro/kernels/reduce_common.cc:67:14:TfLiteStatus tflite::PrepareMaxHelper(TfLiteContext*, TfLiteNode*, OpDataReduce*)	64	static
library/inference/tflmtag2412_u55tag2411/tensorflow/lite/micro/kernels/reduce_common.cc:95:14:TfLiteStatus tflite::PrepareMeanOrSumHelper(TfLiteContext*, TfLiteNode*, OpDataReduce*)	72	static
library/inference/tflmtag2412_u55tag2411/tensorflow/lite/micro/kernels/reduce_common.cc:129:6:void tflite::ResolveAxis(const int*, int, MeanParams*)	8	static
library/inference/tflmtag2412_u55tag2411/tensorflow/lite/micro/kernels/reduce_common.cc:178:14:TfLiteStatus tflite::EvalMeanHelper(TfLiteContext*, TfLiteNode*, OpDataReduce*)	240	static
library/inference/tflmtag2412_u55tag2411/tensorflow/lite/micro/kernels/reduce_common.cc:239:14:TfLiteStatus tflite::EvalMaxHelper(TfLiteContext*, TfLiteNode*, OpDataReduce*)	96	static
library/inference/tflmtag2412_u55tag2411/tensorflow/lite/micro/kernels/reduce_common.cc:293:14:TfLiteStatus tflite::EvalSumHelper(TfLiteContext*, TfLiteNode*, OpDataReduce*)	112	static
