library/inference/tflmtag2412_u55tag2411/tensorflow/lite/micro/kernels/split_v.cc:74:14:TfLiteStatus tflite::{anonymous}::SplitVPrepare(TfLiteContext*, TfLiteNode*)	32	static
./library/inference/tflmtag2412_u55tag2411/tensorflow/lite/kernels/op_macros.h:24:13:void AbortImpl()	8	static
library/inference/tflmtag2412_u55tag2411/tensorflow/lite/micro/kernels/split_v.cc:88:14:TfLiteStatus tflite::{anonymous}::SplitVEval(TfLiteContext*, TfLiteNode*)	72	static
library/inference/tflmtag2412_u55tag2411/tensorflow/lite/micro/kernels/split_v.cc:123:18:TFLMRegistration tflite::Register_SPLIT_V()	16	static
