./library/inference/tflmtag2412_u55tag2411/tensorflow/lite/kernels/op_macros.h:24:13:void AbortImpl()	8	static
library/inference/tflmtag2412_u55tag2411/tensorflow/lite/micro/kernels/strided_slice.cc:87:18:TFLMRegistration tflite::Register_STRIDED_SLICE()	16	static
./library/inference/tflmtag2412_u55tag2411/tensorflow/lite/kernels/internal/reference/strided_slice.h:30:13:void tflite::reference_ops::StridedSlice(const tflite::StridedSliceParams&, const tflite::RuntimeShape&, const tflite::RuntimeShape&, tflite::SequentialTensorWriter<T>*) [with T = float]	304	static
./library/inference/tflmtag2412_u55tag2411/tensorflow/lite/kernels/internal/reference/strided_slice.h:30:13:void tflite::reference_ops::StridedSlice(const tflite::StridedSliceParams&, const tflite::RuntimeShape&, const tflite::RuntimeShape&, tflite::SequentialTensorWriter<T>*) [with T = signed char]	288	static
./library/inference/tflmtag2412_u55tag2411/tensorflow/lite/kernels/internal/reference/strided_slice.h:30:13:void tflite::reference_ops::StridedSlice(const tflite::StridedSliceParams&, const tflite::RuntimeShape&, const tflite::RuntimeShape&, tflite::SequentialTensorWriter<T>*) [with T = short int]	312	static
./library/inference/tflmtag2412_u55tag2411/tensorflow/lite/kernels/internal/reference/strided_slice.h:30:13:void tflite::reference_ops::StridedSlice(const tflite::StridedSliceParams&, const tflite::RuntimeShape&, const tflite::RuntimeShape&, tflite::SequentialTensorWriter<T>*) [with T = long int]	312	static
./library/inference/tflmtag2412_u55tag2411/tensorflow/lite/kernels/internal/reference/strided_slice.h:30:13:void tflite::reference_ops::StridedSlice(const tflite::StridedSliceParams&, const tflite::RuntimeShape&, const tflite::RuntimeShape&, tflite::SequentialTensorWriter<T>*) [with T = bool]	288	static
library/inference/tflmtag2412_u55tag2411/tensorflow/lite/micro/kernels/strided_slice.cc:32:14:TfLiteStatus tflite::{anonymous}::StridedSliceEval(TfLiteContext*, TfLiteNode*)	200	static
