../drivers/fsl_spc.c:46:35:SPC_GetPowerDomainLowPowerMode	0	static
../drivers/fsl_spc.c:64:9:SPC_GetPeriphIOIsolationStatus	0	static
../drivers/fsl_spc.c:80:6:SPC_SetLowPowerRequestConfig	8	static
../drivers/fsl_spc.c:108:6:SPC_ConfigVddCoreGlitchDetector	8	static
../drivers/fsl_spc.c:132:6:SPC_SetSRAMOperateVoltage	8	static
../drivers/fsl_spc.c:166:10:SPC_SetActiveModeBandgapModeConfig	0	static
../drivers/fsl_spc.c:226:10:SPC_SetLowPowerModeBandgapmodeConfig	0	static
../drivers/fsl_spc.c:278:6:SPC_SetCoreVoltageDetectConfig	8	static
../drivers/fsl_spc.c:305:10:SPC_EnableActiveModeCoreHighVoltageDetect	0	static
../drivers/fsl_spc.c:334:10:SPC_EnableActiveModeCoreLowVoltageDetect	0	static
../drivers/fsl_spc.c:364:10:SPC_EnableLowPowerModeCoreHighVoltageDetect	0	static
../drivers/fsl_spc.c:393:10:SPC_EnableLowPowerModeCoreLowVoltageDetect	0	static
../drivers/fsl_spc.c:418:6:SPC_SetSystemVDDLowVoltageLevel	0	static
../drivers/fsl_spc.c:441:6:SPC_SetSystemVoltageDetectConfig	8	static
../drivers/fsl_spc.c:472:10:SPC_EnableActiveModeSystemHighVoltageDetect	0	static
../drivers/fsl_spc.c:502:10:SPC_EnableActiveModeSystemLowVoltageDetect	0	static
../drivers/fsl_spc.c:532:10:SPC_EnableLowPowerModeSystemHighVoltageDetect	0	static
../drivers/fsl_spc.c:562:10:SPC_EnableLowPowerModeSystemLowVoltageDetect	0	static
../drivers/fsl_spc.c:587:6:SPC_SetIOVDDLowVoltageLevel	0	static
../drivers/fsl_spc.c:610:6:SPC_SetIOVoltageDetectConfig	8	static
../drivers/fsl_spc.c:644:10:SPC_EnableActiveModeIOHighVoltageDetect	0	static
../drivers/fsl_spc.c:674:10:SPC_EnableActiveModeIOLowVoltageDetect	0	static
../drivers/fsl_spc.c:703:10:SPC_EnableLowPowerModeIOHighVoltageDetect	0	static
../drivers/fsl_spc.c:732:10:SPC_EnableLowPowerModeIOLowVoltageDetect	0	static
../drivers/fsl_spc.c:757:6:SPC_SetExternalVoltageDomainsConfig	0	static
../drivers/fsl_spc.c:780:10:SPC_SetActiveModeCoreLDORegulatorConfig	8	static
../drivers/fsl_spc.c:838:10:SPC_SetActiveModeCoreLDORegulatorVoltageLevel	0	static
../drivers/fsl_spc.c:859:10:SPC_SetActiveModeCoreLDORegulatorDriveStrength	0	static
../drivers/fsl_spc.c:906:10:SPC_SetLowPowerModeCoreLDORegulatorConfig	0	static
../drivers/fsl_spc.c:970:10:SPC_SetLowPowerModeCoreLDORegulatorVoltageLevel	0	static
../drivers/fsl_spc.c:1000:10:SPC_SetLowPowerModeCoreLDORegulatorDriveStrength	0	static
../drivers/fsl_spc.c:1048:10:SPC_SetActiveModeSystemLDORegulatorConfig	8	static
../drivers/fsl_spc.c:1092:10:SPC_SetActiveModeSystemLDORegulatorVoltageLevel	0	static
../drivers/fsl_spc.c:1121:10:SPC_SetActiveModeSystemLDORegulatorDriveStrength	0	static
../drivers/fsl_spc.c:1162:10:SPC_SetLowPowerModeSystemLDORegulatorConfig	0	static
../drivers/fsl_spc.c:1199:10:SPC_SetLowPowerModeSystemLDORegulatorDriveStrength	0	static
../drivers/fsl_spc.c:1236:10:SPC_SetActiveModeDCDCRegulatorConfig	8	static
../drivers/fsl_spc.c:1279:10:SPC_SetActiveModeDCDCRegulatorDriveStrength	0	static
../drivers/fsl_spc.c:1323:10:SPC_SetLowPowerModeDCDCRegulatorConfig	4	static
../drivers/fsl_spc.c:1364:10:SPC_SetLowPowerModeDCDCRegulatorDriveStrength	0	static
../drivers/fsl_spc.c:1396:6:SPC_SetDCDCBurstConfig	8	static
../drivers/fsl_spc.c:1430:6:SPC_SetDCDCRefreshCount	0	static
../drivers/fsl_spc.c:1456:10:SPC_SetActiveModeRegulatorsConfig	16	static
../drivers/fsl_spc.c:1534:10:SPC_SetLowPowerModeRegulatorsConfig	16	static
