../drivers/fsl_edma.c:49:17:EDMA_GetInstance.part.0	8	static
../drivers/fsl_edma.c:1216:29:EDMA_TransferWidthMapping.part.0	8	static
../drivers/fsl_edma.c:539:6:EDMA_TcdReset.part.0	8	static
../drivers/fsl_edma.c:1757:6:EDMA_StopTransfer.part.0	8	static
../drivers/fsl_edma.c:74:6:EDMA_InstallTCD	8	static
../drivers/fsl_edma.c:112:6:EDMA_Init	24	static
../drivers/fsl_edma.c:167:6:EDMA_Deinit	8	static
../drivers/fsl_edma.c:183:6:EDMA_InitChannel	8	static
../drivers/fsl_edma.c:231:6:EDMA_GetDefaultConfig	8	static
../drivers/fsl_edma.c:266:6:EDMA_ResetChannel	8	static
../drivers/fsl_edma.c:301:6:EDMA_SetTransferConfig	48	static
../drivers/fsl_edma.c:328:6:EDMA_SetMinorOffsetConfig	8	static
../drivers/fsl_edma.c:353:6:EDMA_SetMajorOffsetConfig	8	static
../drivers/fsl_edma.c:370:6:EDMA_SetChannelPreemptionConfig	8	static
../drivers/fsl_edma.c:409:6:EDMA_SetChannelLink	8	static
../drivers/fsl_edma.c:453:6:EDMA_SetModulo	8	static
../drivers/fsl_edma.c:469:6:EDMA_EnablchannelInterrupts	8	static
../drivers/fsl_edma.c:504:6:EDMA_DisablchannelInterrupts	8	static
../drivers/fsl_edma.c:539:6:EDMA_TcdReset	8	static
../drivers/fsl_edma.c:586:6:EDMA_TcdSetTransferConfig	32	static
../drivers/fsl_edma.c:626:6:EDMA_ConfigChannelSoftwareTCD	32	static
../drivers/fsl_edma.c:746:6:EDMA_TcdSetMinorOffsetConfig	8	static
../drivers/fsl_edma.c:770:6:EDMA_TcdSetMajorOffsetConfig	8	static
../drivers/fsl_edma.c:794:6:EDMA_TcdSetChannelLink	8	static
../drivers/fsl_edma.c:844:6:EDMA_TcdSetModulo	8	static
../drivers/fsl_edma.c:862:6:EDMA_TcdEnableInterrupts	8	static
../drivers/fsl_edma.c:886:6:EDMA_TcdDisableInterrupts	8	static
../drivers/fsl_edma.c:924:10:EDMA_GetRemainingMajorLoopCount	8	static
../drivers/fsl_edma.c:964:6:EDMA_EnableChannelInterrupts	8	static
../drivers/fsl_edma.c:1003:6:EDMA_DisableChannelInterrupts	8	static
../drivers/fsl_edma.c:1042:10:EDMA_GetChannelStatusFlags	8	static
../drivers/fsl_edma.c:1074:6:EDMA_ClearChannelStatusFlags	8	static
../drivers/fsl_edma.c:1124:6:EDMA_CreateHandle	16	static
../drivers/fsl_edma.c:1177:6:EDMA_InstallTCDMemory	8	static
../drivers/fsl_edma.c:1208:6:EDMA_SetCallback	8	static
../drivers/fsl_edma.c:1290:6:EDMA_PrepareTransferConfig	48	static
../drivers/fsl_edma.c:1366:6:EDMA_PrepareTransfer	48	static
../drivers/fsl_edma.c:1420:10:EDMA_SubmitTransfer	64	static
../drivers/fsl_edma.c:1613:10:EDMA_SubmitLoopTransfer	64	static
../drivers/fsl_edma.c:1684:6:EDMA_StartTransfer	8	static
../drivers/fsl_edma.c:1757:6:EDMA_StopTransfer	8	static
../drivers/fsl_edma.c:1775:6:EDMA_AbortTransfer	8	static
../drivers/fsl_edma.c:1822:6:EDMA_HandleIRQ	24	static
../drivers/fsl_edma.c:1958:6:EDMA_DriverIRQHandler	24	static
