./library/inference/tflmtag2209_u55tag2205/tensorflow/lite/micro/micro_error_reporter.h:30:3:virtual tflite::MicroErrorReporter::~MicroErrorReporter()	0	static
./library/inference/tflmtag2209_u55tag2205/tensorflow/lite/core/api/op_resolver.h:58:35:virtual tflite::OpResolver::TfLiteDelegatePtrVector tflite::OpResolver::GetDelegates(int) const	0	static
./library/inference/tflmtag2209_u55tag2205/tensorflow/lite/core/api/op_resolver.h:77:34:virtual tflite::OpResolver::TfLiteDelegateCreators tflite::OpResolver::GetDelegateCreators() const	0	static
./library/inference/tflmtag2209_u55tag2205/tensorflow/lite/core/api/op_resolver.h:107:40:virtual tflite::OpResolver::TfLiteOpaqueDelegateCreators tflite::OpResolver::GetOpaqueDelegateCreators() const	0	static
./library/inference/tflmtag2209_u55tag2205/tensorflow/lite/core/api/op_resolver.h:125:16:virtual bool tflite::OpResolver::MayContainUserDefinedOps() const	0	static
./library/inference/tflmtag2209_u55tag2205/tensorflow/lite/micro/micro_mutable_op_resolver.h:44:7:virtual tflite::MicroMutableOpResolver<1>::~MicroMutableOpResolver()	0	static
./library/inference/tflmtag2209_u55tag2205/tensorflow/lite/micro/micro_mutable_op_resolver.h:78:41:TfLiteStatus (* tflite::MicroMutableOpResolver<tOpCount>::GetOpDataParser(tflite::BuiltinOperator) const)(const tflite::Operator*, tflite::ErrorReporter*, tflite::BuiltinDataAllocator*, void**) [with unsigned int tOpCount = 1]	8	static
./library/inference/tflmtag2209_u55tag2205/tensorflow/lite/micro/micro_mutable_op_resolver.h:67:29:const TfLiteRegistration* tflite::MicroMutableOpResolver<tOpCount>::FindOp(const char*) const [with unsigned int tOpCount = 1]	8	static
app/scenario_app/allon_sensor_tflm/cvapp.cpp:55:13:void _arm_npu_irq_handler()	8	static
./library/inference/tflmtag2209_u55tag2205/tensorflow/lite/micro/micro_mutable_op_resolver.h:55:29:const TfLiteRegistration* tflite::MicroMutableOpResolver<tOpCount>::FindOp(tflite::BuiltinOperator) const [with unsigned int tOpCount = 1]	0	static
./library/inference/tflmtag2209_u55tag2205/tensorflow/lite/micro/micro_op_resolver.h:53:29:virtual const TfLiteRegistration* tflite::MicroOpResolver::FindOp(tflite::BuiltinOperator, int) const	8	static
./library/inference/tflmtag2209_u55tag2205/tensorflow/lite/micro/micro_op_resolver.h:60:29:virtual const TfLiteRegistration* tflite::MicroOpResolver::FindOp(const char*, int) const	8	static
app/scenario_app/allon_sensor_tflm/cvapp.cpp:76:5:int cv_init(bool, bool)	40	static
app/scenario_app/allon_sensor_tflm/cvapp.cpp:107:6:void softmax(const float*, float*, int)	32	static
app/scenario_app/allon_sensor_tflm/cvapp.cpp:127:7:float sigmoid(float)	8	static
app/scenario_app/allon_sensor_tflm/cvapp.cpp:133:6:void process_model_output(const float*, float*)	48	static
app/scenario_app/allon_sensor_tflm/cvapp.cpp:149:6:void decode_predictions(const float*, detection_t*, int*, float)	20	static
app/scenario_app/allon_sensor_tflm/cvapp.cpp:177:6:void generate_random_input(int8_t*)	16	static
app/scenario_app/allon_sensor_tflm/cvapp.cpp:183:5:int cv_run()	4088	static
app/scenario_app/allon_sensor_tflm/cvapp.cpp:224:5:int cv_deinit()	0	static
