./library/inference/tflmtag2412_u55tag2411/tensorflow/lite/kernels/op_macros.h:24:13:void AbortImpl()	8	static
library/inference/tflmtag2412_u55tag2411/tensorflow/lite/micro/kernels/cmsis_nn/batch_matmul.cc:174:7:void* tflite::{anonymous}::Init(TfLiteContext*, const char*, size_t)	8	static
library/inference/tflmtag2412_u55tag2411/tensorflow/lite/micro/kernels/cmsis_nn/batch_matmul.cc:137:19:TfLiteEvalTensor* tflite::{anonymous}::AllocInitTransposeTensorFromTfLiteTensor(TfLiteContext*, tflite::MicroContext*, const TfLiteTensor&)	48	static
./library/inference/tflmtag2412_u55tag2411/tensorflow/lite/micro/kernels/batch_matmul.h:62:14:TfLiteStatus tflite::ReshapeOutputTensor(TfLiteContext*, TfLiteNode*, const RuntimeShape&, const RuntimeShape&, bool, bool, int, TfLiteTensor*)	88	static
library/inference/tflmtag2412_u55tag2411/tensorflow/lite/micro/kernels/cmsis_nn/batch_matmul.cc:179:14:TfLiteStatus tflite::{anonymous}::Prepare(TfLiteContext*, TfLiteNode*)	216	static
./library/inference/tflmtag2412_u55tag2411/tensorflow/lite/micro/kernels/batch_matmul.h:143:14:tflite::RuntimeShape tflite::SwapRowColumnDims(const RuntimeShape&)	16	static
library/inference/tflmtag2412_u55tag2411/tensorflow/lite/micro/kernels/cmsis_nn/batch_matmul.cc:523:18:TFLMRegistration tflite::Register_BATCH_MATMUL()	16	static
library/inference/tflmtag2412_u55tag2411/tensorflow/lite/micro/kernels/cmsis_nn/batch_matmul.cc:527:18:TFLMRegistration tflite::Register_BATCH_MATMUL_INT8()	16	static
library/inference/tflmtag2412_u55tag2411/tensorflow/lite/micro/kernels/cmsis_nn/batch_matmul.cc:531:18:TFLMRegistration tflite::Register_BATCH_MATMUL_INT16()	16	static
./library/inference/tflmtag2412_u55tag2411/tensorflow/lite/kernels/internal/reference/transpose.h:97:6:void tflite::reference_ops::transpose_internal::TransposeImpl(int, int, const int32_t*, const T*, const int*, T*, const int*, const int32_t*) [with T = long int]	64	static
./library/inference/tflmtag2412_u55tag2411/tensorflow/lite/micro/kernels/batch_matmul.h:104:6:void tflite::TransposeRowsColumnsImpl(const TfLiteEvalTensor&, TfLiteEvalTensor*) [with T = float]	192	static
./library/inference/tflmtag2412_u55tag2411/tensorflow/lite/kernels/internal/reference/transpose.h:97:6:void tflite::reference_ops::transpose_internal::TransposeImpl(int, int, const int32_t*, const T*, const int*, T*, const int*, const int32_t*) [with T = signed char]	64	static
./library/inference/tflmtag2412_u55tag2411/tensorflow/lite/micro/kernels/batch_matmul.h:104:6:void tflite::TransposeRowsColumnsImpl(const TfLiteEvalTensor&, TfLiteEvalTensor*) [with T = signed char]	192	static
./library/inference/tflmtag2412_u55tag2411/tensorflow/lite/kernels/internal/reference/transpose.h:97:6:void tflite::reference_ops::transpose_internal::TransposeImpl(int, int, const int32_t*, const T*, const int*, T*, const int*, const int32_t*) [with T = short int]	64	static
./library/inference/tflmtag2412_u55tag2411/tensorflow/lite/micro/kernels/batch_matmul.h:104:6:void tflite::TransposeRowsColumnsImpl(const TfLiteEvalTensor&, TfLiteEvalTensor*) [with T = short int]	192	static
./library/inference/tflmtag2412_u55tag2411/tensorflow/lite/micro/kernels/batch_matmul.h:124:14:TfLiteStatus tflite::TransposeRowsColumns(const TfLiteEvalTensor&, TfLiteEvalTensor*)	8	static
library/inference/tflmtag2412_u55tag2411/tensorflow/lite/micro/kernels/cmsis_nn/batch_matmul.cc:55:21:TfLiteStatus tflite::{anonymous}::PopulateEvalData(TfLiteContext*, OpData*, const TfLiteBatchMatMulParams*, TfLiteNode*, const TfLiteEvalTensor*, tflite::RuntimeShape*, TfLiteEvalTensor**, const TfLiteEvalTensor*, tflite::RuntimeShape*, TfLiteEvalTensor**, const TfLiteEvalTensor*)	280	static
library/inference/tflmtag2412_u55tag2411/tensorflow/lite/micro/kernels/cmsis_nn/batch_matmul.cc:401:14:TfLiteStatus tflite::{anonymous}::EvalInt16(TfLiteContext*, TfLiteNode*)	224	static
library/inference/tflmtag2412_u55tag2411/tensorflow/lite/micro/kernels/cmsis_nn/batch_matmul.cc:327:14:TfLiteStatus tflite::{anonymous}::EvalInt8(TfLiteContext*, TfLiteNode*)	224	static
library/inference/tflmtag2412_u55tag2411/tensorflow/lite/micro/kernels/cmsis_nn/batch_matmul.cc:471:14:TfLiteStatus tflite::{anonymous}::Eval(TfLiteContext*, TfLiteNode*)	352	static
