./library/inference/tflmtag2209_u55tag2205/tensorflow/lite/micro/micro_error_reporter.h:30:3:virtual tflite::MicroErrorReporter::~MicroErrorReporter()	0	static
./library/inference/tflmtag2209_u55tag2205/tensorflow/lite/core/api/op_resolver.h:58:35:virtual tflite::OpResolver::TfLiteDelegatePtrVector tflite::OpResolver::GetDelegates(int) const	0	static
./library/inference/tflmtag2209_u55tag2205/tensorflow/lite/core/api/op_resolver.h:77:34:virtual tflite::OpResolver::TfLiteDelegateCreators tflite::OpResolver::GetDelegateCreators() const	0	static
./library/inference/tflmtag2209_u55tag2205/tensorflow/lite/core/api/op_resolver.h:107:40:virtual tflite::OpResolver::TfLiteOpaqueDelegateCreators tflite::OpResolver::GetOpaqueDelegateCreators() const	0	static
./library/inference/tflmtag2209_u55tag2205/tensorflow/lite/core/api/op_resolver.h:125:16:virtual bool tflite::OpResolver::MayContainUserDefinedOps() const	0	static
./library/inference/tflmtag2209_u55tag2205/tensorflow/lite/micro/micro_mutable_op_resolver.h:44:7:virtual tflite::MicroMutableOpResolver<8>::~MicroMutableOpResolver()	0	static
./library/inference/tflmtag2209_u55tag2205/tensorflow/lite/micro/micro_mutable_op_resolver.h:78:41:TfLiteStatus (* tflite::MicroMutableOpResolver<tOpCount>::GetOpDataParser(tflite::BuiltinOperator) const)(const tflite::Operator*, tflite::ErrorReporter*, tflite::BuiltinDataAllocator*, void**) [with unsigned int tOpCount = 8]	8	static
./library/inference/tflmtag2209_u55tag2205/tensorflow/lite/micro/micro_mutable_op_resolver.h:67:29:const TfLiteRegistration* tflite::MicroMutableOpResolver<tOpCount>::FindOp(const char*) const [with unsigned int tOpCount = 8]	24	static
app/scenario_app/allon_sensor_tflm/cvapp.cpp:102:13:void _arm_npu_irq_handler()	0	static
./library/inference/tflmtag2209_u55tag2205/tensorflow/lite/micro/micro_mutable_op_resolver.h:55:29:const TfLiteRegistration* tflite::MicroMutableOpResolver<tOpCount>::FindOp(tflite::BuiltinOperator) const [with unsigned int tOpCount = 8]	4	static
./library/inference/tflmtag2209_u55tag2205/tensorflow/lite/micro/micro_op_resolver.h:53:29:virtual const TfLiteRegistration* tflite::MicroOpResolver::FindOp(tflite::BuiltinOperator, int) const	12	static
./library/inference/tflmtag2209_u55tag2205/tensorflow/lite/micro/micro_op_resolver.h:60:29:virtual const TfLiteRegistration* tflite::MicroOpResolver::FindOp(const char*, int) const	24	static
app/scenario_app/allon_sensor_tflm/cvapp.cpp:67:6:void enable_dwt_cycle_counter()	0	static
app/scenario_app/allon_sensor_tflm/cvapp.cpp:76:10:uint32_t get_time_cycles()	0	static
app/scenario_app/allon_sensor_tflm/cvapp.cpp:80:10:uint32_t cycles_to_us(uint32_t, uint32_t)	0	static
app/scenario_app/allon_sensor_tflm/cvapp.cpp:150:5:int cv_init(bool, bool)	104	static
app/scenario_app/allon_sensor_tflm/cvapp.cpp:229:5:int cv_run()	150552	static
app/scenario_app/allon_sensor_tflm/cvapp.cpp:269:5:int cv_deinit()	0	static
