app/scenario_app/allon_sensor_tflm/hardfault_handler.c:18:6:HardFault_Handler	8	static
app/scenario_app/allon_sensor_tflm/hardfault_handler.c:95:6:NMI_Handler	8	static
app/scenario_app/allon_sensor_tflm/hardfault_handler.c:101:6:MemManage_Handler	8	static
app/scenario_app/allon_sensor_tflm/hardfault_handler.c:106:6:BusFault_Handler	8	static
app/scenario_app/allon_sensor_tflm/hardfault_handler.c:114:6:UsageFault_Handler	8	static
app/scenario_app/allon_sensor_tflm/hardfault_handler.c:119:6:SecureFault_Handler	8	static
